cifar_search_simple run=0 batch_size=2000 train_epochs=8 n_steps=40 m_steps=40 search_hparams=muon_lr,muon_momentum,bias_lr,head_lr cooldown_search_hparams=muon_lr,bias_lr,head_lr muon_nesterov=False initial_muon_lr=1 initial_muon_momentum=1 initial_muon_momentum_index=0 initial_bias_lr=1 initial_head_lr=1
calibration_start local_best_search_steps=1 evaluation_steps=5 search_hparams=bias_lr,head_lr,muon_lr,muon_momentum
muon_lr=1 muon_momentum=0.5 bias_lr=1 head_lr=1 -> tta_val_acc=0.1854
muon_lr=0.1 muon_momentum=0.5 bias_lr=1 head_lr=1 -> tta_val_acc=0.2477
muon_lr=10 muon_momentum=0.5 bias_lr=1 head_lr=1 -> blocked
muon_lr=1 muon_momentum=0 bias_lr=1 head_lr=1 -> tta_val_acc=0.1854
muon_lr=1 muon_momentum=0.9 bias_lr=1 head_lr=1 -> tta_val_acc=0.1854
muon_lr=1 muon_momentum=0.5 bias_lr=0.1 head_lr=1 -> tta_val_acc=0.1854
muon_lr=1 muon_momentum=0.5 bias_lr=10 head_lr=1 -> tta_val_acc=0.1848
muon_lr=1 muon_momentum=0.5 bias_lr=1 head_lr=0.1 -> tta_val_acc=0.1856
muon_lr=1 muon_momentum=0.5 bias_lr=1 head_lr=10 -> blocked
muon_lr=0.01 muon_momentum=0.5 bias_lr=1 head_lr=1 -> tta_val_acc=0.1108
muon_lr=0.1 muon_momentum=0 bias_lr=1 head_lr=1 -> tta_val_acc=0.2477
muon_lr=0.1 muon_momentum=0.9 bias_lr=1 head_lr=1 -> tta_val_acc=0.2477
muon_lr=0.1 muon_momentum=0.5 bias_lr=0.1 head_lr=1 -> tta_val_acc=0.2478
muon_lr=0.1 muon_momentum=0.5 bias_lr=10 head_lr=1 -> blocked
muon_lr=0.1 muon_momentum=0.5 bias_lr=1 head_lr=0.1 -> tta_val_acc=0.2477
muon_lr=0.1 muon_momentum=0.5 bias_lr=1 head_lr=10 -> tta_val_acc=0.2497
muon_lr=0.01 muon_momentum=0.5 bias_lr=1 head_lr=10 -> tta_val_acc=0.1162
muon_lr=0.1 muon_momentum=0 bias_lr=1 head_lr=10 -> tta_val_acc=0.2497
muon_lr=0.1 muon_momentum=0.9 bias_lr=1 head_lr=10 -> tta_val_acc=0.2497
muon_lr=0.1 muon_momentum=0.5 bias_lr=0.1 head_lr=10 -> tta_val_acc=0.2494
muon_lr=0.1 muon_momentum=0.5 bias_lr=10 head_lr=10 -> tta_val_acc=0.2496
muon_lr=0.1 muon_momentum=0.5 bias_lr=1 head_lr=100 -> tta_val_acc=0.2493
muon_lr=0.01 muon_momentum=0 bias_lr=1 head_lr=10 -> tta_val_acc=0.1162
muon_lr=1 muon_momentum=0 bias_lr=1 head_lr=10 -> tta_val_acc=0.1851
muon_lr=0.1 muon_momentum=0 bias_lr=0.1 head_lr=10 -> tta_val_acc=0.2494
muon_lr=0.1 muon_momentum=0 bias_lr=10 head_lr=10 -> tta_val_acc=0.2496
muon_lr=0.1 muon_momentum=0 bias_lr=1 head_lr=100 -> tta_val_acc=0.2493
search_path step=0 muon_lr=1 muon_momentum=0.5 bias_lr=1 head_lr=1 tta_val_acc=0.1854
search_path step=1 muon_lr=0.1 muon_momentum=0.5 bias_lr=1 head_lr=1 tta_val_acc=0.2477
search_path step=2 muon_lr=0.1 muon_momentum=0.5 bias_lr=1 head_lr=10 tta_val_acc=0.2497
search_path step=3 muon_lr=0.1 muon_momentum=0 bias_lr=1 head_lr=10 tta_val_acc=0.2497
calibration_local_best steps=1 tta_val_acc=0.2497 muon_lr=0.1 muon_momentum=0 bias_lr=1 head_lr=10
bias_lr_sweep_start steps=5 min_value=0.01 max_value=100000 samples=800
calibration_candidate varied_hparam=bias_lr tta_val_acc=0.4861 muon_lr=0.1 muon_momentum=0 bias_lr=0.01 head_lr=10
bias_lr_sweep_value index=0 0.01 -> 0.4861
calibration_candidate varied_hparam=bias_lr tta_val_acc=0.487 muon_lr=0.1 muon_momentum=0 bias_lr=0.011 head_lr=10
bias_lr_sweep_value index=3 0.011 -> 0.487
calibration_candidate varied_hparam=bias_lr tta_val_acc=0.4875 muon_lr=0.1 muon_momentum=0 bias_lr=0.012 head_lr=10
bias_lr_sweep_value index=7 0.012 -> 0.4875
calibration_candidate varied_hparam=bias_lr tta_val_acc=0.4871 muon_lr=0.1 muon_momentum=0 bias_lr=0.013 head_lr=10
bias_lr_sweep_value index=12 0.013 -> 0.4871
calibration_candidate varied_hparam=bias_lr tta_val_acc=0.4855 muon_lr=0.1 muon_momentum=0 bias_lr=0.014 head_lr=10
bias_lr_sweep_value index=15 0.014 -> 0.4855
calibration_candidate varied_hparam=bias_lr tta_val_acc=0.4867 muon_lr=0.1 muon_momentum=0 bias_lr=0.015 head_lr=10
bias_lr_sweep_value index=19 0.015 -> 0.4867
calibration_candidate varied_hparam=bias_lr tta_val_acc=0.4864 muon_lr=0.1 muon_momentum=0 bias_lr=0.016 head_lr=10
bias_lr_sweep_value index=22 0.016 -> 0.4864
calibration_candidate varied_hparam=bias_lr tta_val_acc=0.4873 muon_lr=0.1 muon_momentum=0 bias_lr=0.017 head_lr=10
bias_lr_sweep_value index=25 0.017 -> 0.4873
calibration_candidate varied_hparam=bias_lr tta_val_acc=0.4877 muon_lr=0.1 muon_momentum=0 bias_lr=0.018 head_lr=10
bias_lr_sweep_value index=28 0.018 -> 0.4877
calibration_candidate varied_hparam=bias_lr tta_val_acc=0.4859 muon_lr=0.1 muon_momentum=0 bias_lr=0.019 head_lr=10
bias_lr_sweep_value index=31 0.019 -> 0.4859
calibration_candidate varied_hparam=bias_lr tta_val_acc=0.4871 muon_lr=0.1 muon_momentum=0 bias_lr=0.02 head_lr=10
bias_lr_sweep_value index=34 0.02 -> 0.4871
calibration_candidate varied_hparam=bias_lr tta_val_acc=0.4893 muon_lr=0.1 muon_momentum=0 bias_lr=0.021 head_lr=10
bias_lr_sweep_value index=36 0.021 -> 0.4893
calibration_candidate varied_hparam=bias_lr tta_val_acc=0.4885 muon_lr=0.1 muon_momentum=0 bias_lr=0.022 head_lr=10
bias_lr_sweep_value index=38 0.022 -> 0.4885
calibration_candidate varied_hparam=bias_lr tta_val_acc=0.4876 muon_lr=0.1 muon_momentum=0 bias_lr=0.023 head_lr=10
bias_lr_sweep_value index=41 0.023 -> 0.4876
calibration_candidate varied_hparam=bias_lr tta_val_acc=0.4859 muon_lr=0.1 muon_momentum=0 bias_lr=0.024 head_lr=10
bias_lr_sweep_value index=43 0.024 -> 0.4859
calibration_candidate varied_hparam=bias_lr tta_val_acc=0.4873 muon_lr=0.1 muon_momentum=0 bias_lr=0.025 head_lr=10
bias_lr_sweep_value index=45 0.025 -> 0.4873
calibration_candidate varied_hparam=bias_lr tta_val_acc=0.4865 muon_lr=0.1 muon_momentum=0 bias_lr=0.026 head_lr=10
bias_lr_sweep_value index=47 0.026 -> 0.4865
calibration_candidate varied_hparam=bias_lr tta_val_acc=0.4863 muon_lr=0.1 muon_momentum=0 bias_lr=0.027 head_lr=10
bias_lr_sweep_value index=49 0.027 -> 0.4863
calibration_candidate varied_hparam=bias_lr tta_val_acc=0.4866 muon_lr=0.1 muon_momentum=0 bias_lr=0.028 head_lr=10
bias_lr_sweep_value index=51 0.028 -> 0.4866
calibration_candidate varied_hparam=bias_lr tta_val_acc=0.4882 muon_lr=0.1 muon_momentum=0 bias_lr=0.029 head_lr=10
bias_lr_sweep_value index=52 0.029 -> 0.4882
calibration_candidate varied_hparam=bias_lr tta_val_acc=0.4859 muon_lr=0.1 muon_momentum=0 bias_lr=0.03 head_lr=10
bias_lr_sweep_value index=54 0.03 -> 0.4859
calibration_candidate varied_hparam=bias_lr tta_val_acc=0.4854 muon_lr=0.1 muon_momentum=0 bias_lr=0.031 head_lr=10
bias_lr_sweep_value index=56 0.031 -> 0.4854
calibration_candidate varied_hparam=bias_lr tta_val_acc=0.4883 muon_lr=0.1 muon_momentum=0 bias_lr=0.032 head_lr=10
bias_lr_sweep_value index=57 0.032 -> 0.4883
calibration_candidate varied_hparam=bias_lr tta_val_acc=0.4886 muon_lr=0.1 muon_momentum=0 bias_lr=0.033 head_lr=10
bias_lr_sweep_value index=59 0.033 -> 0.4886
calibration_candidate varied_hparam=bias_lr tta_val_acc=0.4862 muon_lr=0.1 muon_momentum=0 bias_lr=0.034 head_lr=10
bias_lr_sweep_value index=60 0.034 -> 0.4862
calibration_candidate varied_hparam=bias_lr tta_val_acc=0.4887 muon_lr=0.1 muon_momentum=0 bias_lr=0.035 head_lr=10
bias_lr_sweep_value index=62 0.035 -> 0.4887
calibration_candidate varied_hparam=bias_lr tta_val_acc=0.4877 muon_lr=0.1 muon_momentum=0 bias_lr=0.036 head_lr=10
bias_lr_sweep_value index=63 0.036 -> 0.4877
calibration_candidate varied_hparam=bias_lr tta_val_acc=0.4861 muon_lr=0.1 muon_momentum=0 bias_lr=0.037 head_lr=10
bias_lr_sweep_value index=65 0.037 -> 0.4861
calibration_candidate varied_hparam=bias_lr tta_val_acc=0.4889 muon_lr=0.1 muon_momentum=0 bias_lr=0.038 head_lr=10
bias_lr_sweep_value index=66 0.038 -> 0.4889
calibration_candidate varied_hparam=bias_lr tta_val_acc=0.4868 muon_lr=0.1 muon_momentum=0 bias_lr=0.039 head_lr=10
bias_lr_sweep_value index=67 0.039 -> 0.4868
calibration_candidate varied_hparam=bias_lr tta_val_acc=0.4849 muon_lr=0.1 muon_momentum=0 bias_lr=0.04 head_lr=10
bias_lr_sweep_value index=69 0.04 -> 0.4849
calibration_candidate varied_hparam=bias_lr tta_val_acc=0.4869 muon_lr=0.1 muon_momentum=0 bias_lr=0.041 head_lr=10
bias_lr_sweep_value index=70 0.041 -> 0.4869
calibration_candidate varied_hparam=bias_lr tta_val_acc=0.4856 muon_lr=0.1 muon_momentum=0 bias_lr=0.042 head_lr=10
bias_lr_sweep_value index=71 0.042 -> 0.4856
calibration_candidate varied_hparam=bias_lr tta_val_acc=0.487 muon_lr=0.1 muon_momentum=0 bias_lr=0.043 head_lr=10
bias_lr_sweep_value index=72 0.043 -> 0.487
calibration_candidate varied_hparam=bias_lr tta_val_acc=0.4869 muon_lr=0.1 muon_momentum=0 bias_lr=0.044 head_lr=10
bias_lr_sweep_value index=73 0.044 -> 0.4869
calibration_candidate varied_hparam=bias_lr tta_val_acc=0.4866 muon_lr=0.1 muon_momentum=0 bias_lr=0.045 head_lr=10
bias_lr_sweep_value index=75 0.045 -> 0.4866
calibration_candidate varied_hparam=bias_lr tta_val_acc=0.4864 muon_lr=0.1 muon_momentum=0 bias_lr=0.046 head_lr=10
bias_lr_sweep_value index=76 0.046 -> 0.4864
calibration_candidate varied_hparam=bias_lr tta_val_acc=0.4873 muon_lr=0.1 muon_momentum=0 bias_lr=0.047 head_lr=10
bias_lr_sweep_value index=77 0.047 -> 0.4873
calibration_candidate varied_hparam=bias_lr tta_val_acc=0.4861 muon_lr=0.1 muon_momentum=0 bias_lr=0.048 head_lr=10
bias_lr_sweep_value index=78 0.048 -> 0.4861
calibration_candidate varied_hparam=bias_lr tta_val_acc=0.4866 muon_lr=0.1 muon_momentum=0 bias_lr=0.049 head_lr=10
bias_lr_sweep_value index=79 0.049 -> 0.4866
calibration_candidate varied_hparam=bias_lr tta_val_acc=0.4865 muon_lr=0.1 muon_momentum=0 bias_lr=0.05 head_lr=10
bias_lr_sweep_value index=80 0.05 -> 0.4865
calibration_candidate varied_hparam=bias_lr tta_val_acc=0.4882 muon_lr=0.1 muon_momentum=0 bias_lr=0.051 head_lr=10
bias_lr_sweep_value index=81 0.051 -> 0.4882
calibration_candidate varied_hparam=bias_lr tta_val_acc=0.4871 muon_lr=0.1 muon_momentum=0 bias_lr=0.052 head_lr=10
bias_lr_sweep_value index=82 0.052 -> 0.4871
calibration_candidate varied_hparam=bias_lr tta_val_acc=0.4868 muon_lr=0.1 muon_momentum=0 bias_lr=0.053 head_lr=10
bias_lr_sweep_value index=83 0.053 -> 0.4868
calibration_candidate varied_hparam=bias_lr tta_val_acc=0.487 muon_lr=0.1 muon_momentum=0 bias_lr=0.054 head_lr=10
bias_lr_sweep_value index=84 0.054 -> 0.487
calibration_candidate varied_hparam=bias_lr tta_val_acc=0.4863 muon_lr=0.1 muon_momentum=0 bias_lr=0.056 head_lr=10
bias_lr_sweep_value index=85 0.056 -> 0.4863
calibration_candidate varied_hparam=bias_lr tta_val_acc=0.487 muon_lr=0.1 muon_momentum=0 bias_lr=0.057 head_lr=10
bias_lr_sweep_value index=86 0.057 -> 0.487
calibration_candidate varied_hparam=bias_lr tta_val_acc=0.4851 muon_lr=0.1 muon_momentum=0 bias_lr=0.058 head_lr=10
bias_lr_sweep_value index=87 0.058 -> 0.4851
calibration_candidate varied_hparam=bias_lr tta_val_acc=0.4875 muon_lr=0.1 muon_momentum=0 bias_lr=0.059 head_lr=10
bias_lr_sweep_value index=88 0.059 -> 0.4875
calibration_candidate varied_hparam=bias_lr tta_val_acc=0.4876 muon_lr=0.1 muon_momentum=0 bias_lr=0.06 head_lr=10
bias_lr_sweep_value index=89 0.06 -> 0.4876
calibration_candidate varied_hparam=bias_lr tta_val_acc=0.4881 muon_lr=0.1 muon_momentum=0 bias_lr=0.061 head_lr=10
bias_lr_sweep_value index=90 0.061 -> 0.4881
calibration_candidate varied_hparam=bias_lr tta_val_acc=0.488 muon_lr=0.1 muon_momentum=0 bias_lr=0.063 head_lr=10
bias_lr_sweep_value index=91 0.063 -> 0.488
calibration_candidate varied_hparam=bias_lr tta_val_acc=0.4877 muon_lr=0.1 muon_momentum=0 bias_lr=0.064 head_lr=10
bias_lr_sweep_value index=92 0.064 -> 0.4877
calibration_candidate varied_hparam=bias_lr tta_val_acc=0.4861 muon_lr=0.1 muon_momentum=0 bias_lr=0.065 head_lr=10
bias_lr_sweep_value index=93 0.065 -> 0.4861
calibration_candidate varied_hparam=bias_lr tta_val_acc=0.4855 muon_lr=0.1 muon_momentum=0 bias_lr=0.067 head_lr=10
bias_lr_sweep_value index=94 0.067 -> 0.4855
calibration_candidate varied_hparam=bias_lr tta_val_acc=0.489 muon_lr=0.1 muon_momentum=0 bias_lr=0.068 head_lr=10
bias_lr_sweep_value index=95 0.068 -> 0.489
calibration_candidate varied_hparam=bias_lr tta_val_acc=0.4874 muon_lr=0.1 muon_momentum=0 bias_lr=0.069 head_lr=10
bias_lr_sweep_value index=96 0.069 -> 0.4874
calibration_candidate varied_hparam=bias_lr tta_val_acc=0.4864 muon_lr=0.1 muon_momentum=0 bias_lr=0.071 head_lr=10
bias_lr_sweep_value index=97 0.071 -> 0.4864
calibration_candidate varied_hparam=bias_lr tta_val_acc=0.4871 muon_lr=0.1 muon_momentum=0 bias_lr=0.072 head_lr=10
bias_lr_sweep_value index=98 0.072 -> 0.4871
calibration_candidate varied_hparam=bias_lr tta_val_acc=0.4857 muon_lr=0.1 muon_momentum=0 bias_lr=0.074 head_lr=10
bias_lr_sweep_value index=99 0.074 -> 0.4857
calibration_candidate varied_hparam=bias_lr tta_val_acc=0.4874 muon_lr=0.1 muon_momentum=0 bias_lr=0.075 head_lr=10
bias_lr_sweep_value index=100 0.075 -> 0.4874
calibration_candidate varied_hparam=bias_lr tta_val_acc=0.4874 muon_lr=0.1 muon_momentum=0 bias_lr=0.077 head_lr=10
bias_lr_sweep_value index=101 0.077 -> 0.4874
calibration_candidate varied_hparam=bias_lr tta_val_acc=0.4862 muon_lr=0.1 muon_momentum=0 bias_lr=0.078 head_lr=10
bias_lr_sweep_value index=102 0.078 -> 0.4862
calibration_candidate varied_hparam=bias_lr tta_val_acc=0.4871 muon_lr=0.1 muon_momentum=0 bias_lr=0.08 head_lr=10
bias_lr_sweep_value index=103 0.08 -> 0.4871
calibration_candidate varied_hparam=bias_lr tta_val_acc=0.4849 muon_lr=0.1 muon_momentum=0 bias_lr=0.081 head_lr=10
bias_lr_sweep_value index=104 0.081 -> 0.4849
calibration_candidate varied_hparam=bias_lr tta_val_acc=0.487 muon_lr=0.1 muon_momentum=0 bias_lr=0.083 head_lr=10
bias_lr_sweep_value index=105 0.083 -> 0.487
calibration_candidate varied_hparam=bias_lr tta_val_acc=0.4883 muon_lr=0.1 muon_momentum=0 bias_lr=0.085 head_lr=10
bias_lr_sweep_value index=106 0.085 -> 0.4883
calibration_candidate varied_hparam=bias_lr tta_val_acc=0.487 muon_lr=0.1 muon_momentum=0 bias_lr=0.087 head_lr=10
bias_lr_sweep_value index=107 0.087 -> 0.487
calibration_candidate varied_hparam=bias_lr tta_val_acc=0.4887 muon_lr=0.1 muon_momentum=0 bias_lr=0.088 head_lr=10
bias_lr_sweep_value index=108 0.088 -> 0.4887
calibration_candidate varied_hparam=bias_lr tta_val_acc=0.4873 muon_lr=0.1 muon_momentum=0 bias_lr=0.09 head_lr=10
bias_lr_sweep_value index=109 0.09 -> 0.4873
calibration_candidate varied_hparam=bias_lr tta_val_acc=0.4866 muon_lr=0.1 muon_momentum=0 bias_lr=0.092 head_lr=10
bias_lr_sweep_value index=110 0.092 -> 0.4866
calibration_candidate varied_hparam=bias_lr tta_val_acc=0.487 muon_lr=0.1 muon_momentum=0 bias_lr=0.094 head_lr=10
bias_lr_sweep_value index=111 0.094 -> 0.487
calibration_candidate varied_hparam=bias_lr tta_val_acc=0.4883 muon_lr=0.1 muon_momentum=0 bias_lr=0.096 head_lr=10
bias_lr_sweep_value index=112 0.096 -> 0.4883
calibration_candidate varied_hparam=bias_lr tta_val_acc=0.4866 muon_lr=0.1 muon_momentum=0 bias_lr=0.098 head_lr=10
bias_lr_sweep_value index=113 0.098 -> 0.4866
calibration_candidate varied_hparam=bias_lr tta_val_acc=0.4857 muon_lr=0.1 muon_momentum=0 bias_lr=0.1 head_lr=10
bias_lr_sweep_value index=114 0.1 -> 0.4857
calibration_candidate varied_hparam=bias_lr tta_val_acc=0.4859 muon_lr=0.1 muon_momentum=0 bias_lr=0.11 head_lr=10
bias_lr_sweep_value index=117 0.11 -> 0.4859
calibration_candidate varied_hparam=bias_lr tta_val_acc=0.4886 muon_lr=0.1 muon_momentum=0 bias_lr=0.12 head_lr=10
bias_lr_sweep_value index=122 0.12 -> 0.4886
calibration_candidate varied_hparam=bias_lr tta_val_acc=0.4865 muon_lr=0.1 muon_momentum=0 bias_lr=0.13 head_lr=10
bias_lr_sweep_value index=126 0.13 -> 0.4865
calibration_candidate varied_hparam=bias_lr tta_val_acc=0.4877 muon_lr=0.1 muon_momentum=0 bias_lr=0.14 head_lr=10
bias_lr_sweep_value index=130 0.14 -> 0.4877
calibration_candidate varied_hparam=bias_lr tta_val_acc=0.4849 muon_lr=0.1 muon_momentum=0 bias_lr=0.15 head_lr=10
bias_lr_sweep_value index=133 0.15 -> 0.4849
calibration_candidate varied_hparam=bias_lr tta_val_acc=0.488 muon_lr=0.1 muon_momentum=0 bias_lr=0.16 head_lr=10
bias_lr_sweep_value index=136 0.16 -> 0.488
calibration_candidate varied_hparam=bias_lr tta_val_acc=0.4868 muon_lr=0.1 muon_momentum=0 bias_lr=0.17 head_lr=10
bias_lr_sweep_value index=139 0.17 -> 0.4868
calibration_candidate varied_hparam=bias_lr tta_val_acc=0.4878 muon_lr=0.1 muon_momentum=0 bias_lr=0.18 head_lr=10
bias_lr_sweep_value index=142 0.18 -> 0.4878
calibration_candidate varied_hparam=bias_lr tta_val_acc=0.4857 muon_lr=0.1 muon_momentum=0 bias_lr=0.19 head_lr=10
bias_lr_sweep_value index=145 0.19 -> 0.4857
calibration_candidate varied_hparam=bias_lr tta_val_acc=0.4879 muon_lr=0.1 muon_momentum=0 bias_lr=0.2 head_lr=10
bias_lr_sweep_value index=148 0.2 -> 0.4879
calibration_candidate varied_hparam=bias_lr tta_val_acc=0.4865 muon_lr=0.1 muon_momentum=0 bias_lr=0.21 head_lr=10
bias_lr_sweep_value index=150 0.21 -> 0.4865
calibration_candidate varied_hparam=bias_lr tta_val_acc=0.4885 muon_lr=0.1 muon_momentum=0 bias_lr=0.22 head_lr=10
bias_lr_sweep_value index=153 0.22 -> 0.4885
calibration_candidate varied_hparam=bias_lr tta_val_acc=0.4875 muon_lr=0.1 muon_momentum=0 bias_lr=0.23 head_lr=10
bias_lr_sweep_value index=155 0.23 -> 0.4875
calibration_candidate varied_hparam=bias_lr tta_val_acc=0.4872 muon_lr=0.1 muon_momentum=0 bias_lr=0.24 head_lr=10
bias_lr_sweep_value index=157 0.24 -> 0.4872
calibration_candidate varied_hparam=bias_lr tta_val_acc=0.4853 muon_lr=0.1 muon_momentum=0 bias_lr=0.25 head_lr=10
bias_lr_sweep_value index=159 0.25 -> 0.4853
calibration_candidate varied_hparam=bias_lr tta_val_acc=0.4859 muon_lr=0.1 muon_momentum=0 bias_lr=0.26 head_lr=10
bias_lr_sweep_value index=161 0.26 -> 0.4859
calibration_candidate varied_hparam=bias_lr tta_val_acc=0.4841 muon_lr=0.1 muon_momentum=0 bias_lr=0.27 head_lr=10
bias_lr_sweep_value index=163 0.27 -> 0.4841
calibration_candidate varied_hparam=bias_lr tta_val_acc=0.4865 muon_lr=0.1 muon_momentum=0 bias_lr=0.28 head_lr=10
bias_lr_sweep_value index=165 0.28 -> 0.4865
calibration_candidate varied_hparam=bias_lr tta_val_acc=0.4876 muon_lr=0.1 muon_momentum=0 bias_lr=0.29 head_lr=10
bias_lr_sweep_value index=167 0.29 -> 0.4876
calibration_candidate varied_hparam=bias_lr tta_val_acc=0.488 muon_lr=0.1 muon_momentum=0 bias_lr=0.3 head_lr=10
bias_lr_sweep_value index=168 0.3 -> 0.488
calibration_candidate varied_hparam=bias_lr tta_val_acc=0.4871 muon_lr=0.1 muon_momentum=0 bias_lr=0.31 head_lr=10
bias_lr_sweep_value index=170 0.31 -> 0.4871
calibration_candidate varied_hparam=bias_lr tta_val_acc=0.4853 muon_lr=0.1 muon_momentum=0 bias_lr=0.32 head_lr=10
bias_lr_sweep_value index=172 0.32 -> 0.4853
calibration_candidate varied_hparam=bias_lr tta_val_acc=0.4874 muon_lr=0.1 muon_momentum=0 bias_lr=0.33 head_lr=10
bias_lr_sweep_value index=173 0.33 -> 0.4874
calibration_candidate varied_hparam=bias_lr tta_val_acc=0.4853 muon_lr=0.1 muon_momentum=0 bias_lr=0.34 head_lr=10
bias_lr_sweep_value index=175 0.34 -> 0.4853
calibration_candidate varied_hparam=bias_lr tta_val_acc=0.4859 muon_lr=0.1 muon_momentum=0 bias_lr=0.35 head_lr=10
bias_lr_sweep_value index=176 0.35 -> 0.4859
calibration_candidate varied_hparam=bias_lr tta_val_acc=0.4881 muon_lr=0.1 muon_momentum=0 bias_lr=0.36 head_lr=10
bias_lr_sweep_value index=177 0.36 -> 0.4881
calibration_candidate varied_hparam=bias_lr tta_val_acc=0.4876 muon_lr=0.1 muon_momentum=0 bias_lr=0.37 head_lr=10
bias_lr_sweep_value index=179 0.37 -> 0.4876
calibration_candidate varied_hparam=bias_lr tta_val_acc=0.4881 muon_lr=0.1 muon_momentum=0 bias_lr=0.38 head_lr=10
bias_lr_sweep_value index=180 0.38 -> 0.4881
calibration_candidate varied_hparam=bias_lr tta_val_acc=0.4852 muon_lr=0.1 muon_momentum=0 bias_lr=0.39 head_lr=10
bias_lr_sweep_value index=181 0.39 -> 0.4852
calibration_candidate varied_hparam=bias_lr tta_val_acc=0.4873 muon_lr=0.1 muon_momentum=0 bias_lr=0.4 head_lr=10
bias_lr_sweep_value index=183 0.4 -> 0.4873
calibration_candidate varied_hparam=bias_lr tta_val_acc=0.485 muon_lr=0.1 muon_momentum=0 bias_lr=0.41 head_lr=10
bias_lr_sweep_value index=184 0.41 -> 0.485
calibration_candidate varied_hparam=bias_lr tta_val_acc=0.4884 muon_lr=0.1 muon_momentum=0 bias_lr=0.42 head_lr=10
bias_lr_sweep_value index=185 0.42 -> 0.4884
calibration_candidate varied_hparam=bias_lr tta_val_acc=0.4865 muon_lr=0.1 muon_momentum=0 bias_lr=0.43 head_lr=10
bias_lr_sweep_value index=186 0.43 -> 0.4865
calibration_candidate varied_hparam=bias_lr tta_val_acc=0.486 muon_lr=0.1 muon_momentum=0 bias_lr=0.44 head_lr=10
bias_lr_sweep_value index=188 0.44 -> 0.486
calibration_candidate varied_hparam=bias_lr tta_val_acc=0.4873 muon_lr=0.1 muon_momentum=0 bias_lr=0.45 head_lr=10
bias_lr_sweep_value index=189 0.45 -> 0.4873
calibration_candidate varied_hparam=bias_lr tta_val_acc=0.4885 muon_lr=0.1 muon_momentum=0 bias_lr=0.46 head_lr=10
bias_lr_sweep_value index=190 0.46 -> 0.4885
calibration_candidate varied_hparam=bias_lr tta_val_acc=0.4869 muon_lr=0.1 muon_momentum=0 bias_lr=0.47 head_lr=10
bias_lr_sweep_value index=191 0.47 -> 0.4869
calibration_candidate varied_hparam=bias_lr tta_val_acc=0.4885 muon_lr=0.1 muon_momentum=0 bias_lr=0.48 head_lr=10
bias_lr_sweep_value index=192 0.48 -> 0.4885
calibration_candidate varied_hparam=bias_lr tta_val_acc=0.4868 muon_lr=0.1 muon_momentum=0 bias_lr=0.49 head_lr=10
bias_lr_sweep_value index=193 0.49 -> 0.4868
calibration_candidate varied_hparam=bias_lr tta_val_acc=0.4869 muon_lr=0.1 muon_momentum=0 bias_lr=0.5 head_lr=10
bias_lr_sweep_value index=194 0.5 -> 0.4869
calibration_candidate varied_hparam=bias_lr tta_val_acc=0.4873 muon_lr=0.1 muon_momentum=0 bias_lr=0.51 head_lr=10
bias_lr_sweep_value index=195 0.51 -> 0.4873
calibration_candidate varied_hparam=bias_lr tta_val_acc=0.4874 muon_lr=0.1 muon_momentum=0 bias_lr=0.52 head_lr=10
bias_lr_sweep_value index=196 0.52 -> 0.4874
calibration_candidate varied_hparam=bias_lr tta_val_acc=0.487 muon_lr=0.1 muon_momentum=0 bias_lr=0.53 head_lr=10
bias_lr_sweep_value index=197 0.53 -> 0.487
calibration_candidate varied_hparam=bias_lr tta_val_acc=0.4871 muon_lr=0.1 muon_momentum=0 bias_lr=0.54 head_lr=10
bias_lr_sweep_value index=198 0.54 -> 0.4871
calibration_candidate varied_hparam=bias_lr tta_val_acc=0.4866 muon_lr=0.1 muon_momentum=0 bias_lr=0.55 head_lr=10
bias_lr_sweep_value index=199 0.55 -> 0.4866
calibration_candidate varied_hparam=bias_lr tta_val_acc=0.4874 muon_lr=0.1 muon_momentum=0 bias_lr=0.57 head_lr=10
bias_lr_sweep_value index=200 0.57 -> 0.4874
calibration_candidate varied_hparam=bias_lr tta_val_acc=0.4867 muon_lr=0.1 muon_momentum=0 bias_lr=0.58 head_lr=10
bias_lr_sweep_value index=201 0.58 -> 0.4867
calibration_candidate varied_hparam=bias_lr tta_val_acc=0.4887 muon_lr=0.1 muon_momentum=0 bias_lr=0.59 head_lr=10
bias_lr_sweep_value index=202 0.59 -> 0.4887
calibration_candidate varied_hparam=bias_lr tta_val_acc=0.4861 muon_lr=0.1 muon_momentum=0 bias_lr=0.6 head_lr=10
bias_lr_sweep_value index=203 0.6 -> 0.4861
calibration_candidate varied_hparam=bias_lr tta_val_acc=0.4878 muon_lr=0.1 muon_momentum=0 bias_lr=0.61 head_lr=10
bias_lr_sweep_value index=204 0.61 -> 0.4878
calibration_candidate varied_hparam=bias_lr tta_val_acc=0.4858 muon_lr=0.1 muon_momentum=0 bias_lr=0.63 head_lr=10
bias_lr_sweep_value index=205 0.63 -> 0.4858
calibration_candidate varied_hparam=bias_lr tta_val_acc=0.4873 muon_lr=0.1 muon_momentum=0 bias_lr=0.64 head_lr=10
bias_lr_sweep_value index=206 0.64 -> 0.4873
calibration_candidate varied_hparam=bias_lr tta_val_acc=0.4876 muon_lr=0.1 muon_momentum=0 bias_lr=0.65 head_lr=10
bias_lr_sweep_value index=207 0.65 -> 0.4876
calibration_candidate varied_hparam=bias_lr tta_val_acc=0.4854 muon_lr=0.1 muon_momentum=0 bias_lr=0.66 head_lr=10
bias_lr_sweep_value index=208 0.66 -> 0.4854
calibration_candidate varied_hparam=bias_lr tta_val_acc=0.4871 muon_lr=0.1 muon_momentum=0 bias_lr=0.68 head_lr=10
bias_lr_sweep_value index=209 0.68 -> 0.4871
calibration_candidate varied_hparam=bias_lr tta_val_acc=0.4872 muon_lr=0.1 muon_momentum=0 bias_lr=0.69 head_lr=10
bias_lr_sweep_value index=210 0.69 -> 0.4872
calibration_candidate varied_hparam=bias_lr tta_val_acc=0.4859 muon_lr=0.1 muon_momentum=0 bias_lr=0.71 head_lr=10
bias_lr_sweep_value index=211 0.71 -> 0.4859
calibration_candidate varied_hparam=bias_lr tta_val_acc=0.4862 muon_lr=0.1 muon_momentum=0 bias_lr=0.72 head_lr=10
bias_lr_sweep_value index=212 0.72 -> 0.4862
calibration_candidate varied_hparam=bias_lr tta_val_acc=0.488 muon_lr=0.1 muon_momentum=0 bias_lr=0.73 head_lr=10
bias_lr_sweep_value index=213 0.73 -> 0.488
calibration_candidate varied_hparam=bias_lr tta_val_acc=0.488 muon_lr=0.1 muon_momentum=0 bias_lr=0.75 head_lr=10
bias_lr_sweep_value index=214 0.75 -> 0.488
calibration_candidate varied_hparam=bias_lr tta_val_acc=0.4868 muon_lr=0.1 muon_momentum=0 bias_lr=0.76 head_lr=10
bias_lr_sweep_value index=215 0.76 -> 0.4868
calibration_candidate varied_hparam=bias_lr tta_val_acc=0.4868 muon_lr=0.1 muon_momentum=0 bias_lr=0.78 head_lr=10
bias_lr_sweep_value index=216 0.78 -> 0.4868
calibration_candidate varied_hparam=bias_lr tta_val_acc=0.4878 muon_lr=0.1 muon_momentum=0 bias_lr=0.8 head_lr=10
bias_lr_sweep_value index=217 0.8 -> 0.4878
calibration_candidate varied_hparam=bias_lr tta_val_acc=0.4876 muon_lr=0.1 muon_momentum=0 bias_lr=0.81 head_lr=10
bias_lr_sweep_value index=218 0.81 -> 0.4876
calibration_candidate varied_hparam=bias_lr tta_val_acc=0.4874 muon_lr=0.1 muon_momentum=0 bias_lr=0.83 head_lr=10
bias_lr_sweep_value index=219 0.83 -> 0.4874
calibration_candidate varied_hparam=bias_lr tta_val_acc=0.4886 muon_lr=0.1 muon_momentum=0 bias_lr=0.85 head_lr=10
bias_lr_sweep_value index=220 0.85 -> 0.4886
calibration_candidate varied_hparam=bias_lr tta_val_acc=0.4864 muon_lr=0.1 muon_momentum=0 bias_lr=0.86 head_lr=10
bias_lr_sweep_value index=221 0.86 -> 0.4864
calibration_candidate varied_hparam=bias_lr tta_val_acc=0.4886 muon_lr=0.1 muon_momentum=0 bias_lr=0.88 head_lr=10
bias_lr_sweep_value index=222 0.88 -> 0.4886
calibration_candidate varied_hparam=bias_lr tta_val_acc=0.4856 muon_lr=0.1 muon_momentum=0 bias_lr=0.9 head_lr=10
bias_lr_sweep_value index=223 0.9 -> 0.4856
calibration_candidate varied_hparam=bias_lr tta_val_acc=0.4869 muon_lr=0.1 muon_momentum=0 bias_lr=0.92 head_lr=10
bias_lr_sweep_value index=224 0.92 -> 0.4869
calibration_candidate varied_hparam=bias_lr tta_val_acc=0.4861 muon_lr=0.1 muon_momentum=0 bias_lr=0.94 head_lr=10
bias_lr_sweep_value index=225 0.94 -> 0.4861
calibration_candidate varied_hparam=bias_lr tta_val_acc=0.4867 muon_lr=0.1 muon_momentum=0 bias_lr=0.95 head_lr=10
bias_lr_sweep_value index=226 0.95 -> 0.4867
calibration_candidate varied_hparam=bias_lr tta_val_acc=0.4864 muon_lr=0.1 muon_momentum=0 bias_lr=0.97 head_lr=10
bias_lr_sweep_value index=227 0.97 -> 0.4864
calibration_candidate varied_hparam=bias_lr tta_val_acc=0.4908 muon_lr=0.1 muon_momentum=0 bias_lr=0.99 head_lr=10
bias_lr_sweep_value index=228 0.99 -> 0.4908
calibration_candidate varied_hparam=bias_lr tta_val_acc=0.4898 muon_lr=0.1 muon_momentum=0 bias_lr=1 head_lr=10
bias_lr_sweep_value index=229 1 -> 0.4898
calibration_candidate varied_hparam=bias_lr tta_val_acc=0.4869 muon_lr=0.1 muon_momentum=0 bias_lr=1.1 head_lr=10
bias_lr_sweep_value index=231 1.1 -> 0.4869
calibration_candidate varied_hparam=bias_lr tta_val_acc=0.4885 muon_lr=0.1 muon_momentum=0 bias_lr=1.2 head_lr=10
bias_lr_sweep_value index=236 1.2 -> 0.4885
calibration_candidate varied_hparam=bias_lr tta_val_acc=0.4893 muon_lr=0.1 muon_momentum=0 bias_lr=1.3 head_lr=10
bias_lr_sweep_value index=240 1.3 -> 0.4893
calibration_candidate varied_hparam=bias_lr tta_val_acc=0.4859 muon_lr=0.1 muon_momentum=0 bias_lr=1.4 head_lr=10
bias_lr_sweep_value index=244 1.4 -> 0.4859
calibration_candidate varied_hparam=bias_lr tta_val_acc=0.4875 muon_lr=0.1 muon_momentum=0 bias_lr=1.5 head_lr=10
bias_lr_sweep_value index=247 1.5 -> 0.4875
calibration_candidate varied_hparam=bias_lr tta_val_acc=0.4863 muon_lr=0.1 muon_momentum=0 bias_lr=1.6 head_lr=10
bias_lr_sweep_value index=251 1.6 -> 0.4863
calibration_candidate varied_hparam=bias_lr tta_val_acc=0.4878 muon_lr=0.1 muon_momentum=0 bias_lr=1.7 head_lr=10
bias_lr_sweep_value index=254 1.7 -> 0.4878
calibration_candidate varied_hparam=bias_lr tta_val_acc=0.4878 muon_lr=0.1 muon_momentum=0 bias_lr=1.8 head_lr=10
bias_lr_sweep_value index=257 1.8 -> 0.4878
calibration_candidate varied_hparam=bias_lr tta_val_acc=0.488 muon_lr=0.1 muon_momentum=0 bias_lr=1.9 head_lr=10
bias_lr_sweep_value index=259 1.9 -> 0.488
calibration_candidate varied_hparam=bias_lr tta_val_acc=0.4874 muon_lr=0.1 muon_momentum=0 bias_lr=2 head_lr=10
bias_lr_sweep_value index=262 2 -> 0.4874
calibration_candidate varied_hparam=bias_lr tta_val_acc=0.4874 muon_lr=0.1 muon_momentum=0 bias_lr=2.1 head_lr=10
bias_lr_sweep_value index=264 2.1 -> 0.4874
calibration_candidate varied_hparam=bias_lr tta_val_acc=0.4856 muon_lr=0.1 muon_momentum=0 bias_lr=2.2 head_lr=10
bias_lr_sweep_value index=267 2.2 -> 0.4856
calibration_candidate varied_hparam=bias_lr tta_val_acc=0.4878 muon_lr=0.1 muon_momentum=0 bias_lr=2.3 head_lr=10
bias_lr_sweep_value index=269 2.3 -> 0.4878
calibration_candidate varied_hparam=bias_lr tta_val_acc=0.4871 muon_lr=0.1 muon_momentum=0 bias_lr=2.4 head_lr=10
bias_lr_sweep_value index=271 2.4 -> 0.4871
calibration_candidate varied_hparam=bias_lr tta_val_acc=0.4869 muon_lr=0.1 muon_momentum=0 bias_lr=2.5 head_lr=10
bias_lr_sweep_value index=273 2.5 -> 0.4869
calibration_candidate varied_hparam=bias_lr tta_val_acc=0.4888 muon_lr=0.1 muon_momentum=0 bias_lr=2.6 head_lr=10
bias_lr_sweep_value index=275 2.6 -> 0.4888
calibration_candidate varied_hparam=bias_lr tta_val_acc=0.4876 muon_lr=0.1 muon_momentum=0 bias_lr=2.7 head_lr=10
bias_lr_sweep_value index=277 2.7 -> 0.4876
calibration_candidate varied_hparam=bias_lr tta_val_acc=0.4865 muon_lr=0.1 muon_momentum=0 bias_lr=2.8 head_lr=10
bias_lr_sweep_value index=279 2.8 -> 0.4865
calibration_candidate varied_hparam=bias_lr tta_val_acc=0.4887 muon_lr=0.1 muon_momentum=0 bias_lr=2.9 head_lr=10
bias_lr_sweep_value index=281 2.9 -> 0.4887
calibration_candidate varied_hparam=bias_lr tta_val_acc=0.4879 muon_lr=0.1 muon_momentum=0 bias_lr=3 head_lr=10
bias_lr_sweep_value index=282 3 -> 0.4879
calibration_candidate varied_hparam=bias_lr tta_val_acc=0.4859 muon_lr=0.1 muon_momentum=0 bias_lr=3.1 head_lr=10
bias_lr_sweep_value index=284 3.1 -> 0.4859
calibration_candidate varied_hparam=bias_lr tta_val_acc=0.4865 muon_lr=0.1 muon_momentum=0 bias_lr=3.2 head_lr=10
bias_lr_sweep_value index=286 3.2 -> 0.4865
calibration_candidate varied_hparam=bias_lr tta_val_acc=0.4882 muon_lr=0.1 muon_momentum=0 bias_lr=3.3 head_lr=10
bias_lr_sweep_value index=287 3.3 -> 0.4882
calibration_candidate varied_hparam=bias_lr tta_val_acc=0.4883 muon_lr=0.1 muon_momentum=0 bias_lr=3.4 head_lr=10
bias_lr_sweep_value index=289 3.4 -> 0.4883
calibration_candidate varied_hparam=bias_lr tta_val_acc=0.4886 muon_lr=0.1 muon_momentum=0 bias_lr=3.5 head_lr=10
bias_lr_sweep_value index=290 3.5 -> 0.4886
calibration_candidate varied_hparam=bias_lr tta_val_acc=0.4877 muon_lr=0.1 muon_momentum=0 bias_lr=3.6 head_lr=10
bias_lr_sweep_value index=292 3.6 -> 0.4877
calibration_candidate varied_hparam=bias_lr tta_val_acc=0.4884 muon_lr=0.1 muon_momentum=0 bias_lr=3.7 head_lr=10
bias_lr_sweep_value index=293 3.7 -> 0.4884
calibration_candidate varied_hparam=bias_lr tta_val_acc=0.4882 muon_lr=0.1 muon_momentum=0 bias_lr=3.8 head_lr=10
bias_lr_sweep_value index=294 3.8 -> 0.4882
calibration_candidate varied_hparam=bias_lr tta_val_acc=0.487 muon_lr=0.1 muon_momentum=0 bias_lr=3.9 head_lr=10
bias_lr_sweep_value index=296 3.9 -> 0.487
calibration_candidate varied_hparam=bias_lr tta_val_acc=0.4887 muon_lr=0.1 muon_momentum=0 bias_lr=4 head_lr=10
bias_lr_sweep_value index=297 4 -> 0.4887
calibration_candidate varied_hparam=bias_lr tta_val_acc=0.4859 muon_lr=0.1 muon_momentum=0 bias_lr=4.1 head_lr=10
bias_lr_sweep_value index=298 4.1 -> 0.4859
calibration_candidate varied_hparam=bias_lr tta_val_acc=0.4892 muon_lr=0.1 muon_momentum=0 bias_lr=4.2 head_lr=10
bias_lr_sweep_value index=299 4.2 -> 0.4892
calibration_candidate varied_hparam=bias_lr tta_val_acc=0.486 muon_lr=0.1 muon_momentum=0 bias_lr=4.3 head_lr=10
bias_lr_sweep_value index=301 4.3 -> 0.486
calibration_candidate varied_hparam=bias_lr tta_val_acc=0.4885 muon_lr=0.1 muon_momentum=0 bias_lr=4.4 head_lr=10
bias_lr_sweep_value index=302 4.4 -> 0.4885
calibration_candidate varied_hparam=bias_lr tta_val_acc=0.4858 muon_lr=0.1 muon_momentum=0 bias_lr=4.5 head_lr=10
bias_lr_sweep_value index=303 4.5 -> 0.4858
calibration_candidate varied_hparam=bias_lr tta_val_acc=0.4862 muon_lr=0.1 muon_momentum=0 bias_lr=4.6 head_lr=10
bias_lr_sweep_value index=304 4.6 -> 0.4862
calibration_candidate varied_hparam=bias_lr tta_val_acc=0.4872 muon_lr=0.1 muon_momentum=0 bias_lr=4.7 head_lr=10
bias_lr_sweep_value index=305 4.7 -> 0.4872
calibration_candidate varied_hparam=bias_lr tta_val_acc=0.487 muon_lr=0.1 muon_momentum=0 bias_lr=4.8 head_lr=10
bias_lr_sweep_value index=306 4.8 -> 0.487
calibration_candidate varied_hparam=bias_lr tta_val_acc=0.4871 muon_lr=0.1 muon_momentum=0 bias_lr=4.9 head_lr=10
bias_lr_sweep_value index=307 4.9 -> 0.4871
calibration_candidate varied_hparam=bias_lr tta_val_acc=0.4893 muon_lr=0.1 muon_momentum=0 bias_lr=5 head_lr=10
bias_lr_sweep_value index=308 5 -> 0.4893
calibration_candidate varied_hparam=bias_lr tta_val_acc=0.4869 muon_lr=0.1 muon_momentum=0 bias_lr=5.1 head_lr=10
bias_lr_sweep_value index=309 5.1 -> 0.4869
calibration_candidate varied_hparam=bias_lr tta_val_acc=0.4885 muon_lr=0.1 muon_momentum=0 bias_lr=5.2 head_lr=10
bias_lr_sweep_value index=310 5.2 -> 0.4885
calibration_candidate varied_hparam=bias_lr tta_val_acc=0.4886 muon_lr=0.1 muon_momentum=0 bias_lr=5.3 head_lr=10
bias_lr_sweep_value index=311 5.3 -> 0.4886
calibration_candidate varied_hparam=bias_lr tta_val_acc=0.4877 muon_lr=0.1 muon_momentum=0 bias_lr=5.4 head_lr=10
bias_lr_sweep_value index=312 5.4 -> 0.4877
calibration_candidate varied_hparam=bias_lr tta_val_acc=0.487 muon_lr=0.1 muon_momentum=0 bias_lr=5.5 head_lr=10
bias_lr_sweep_value index=313 5.5 -> 0.487
calibration_candidate varied_hparam=bias_lr tta_val_acc=0.4861 muon_lr=0.1 muon_momentum=0 bias_lr=5.6 head_lr=10
bias_lr_sweep_value index=314 5.6 -> 0.4861
calibration_candidate varied_hparam=bias_lr tta_val_acc=0.4887 muon_lr=0.1 muon_momentum=0 bias_lr=5.8 head_lr=10
bias_lr_sweep_value index=315 5.8 -> 0.4887
calibration_candidate varied_hparam=bias_lr tta_val_acc=0.4867 muon_lr=0.1 muon_momentum=0 bias_lr=5.9 head_lr=10
bias_lr_sweep_value index=316 5.9 -> 0.4867
calibration_candidate varied_hparam=bias_lr tta_val_acc=0.4872 muon_lr=0.1 muon_momentum=0 bias_lr=6 head_lr=10
bias_lr_sweep_value index=317 6 -> 0.4872
calibration_candidate varied_hparam=bias_lr tta_val_acc=0.4876 muon_lr=0.1 muon_momentum=0 bias_lr=6.1 head_lr=10
bias_lr_sweep_value index=318 6.1 -> 0.4876
calibration_candidate varied_hparam=bias_lr tta_val_acc=0.4876 muon_lr=0.1 muon_momentum=0 bias_lr=6.2 head_lr=10
bias_lr_sweep_value index=319 6.2 -> 0.4876
calibration_candidate varied_hparam=bias_lr tta_val_acc=0.4876 muon_lr=0.1 muon_momentum=0 bias_lr=6.4 head_lr=10
bias_lr_sweep_value index=320 6.4 -> 0.4876
calibration_candidate varied_hparam=bias_lr tta_val_acc=0.4884 muon_lr=0.1 muon_momentum=0 bias_lr=6.5 head_lr=10
bias_lr_sweep_value index=321 6.5 -> 0.4884
calibration_candidate varied_hparam=bias_lr tta_val_acc=0.4869 muon_lr=0.1 muon_momentum=0 bias_lr=6.6 head_lr=10
bias_lr_sweep_value index=322 6.6 -> 0.4869
calibration_candidate varied_hparam=bias_lr tta_val_acc=0.4862 muon_lr=0.1 muon_momentum=0 bias_lr=6.8 head_lr=10
bias_lr_sweep_value index=323 6.8 -> 0.4862
calibration_candidate varied_hparam=bias_lr tta_val_acc=0.4888 muon_lr=0.1 muon_momentum=0 bias_lr=6.9 head_lr=10
bias_lr_sweep_value index=324 6.9 -> 0.4888
calibration_candidate varied_hparam=bias_lr tta_val_acc=0.4867 muon_lr=0.1 muon_momentum=0 bias_lr=7 head_lr=10
bias_lr_sweep_value index=325 7 -> 0.4867
calibration_candidate varied_hparam=bias_lr tta_val_acc=0.4867 muon_lr=0.1 muon_momentum=0 bias_lr=7.2 head_lr=10
bias_lr_sweep_value index=326 7.2 -> 0.4867
calibration_candidate varied_hparam=bias_lr tta_val_acc=0.4857 muon_lr=0.1 muon_momentum=0 bias_lr=7.3 head_lr=10
bias_lr_sweep_value index=327 7.3 -> 0.4857
calibration_candidate varied_hparam=bias_lr tta_val_acc=0.4874 muon_lr=0.1 muon_momentum=0 bias_lr=7.5 head_lr=10
bias_lr_sweep_value index=328 7.5 -> 0.4874
calibration_candidate varied_hparam=bias_lr tta_val_acc=0.4884 muon_lr=0.1 muon_momentum=0 bias_lr=7.6 head_lr=10
bias_lr_sweep_value index=329 7.6 -> 0.4884
calibration_candidate varied_hparam=bias_lr tta_val_acc=0.4887 muon_lr=0.1 muon_momentum=0 bias_lr=7.8 head_lr=10
bias_lr_sweep_value index=330 7.8 -> 0.4887
calibration_candidate varied_hparam=bias_lr tta_val_acc=0.4869 muon_lr=0.1 muon_momentum=0 bias_lr=7.9 head_lr=10
bias_lr_sweep_value index=331 7.9 -> 0.4869
calibration_candidate varied_hparam=bias_lr tta_val_acc=0.4852 muon_lr=0.1 muon_momentum=0 bias_lr=8.1 head_lr=10
bias_lr_sweep_value index=332 8.1 -> 0.4852
calibration_candidate varied_hparam=bias_lr tta_val_acc=0.487 muon_lr=0.1 muon_momentum=0 bias_lr=8.3 head_lr=10
bias_lr_sweep_value index=333 8.3 -> 0.487
calibration_candidate varied_hparam=bias_lr tta_val_acc=0.4869 muon_lr=0.1 muon_momentum=0 bias_lr=8.4 head_lr=10
bias_lr_sweep_value index=334 8.4 -> 0.4869
calibration_candidate varied_hparam=bias_lr tta_val_acc=0.4865 muon_lr=0.1 muon_momentum=0 bias_lr=8.6 head_lr=10
bias_lr_sweep_value index=335 8.6 -> 0.4865
calibration_candidate varied_hparam=bias_lr tta_val_acc=0.4874 muon_lr=0.1 muon_momentum=0 bias_lr=8.8 head_lr=10
bias_lr_sweep_value index=336 8.8 -> 0.4874
calibration_candidate varied_hparam=bias_lr tta_val_acc=0.488 muon_lr=0.1 muon_momentum=0 bias_lr=9 head_lr=10
bias_lr_sweep_value index=337 9 -> 0.488
calibration_candidate varied_hparam=bias_lr tta_val_acc=0.4878 muon_lr=0.1 muon_momentum=0 bias_lr=9.1 head_lr=10
bias_lr_sweep_value index=338 9.1 -> 0.4878
calibration_candidate varied_hparam=bias_lr tta_val_acc=0.4874 muon_lr=0.1 muon_momentum=0 bias_lr=9.3 head_lr=10
bias_lr_sweep_value index=339 9.3 -> 0.4874
calibration_candidate varied_hparam=bias_lr tta_val_acc=0.4859 muon_lr=0.1 muon_momentum=0 bias_lr=9.5 head_lr=10
bias_lr_sweep_value index=340 9.5 -> 0.4859
calibration_candidate varied_hparam=bias_lr tta_val_acc=0.4878 muon_lr=0.1 muon_momentum=0 bias_lr=9.7 head_lr=10
bias_lr_sweep_value index=341 9.7 -> 0.4878
calibration_candidate varied_hparam=bias_lr tta_val_acc=0.4857 muon_lr=0.1 muon_momentum=0 bias_lr=9.9 head_lr=10
bias_lr_sweep_value index=342 9.9 -> 0.4857
calibration_candidate varied_hparam=bias_lr tta_val_acc=0.4878 muon_lr=0.1 muon_momentum=0 bias_lr=10 head_lr=10
bias_lr_sweep_value index=343 10 -> 0.4878
calibration_candidate varied_hparam=bias_lr tta_val_acc=0.4887 muon_lr=0.1 muon_momentum=0 bias_lr=11 head_lr=10
bias_lr_sweep_value index=345 11 -> 0.4887
calibration_candidate varied_hparam=bias_lr tta_val_acc=0.4889 muon_lr=0.1 muon_momentum=0 bias_lr=12 head_lr=10
bias_lr_sweep_value index=350 12 -> 0.4889
calibration_candidate varied_hparam=bias_lr tta_val_acc=0.4884 muon_lr=0.1 muon_momentum=0 bias_lr=13 head_lr=10
bias_lr_sweep_value index=354 13 -> 0.4884
calibration_candidate varied_hparam=bias_lr tta_val_acc=0.487 muon_lr=0.1 muon_momentum=0 bias_lr=14 head_lr=10
bias_lr_sweep_value index=358 14 -> 0.487
calibration_candidate varied_hparam=bias_lr tta_val_acc=0.4903 muon_lr=0.1 muon_momentum=0 bias_lr=15 head_lr=10
bias_lr_sweep_value index=361 15 -> 0.4903
calibration_candidate varied_hparam=bias_lr tta_val_acc=0.4889 muon_lr=0.1 muon_momentum=0 bias_lr=16 head_lr=10
bias_lr_sweep_value index=365 16 -> 0.4889
calibration_candidate varied_hparam=bias_lr tta_val_acc=0.4892 muon_lr=0.1 muon_momentum=0 bias_lr=17 head_lr=10
bias_lr_sweep_value index=368 17 -> 0.4892
calibration_candidate varied_hparam=bias_lr tta_val_acc=0.4888 muon_lr=0.1 muon_momentum=0 bias_lr=18 head_lr=10
bias_lr_sweep_value index=371 18 -> 0.4888
calibration_candidate varied_hparam=bias_lr tta_val_acc=0.4901 muon_lr=0.1 muon_momentum=0 bias_lr=19 head_lr=10
bias_lr_sweep_value index=373 19 -> 0.4901
calibration_candidate varied_hparam=bias_lr tta_val_acc=0.4878 muon_lr=0.1 muon_momentum=0 bias_lr=20 head_lr=10
bias_lr_sweep_value index=376 20 -> 0.4878
calibration_candidate varied_hparam=bias_lr tta_val_acc=0.4905 muon_lr=0.1 muon_momentum=0 bias_lr=21 head_lr=10
bias_lr_sweep_value index=379 21 -> 0.4905
calibration_candidate varied_hparam=bias_lr tta_val_acc=0.4882 muon_lr=0.1 muon_momentum=0 bias_lr=22 head_lr=10
bias_lr_sweep_value index=381 22 -> 0.4882
calibration_candidate varied_hparam=bias_lr tta_val_acc=0.4912 muon_lr=0.1 muon_momentum=0 bias_lr=23 head_lr=10
bias_lr_sweep_value index=383 23 -> 0.4912
calibration_candidate varied_hparam=bias_lr tta_val_acc=0.4904 muon_lr=0.1 muon_momentum=0 bias_lr=24 head_lr=10
bias_lr_sweep_value index=385 24 -> 0.4904
calibration_candidate varied_hparam=bias_lr tta_val_acc=0.4905 muon_lr=0.1 muon_momentum=0 bias_lr=25 head_lr=10
bias_lr_sweep_value index=387 25 -> 0.4905
calibration_candidate varied_hparam=bias_lr tta_val_acc=0.492 muon_lr=0.1 muon_momentum=0 bias_lr=26 head_lr=10
bias_lr_sweep_value index=389 26 -> 0.492
calibration_candidate varied_hparam=bias_lr tta_val_acc=0.493 muon_lr=0.1 muon_momentum=0 bias_lr=27 head_lr=10
bias_lr_sweep_value index=391 27 -> 0.493
calibration_candidate varied_hparam=bias_lr tta_val_acc=0.492 muon_lr=0.1 muon_momentum=0 bias_lr=28 head_lr=10
bias_lr_sweep_value index=393 28 -> 0.492
calibration_candidate varied_hparam=bias_lr tta_val_acc=0.4925 muon_lr=0.1 muon_momentum=0 bias_lr=29 head_lr=10
bias_lr_sweep_value index=395 29 -> 0.4925
calibration_candidate varied_hparam=bias_lr tta_val_acc=0.4906 muon_lr=0.1 muon_momentum=0 bias_lr=30 head_lr=10
bias_lr_sweep_value index=397 30 -> 0.4906
calibration_candidate varied_hparam=bias_lr tta_val_acc=0.4942 muon_lr=0.1 muon_momentum=0 bias_lr=31 head_lr=10
bias_lr_sweep_value index=398 31 -> 0.4942
calibration_candidate varied_hparam=bias_lr tta_val_acc=0.4924 muon_lr=0.1 muon_momentum=0 bias_lr=32 head_lr=10
bias_lr_sweep_value index=400 32 -> 0.4924
calibration_candidate varied_hparam=bias_lr tta_val_acc=0.4909 muon_lr=0.1 muon_momentum=0 bias_lr=33 head_lr=10
bias_lr_sweep_value index=401 33 -> 0.4909
calibration_candidate varied_hparam=bias_lr tta_val_acc=0.4917 muon_lr=0.1 muon_momentum=0 bias_lr=34 head_lr=10
bias_lr_sweep_value index=403 34 -> 0.4917
calibration_candidate varied_hparam=bias_lr tta_val_acc=0.4924 muon_lr=0.1 muon_momentum=0 bias_lr=35 head_lr=10
bias_lr_sweep_value index=404 35 -> 0.4924
calibration_candidate varied_hparam=bias_lr tta_val_acc=0.4933 muon_lr=0.1 muon_momentum=0 bias_lr=36 head_lr=10
bias_lr_sweep_value index=406 36 -> 0.4933
calibration_candidate varied_hparam=bias_lr tta_val_acc=0.4929 muon_lr=0.1 muon_momentum=0 bias_lr=37 head_lr=10
bias_lr_sweep_value index=407 37 -> 0.4929
calibration_candidate varied_hparam=bias_lr tta_val_acc=0.4895 muon_lr=0.1 muon_momentum=0 bias_lr=38 head_lr=10
bias_lr_sweep_value index=408 38 -> 0.4895
calibration_candidate varied_hparam=bias_lr tta_val_acc=0.4943 muon_lr=0.1 muon_momentum=0 bias_lr=39 head_lr=10
bias_lr_sweep_value index=410 39 -> 0.4943
calibration_candidate varied_hparam=bias_lr tta_val_acc=0.4926 muon_lr=0.1 muon_momentum=0 bias_lr=40 head_lr=10
bias_lr_sweep_value index=411 40 -> 0.4926
calibration_candidate varied_hparam=bias_lr tta_val_acc=0.4915 muon_lr=0.1 muon_momentum=0 bias_lr=41 head_lr=10
bias_lr_sweep_value index=412 41 -> 0.4915
calibration_candidate varied_hparam=bias_lr tta_val_acc=0.4938 muon_lr=0.1 muon_momentum=0 bias_lr=42 head_lr=10
bias_lr_sweep_value index=413 42 -> 0.4938
calibration_candidate varied_hparam=bias_lr tta_val_acc=0.4926 muon_lr=0.1 muon_momentum=0 bias_lr=43 head_lr=10
bias_lr_sweep_value index=415 43 -> 0.4926
calibration_candidate varied_hparam=bias_lr tta_val_acc=0.4891 muon_lr=0.1 muon_momentum=0 bias_lr=44 head_lr=10
bias_lr_sweep_value index=416 44 -> 0.4891
calibration_candidate varied_hparam=bias_lr tta_val_acc=0.4922 muon_lr=0.1 muon_momentum=0 bias_lr=45 head_lr=10
bias_lr_sweep_value index=417 45 -> 0.4922
calibration_candidate varied_hparam=bias_lr tta_val_acc=0.491 muon_lr=0.1 muon_momentum=0 bias_lr=46 head_lr=10
bias_lr_sweep_value index=418 46 -> 0.491
calibration_candidate varied_hparam=bias_lr tta_val_acc=0.4907 muon_lr=0.1 muon_momentum=0 bias_lr=47 head_lr=10
bias_lr_sweep_value index=419 47 -> 0.4907
calibration_candidate varied_hparam=bias_lr tta_val_acc=0.4934 muon_lr=0.1 muon_momentum=0 bias_lr=48 head_lr=10
bias_lr_sweep_value index=420 48 -> 0.4934
calibration_candidate varied_hparam=bias_lr tta_val_acc=0.4943 muon_lr=0.1 muon_momentum=0 bias_lr=49 head_lr=10
bias_lr_sweep_value index=421 49 -> 0.4943
calibration_candidate varied_hparam=bias_lr tta_val_acc=0.4919 muon_lr=0.1 muon_momentum=0 bias_lr=50 head_lr=10
bias_lr_sweep_value index=422 50 -> 0.4919
calibration_candidate varied_hparam=bias_lr tta_val_acc=0.4929 muon_lr=0.1 muon_momentum=0 bias_lr=51 head_lr=10
bias_lr_sweep_value index=423 51 -> 0.4929
calibration_candidate varied_hparam=bias_lr tta_val_acc=0.4935 muon_lr=0.1 muon_momentum=0 bias_lr=52 head_lr=10
bias_lr_sweep_value index=424 52 -> 0.4935
calibration_candidate varied_hparam=bias_lr tta_val_acc=0.4897 muon_lr=0.1 muon_momentum=0 bias_lr=53 head_lr=10
bias_lr_sweep_value index=425 53 -> 0.4897
calibration_candidate varied_hparam=bias_lr tta_val_acc=0.4945 muon_lr=0.1 muon_momentum=0 bias_lr=54 head_lr=10
bias_lr_sweep_value index=426 54 -> 0.4945
calibration_candidate varied_hparam=bias_lr tta_val_acc=0.4932 muon_lr=0.1 muon_momentum=0 bias_lr=55 head_lr=10
bias_lr_sweep_value index=427 55 -> 0.4932
calibration_candidate varied_hparam=bias_lr tta_val_acc=0.4917 muon_lr=0.1 muon_momentum=0 bias_lr=56 head_lr=10
bias_lr_sweep_value index=428 56 -> 0.4917
calibration_candidate varied_hparam=bias_lr tta_val_acc=0.4938 muon_lr=0.1 muon_momentum=0 bias_lr=57 head_lr=10
bias_lr_sweep_value index=429 57 -> 0.4938
calibration_candidate varied_hparam=bias_lr tta_val_acc=0.4923 muon_lr=0.1 muon_momentum=0 bias_lr=59 head_lr=10
bias_lr_sweep_value index=430 59 -> 0.4923
calibration_candidate varied_hparam=bias_lr tta_val_acc=0.4923 muon_lr=0.1 muon_momentum=0 bias_lr=60 head_lr=10
bias_lr_sweep_value index=431 60 -> 0.4923
calibration_candidate varied_hparam=bias_lr tta_val_acc=0.4909 muon_lr=0.1 muon_momentum=0 bias_lr=61 head_lr=10
bias_lr_sweep_value index=432 61 -> 0.4909
calibration_candidate varied_hparam=bias_lr tta_val_acc=0.4937 muon_lr=0.1 muon_momentum=0 bias_lr=62 head_lr=10
bias_lr_sweep_value index=433 62 -> 0.4937
calibration_candidate varied_hparam=bias_lr tta_val_acc=0.4951 muon_lr=0.1 muon_momentum=0 bias_lr=63 head_lr=10
bias_lr_sweep_value index=434 63 -> 0.4951
calibration_candidate varied_hparam=bias_lr tta_val_acc=0.4931 muon_lr=0.1 muon_momentum=0 bias_lr=65 head_lr=10
bias_lr_sweep_value index=435 65 -> 0.4931
calibration_candidate varied_hparam=bias_lr tta_val_acc=0.4929 muon_lr=0.1 muon_momentum=0 bias_lr=66 head_lr=10
bias_lr_sweep_value index=436 66 -> 0.4929
calibration_candidate varied_hparam=bias_lr tta_val_acc=0.4948 muon_lr=0.1 muon_momentum=0 bias_lr=67 head_lr=10
bias_lr_sweep_value index=437 67 -> 0.4948
calibration_candidate varied_hparam=bias_lr tta_val_acc=0.4935 muon_lr=0.1 muon_momentum=0 bias_lr=69 head_lr=10
bias_lr_sweep_value index=438 69 -> 0.4935
calibration_candidate varied_hparam=bias_lr tta_val_acc=0.4927 muon_lr=0.1 muon_momentum=0 bias_lr=70 head_lr=10
bias_lr_sweep_value index=439 70 -> 0.4927
calibration_candidate varied_hparam=bias_lr tta_val_acc=0.4901 muon_lr=0.1 muon_momentum=0 bias_lr=72 head_lr=10
bias_lr_sweep_value index=440 72 -> 0.4901
calibration_candidate varied_hparam=bias_lr tta_val_acc=0.4933 muon_lr=0.1 muon_momentum=0 bias_lr=73 head_lr=10
bias_lr_sweep_value index=441 73 -> 0.4933
calibration_candidate varied_hparam=bias_lr tta_val_acc=0.4955 muon_lr=0.1 muon_momentum=0 bias_lr=75 head_lr=10
bias_lr_sweep_value index=442 75 -> 0.4955
calibration_candidate varied_hparam=bias_lr tta_val_acc=0.4942 muon_lr=0.1 muon_momentum=0 bias_lr=76 head_lr=10
bias_lr_sweep_value index=443 76 -> 0.4942
calibration_candidate varied_hparam=bias_lr tta_val_acc=0.4945 muon_lr=0.1 muon_momentum=0 bias_lr=78 head_lr=10
bias_lr_sweep_value index=444 78 -> 0.4945
calibration_candidate varied_hparam=bias_lr tta_val_acc=0.4948 muon_lr=0.1 muon_momentum=0 bias_lr=79 head_lr=10
bias_lr_sweep_value index=445 79 -> 0.4948
calibration_candidate varied_hparam=bias_lr tta_val_acc=0.4953 muon_lr=0.1 muon_momentum=0 bias_lr=81 head_lr=10
bias_lr_sweep_value index=446 81 -> 0.4953
calibration_candidate varied_hparam=bias_lr tta_val_acc=0.4956 muon_lr=0.1 muon_momentum=0 bias_lr=82 head_lr=10
bias_lr_sweep_value index=447 82 -> 0.4956
calibration_candidate varied_hparam=bias_lr tta_val_acc=0.4944 muon_lr=0.1 muon_momentum=0 bias_lr=84 head_lr=10
bias_lr_sweep_value index=448 84 -> 0.4944
calibration_candidate varied_hparam=bias_lr tta_val_acc=0.4979 muon_lr=0.1 muon_momentum=0 bias_lr=86 head_lr=10
bias_lr_sweep_value index=449 86 -> 0.4979
calibration_candidate varied_hparam=bias_lr tta_val_acc=0.4941 muon_lr=0.1 muon_momentum=0 bias_lr=88 head_lr=10
bias_lr_sweep_value index=450 88 -> 0.4941
calibration_candidate varied_hparam=bias_lr tta_val_acc=0.4961 muon_lr=0.1 muon_momentum=0 bias_lr=89 head_lr=10
bias_lr_sweep_value index=451 89 -> 0.4961
calibration_candidate varied_hparam=bias_lr tta_val_acc=0.495 muon_lr=0.1 muon_momentum=0 bias_lr=91 head_lr=10
bias_lr_sweep_value index=452 91 -> 0.495
calibration_candidate varied_hparam=bias_lr tta_val_acc=0.4972 muon_lr=0.1 muon_momentum=0 bias_lr=93 head_lr=10
bias_lr_sweep_value index=453 93 -> 0.4972
calibration_candidate varied_hparam=bias_lr tta_val_acc=0.4968 muon_lr=0.1 muon_momentum=0 bias_lr=95 head_lr=10
bias_lr_sweep_value index=454 95 -> 0.4968
calibration_candidate varied_hparam=bias_lr tta_val_acc=0.4966 muon_lr=0.1 muon_momentum=0 bias_lr=97 head_lr=10
bias_lr_sweep_value index=455 97 -> 0.4966
calibration_candidate varied_hparam=bias_lr tta_val_acc=0.4967 muon_lr=0.1 muon_momentum=0 bias_lr=99 head_lr=10
bias_lr_sweep_value index=456 99 -> 0.4967
calibration_candidate varied_hparam=bias_lr tta_val_acc=0.4954 muon_lr=0.1 muon_momentum=0 bias_lr=100 head_lr=10
bias_lr_sweep_value index=457 100 -> 0.4954
calibration_candidate varied_hparam=bias_lr tta_val_acc=0.4949 muon_lr=0.1 muon_momentum=0 bias_lr=110 head_lr=10
bias_lr_sweep_value index=459 110 -> 0.4949
calibration_candidate varied_hparam=bias_lr tta_val_acc=0.4933 muon_lr=0.1 muon_momentum=0 bias_lr=120 head_lr=10
bias_lr_sweep_value index=464 120 -> 0.4933
calibration_candidate varied_hparam=bias_lr tta_val_acc=0.4927 muon_lr=0.1 muon_momentum=0 bias_lr=130 head_lr=10
bias_lr_sweep_value index=468 130 -> 0.4927
calibration_candidate varied_hparam=bias_lr tta_val_acc=0.4955 muon_lr=0.1 muon_momentum=0 bias_lr=140 head_lr=10
bias_lr_sweep_value index=472 140 -> 0.4955
calibration_candidate varied_hparam=bias_lr tta_val_acc=0.4924 muon_lr=0.1 muon_momentum=0 bias_lr=150 head_lr=10
bias_lr_sweep_value index=475 150 -> 0.4924
calibration_candidate varied_hparam=bias_lr tta_val_acc=0.4909 muon_lr=0.1 muon_momentum=0 bias_lr=160 head_lr=10
bias_lr_sweep_value index=479 160 -> 0.4909
calibration_candidate varied_hparam=bias_lr tta_val_acc=0.494 muon_lr=0.1 muon_momentum=0 bias_lr=170 head_lr=10
bias_lr_sweep_value index=482 170 -> 0.494
calibration_candidate varied_hparam=bias_lr tta_val_acc=0.495 muon_lr=0.1 muon_momentum=0 bias_lr=180 head_lr=10
bias_lr_sweep_value index=485 180 -> 0.495
calibration_candidate varied_hparam=bias_lr tta_val_acc=0.4964 muon_lr=0.1 muon_momentum=0 bias_lr=190 head_lr=10
bias_lr_sweep_value index=488 190 -> 0.4964
calibration_candidate varied_hparam=bias_lr tta_val_acc=0.4907 muon_lr=0.1 muon_momentum=0 bias_lr=200 head_lr=10
bias_lr_sweep_value index=490 200 -> 0.4907
calibration_candidate varied_hparam=bias_lr tta_val_acc=0.493 muon_lr=0.1 muon_momentum=0 bias_lr=210 head_lr=10
bias_lr_sweep_value index=493 210 -> 0.493
calibration_candidate varied_hparam=bias_lr tta_val_acc=0.4922 muon_lr=0.1 muon_momentum=0 bias_lr=220 head_lr=10
bias_lr_sweep_value index=495 220 -> 0.4922
calibration_candidate varied_hparam=bias_lr tta_val_acc=0.491 muon_lr=0.1 muon_momentum=0 bias_lr=230 head_lr=10
bias_lr_sweep_value index=497 230 -> 0.491
calibration_candidate varied_hparam=bias_lr tta_val_acc=0.493 muon_lr=0.1 muon_momentum=0 bias_lr=240 head_lr=10
bias_lr_sweep_value index=499 240 -> 0.493
calibration_candidate varied_hparam=bias_lr tta_val_acc=0.4921 muon_lr=0.1 muon_momentum=0 bias_lr=250 head_lr=10
bias_lr_sweep_value index=501 250 -> 0.4921
calibration_candidate varied_hparam=bias_lr tta_val_acc=0.4932 muon_lr=0.1 muon_momentum=0 bias_lr=260 head_lr=10
bias_lr_sweep_value index=503 260 -> 0.4932
calibration_candidate varied_hparam=bias_lr tta_val_acc=0.4907 muon_lr=0.1 muon_momentum=0 bias_lr=270 head_lr=10
bias_lr_sweep_value index=505 270 -> 0.4907
calibration_candidate varied_hparam=bias_lr tta_val_acc=0.491 muon_lr=0.1 muon_momentum=0 bias_lr=280 head_lr=10
bias_lr_sweep_value index=507 280 -> 0.491
calibration_candidate varied_hparam=bias_lr tta_val_acc=0.4909 muon_lr=0.1 muon_momentum=0 bias_lr=290 head_lr=10
bias_lr_sweep_value index=509 290 -> 0.4909
calibration_candidate varied_hparam=bias_lr tta_val_acc=0.492 muon_lr=0.1 muon_momentum=0 bias_lr=300 head_lr=10
bias_lr_sweep_value index=511 300 -> 0.492
calibration_candidate varied_hparam=bias_lr tta_val_acc=0.4935 muon_lr=0.1 muon_momentum=0 bias_lr=310 head_lr=10
bias_lr_sweep_value index=512 310 -> 0.4935
calibration_candidate varied_hparam=bias_lr tta_val_acc=0.4926 muon_lr=0.1 muon_momentum=0 bias_lr=320 head_lr=10
bias_lr_sweep_value index=514 320 -> 0.4926
calibration_candidate varied_hparam=bias_lr tta_val_acc=0.4895 muon_lr=0.1 muon_momentum=0 bias_lr=330 head_lr=10
bias_lr_sweep_value index=515 330 -> 0.4895
calibration_candidate varied_hparam=bias_lr tta_val_acc=0.4893 muon_lr=0.1 muon_momentum=0 bias_lr=340 head_lr=10
bias_lr_sweep_value index=517 340 -> 0.4893
calibration_candidate varied_hparam=bias_lr tta_val_acc=0.4914 muon_lr=0.1 muon_momentum=0 bias_lr=350 head_lr=10
bias_lr_sweep_value index=518 350 -> 0.4914
calibration_candidate varied_hparam=bias_lr tta_val_acc=0.4924 muon_lr=0.1 muon_momentum=0 bias_lr=360 head_lr=10
bias_lr_sweep_value index=520 360 -> 0.4924
calibration_candidate varied_hparam=bias_lr tta_val_acc=0.4908 muon_lr=0.1 muon_momentum=0 bias_lr=370 head_lr=10
bias_lr_sweep_value index=521 370 -> 0.4908
calibration_candidate varied_hparam=bias_lr tta_val_acc=0.489 muon_lr=0.1 muon_momentum=0 bias_lr=380 head_lr=10
bias_lr_sweep_value index=523 380 -> 0.489
calibration_candidate varied_hparam=bias_lr tta_val_acc=0.4918 muon_lr=0.1 muon_momentum=0 bias_lr=390 head_lr=10
bias_lr_sweep_value index=524 390 -> 0.4918
calibration_candidate varied_hparam=bias_lr tta_val_acc=0.4901 muon_lr=0.1 muon_momentum=0 bias_lr=400 head_lr=10
bias_lr_sweep_value index=525 400 -> 0.4901
calibration_candidate varied_hparam=bias_lr tta_val_acc=0.4936 muon_lr=0.1 muon_momentum=0 bias_lr=410 head_lr=10
bias_lr_sweep_value index=526 410 -> 0.4936
calibration_candidate varied_hparam=bias_lr tta_val_acc=0.4906 muon_lr=0.1 muon_momentum=0 bias_lr=420 head_lr=10
bias_lr_sweep_value index=528 420 -> 0.4906
calibration_candidate varied_hparam=bias_lr tta_val_acc=0.491 muon_lr=0.1 muon_momentum=0 bias_lr=430 head_lr=10
bias_lr_sweep_value index=529 430 -> 0.491
calibration_candidate varied_hparam=bias_lr tta_val_acc=0.4906 muon_lr=0.1 muon_momentum=0 bias_lr=440 head_lr=10
bias_lr_sweep_value index=530 440 -> 0.4906
calibration_candidate varied_hparam=bias_lr tta_val_acc=0.4909 muon_lr=0.1 muon_momentum=0 bias_lr=450 head_lr=10
bias_lr_sweep_value index=531 450 -> 0.4909
calibration_candidate varied_hparam=bias_lr tta_val_acc=0.4893 muon_lr=0.1 muon_momentum=0 bias_lr=460 head_lr=10
bias_lr_sweep_value index=532 460 -> 0.4893
calibration_candidate varied_hparam=bias_lr tta_val_acc=0.493 muon_lr=0.1 muon_momentum=0 bias_lr=470 head_lr=10
bias_lr_sweep_value index=533 470 -> 0.493
calibration_candidate varied_hparam=bias_lr tta_val_acc=0.4918 muon_lr=0.1 muon_momentum=0 bias_lr=480 head_lr=10
bias_lr_sweep_value index=534 480 -> 0.4918
calibration_candidate varied_hparam=bias_lr tta_val_acc=0.4907 muon_lr=0.1 muon_momentum=0 bias_lr=490 head_lr=10
bias_lr_sweep_value index=535 490 -> 0.4907
calibration_candidate varied_hparam=bias_lr tta_val_acc=0.49 muon_lr=0.1 muon_momentum=0 bias_lr=500 head_lr=10
bias_lr_sweep_value index=536 500 -> 0.49
calibration_candidate varied_hparam=bias_lr tta_val_acc=0.4934 muon_lr=0.1 muon_momentum=0 bias_lr=510 head_lr=10
bias_lr_sweep_value index=537 510 -> 0.4934
calibration_candidate varied_hparam=bias_lr tta_val_acc=0.4924 muon_lr=0.1 muon_momentum=0 bias_lr=520 head_lr=10
bias_lr_sweep_value index=538 520 -> 0.4924
calibration_candidate varied_hparam=bias_lr tta_val_acc=0.4914 muon_lr=0.1 muon_momentum=0 bias_lr=530 head_lr=10
bias_lr_sweep_value index=539 530 -> 0.4914
calibration_candidate varied_hparam=bias_lr tta_val_acc=0.4924 muon_lr=0.1 muon_momentum=0 bias_lr=540 head_lr=10
bias_lr_sweep_value index=540 540 -> 0.4924
calibration_candidate varied_hparam=bias_lr tta_val_acc=0.4919 muon_lr=0.1 muon_momentum=0 bias_lr=550 head_lr=10
bias_lr_sweep_value index=541 550 -> 0.4919
calibration_candidate varied_hparam=bias_lr tta_val_acc=0.4909 muon_lr=0.1 muon_momentum=0 bias_lr=560 head_lr=10
bias_lr_sweep_value index=542 560 -> 0.4909
calibration_candidate varied_hparam=bias_lr tta_val_acc=0.4917 muon_lr=0.1 muon_momentum=0 bias_lr=570 head_lr=10
bias_lr_sweep_value index=543 570 -> 0.4917
calibration_candidate varied_hparam=bias_lr tta_val_acc=0.4883 muon_lr=0.1 muon_momentum=0 bias_lr=580 head_lr=10
bias_lr_sweep_value index=544 580 -> 0.4883
calibration_candidate varied_hparam=bias_lr tta_val_acc=0.4897 muon_lr=0.1 muon_momentum=0 bias_lr=600 head_lr=10
bias_lr_sweep_value index=545 600 -> 0.4897
calibration_candidate varied_hparam=bias_lr tta_val_acc=0.4921 muon_lr=0.1 muon_momentum=0 bias_lr=610 head_lr=10
bias_lr_sweep_value index=546 610 -> 0.4921
calibration_candidate varied_hparam=bias_lr tta_val_acc=0.4941 muon_lr=0.1 muon_momentum=0 bias_lr=620 head_lr=10
bias_lr_sweep_value index=547 620 -> 0.4941
calibration_candidate varied_hparam=bias_lr tta_val_acc=0.4938 muon_lr=0.1 muon_momentum=0 bias_lr=630 head_lr=10
bias_lr_sweep_value index=548 630 -> 0.4938
calibration_candidate varied_hparam=bias_lr tta_val_acc=0.4929 muon_lr=0.1 muon_momentum=0 bias_lr=650 head_lr=10
bias_lr_sweep_value index=549 650 -> 0.4929
calibration_candidate varied_hparam=bias_lr tta_val_acc=0.4914 muon_lr=0.1 muon_momentum=0 bias_lr=660 head_lr=10
bias_lr_sweep_value index=550 660 -> 0.4914
calibration_candidate varied_hparam=bias_lr tta_val_acc=0.4956 muon_lr=0.1 muon_momentum=0 bias_lr=670 head_lr=10
bias_lr_sweep_value index=551 670 -> 0.4956
calibration_candidate varied_hparam=bias_lr tta_val_acc=0.4932 muon_lr=0.1 muon_momentum=0 bias_lr=690 head_lr=10
bias_lr_sweep_value index=552 690 -> 0.4932
calibration_candidate varied_hparam=bias_lr tta_val_acc=0.4975 muon_lr=0.1 muon_momentum=0 bias_lr=700 head_lr=10
bias_lr_sweep_value index=553 700 -> 0.4975
calibration_candidate varied_hparam=bias_lr tta_val_acc=0.4957 muon_lr=0.1 muon_momentum=0 bias_lr=710 head_lr=10
bias_lr_sweep_value index=554 710 -> 0.4957
calibration_candidate varied_hparam=bias_lr tta_val_acc=0.4939 muon_lr=0.1 muon_momentum=0 bias_lr=730 head_lr=10
bias_lr_sweep_value index=555 730 -> 0.4939
calibration_candidate varied_hparam=bias_lr tta_val_acc=0.4918 muon_lr=0.1 muon_momentum=0 bias_lr=740 head_lr=10
bias_lr_sweep_value index=556 740 -> 0.4918
calibration_candidate varied_hparam=bias_lr tta_val_acc=0.4961 muon_lr=0.1 muon_momentum=0 bias_lr=760 head_lr=10
bias_lr_sweep_value index=557 760 -> 0.4961
calibration_candidate varied_hparam=bias_lr tta_val_acc=0.4972 muon_lr=0.1 muon_momentum=0 bias_lr=770 head_lr=10
bias_lr_sweep_value index=558 770 -> 0.4972
calibration_candidate varied_hparam=bias_lr tta_val_acc=0.4977 muon_lr=0.1 muon_momentum=0 bias_lr=790 head_lr=10
bias_lr_sweep_value index=559 790 -> 0.4977
calibration_candidate varied_hparam=bias_lr tta_val_acc=0.4997 muon_lr=0.1 muon_momentum=0 bias_lr=810 head_lr=10
bias_lr_sweep_value index=560 810 -> 0.4997
calibration_candidate varied_hparam=bias_lr tta_val_acc=0.4972 muon_lr=0.1 muon_momentum=0 bias_lr=820 head_lr=10
bias_lr_sweep_value index=561 820 -> 0.4972
calibration_candidate varied_hparam=bias_lr tta_val_acc=0.5006 muon_lr=0.1 muon_momentum=0 bias_lr=840 head_lr=10
bias_lr_sweep_value index=562 840 -> 0.5006
calibration_candidate varied_hparam=bias_lr tta_val_acc=0.5 muon_lr=0.1 muon_momentum=0 bias_lr=860 head_lr=10
bias_lr_sweep_value index=563 860 -> 0.5
calibration_candidate varied_hparam=bias_lr tta_val_acc=0.4982 muon_lr=0.1 muon_momentum=0 bias_lr=870 head_lr=10
bias_lr_sweep_value index=564 870 -> 0.4982
calibration_candidate varied_hparam=bias_lr tta_val_acc=0.4933 muon_lr=0.1 muon_momentum=0 bias_lr=890 head_lr=10
bias_lr_sweep_value index=565 890 -> 0.4933
calibration_candidate varied_hparam=bias_lr tta_val_acc=0.4969 muon_lr=0.1 muon_momentum=0 bias_lr=910 head_lr=10
bias_lr_sweep_value index=566 910 -> 0.4969
calibration_candidate varied_hparam=bias_lr tta_val_acc=0.4992 muon_lr=0.1 muon_momentum=0 bias_lr=930 head_lr=10
bias_lr_sweep_value index=567 930 -> 0.4992
calibration_candidate varied_hparam=bias_lr tta_val_acc=0.4943 muon_lr=0.1 muon_momentum=0 bias_lr=950 head_lr=10
bias_lr_sweep_value index=568 950 -> 0.4943
calibration_candidate varied_hparam=bias_lr tta_val_acc=0.4962 muon_lr=0.1 muon_momentum=0 bias_lr=970 head_lr=10
bias_lr_sweep_value index=569 970 -> 0.4962
calibration_candidate varied_hparam=bias_lr tta_val_acc=0.4982 muon_lr=0.1 muon_momentum=0 bias_lr=990 head_lr=10
bias_lr_sweep_value index=570 990 -> 0.4982
calibration_candidate varied_hparam=bias_lr tta_val_acc=0.4927 muon_lr=0.1 muon_momentum=0 bias_lr=1000 head_lr=10
bias_lr_sweep_value index=571 1000 -> 0.4927
calibration_candidate varied_hparam=bias_lr tta_val_acc=0.4813 muon_lr=0.1 muon_momentum=0 bias_lr=1100 head_lr=10
bias_lr_sweep_value index=574 1100 -> 0.4813
calibration_candidate varied_hparam=bias_lr tta_val_acc=0.4832 muon_lr=0.1 muon_momentum=0 bias_lr=1200 head_lr=10
bias_lr_sweep_value index=578 1200 -> 0.4832
calibration_candidate varied_hparam=bias_lr tta_val_acc=0.4829 muon_lr=0.1 muon_momentum=0 bias_lr=1300 head_lr=10
bias_lr_sweep_value index=582 1300 -> 0.4829
calibration_candidate varied_hparam=bias_lr tta_val_acc=0.4843 muon_lr=0.1 muon_momentum=0 bias_lr=1400 head_lr=10
bias_lr_sweep_value index=586 1400 -> 0.4843
calibration_candidate varied_hparam=bias_lr tta_val_acc=0.4763 muon_lr=0.1 muon_momentum=0 bias_lr=1500 head_lr=10
bias_lr_sweep_value index=590 1500 -> 0.4763
calibration_candidate varied_hparam=bias_lr tta_val_acc=0.4708 muon_lr=0.1 muon_momentum=0 bias_lr=1600 head_lr=10
bias_lr_sweep_value index=593 1600 -> 0.4708
calibration_candidate varied_hparam=bias_lr tta_val_acc=0.468 muon_lr=0.1 muon_momentum=0 bias_lr=1700 head_lr=10
bias_lr_sweep_value index=596 1700 -> 0.468
calibration_candidate varied_hparam=bias_lr tta_val_acc=0.4609 muon_lr=0.1 muon_momentum=0 bias_lr=1800 head_lr=10
bias_lr_sweep_value index=599 1800 -> 0.4609
calibration_candidate varied_hparam=bias_lr tta_val_acc=0.4487 muon_lr=0.1 muon_momentum=0 bias_lr=1900 head_lr=10
bias_lr_sweep_value index=602 1900 -> 0.4487
calibration_candidate varied_hparam=bias_lr tta_val_acc=0.4465 muon_lr=0.1 muon_momentum=0 bias_lr=2000 head_lr=10
bias_lr_sweep_value index=604 2000 -> 0.4465
calibration_candidate varied_hparam=bias_lr tta_val_acc=0.4293 muon_lr=0.1 muon_momentum=0 bias_lr=2100 head_lr=10
bias_lr_sweep_value index=607 2100 -> 0.4293
calibration_candidate varied_hparam=bias_lr tta_val_acc=0.4272 muon_lr=0.1 muon_momentum=0 bias_lr=2200 head_lr=10
bias_lr_sweep_value index=609 2200 -> 0.4272
calibration_candidate varied_hparam=bias_lr tta_val_acc=0.4171 muon_lr=0.1 muon_momentum=0 bias_lr=2300 head_lr=10
bias_lr_sweep_value index=611 2300 -> 0.4171
calibration_candidate varied_hparam=bias_lr tta_val_acc=0.4145 muon_lr=0.1 muon_momentum=0 bias_lr=2400 head_lr=10
bias_lr_sweep_value index=614 2400 -> 0.4145
calibration_candidate varied_hparam=bias_lr tta_val_acc=0.4023 muon_lr=0.1 muon_momentum=0 bias_lr=2500 head_lr=10
bias_lr_sweep_value index=616 2500 -> 0.4023
calibration_candidate varied_hparam=bias_lr tta_val_acc=0.3928 muon_lr=0.1 muon_momentum=0 bias_lr=2600 head_lr=10
bias_lr_sweep_value index=618 2600 -> 0.3928
calibration_candidate varied_hparam=bias_lr tta_val_acc=0.3686 muon_lr=0.1 muon_momentum=0 bias_lr=2700 head_lr=10
bias_lr_sweep_value index=620 2700 -> 0.3686
calibration_candidate varied_hparam=bias_lr tta_val_acc=0.357 muon_lr=0.1 muon_momentum=0 bias_lr=2800 head_lr=10
bias_lr_sweep_value index=621 2800 -> 0.357
calibration_candidate varied_hparam=bias_lr tta_val_acc=0.3641 muon_lr=0.1 muon_momentum=0 bias_lr=2900 head_lr=10
bias_lr_sweep_value index=623 2900 -> 0.3641
calibration_candidate varied_hparam=bias_lr tta_val_acc=0.3551 muon_lr=0.1 muon_momentum=0 bias_lr=3000 head_lr=10
bias_lr_sweep_value index=625 3000 -> 0.3551
calibration_candidate varied_hparam=bias_lr tta_val_acc=0.3511 muon_lr=0.1 muon_momentum=0 bias_lr=3100 head_lr=10
bias_lr_sweep_value index=626 3100 -> 0.3511
calibration_candidate varied_hparam=bias_lr tta_val_acc=0.3511 muon_lr=0.1 muon_momentum=0 bias_lr=3200 head_lr=10
bias_lr_sweep_value index=628 3200 -> 0.3511
calibration_candidate varied_hparam=bias_lr tta_val_acc=0.3418 muon_lr=0.1 muon_momentum=0 bias_lr=3300 head_lr=10
bias_lr_sweep_value index=630 3300 -> 0.3418
calibration_candidate varied_hparam=bias_lr tta_val_acc=0.3446 muon_lr=0.1 muon_momentum=0 bias_lr=3400 head_lr=10
bias_lr_sweep_value index=631 3400 -> 0.3446
calibration_candidate varied_hparam=bias_lr tta_val_acc=0.3407 muon_lr=0.1 muon_momentum=0 bias_lr=3500 head_lr=10
bias_lr_sweep_value index=633 3500 -> 0.3407
calibration_candidate varied_hparam=bias_lr tta_val_acc=0.3387 muon_lr=0.1 muon_momentum=0 bias_lr=3600 head_lr=10
bias_lr_sweep_value index=634 3600 -> 0.3387
calibration_candidate varied_hparam=bias_lr tta_val_acc=0.3379 muon_lr=0.1 muon_momentum=0 bias_lr=3700 head_lr=10
bias_lr_sweep_value index=635 3700 -> 0.3379
calibration_candidate varied_hparam=bias_lr tta_val_acc=0.3225 muon_lr=0.1 muon_momentum=0 bias_lr=3800 head_lr=10
bias_lr_sweep_value index=637 3800 -> 0.3225
calibration_candidate varied_hparam=bias_lr tta_val_acc=0.3247 muon_lr=0.1 muon_momentum=0 bias_lr=3900 head_lr=10
bias_lr_sweep_value index=638 3900 -> 0.3247
calibration_candidate varied_hparam=bias_lr tta_val_acc=0.336 muon_lr=0.1 muon_momentum=0 bias_lr=4000 head_lr=10
bias_lr_sweep_value index=639 4000 -> 0.336
calibration_candidate varied_hparam=bias_lr tta_val_acc=0.3366 muon_lr=0.1 muon_momentum=0 bias_lr=4100 head_lr=10
bias_lr_sweep_value index=641 4100 -> 0.3366
calibration_candidate varied_hparam=bias_lr tta_val_acc=0.315 muon_lr=0.1 muon_momentum=0 bias_lr=4200 head_lr=10
bias_lr_sweep_value index=642 4200 -> 0.315
calibration_candidate varied_hparam=bias_lr tta_val_acc=0.3067 muon_lr=0.1 muon_momentum=0 bias_lr=4300 head_lr=10
bias_lr_sweep_value index=643 4300 -> 0.3067
calibration_candidate varied_hparam=bias_lr tta_val_acc=0.3039 muon_lr=0.1 muon_momentum=0 bias_lr=4400 head_lr=10
bias_lr_sweep_value index=644 4400 -> 0.3039
calibration_candidate varied_hparam=bias_lr tta_val_acc=0.3042 muon_lr=0.1 muon_momentum=0 bias_lr=4500 head_lr=10
bias_lr_sweep_value index=645 4500 -> 0.3042
calibration_candidate varied_hparam=bias_lr tta_val_acc=0.2976 muon_lr=0.1 muon_momentum=0 bias_lr=4600 head_lr=10
bias_lr_sweep_value index=646 4600 -> 0.2976
calibration_candidate varied_hparam=bias_lr tta_val_acc=0.2884 muon_lr=0.1 muon_momentum=0 bias_lr=4700 head_lr=10
bias_lr_sweep_value index=647 4700 -> 0.2884
calibration_candidate varied_hparam=bias_lr tta_val_acc=0.2671 muon_lr=0.1 muon_momentum=0 bias_lr=4800 head_lr=10
bias_lr_sweep_value index=648 4800 -> 0.2671
calibration_candidate varied_hparam=bias_lr tta_val_acc=0.2862 muon_lr=0.1 muon_momentum=0 bias_lr=4900 head_lr=10
bias_lr_sweep_value index=649 4900 -> 0.2862
calibration_candidate varied_hparam=bias_lr tta_val_acc=0.3053 muon_lr=0.1 muon_momentum=0 bias_lr=5000 head_lr=10
bias_lr_sweep_value index=650 5000 -> 0.3053
calibration_candidate varied_hparam=bias_lr tta_val_acc=0.2981 muon_lr=0.1 muon_momentum=0 bias_lr=5100 head_lr=10
bias_lr_sweep_value index=651 5100 -> 0.2981
calibration_candidate varied_hparam=bias_lr tta_val_acc=0.3048 muon_lr=0.1 muon_momentum=0 bias_lr=5200 head_lr=10
bias_lr_sweep_value index=652 5200 -> 0.3048
calibration_candidate varied_hparam=bias_lr tta_val_acc=0.2976 muon_lr=0.1 muon_momentum=0 bias_lr=5300 head_lr=10
bias_lr_sweep_value index=653 5300 -> 0.2976
calibration_candidate varied_hparam=bias_lr tta_val_acc=0.2919 muon_lr=0.1 muon_momentum=0 bias_lr=5400 head_lr=10
bias_lr_sweep_value index=654 5400 -> 0.2919
calibration_candidate varied_hparam=bias_lr tta_val_acc=0.2825 muon_lr=0.1 muon_momentum=0 bias_lr=5500 head_lr=10
bias_lr_sweep_value index=655 5500 -> 0.2825
calibration_candidate varied_hparam=bias_lr tta_val_acc=0.2798 muon_lr=0.1 muon_momentum=0 bias_lr=5600 head_lr=10
bias_lr_sweep_value index=656 5600 -> 0.2798
calibration_candidate varied_hparam=bias_lr tta_val_acc=0.2854 muon_lr=0.1 muon_momentum=0 bias_lr=5700 head_lr=10
bias_lr_sweep_value index=657 5700 -> 0.2854
calibration_candidate varied_hparam=bias_lr tta_val_acc=0.2972 muon_lr=0.1 muon_momentum=0 bias_lr=5800 head_lr=10
bias_lr_sweep_value index=658 5800 -> 0.2972
calibration_candidate varied_hparam=bias_lr tta_val_acc=0.2682 muon_lr=0.1 muon_momentum=0 bias_lr=5900 head_lr=10
bias_lr_sweep_value index=659 5900 -> 0.2682
calibration_candidate varied_hparam=bias_lr tta_val_acc=0.2928 muon_lr=0.1 muon_momentum=0 bias_lr=6100 head_lr=10
bias_lr_sweep_value index=660 6100 -> 0.2928
calibration_candidate varied_hparam=bias_lr tta_val_acc=0.2934 muon_lr=0.1 muon_momentum=0 bias_lr=6200 head_lr=10
bias_lr_sweep_value index=661 6200 -> 0.2934
calibration_candidate varied_hparam=bias_lr tta_val_acc=0.2927 muon_lr=0.1 muon_momentum=0 bias_lr=6300 head_lr=10
bias_lr_sweep_value index=662 6300 -> 0.2927
calibration_candidate varied_hparam=bias_lr tta_val_acc=0.29 muon_lr=0.1 muon_momentum=0 bias_lr=6400 head_lr=10
bias_lr_sweep_value index=663 6400 -> 0.29
calibration_candidate varied_hparam=bias_lr tta_val_acc=0.2691 muon_lr=0.1 muon_momentum=0 bias_lr=6600 head_lr=10
bias_lr_sweep_value index=664 6600 -> 0.2691
calibration_candidate varied_hparam=bias_lr tta_val_acc=0.2764 muon_lr=0.1 muon_momentum=0 bias_lr=6700 head_lr=10
bias_lr_sweep_value index=665 6700 -> 0.2764
calibration_candidate varied_hparam=bias_lr tta_val_acc=0.2635 muon_lr=0.1 muon_momentum=0 bias_lr=6800 head_lr=10
bias_lr_sweep_value index=666 6800 -> 0.2635
calibration_candidate varied_hparam=bias_lr tta_val_acc=0.2405 muon_lr=0.1 muon_momentum=0 bias_lr=7000 head_lr=10
bias_lr_sweep_value index=667 7000 -> 0.2405
calibration_candidate varied_hparam=bias_lr tta_val_acc=0.2321 muon_lr=0.1 muon_momentum=0 bias_lr=7100 head_lr=10
bias_lr_sweep_value index=668 7100 -> 0.2321
calibration_candidate varied_hparam=bias_lr tta_val_acc=0.2375 muon_lr=0.1 muon_momentum=0 bias_lr=7300 head_lr=10
bias_lr_sweep_value index=669 7300 -> 0.2375
calibration_candidate varied_hparam=bias_lr tta_val_acc=0.2286 muon_lr=0.1 muon_momentum=0 bias_lr=7400 head_lr=10
bias_lr_sweep_value index=670 7400 -> 0.2286
calibration_candidate varied_hparam=bias_lr tta_val_acc=0.2279 muon_lr=0.1 muon_momentum=0 bias_lr=7600 head_lr=10
bias_lr_sweep_value index=671 7600 -> 0.2279
calibration_candidate varied_hparam=bias_lr tta_val_acc=0.2388 muon_lr=0.1 muon_momentum=0 bias_lr=7700 head_lr=10
bias_lr_sweep_value index=672 7700 -> 0.2388
calibration_candidate varied_hparam=bias_lr tta_val_acc=0.2578 muon_lr=0.1 muon_momentum=0 bias_lr=7900 head_lr=10
bias_lr_sweep_value index=673 7900 -> 0.2578
calibration_candidate varied_hparam=bias_lr tta_val_acc=0.2274 muon_lr=0.1 muon_momentum=0 bias_lr=8000 head_lr=10
bias_lr_sweep_value index=674 8000 -> 0.2274
calibration_candidate varied_hparam=bias_lr tta_val_acc=0.2185 muon_lr=0.1 muon_momentum=0 bias_lr=8200 head_lr=10
bias_lr_sweep_value index=675 8200 -> 0.2185
calibration_candidate varied_hparam=bias_lr tta_val_acc=0.221 muon_lr=0.1 muon_momentum=0 bias_lr=8400 head_lr=10
bias_lr_sweep_value index=676 8400 -> 0.221
calibration_candidate varied_hparam=bias_lr tta_val_acc=0.2401 muon_lr=0.1 muon_momentum=0 bias_lr=8500 head_lr=10
bias_lr_sweep_value index=677 8500 -> 0.2401
calibration_candidate varied_hparam=bias_lr tta_val_acc=0.2308 muon_lr=0.1 muon_momentum=0 bias_lr=8700 head_lr=10
bias_lr_sweep_value index=678 8700 -> 0.2308
calibration_candidate varied_hparam=bias_lr tta_val_acc=0.2781 muon_lr=0.1 muon_momentum=0 bias_lr=8900 head_lr=10
bias_lr_sweep_value index=679 8900 -> 0.2781
calibration_candidate varied_hparam=bias_lr tta_val_acc=0.2412 muon_lr=0.1 muon_momentum=0 bias_lr=9100 head_lr=10
bias_lr_sweep_value index=680 9100 -> 0.2412
calibration_candidate varied_hparam=bias_lr tta_val_acc=0.2102 muon_lr=0.1 muon_momentum=0 bias_lr=9300 head_lr=10
bias_lr_sweep_value index=681 9300 -> 0.2102
calibration_candidate varied_hparam=bias_lr tta_val_acc=0.2291 muon_lr=0.1 muon_momentum=0 bias_lr=9400 head_lr=10
bias_lr_sweep_value index=682 9400 -> 0.2291
calibration_candidate varied_hparam=bias_lr tta_val_acc=0.2573 muon_lr=0.1 muon_momentum=0 bias_lr=9600 head_lr=10
bias_lr_sweep_value index=683 9600 -> 0.2573
calibration_candidate varied_hparam=bias_lr tta_val_acc=0.2331 muon_lr=0.1 muon_momentum=0 bias_lr=9800 head_lr=10
bias_lr_sweep_value index=684 9800 -> 0.2331
calibration_candidate varied_hparam=bias_lr tta_val_acc=0.2651 muon_lr=0.1 muon_momentum=0 bias_lr=10000 head_lr=10
bias_lr_sweep_value index=685 10000 -> 0.2651
calibration_candidate varied_hparam=bias_lr tta_val_acc=0.2441 muon_lr=0.1 muon_momentum=0 bias_lr=11000 head_lr=10
bias_lr_sweep_value index=688 11000 -> 0.2441
calibration_candidate varied_hparam=bias_lr tta_val_acc=0.1485 muon_lr=0.1 muon_momentum=0 bias_lr=12000 head_lr=10
bias_lr_sweep_value index=692 12000 -> 0.1485
calibration_candidate varied_hparam=bias_lr tta_val_acc=0.1442 muon_lr=0.1 muon_momentum=0 bias_lr=13000 head_lr=10
bias_lr_sweep_value index=696 13000 -> 0.1442
calibration_candidate varied_hparam=bias_lr tta_val_acc=0.172 muon_lr=0.1 muon_momentum=0 bias_lr=14000 head_lr=10
bias_lr_sweep_value index=700 14000 -> 0.172
calibration_candidate varied_hparam=bias_lr tta_val_acc=0.1302 muon_lr=0.1 muon_momentum=0 bias_lr=15000 head_lr=10
bias_lr_sweep_value index=704 15000 -> 0.1302
calibration_candidate varied_hparam=bias_lr tta_val_acc=0.1061 muon_lr=0.1 muon_momentum=0 bias_lr=16000 head_lr=10
bias_lr_sweep_value index=707 16000 -> 0.1061
calibration_candidate varied_hparam=bias_lr tta_val_acc=0.1026 muon_lr=0.1 muon_momentum=0 bias_lr=17000 head_lr=10
bias_lr_sweep_value index=710 17000 -> 0.1026
calibration_candidate varied_hparam=bias_lr tta_val_acc=0.121 muon_lr=0.1 muon_momentum=0 bias_lr=18000 head_lr=10
bias_lr_sweep_value index=713 18000 -> 0.121
calibration_candidate varied_hparam=bias_lr tta_val_acc=0.1041 muon_lr=0.1 muon_momentum=0 bias_lr=19000 head_lr=10
bias_lr_sweep_value index=716 19000 -> 0.1041
calibration_candidate varied_hparam=bias_lr tta_val_acc=0.1024 muon_lr=0.1 muon_momentum=0 bias_lr=20000 head_lr=10
bias_lr_sweep_value index=718 20000 -> 0.1024
calibration_candidate varied_hparam=bias_lr tta_val_acc=0.1002 muon_lr=0.1 muon_momentum=0 bias_lr=21000 head_lr=10
bias_lr_sweep_value index=721 21000 -> 0.1002
calibration_candidate varied_hparam=bias_lr tta_val_acc=0.1013 muon_lr=0.1 muon_momentum=0 bias_lr=22000 head_lr=10
bias_lr_sweep_value index=723 22000 -> 0.1013
calibration_candidate varied_hparam=bias_lr tta_val_acc=0.1018 muon_lr=0.1 muon_momentum=0 bias_lr=23000 head_lr=10
bias_lr_sweep_value index=726 23000 -> 0.1018
calibration_candidate varied_hparam=bias_lr tta_val_acc=0.1013 muon_lr=0.1 muon_momentum=0 bias_lr=24000 head_lr=10
bias_lr_sweep_value index=728 24000 -> 0.1013
calibration_candidate varied_hparam=bias_lr tta_val_acc=0.1002 muon_lr=0.1 muon_momentum=0 bias_lr=25000 head_lr=10
bias_lr_sweep_value index=730 25000 -> 0.1002
calibration_candidate varied_hparam=bias_lr tta_val_acc=0.0997 muon_lr=0.1 muon_momentum=0 bias_lr=26000 head_lr=10
bias_lr_sweep_value index=732 26000 -> 0.0997
calibration_candidate varied_hparam=bias_lr tta_val_acc=0.1007 muon_lr=0.1 muon_momentum=0 bias_lr=27000 head_lr=10
bias_lr_sweep_value index=734 27000 -> 0.1007
calibration_candidate varied_hparam=bias_lr tta_val_acc=0.1 muon_lr=0.1 muon_momentum=0 bias_lr=28000 head_lr=10
bias_lr_sweep_value index=736 28000 -> 0.1
calibration_candidate varied_hparam=bias_lr tta_val_acc=0.1 muon_lr=0.1 muon_momentum=0 bias_lr=29000 head_lr=10
bias_lr_sweep_value index=737 29000 -> 0.1
calibration_candidate varied_hparam=bias_lr tta_val_acc=0.0998 muon_lr=0.1 muon_momentum=0 bias_lr=30000 head_lr=10
bias_lr_sweep_value index=739 30000 -> 0.0998
calibration_candidate varied_hparam=bias_lr tta_val_acc=0.1 muon_lr=0.1 muon_momentum=0 bias_lr=31000 head_lr=10
bias_lr_sweep_value index=741 31000 -> 0.1
calibration_candidate varied_hparam=bias_lr tta_val_acc=0.1 muon_lr=0.1 muon_momentum=0 bias_lr=32000 head_lr=10
bias_lr_sweep_value index=742 32000 -> 0.1
calibration_candidate varied_hparam=bias_lr tta_val_acc=0.1 muon_lr=0.1 muon_momentum=0 bias_lr=33000 head_lr=10
bias_lr_sweep_value index=744 33000 -> 0.1
calibration_candidate varied_hparam=bias_lr tta_val_acc=0.1002 muon_lr=0.1 muon_momentum=0 bias_lr=34000 head_lr=10
bias_lr_sweep_value index=745 34000 -> 0.1002
calibration_candidate varied_hparam=bias_lr tta_val_acc=0.1 muon_lr=0.1 muon_momentum=0 bias_lr=35000 head_lr=10
bias_lr_sweep_value index=747 35000 -> 0.1
calibration_candidate varied_hparam=bias_lr tta_val_acc=0.1 muon_lr=0.1 muon_momentum=0 bias_lr=36000 head_lr=10
bias_lr_sweep_value index=748 36000 -> 0.1
calibration_candidate varied_hparam=bias_lr tta_val_acc=0.1 muon_lr=0.1 muon_momentum=0 bias_lr=37000 head_lr=10
bias_lr_sweep_value index=750 37000 -> 0.1
calibration_candidate varied_hparam=bias_lr tta_val_acc=0.1 muon_lr=0.1 muon_momentum=0 bias_lr=38000 head_lr=10
bias_lr_sweep_value index=751 38000 -> 0.1
calibration_candidate varied_hparam=bias_lr tta_val_acc=0.1002 muon_lr=0.1 muon_momentum=0 bias_lr=39000 head_lr=10
bias_lr_sweep_value index=752 39000 -> 0.1002
calibration_candidate varied_hparam=bias_lr tta_val_acc=0.1 muon_lr=0.1 muon_momentum=0 bias_lr=40000 head_lr=10
bias_lr_sweep_value index=753 40000 -> 0.1
calibration_candidate varied_hparam=bias_lr tta_val_acc=0.1 muon_lr=0.1 muon_momentum=0 bias_lr=41000 head_lr=10
bias_lr_sweep_value index=755 41000 -> 0.1
calibration_candidate varied_hparam=bias_lr tta_val_acc=0.0999 muon_lr=0.1 muon_momentum=0 bias_lr=42000 head_lr=10
bias_lr_sweep_value index=756 42000 -> 0.0999
calibration_candidate varied_hparam=bias_lr tta_val_acc=0.1 muon_lr=0.1 muon_momentum=0 bias_lr=43000 head_lr=10
bias_lr_sweep_value index=757 43000 -> 0.1
calibration_candidate varied_hparam=bias_lr tta_val_acc=0.1 muon_lr=0.1 muon_momentum=0 bias_lr=44000 head_lr=10
bias_lr_sweep_value index=758 44000 -> 0.1
calibration_candidate varied_hparam=bias_lr tta_val_acc=0.1 muon_lr=0.1 muon_momentum=0 bias_lr=45000 head_lr=10
bias_lr_sweep_value index=759 45000 -> 0.1
calibration_candidate varied_hparam=bias_lr tta_val_acc=0.1 muon_lr=0.1 muon_momentum=0 bias_lr=46000 head_lr=10
bias_lr_sweep_value index=760 46000 -> 0.1
calibration_candidate varied_hparam=bias_lr tta_val_acc=0.1 muon_lr=0.1 muon_momentum=0 bias_lr=47000 head_lr=10
bias_lr_sweep_value index=762 47000 -> 0.1
calibration_candidate varied_hparam=bias_lr tta_val_acc=0.1 muon_lr=0.1 muon_momentum=0 bias_lr=48000 head_lr=10
bias_lr_sweep_value index=763 48000 -> 0.1
calibration_candidate varied_hparam=bias_lr tta_val_acc=0.1 muon_lr=0.1 muon_momentum=0 bias_lr=49000 head_lr=10
bias_lr_sweep_value index=764 49000 -> 0.1
calibration_candidate varied_hparam=bias_lr tta_val_acc=0.1 muon_lr=0.1 muon_momentum=0 bias_lr=50000 head_lr=10
bias_lr_sweep_value index=765 50000 -> 0.1
calibration_candidate varied_hparam=bias_lr tta_val_acc=0.1 muon_lr=0.1 muon_momentum=0 bias_lr=51000 head_lr=10
bias_lr_sweep_value index=766 51000 -> 0.1
calibration_candidate varied_hparam=bias_lr tta_val_acc=0.1 muon_lr=0.1 muon_momentum=0 bias_lr=52000 head_lr=10
bias_lr_sweep_value index=767 52000 -> 0.1
calibration_candidate varied_hparam=bias_lr tta_val_acc=0.1 muon_lr=0.1 muon_momentum=0 bias_lr=54000 head_lr=10
bias_lr_sweep_value index=768 54000 -> 0.1
calibration_candidate varied_hparam=bias_lr tta_val_acc=0.1 muon_lr=0.1 muon_momentum=0 bias_lr=55000 head_lr=10
bias_lr_sweep_value index=769 55000 -> 0.1
calibration_candidate varied_hparam=bias_lr tta_val_acc=0.1 muon_lr=0.1 muon_momentum=0 bias_lr=56000 head_lr=10
bias_lr_sweep_value index=770 56000 -> 0.1
calibration_candidate varied_hparam=bias_lr tta_val_acc=0.1 muon_lr=0.1 muon_momentum=0 bias_lr=57000 head_lr=10
bias_lr_sweep_value index=771 57000 -> 0.1
calibration_candidate varied_hparam=bias_lr tta_val_acc=0.1 muon_lr=0.1 muon_momentum=0 bias_lr=58000 head_lr=10
bias_lr_sweep_value index=772 58000 -> 0.1
calibration_candidate varied_hparam=bias_lr tta_val_acc=0.1 muon_lr=0.1 muon_momentum=0 bias_lr=59000 head_lr=10
bias_lr_sweep_value index=773 59000 -> 0.1
calibration_candidate varied_hparam=bias_lr tta_val_acc=0.1 muon_lr=0.1 muon_momentum=0 bias_lr=60000 head_lr=10
bias_lr_sweep_value index=774 60000 -> 0.1
calibration_candidate varied_hparam=bias_lr tta_val_acc=0.1 muon_lr=0.1 muon_momentum=0 bias_lr=62000 head_lr=10
bias_lr_sweep_value index=775 62000 -> 0.1
calibration_candidate varied_hparam=bias_lr tta_val_acc=0.0999 muon_lr=0.1 muon_momentum=0 bias_lr=63000 head_lr=10
bias_lr_sweep_value index=776 63000 -> 0.0999
calibration_candidate varied_hparam=bias_lr tta_val_acc=0.1 muon_lr=0.1 muon_momentum=0 bias_lr=64000 head_lr=10
bias_lr_sweep_value index=777 64000 -> 0.1
calibration_candidate varied_hparam=bias_lr tta_val_acc=0.1 muon_lr=0.1 muon_momentum=0 bias_lr=65000 head_lr=10
bias_lr_sweep_value index=778 65000 -> 0.1
calibration_candidate varied_hparam=bias_lr tta_val_acc=0.1 muon_lr=0.1 muon_momentum=0 bias_lr=67000 head_lr=10
bias_lr_sweep_value index=779 67000 -> 0.1
calibration_candidate varied_hparam=bias_lr tta_val_acc=0.0999 muon_lr=0.1 muon_momentum=0 bias_lr=68000 head_lr=10
bias_lr_sweep_value index=780 68000 -> 0.0999
calibration_candidate varied_hparam=bias_lr tta_val_acc=0.1 muon_lr=0.1 muon_momentum=0 bias_lr=70000 head_lr=10
bias_lr_sweep_value index=781 70000 -> 0.1
calibration_candidate varied_hparam=bias_lr tta_val_acc=0.1 muon_lr=0.1 muon_momentum=0 bias_lr=71000 head_lr=10
bias_lr_sweep_value index=782 71000 -> 0.1
calibration_candidate varied_hparam=bias_lr tta_val_acc=0.1 muon_lr=0.1 muon_momentum=0 bias_lr=72000 head_lr=10
bias_lr_sweep_value index=783 72000 -> 0.1
calibration_candidate varied_hparam=bias_lr tta_val_acc=0.1 muon_lr=0.1 muon_momentum=0 bias_lr=74000 head_lr=10
bias_lr_sweep_value index=784 74000 -> 0.1
calibration_candidate varied_hparam=bias_lr tta_val_acc=0.1 muon_lr=0.1 muon_momentum=0 bias_lr=75000 head_lr=10
bias_lr_sweep_value index=785 75000 -> 0.1
calibration_candidate varied_hparam=bias_lr tta_val_acc=0.1 muon_lr=0.1 muon_momentum=0 bias_lr=77000 head_lr=10
bias_lr_sweep_value index=786 77000 -> 0.1
calibration_candidate varied_hparam=bias_lr tta_val_acc=0.1 muon_lr=0.1 muon_momentum=0 bias_lr=78000 head_lr=10
bias_lr_sweep_value index=787 78000 -> 0.1
calibration_candidate varied_hparam=bias_lr tta_val_acc=0.1 muon_lr=0.1 muon_momentum=0 bias_lr=80000 head_lr=10
bias_lr_sweep_value index=788 80000 -> 0.1
calibration_candidate varied_hparam=bias_lr tta_val_acc=0.1 muon_lr=0.1 muon_momentum=0 bias_lr=82000 head_lr=10
bias_lr_sweep_value index=789 82000 -> 0.1
calibration_candidate varied_hparam=bias_lr tta_val_acc=0.1 muon_lr=0.1 muon_momentum=0 bias_lr=83000 head_lr=10
bias_lr_sweep_value index=790 83000 -> 0.1
calibration_candidate varied_hparam=bias_lr tta_val_acc=0.1 muon_lr=0.1 muon_momentum=0 bias_lr=85000 head_lr=10
bias_lr_sweep_value index=791 85000 -> 0.1
calibration_candidate varied_hparam=bias_lr tta_val_acc=0.1 muon_lr=0.1 muon_momentum=0 bias_lr=87000 head_lr=10
bias_lr_sweep_value index=792 87000 -> 0.1
calibration_candidate varied_hparam=bias_lr tta_val_acc=0.1 muon_lr=0.1 muon_momentum=0 bias_lr=89000 head_lr=10
bias_lr_sweep_value index=793 89000 -> 0.1
calibration_candidate varied_hparam=bias_lr tta_val_acc=0.1 muon_lr=0.1 muon_momentum=0 bias_lr=90000 head_lr=10
bias_lr_sweep_value index=794 90000 -> 0.1
calibration_candidate varied_hparam=bias_lr tta_val_acc=0.1 muon_lr=0.1 muon_momentum=0 bias_lr=92000 head_lr=10
bias_lr_sweep_value index=795 92000 -> 0.1
calibration_candidate varied_hparam=bias_lr tta_val_acc=0.1 muon_lr=0.1 muon_momentum=0 bias_lr=94000 head_lr=10
bias_lr_sweep_value index=796 94000 -> 0.1
calibration_candidate varied_hparam=bias_lr tta_val_acc=0.1 muon_lr=0.1 muon_momentum=0 bias_lr=96000 head_lr=10
bias_lr_sweep_value index=797 96000 -> 0.1
calibration_candidate varied_hparam=bias_lr tta_val_acc=0.1 muon_lr=0.1 muon_momentum=0 bias_lr=98000 head_lr=10
bias_lr_sweep_value index=798 98000 -> 0.1
calibration_candidate varied_hparam=bias_lr tta_val_acc=0.1 muon_lr=0.1 muon_momentum=0 bias_lr=100000 head_lr=10
bias_lr_sweep_value index=799 100000 -> 0.1
bias_lr_sweep_complete samples=800 evaluated=524 skipped_duplicates=276
bias_lr_sweep_best bias_lr=840 tta_val_acc=0.5006
calibration_paused reason=bias_lr_sweep_debug
main_training_disabled reason=calibration_debug calibration_tta_val_acc=0.5006
Batch size:          2000
Train epochs:        8
Train steps:         200
N steps:             40
M cooldown steps:    40
Search hparams:      muon_lr,muon_momentum,bias_lr,head_lr
Cooldown hparams:    muon_lr,bias_lr,head_lr
Muon nesterov:       False
Val acc:             nan
TTA val acc:         0.5006
Run seconds:         320.823
