cifar_search_simple run=0 batch_size=2000 train_epochs=8 n_steps=40 m_steps=40 search_hparams=muon_lr,muon_momentum,bias_lr,head_lr cooldown_search_hparams=muon_lr,bias_lr,head_lr muon_nesterov=False initial_muon_lr=1 initial_muon_momentum=1 initial_muon_momentum_index=0 initial_bias_lr=1 initial_head_lr=1
calibration_start local_best_search_steps=1 evaluation_steps=40 abs_diff_min=0.005 abs_diff_max=0.01 search_hparams=bias_lr,head_lr,muon_lr,muon_momentum
muon_lr=1 muon_momentum=1 bias_lr=1 head_lr=1 -> tta_val_acc=0.1854
muon_lr=0.1 muon_momentum=1 bias_lr=1 head_lr=1 -> tta_val_acc=0.2477
muon_lr=10 muon_momentum=1 bias_lr=1 head_lr=1 -> blocked
muon_lr=1 muon_momentum=0.1 bias_lr=1 head_lr=1 -> tta_val_acc=0.1854
muon_lr=1 muon_momentum=10 bias_lr=1 head_lr=1 -> tta_val_acc=0.1854
muon_lr=1 muon_momentum=1 bias_lr=0.1 head_lr=1 -> tta_val_acc=0.1854
muon_lr=1 muon_momentum=1 bias_lr=10 head_lr=1 -> tta_val_acc=0.1848
muon_lr=1 muon_momentum=1 bias_lr=1 head_lr=0.1 -> tta_val_acc=0.1856
muon_lr=1 muon_momentum=1 bias_lr=1 head_lr=10 -> blocked
muon_lr=0.01 muon_momentum=1 bias_lr=1 head_lr=1 -> tta_val_acc=0.1108
muon_lr=0.1 muon_momentum=0.1 bias_lr=1 head_lr=1 -> tta_val_acc=0.2477
muon_lr=0.1 muon_momentum=10 bias_lr=1 head_lr=1 -> tta_val_acc=0.2477
muon_lr=0.1 muon_momentum=1 bias_lr=0.1 head_lr=1 -> tta_val_acc=0.2478
muon_lr=0.1 muon_momentum=1 bias_lr=10 head_lr=1 -> blocked
muon_lr=0.1 muon_momentum=1 bias_lr=1 head_lr=0.1 -> tta_val_acc=0.2477
muon_lr=0.1 muon_momentum=1 bias_lr=1 head_lr=10 -> tta_val_acc=0.2497
muon_lr=0.01 muon_momentum=1 bias_lr=1 head_lr=10 -> tta_val_acc=0.1162
muon_lr=0.1 muon_momentum=0.1 bias_lr=1 head_lr=10 -> tta_val_acc=0.2497
muon_lr=0.1 muon_momentum=10 bias_lr=1 head_lr=10 -> tta_val_acc=0.2497
muon_lr=0.1 muon_momentum=1 bias_lr=0.1 head_lr=10 -> tta_val_acc=0.2494
muon_lr=0.1 muon_momentum=1 bias_lr=10 head_lr=10 -> tta_val_acc=0.2496
muon_lr=0.1 muon_momentum=1 bias_lr=1 head_lr=100 -> tta_val_acc=0.2493
search_path step=0 muon_lr=1 muon_momentum=1 bias_lr=1 head_lr=1 tta_val_acc=0.1854
search_path step=1 muon_lr=0.1 muon_momentum=1 bias_lr=1 head_lr=1 tta_val_acc=0.2477
search_path step=2 muon_lr=0.1 muon_momentum=1 bias_lr=1 head_lr=10 tta_val_acc=0.2497
calibration_local_best steps=1 tta_val_acc=0.2497 muon_lr=0.1 muon_momentum=1 bias_lr=1 head_lr=10
calibration_candidate varied_hparam=bias_lr tta_val_acc=0.7875 muon_lr=0.1 muon_momentum=1 bias_lr=0 head_lr=10
calibration_candidate varied_hparam=bias_lr tta_val_acc=0.7865 muon_lr=0.1 muon_momentum=1 bias_lr=1 head_lr=10
calibration_candidate varied_hparam=bias_lr tta_val_acc=0.7977 muon_lr=0.1 muon_momentum=1 bias_lr=10 head_lr=10
calibration_bracket_expand hparam=bias_lr left_value=0 middle_value=1 right_value=10 left_tta_val_acc=0.7875 middle_tta_val_acc=0.7865 right_tta_val_acc=0.7977
calibration_candidate varied_hparam=bias_lr tta_val_acc=0.798 muon_lr=0.1 muon_momentum=1 bias_lr=100 head_lr=10
calibration_bracket_expand hparam=bias_lr left_value=0 middle_value=10 right_value=100 left_tta_val_acc=0.7875 middle_tta_val_acc=0.7977 right_tta_val_acc=0.798
calibration_candidate varied_hparam=bias_lr tta_val_acc=0.6032 muon_lr=0.1 muon_momentum=1 bias_lr=1000 head_lr=10
calibration_candidate varied_hparam=bias_lr tta_val_acc=0.7981 muon_lr=0.1 muon_momentum=1 bias_lr=50 head_lr=10
calibration_candidate varied_hparam=bias_lr tta_val_acc=0.713 muon_lr=0.1 muon_momentum=1 bias_lr=550 head_lr=10
calibration_zoom hparam=bias_lr iteration=0 values=0.0,50.0,100.0,550.0,1000.0 tta_val_accs=0.7874999642372131,0.7980999946594238,0.7979999780654907,0.7129999995231628,0.6031999588012695 best_index=1
calibration_candidate varied_hparam=bias_lr tta_val_acc=0.8014 muon_lr=0.1 muon_momentum=1 bias_lr=25 head_lr=10
calibration_candidate varied_hparam=bias_lr tta_val_acc=0.8006 muon_lr=0.1 muon_momentum=1 bias_lr=75 head_lr=10
calibration_zoom hparam=bias_lr iteration=1 values=0.0,25.0,50.0,75.0,100.0 tta_val_accs=0.7874999642372131,0.8014000058174133,0.7980999946594238,0.800599992275238,0.7979999780654907 best_index=1
calibration_candidate varied_hparam=bias_lr tta_val_acc=0.7968 muon_lr=0.1 muon_momentum=1 bias_lr=12 head_lr=10
calibration_candidate varied_hparam=bias_lr tta_val_acc=0.8004 muon_lr=0.1 muon_momentum=1 bias_lr=38 head_lr=10
calibration_zoom hparam=bias_lr iteration=2 values=0.0,12.0,25.0,38.0,50.0 tta_val_accs=0.7874999642372131,0.7967999577522278,0.8014000058174133,0.8003999590873718,0.7980999946594238 best_index=2
calibration_candidate varied_hparam=bias_lr tta_val_acc=0.7976 muon_lr=0.1 muon_momentum=1 bias_lr=18 head_lr=10
calibration_candidate varied_hparam=bias_lr tta_val_acc=0.8028 muon_lr=0.1 muon_momentum=1 bias_lr=32 head_lr=10
calibration_zoom hparam=bias_lr iteration=3 values=12.0,18.0,25.0,32.0,38.0 tta_val_accs=0.7967999577522278,0.7975999712944031,0.8014000058174133,0.8027999997138977,0.8003999590873718 best_index=3
calibration_candidate varied_hparam=bias_lr tta_val_acc=0.8005 muon_lr=0.1 muon_momentum=1 bias_lr=28 head_lr=10
calibration_candidate varied_hparam=bias_lr tta_val_acc=0.798 muon_lr=0.1 muon_momentum=1 bias_lr=35 head_lr=10
calibration_zoom hparam=bias_lr iteration=4 values=25.0,28.0,32.0,35.0,38.0 tta_val_accs=0.8014000058174133,0.8004999756813049,0.8027999997138977,0.7979999780654907,0.8003999590873718 best_index=2
calibration_candidate varied_hparam=bias_lr tta_val_acc=0.8008 muon_lr=0.1 muon_momentum=1 bias_lr=30 head_lr=10
calibration_candidate varied_hparam=bias_lr tta_val_acc=0.8012 muon_lr=0.1 muon_momentum=1 bias_lr=34 head_lr=10
calibration_zoom hparam=bias_lr iteration=5 values=28.0,30.0,32.0,34.0,35.0 tta_val_accs=0.8004999756813049,0.8007999658584595,0.8027999997138977,0.8011999726295471,0.7979999780654907 best_index=2
calibration_candidate varied_hparam=bias_lr tta_val_acc=0.7999 muon_lr=0.1 muon_momentum=1 bias_lr=31 head_lr=10
calibration_candidate varied_hparam=bias_lr tta_val_acc=0.801 muon_lr=0.1 muon_momentum=1 bias_lr=33 head_lr=10
calibration_zoom hparam=bias_lr iteration=6 values=30.0,31.0,32.0,33.0,34.0 tta_val_accs=0.8007999658584595,0.7998999953269958,0.8027999997138977,0.8009999990463257,0.8011999726295471 best_index=2
calibration_zoom hparam=bias_lr iteration=7 values=31.0,32.0,33.0 tta_val_accs=0.7998999953269958,0.8027999997138977,0.8009999990463257 best_index=1
calibration_hparam_values hparam=bias_lr values=31.0,32.0,33.0 tta_val_accs=0.7998999953269958,0.8027999997138977,0.8009999990463257 abs_diffs=0.0029000043869018555,0.0018000006675720215 abs_diff_min=0.005 abs_diff_max=0.01
calibration_candidate varied_hparam=head_lr tta_val_acc=0.7835 muon_lr=0.1 muon_momentum=1 bias_lr=1 head_lr=0
calibration_candidate varied_hparam=head_lr tta_val_acc=0.8053 muon_lr=0.1 muon_momentum=1 bias_lr=1 head_lr=100
calibration_bracket_expand hparam=head_lr left_value=0 middle_value=10 right_value=100 left_tta_val_acc=0.7835 middle_tta_val_acc=0.7865 right_tta_val_acc=0.8053
calibration_candidate varied_hparam=head_lr tta_val_acc=0.8164 muon_lr=0.1 muon_momentum=1 bias_lr=1 head_lr=1000
calibration_bracket_expand hparam=head_lr left_value=0 middle_value=100 right_value=1000 left_tta_val_acc=0.7835 middle_tta_val_acc=0.8053 right_tta_val_acc=0.8164
calibration_candidate varied_hparam=head_lr tta_val_acc=0.4516 muon_lr=0.1 muon_momentum=1 bias_lr=1 head_lr=10000
calibration_candidate varied_hparam=head_lr tta_val_acc=0.82 muon_lr=0.1 muon_momentum=1 bias_lr=1 head_lr=500
calibration_candidate varied_hparam=head_lr tta_val_acc=0.5765 muon_lr=0.1 muon_momentum=1 bias_lr=1 head_lr=5500
calibration_zoom hparam=head_lr iteration=0 values=0.0,500.0,1000.0,5500.0,10000.0 tta_val_accs=0.7834999561309814,0.8199999928474426,0.8163999915122986,0.5764999985694885,0.45159998536109924 best_index=1
calibration_candidate varied_hparam=head_lr tta_val_acc=0.8144 muon_lr=0.1 muon_momentum=1 bias_lr=1 head_lr=250
calibration_candidate varied_hparam=head_lr tta_val_acc=0.8161 muon_lr=0.1 muon_momentum=1 bias_lr=1 head_lr=750
calibration_zoom hparam=head_lr iteration=1 values=0.0,250.0,500.0,750.0,1000.0 tta_val_accs=0.7834999561309814,0.8143999576568604,0.8199999928474426,0.816100001335144,0.8163999915122986 best_index=2
calibration_candidate varied_hparam=head_lr tta_val_acc=0.8183 muon_lr=0.1 muon_momentum=1 bias_lr=1 head_lr=380
calibration_candidate varied_hparam=head_lr tta_val_acc=0.8216 muon_lr=0.1 muon_momentum=1 bias_lr=1 head_lr=620
calibration_zoom hparam=head_lr iteration=2 values=250.0,380.0,500.0,620.0,750.0 tta_val_accs=0.8143999576568604,0.8183000087738037,0.8199999928474426,0.8215999603271484,0.816100001335144 best_index=3
calibration_candidate varied_hparam=head_lr tta_val_acc=0.8165 muon_lr=0.1 muon_momentum=1 bias_lr=1 head_lr=560
calibration_candidate varied_hparam=head_lr tta_val_acc=0.8182 muon_lr=0.1 muon_momentum=1 bias_lr=1 head_lr=680
calibration_zoom hparam=head_lr iteration=3 values=500.0,560.0,620.0,680.0,750.0 tta_val_accs=0.8199999928474426,0.8165000081062317,0.8215999603271484,0.8181999921798706,0.816100001335144 best_index=2
calibration_candidate varied_hparam=head_lr tta_val_acc=0.8211 muon_lr=0.1 muon_momentum=1 bias_lr=1 head_lr=590
calibration_candidate varied_hparam=head_lr tta_val_acc=0.8175 muon_lr=0.1 muon_momentum=1 bias_lr=1 head_lr=650
calibration_zoom hparam=head_lr iteration=4 values=560.0,590.0,620.0,650.0,680.0 tta_val_accs=0.8165000081062317,0.8210999965667725,0.8215999603271484,0.8174999952316284,0.8181999921798706 best_index=2
calibration_candidate varied_hparam=head_lr tta_val_acc=0.8161 muon_lr=0.1 muon_momentum=1 bias_lr=1 head_lr=600
calibration_candidate varied_hparam=head_lr tta_val_acc=0.8188 muon_lr=0.1 muon_momentum=1 bias_lr=1 head_lr=640
calibration_zoom hparam=head_lr iteration=5 values=590.0,600.0,620.0,640.0,650.0 tta_val_accs=0.8210999965667725,0.816100001335144,0.8215999603271484,0.8187999725341797,0.8174999952316284 best_index=2
calibration_candidate varied_hparam=head_lr tta_val_acc=0.8165 muon_lr=0.1 muon_momentum=1 bias_lr=1 head_lr=610
calibration_candidate varied_hparam=head_lr tta_val_acc=0.8208 muon_lr=0.1 muon_momentum=1 bias_lr=1 head_lr=630
calibration_zoom hparam=head_lr iteration=6 values=600.0,610.0,620.0,630.0,640.0 tta_val_accs=0.816100001335144,0.8165000081062317,0.8215999603271484,0.8208000063896179,0.8187999725341797 best_index=2
calibration_zoom hparam=head_lr iteration=7 values=610.0,620.0,630.0 tta_val_accs=0.8165000081062317,0.8215999603271484,0.8208000063896179 best_index=1
calibration_hparam_values hparam=head_lr values=610.0,620.0,630.0 tta_val_accs=0.8165000081062317,0.8215999603271484,0.8208000063896179 abs_diffs=0.005099952220916748,0.0007999539375305176 abs_diff_min=0.005 abs_diff_max=0.01
calibration_candidate varied_hparam=muon_lr tta_val_acc=0.1371 muon_lr=0 muon_momentum=1 bias_lr=1 head_lr=10
calibration_candidate varied_hparam=muon_lr tta_val_acc=0.7692 muon_lr=1 muon_momentum=1 bias_lr=1 head_lr=10
calibration_candidate varied_hparam=muon_lr tta_val_acc=0.717 muon_lr=0.05 muon_momentum=1 bias_lr=1 head_lr=10
calibration_candidate varied_hparam=muon_lr tta_val_acc=0.7836 muon_lr=0.55 muon_momentum=1 bias_lr=1 head_lr=10
calibration_zoom hparam=muon_lr iteration=0 values=0.0,0.05,0.1,0.55,1.0 tta_val_accs=0.1370999962091446,0.7170000076293945,0.7864999771118164,0.7835999727249146,0.7691999673843384 best_index=2
calibration_candidate varied_hparam=muon_lr tta_val_acc=0.7704 muon_lr=0.075 muon_momentum=1 bias_lr=1 head_lr=10
calibration_candidate varied_hparam=muon_lr tta_val_acc=0.8049 muon_lr=0.33 muon_momentum=1 bias_lr=1 head_lr=10
calibration_zoom hparam=muon_lr iteration=1 values=0.05,0.075,0.1,0.33,0.55 tta_val_accs=0.7170000076293945,0.7703999876976013,0.7864999771118164,0.8048999905586243,0.7835999727249146 best_index=3
calibration_candidate varied_hparam=muon_lr tta_val_acc=0.8056 muon_lr=0.22 muon_momentum=1 bias_lr=1 head_lr=10
calibration_candidate varied_hparam=muon_lr tta_val_acc=0.7982 muon_lr=0.44 muon_momentum=1 bias_lr=1 head_lr=10
calibration_zoom hparam=muon_lr iteration=2 values=0.1,0.22,0.33,0.44,0.55 tta_val_accs=0.7864999771118164,0.8055999875068665,0.8048999905586243,0.7981999516487122,0.7835999727249146 best_index=1
calibration_candidate varied_hparam=muon_lr tta_val_acc=0.7977 muon_lr=0.16 muon_momentum=1 bias_lr=1 head_lr=10
calibration_candidate varied_hparam=muon_lr tta_val_acc=0.8019 muon_lr=0.28 muon_momentum=1 bias_lr=1 head_lr=10
calibration_zoom hparam=muon_lr iteration=3 values=0.1,0.16,0.22,0.28,0.33 tta_val_accs=0.7864999771118164,0.7976999878883362,0.8055999875068665,0.8018999695777893,0.8048999905586243 best_index=2
calibration_candidate varied_hparam=muon_lr tta_val_acc=0.7984 muon_lr=0.19 muon_momentum=1 bias_lr=1 head_lr=10
calibration_candidate varied_hparam=muon_lr tta_val_acc=0.7972 muon_lr=0.25 muon_momentum=1 bias_lr=1 head_lr=10
calibration_zoom hparam=muon_lr iteration=4 values=0.16,0.19,0.22,0.25,0.28 tta_val_accs=0.7976999878883362,0.7983999848365784,0.8055999875068665,0.7971999645233154,0.8018999695777893 best_index=2
calibration_candidate varied_hparam=muon_lr tta_val_acc=0.8037 muon_lr=0.21 muon_momentum=1 bias_lr=1 head_lr=10
calibration_candidate varied_hparam=muon_lr tta_val_acc=0.8034 muon_lr=0.23 muon_momentum=1 bias_lr=1 head_lr=10
calibration_zoom hparam=muon_lr iteration=5 values=0.19,0.21,0.22,0.23,0.25 tta_val_accs=0.7983999848365784,0.8036999702453613,0.8055999875068665,0.8033999800682068,0.7971999645233154 best_index=2
calibration_zoom hparam=muon_lr iteration=6 values=0.21,0.22,0.23 tta_val_accs=0.8036999702453613,0.8055999875068665,0.8033999800682068 best_index=1
calibration_hparam_values hparam=muon_lr values=0.21,0.22,0.23 tta_val_accs=0.8036999702453613,0.8055999875068665,0.8033999800682068 abs_diffs=0.001900017261505127,0.002200007438659668 abs_diff_min=0.005 abs_diff_max=0.01
calibration_candidate varied_hparam=muon_momentum tta_val_acc=0.7631 muon_lr=0.1 muon_momentum=0 bias_lr=1 head_lr=10
calibration_candidate varied_hparam=muon_momentum tta_val_acc=0.1389 muon_lr=0.1 muon_momentum=10 bias_lr=1 head_lr=10
calibration_candidate varied_hparam=muon_momentum tta_val_acc=0.815 muon_lr=0.1 muon_momentum=0.5 bias_lr=1 head_lr=10
calibration_candidate varied_hparam=muon_momentum tta_val_acc=0.1541 muon_lr=0.1 muon_momentum=5.5 bias_lr=1 head_lr=10
calibration_zoom hparam=muon_momentum iteration=0 values=0.0,0.5,1.0,5.5,10.0 tta_val_accs=0.7630999684333801,0.8149999976158142,0.7864999771118164,0.15410000085830688,0.1388999968767166 best_index=1
calibration_candidate varied_hparam=muon_momentum tta_val_acc=0.7934 muon_lr=0.1 muon_momentum=0.25 bias_lr=1 head_lr=10
calibration_candidate varied_hparam=muon_momentum tta_val_acc=0.8253 muon_lr=0.1 muon_momentum=0.75 bias_lr=1 head_lr=10
calibration_zoom hparam=muon_momentum iteration=1 values=0.0,0.25,0.5,0.75,1.0 tta_val_accs=0.7630999684333801,0.79339998960495,0.8149999976158142,0.8252999782562256,0.7864999771118164 best_index=3
calibration_candidate varied_hparam=muon_momentum tta_val_acc=0.821 muon_lr=0.1 muon_momentum=0.62 bias_lr=1 head_lr=10
calibration_candidate varied_hparam=muon_momentum tta_val_acc=0.8063 muon_lr=0.1 muon_momentum=0.88 bias_lr=1 head_lr=10
calibration_zoom hparam=muon_momentum iteration=2 values=0.5,0.62,0.75,0.88,1.0 tta_val_accs=0.8149999976158142,0.8209999799728394,0.8252999782562256,0.8062999844551086,0.7864999771118164 best_index=2
calibration_candidate varied_hparam=muon_momentum tta_val_acc=0.8152 muon_lr=0.1 muon_momentum=0.69 bias_lr=1 head_lr=10
calibration_candidate varied_hparam=muon_momentum tta_val_acc=0.8179 muon_lr=0.1 muon_momentum=0.81 bias_lr=1 head_lr=10
calibration_zoom hparam=muon_momentum iteration=3 values=0.62,0.69,0.75,0.81,0.88 tta_val_accs=0.8209999799728394,0.8151999711990356,0.8252999782562256,0.8179000020027161,0.8062999844551086 best_index=2
calibration_candidate varied_hparam=muon_momentum tta_val_acc=0.8164 muon_lr=0.1 muon_momentum=0.72 bias_lr=1 head_lr=10
calibration_candidate varied_hparam=muon_momentum tta_val_acc=0.8231 muon_lr=0.1 muon_momentum=0.78 bias_lr=1 head_lr=10
calibration_zoom hparam=muon_momentum iteration=4 values=0.69,0.72,0.75,0.78,0.81 tta_val_accs=0.8151999711990356,0.8163999915122986,0.8252999782562256,0.8230999708175659,0.8179000020027161 best_index=2
calibration_candidate varied_hparam=muon_momentum tta_val_acc=0.8214 muon_lr=0.1 muon_momentum=0.73 bias_lr=1 head_lr=10
calibration_candidate varied_hparam=muon_momentum tta_val_acc=0.8203 muon_lr=0.1 muon_momentum=0.77 bias_lr=1 head_lr=10
calibration_zoom hparam=muon_momentum iteration=5 values=0.72,0.73,0.75,0.77,0.78 tta_val_accs=0.8163999915122986,0.821399986743927,0.8252999782562256,0.8202999830245972,0.8230999708175659 best_index=2
calibration_candidate varied_hparam=muon_momentum tta_val_acc=0.8222 muon_lr=0.1 muon_momentum=0.74 bias_lr=1 head_lr=10
calibration_candidate varied_hparam=muon_momentum tta_val_acc=0.8226 muon_lr=0.1 muon_momentum=0.76 bias_lr=1 head_lr=10
calibration_zoom hparam=muon_momentum iteration=6 values=0.73,0.74,0.75,0.76,0.77 tta_val_accs=0.821399986743927,0.8222000002861023,0.8252999782562256,0.8226000070571899,0.8202999830245972 best_index=2
calibration_zoom hparam=muon_momentum iteration=7 values=0.74,0.75,0.76 tta_val_accs=0.8222000002861023,0.8252999782562256,0.8226000070571899 best_index=1
calibration_hparam_values hparam=muon_momentum values=0.74,0.75,0.76 tta_val_accs=0.8222000002861023,0.8252999782562256,0.8226000070571899 abs_diffs=0.003099977970123291,0.0026999711990356445 abs_diff_min=0.005 abs_diff_max=0.01
main_training_disabled reason=calibration_debug calibration_tta_val_acc=0.7865
Batch size:          2000
Train epochs:        8
Train steps:         200
N steps:             40
M cooldown steps:    40
Search hparams:      muon_lr,muon_momentum,bias_lr,head_lr
Cooldown hparams:    muon_lr,bias_lr,head_lr
Muon nesterov:       False
Val acc:             nan
TTA val acc:         0.7865
Run seconds:         167.559
