cifar_search_simple run=0 batch_size=2000 train_epochs=8 n_steps=40 m_steps=40 search_hparams=muon_lr,muon_momentum,bias_lr,head_lr cooldown_search_hparams=muon_lr,bias_lr,head_lr muon_nesterov=False initial_muon_lr=0.2 initial_muon_momentum=0.6 initial_muon_momentum_index=6 initial_bias_lr=104 initial_head_lr=1340
main hparams: muon_lr=0.2 muon_momentum=0.6 bias_lr=100 head_lr=1300 main=0.7934, best_cooldown=0.9106
muon_lr=0.2 muon_momentum=0.6 bias_lr=100 head_lr=1300 -> tta_val_acc=0.8284
muon_lr=0.12 muon_momentum=0.6 bias_lr=100 head_lr=1300 -> tta_val_acc=0.8588
muon_lr=0.072 muon_momentum=0.6 bias_lr=100 head_lr=1300 -> tta_val_acc=0.8904
muon_lr=0.043 muon_momentum=0.6 bias_lr=100 head_lr=1300 -> tta_val_acc=0.9019
muon_lr=0.026 muon_momentum=0.6 bias_lr=100 head_lr=1300 -> tta_val_acc=0.9011
muon_lr=0.043 muon_momentum=0.6 bias_lr=62 head_lr=1300 -> tta_val_acc=0.9071
muon_lr=0.043 muon_momentum=0.6 bias_lr=37 head_lr=1300 -> tta_val_acc=0.909
muon_lr=0.043 muon_momentum=0.6 bias_lr=22 head_lr=1300 -> tta_val_acc=0.9106
muon_lr=0.043 muon_momentum=0.6 bias_lr=13 head_lr=1300 -> tta_val_acc=0.9104
muon_lr=0.043 muon_momentum=0.6 bias_lr=8.1 head_lr=1300 -> tta_val_acc=0.91
muon_lr=0.026 muon_momentum=0.6 bias_lr=22 head_lr=1300 -> tta_val_acc=0.9043
muon_lr=0.072 muon_momentum=0.6 bias_lr=22 head_lr=1300 -> tta_val_acc=0.9011
muon_lr=0.043 muon_momentum=0.6 bias_lr=22 head_lr=800 -> tta_val_acc=0.9106
muon_lr=0.043 muon_momentum=0.6 bias_lr=22 head_lr=480 -> tta_val_acc=0.9098
muon_lr=0.043 muon_momentum=0.6 bias_lr=22 head_lr=2200 -> tta_val_acc=0.9104
muon_lr=0.043 muon_momentum=0.6 bias_lr=22 head_lr=3700 -> tta_val_acc=0.909
search_path step=0 muon_lr=0.2 muon_momentum=0.6 bias_lr=100 head_lr=1300 tta_val_acc=0.8284
search_path step=1 muon_lr=0.043 muon_momentum=0.6 bias_lr=100 head_lr=1300 tta_val_acc=0.9019
search_path step=2 muon_lr=0.043 muon_momentum=0.6 bias_lr=22 head_lr=1300 tta_val_acc=0.9106
main hparams: muon_lr=0.12 muon_momentum=0.6 bias_lr=100 head_lr=1300 main=0.8372, best_cooldown=0.9098
muon_lr=0.043 muon_momentum=0.6 bias_lr=22 head_lr=1300 -> tta_val_acc=0.9098
muon_lr=0.026 muon_momentum=0.6 bias_lr=22 head_lr=1300 -> tta_val_acc=0.9083
muon_lr=0.072 muon_momentum=0.6 bias_lr=22 head_lr=1300 -> tta_val_acc=0.899
search_path step=0 muon_lr=0.043 muon_momentum=0.6 bias_lr=22 head_lr=1300 tta_val_acc=0.9098
main hparams: muon_lr=0.33 muon_momentum=0.6 bias_lr=100 head_lr=1300 main=0.7215, best_cooldown=0.8988
muon_lr=0.043 muon_momentum=0.6 bias_lr=22 head_lr=1300 -> tta_val_acc=0.8988
muon_lr=0.026 muon_momentum=0.6 bias_lr=22 head_lr=1300 -> tta_val_acc=0.8899
muon_lr=0.072 muon_momentum=0.6 bias_lr=22 head_lr=1300 -> tta_val_acc=0.8926
search_path step=0 muon_lr=0.043 muon_momentum=0.6 bias_lr=22 head_lr=1300 tta_val_acc=0.8988
main hparams: muon_lr=0.2 muon_momentum=0.5 bias_lr=100 head_lr=1300 main=0.7931, best_cooldown=0.9076
muon_lr=0.043 muon_momentum=0.5 bias_lr=22 head_lr=1300 -> tta_val_acc=0.9076
muon_lr=0.026 muon_momentum=0.5 bias_lr=22 head_lr=1300 -> tta_val_acc=0.9021
muon_lr=0.072 muon_momentum=0.5 bias_lr=22 head_lr=1300 -> tta_val_acc=0.9024
search_path step=0 muon_lr=0.043 muon_momentum=0.5 bias_lr=22 head_lr=1300 tta_val_acc=0.9076
main hparams: muon_lr=0.2 muon_momentum=0.7 bias_lr=100 head_lr=1300 main=0.8141, best_cooldown=0.9048
muon_lr=0.043 muon_momentum=0.7 bias_lr=22 head_lr=1300 -> tta_val_acc=0.9048
muon_lr=0.026 muon_momentum=0.7 bias_lr=22 head_lr=1300 -> tta_val_acc=0.9027
muon_lr=0.072 muon_momentum=0.7 bias_lr=22 head_lr=1300 -> tta_val_acc=0.8993
search_path step=0 muon_lr=0.043 muon_momentum=0.7 bias_lr=22 head_lr=1300 tta_val_acc=0.9048
main hparams: muon_lr=0.2 muon_momentum=0.6 bias_lr=62 head_lr=1300 main=0.81, best_cooldown=0.9088
muon_lr=0.043 muon_momentum=0.6 bias_lr=22 head_lr=1300 -> tta_val_acc=0.9088
muon_lr=0.043 muon_momentum=0.6 bias_lr=13 head_lr=1300 -> tta_val_acc=0.9073
muon_lr=0.043 muon_momentum=0.6 bias_lr=37 head_lr=1300 -> tta_val_acc=0.908
search_path step=0 muon_lr=0.043 muon_momentum=0.6 bias_lr=22 head_lr=1300 tta_val_acc=0.9088
main hparams: muon_lr=0.2 muon_momentum=0.6 bias_lr=170 head_lr=1300 main=0.7804, best_cooldown=0.9089
muon_lr=0.043 muon_momentum=0.6 bias_lr=22 head_lr=1300 -> tta_val_acc=0.9089
muon_lr=0.043 muon_momentum=0.6 bias_lr=13 head_lr=1300 -> tta_val_acc=0.9076
muon_lr=0.043 muon_momentum=0.6 bias_lr=37 head_lr=1300 -> tta_val_acc=0.9084
muon_lr=0.043 muon_momentum=0.6 bias_lr=62 head_lr=1300 -> tta_val_acc=0.9076
search_path step=0 muon_lr=0.043 muon_momentum=0.6 bias_lr=22 head_lr=1300 tta_val_acc=0.9089
main hparams: muon_lr=0.2 muon_momentum=0.6 bias_lr=100 head_lr=800 main=0.8043, best_cooldown=0.9108
muon_lr=0.043 muon_momentum=0.6 bias_lr=22 head_lr=1300 -> tta_val_acc=0.9101
muon_lr=0.043 muon_momentum=0.6 bias_lr=22 head_lr=800 -> tta_val_acc=0.9099
muon_lr=0.043 muon_momentum=0.6 bias_lr=22 head_lr=480 -> tta_val_acc=0.9108
muon_lr=0.043 muon_momentum=0.6 bias_lr=22 head_lr=290 -> tta_val_acc=0.9088
search_path step=0 muon_lr=0.043 muon_momentum=0.6 bias_lr=22 head_lr=1300 tta_val_acc=0.9101
search_path step=1 muon_lr=0.043 muon_momentum=0.6 bias_lr=22 head_lr=480 tta_val_acc=0.9108
main hparams: muon_lr=0.2 muon_momentum=0.6 bias_lr=100 head_lr=480 main=0.801, best_cooldown=0.9085
muon_lr=0.043 muon_momentum=0.6 bias_lr=22 head_lr=1300 -> tta_val_acc=0.9073
muon_lr=0.043 muon_momentum=0.6 bias_lr=22 head_lr=800 -> tta_val_acc=0.9085
muon_lr=0.043 muon_momentum=0.6 bias_lr=22 head_lr=480 -> tta_val_acc=0.9079
search_path step=0 muon_lr=0.043 muon_momentum=0.6 bias_lr=22 head_lr=1300 tta_val_acc=0.9073
search_path step=1 muon_lr=0.043 muon_momentum=0.6 bias_lr=22 head_lr=800 tta_val_acc=0.9085
main hparams: muon_lr=0.2 muon_momentum=0.6 bias_lr=100 head_lr=800 main=0.8043, best_cooldown=0.9119
muon_lr=0.2 muon_momentum=0.6 bias_lr=100 head_lr=800 -> tta_val_acc=0.8242
muon_lr=0.12 muon_momentum=0.6 bias_lr=100 head_lr=800 -> tta_val_acc=0.8653
muon_lr=0.072 muon_momentum=0.6 bias_lr=100 head_lr=800 -> tta_val_acc=0.8937
muon_lr=0.043 muon_momentum=0.6 bias_lr=100 head_lr=800 -> tta_val_acc=0.9057
muon_lr=0.026 muon_momentum=0.6 bias_lr=100 head_lr=800 -> tta_val_acc=0.902
muon_lr=0.043 muon_momentum=0.6 bias_lr=62 head_lr=800 -> tta_val_acc=0.9089
muon_lr=0.043 muon_momentum=0.6 bias_lr=37 head_lr=800 -> tta_val_acc=0.9095
muon_lr=0.043 muon_momentum=0.6 bias_lr=22 head_lr=800 -> tta_val_acc=0.9099
muon_lr=0.043 muon_momentum=0.6 bias_lr=13 head_lr=800 -> tta_val_acc=0.9114
muon_lr=0.043 muon_momentum=0.6 bias_lr=8.1 head_lr=800 -> tta_val_acc=0.9113
muon_lr=0.043 muon_momentum=0.6 bias_lr=4.9 head_lr=800 -> tta_val_acc=0.9119
muon_lr=0.043 muon_momentum=0.6 bias_lr=2.9 head_lr=800 -> tta_val_acc=0.9099
muon_lr=0.026 muon_momentum=0.6 bias_lr=4.9 head_lr=800 -> tta_val_acc=0.9063
muon_lr=0.072 muon_momentum=0.6 bias_lr=4.9 head_lr=800 -> tta_val_acc=0.9016
muon_lr=0.043 muon_momentum=0.6 bias_lr=4.9 head_lr=480 -> tta_val_acc=0.9102
muon_lr=0.043 muon_momentum=0.6 bias_lr=4.9 head_lr=1300 -> tta_val_acc=0.911
search_path step=0 muon_lr=0.2 muon_momentum=0.6 bias_lr=100 head_lr=800 tta_val_acc=0.8242
search_path step=1 muon_lr=0.043 muon_momentum=0.6 bias_lr=100 head_lr=800 tta_val_acc=0.9057
search_path step=2 muon_lr=0.043 muon_momentum=0.6 bias_lr=4.9 head_lr=800 tta_val_acc=0.9119
main hparams: muon_lr=0.12 muon_momentum=0.6 bias_lr=100 head_lr=800 main=0.8503, best_cooldown=0.9092
muon_lr=0.043 muon_momentum=0.6 bias_lr=4.9 head_lr=800 -> tta_val_acc=0.9092
muon_lr=0.026 muon_momentum=0.6 bias_lr=4.9 head_lr=800 -> tta_val_acc=0.9076
muon_lr=0.072 muon_momentum=0.6 bias_lr=4.9 head_lr=800 -> tta_val_acc=0.8983
search_path step=0 muon_lr=0.043 muon_momentum=0.6 bias_lr=4.9 head_lr=800 tta_val_acc=0.9092
main hparams: muon_lr=0.33 muon_momentum=0.6 bias_lr=100 head_lr=800 main=0.7311, best_cooldown=0.8978
muon_lr=0.043 muon_momentum=0.6 bias_lr=4.9 head_lr=800 -> tta_val_acc=0.8978
muon_lr=0.026 muon_momentum=0.6 bias_lr=4.9 head_lr=800 -> tta_val_acc=0.8889
muon_lr=0.072 muon_momentum=0.6 bias_lr=4.9 head_lr=800 -> tta_val_acc=0.8972
search_path step=0 muon_lr=0.043 muon_momentum=0.6 bias_lr=4.9 head_lr=800 tta_val_acc=0.8978
main hparams: muon_lr=0.2 muon_momentum=0.5 bias_lr=100 head_lr=800 main=0.8276, best_cooldown=0.9102
muon_lr=0.043 muon_momentum=0.5 bias_lr=4.9 head_lr=800 -> tta_val_acc=0.9102
muon_lr=0.026 muon_momentum=0.5 bias_lr=4.9 head_lr=800 -> tta_val_acc=0.9045
muon_lr=0.072 muon_momentum=0.5 bias_lr=4.9 head_lr=800 -> tta_val_acc=0.9041
search_path step=0 muon_lr=0.043 muon_momentum=0.5 bias_lr=4.9 head_lr=800 tta_val_acc=0.9102
main hparams: muon_lr=0.2 muon_momentum=0.7 bias_lr=100 head_lr=800 main=0.7916, best_cooldown=0.9089
muon_lr=0.043 muon_momentum=0.7 bias_lr=4.9 head_lr=800 -> tta_val_acc=0.9089
muon_lr=0.026 muon_momentum=0.7 bias_lr=4.9 head_lr=800 -> tta_val_acc=0.9041
muon_lr=0.072 muon_momentum=0.7 bias_lr=4.9 head_lr=800 -> tta_val_acc=0.901
search_path step=0 muon_lr=0.043 muon_momentum=0.7 bias_lr=4.9 head_lr=800 tta_val_acc=0.9089
main hparams: muon_lr=0.2 muon_momentum=0.6 bias_lr=62 head_lr=800 main=0.8094, best_cooldown=0.9141
muon_lr=0.043 muon_momentum=0.6 bias_lr=4.9 head_lr=800 -> tta_val_acc=0.913
muon_lr=0.043 muon_momentum=0.6 bias_lr=2.9 head_lr=800 -> tta_val_acc=0.9141
muon_lr=0.043 muon_momentum=0.6 bias_lr=1.7 head_lr=800 -> tta_val_acc=0.9132
search_path step=0 muon_lr=0.043 muon_momentum=0.6 bias_lr=4.9 head_lr=800 tta_val_acc=0.913
search_path step=1 muon_lr=0.043 muon_momentum=0.6 bias_lr=2.9 head_lr=800 tta_val_acc=0.9141
main hparams: muon_lr=0.2 muon_momentum=0.6 bias_lr=37 head_lr=800 main=0.8163, best_cooldown=0.9131
muon_lr=0.043 muon_momentum=0.6 bias_lr=4.9 head_lr=800 -> tta_val_acc=0.9124
muon_lr=0.043 muon_momentum=0.6 bias_lr=2.9 head_lr=800 -> tta_val_acc=0.9124
muon_lr=0.043 muon_momentum=0.6 bias_lr=1.7 head_lr=800 -> tta_val_acc=0.9127
muon_lr=0.043 muon_momentum=0.6 bias_lr=1 head_lr=800 -> tta_val_acc=0.9117
muon_lr=0.043 muon_momentum=0.6 bias_lr=8.1 head_lr=800 -> tta_val_acc=0.9131
muon_lr=0.043 muon_momentum=0.6 bias_lr=13 head_lr=800 -> tta_val_acc=0.911
search_path step=0 muon_lr=0.043 muon_momentum=0.6 bias_lr=4.9 head_lr=800 tta_val_acc=0.9124
search_path step=1 muon_lr=0.043 muon_momentum=0.6 bias_lr=1.7 head_lr=800 tta_val_acc=0.9127
search_path step=2 muon_lr=0.043 muon_momentum=0.6 bias_lr=8.1 head_lr=800 tta_val_acc=0.9131
main hparams: muon_lr=0.2 muon_momentum=0.6 bias_lr=62 head_lr=800 main=0.8094, best_cooldown=0.9141
muon_lr=0.2 muon_momentum=0.6 bias_lr=62 head_lr=800 -> tta_val_acc=0.8184
muon_lr=0.12 muon_momentum=0.6 bias_lr=62 head_lr=800 -> tta_val_acc=0.8708
muon_lr=0.072 muon_momentum=0.6 bias_lr=62 head_lr=800 -> tta_val_acc=0.9063
muon_lr=0.043 muon_momentum=0.6 bias_lr=62 head_lr=800 -> tta_val_acc=0.9123
muon_lr=0.026 muon_momentum=0.6 bias_lr=62 head_lr=800 -> tta_val_acc=0.9078
muon_lr=0.043 muon_momentum=0.6 bias_lr=37 head_lr=800 -> tta_val_acc=0.9122
muon_lr=0.043 muon_momentum=0.6 bias_lr=22 head_lr=800 -> tta_val_acc=0.9129
muon_lr=0.043 muon_momentum=0.6 bias_lr=13 head_lr=800 -> tta_val_acc=0.9127
muon_lr=0.043 muon_momentum=0.6 bias_lr=8.1 head_lr=800 -> tta_val_acc=0.9132
muon_lr=0.043 muon_momentum=0.6 bias_lr=4.9 head_lr=800 -> tta_val_acc=0.913
muon_lr=0.043 muon_momentum=0.6 bias_lr=2.9 head_lr=800 -> tta_val_acc=0.9141
muon_lr=0.043 muon_momentum=0.6 bias_lr=1.7 head_lr=800 -> tta_val_acc=0.9132
muon_lr=0.026 muon_momentum=0.6 bias_lr=2.9 head_lr=800 -> tta_val_acc=0.9068
muon_lr=0.072 muon_momentum=0.6 bias_lr=2.9 head_lr=800 -> tta_val_acc=0.9082
muon_lr=0.043 muon_momentum=0.6 bias_lr=2.9 head_lr=480 -> tta_val_acc=0.9136
muon_lr=0.043 muon_momentum=0.6 bias_lr=2.9 head_lr=1300 -> tta_val_acc=0.9123
search_path step=0 muon_lr=0.2 muon_momentum=0.6 bias_lr=62 head_lr=800 tta_val_acc=0.8184
search_path step=1 muon_lr=0.043 muon_momentum=0.6 bias_lr=62 head_lr=800 tta_val_acc=0.9123
search_path step=2 muon_lr=0.043 muon_momentum=0.6 bias_lr=2.9 head_lr=800 tta_val_acc=0.9141
main hparams: muon_lr=0.12 muon_momentum=0.6 bias_lr=62 head_lr=800 main=0.8416, best_cooldown=0.9097
muon_lr=0.043 muon_momentum=0.6 bias_lr=2.9 head_lr=800 -> tta_val_acc=0.9089
muon_lr=0.026 muon_momentum=0.6 bias_lr=2.9 head_lr=800 -> tta_val_acc=0.9097
muon_lr=0.016 muon_momentum=0.6 bias_lr=2.9 head_lr=800 -> tta_val_acc=0.9038
search_path step=0 muon_lr=0.043 muon_momentum=0.6 bias_lr=2.9 head_lr=800 tta_val_acc=0.9089
search_path step=1 muon_lr=0.026 muon_momentum=0.6 bias_lr=2.9 head_lr=800 tta_val_acc=0.9097
main hparams: muon_lr=0.33 muon_momentum=0.6 bias_lr=62 head_lr=800 main=0.7143, best_cooldown=0.9011
muon_lr=0.043 muon_momentum=0.6 bias_lr=2.9 head_lr=800 -> tta_val_acc=0.9011
muon_lr=0.026 muon_momentum=0.6 bias_lr=2.9 head_lr=800 -> tta_val_acc=0.892
muon_lr=0.072 muon_momentum=0.6 bias_lr=2.9 head_lr=800 -> tta_val_acc=0.8944
search_path step=0 muon_lr=0.043 muon_momentum=0.6 bias_lr=2.9 head_lr=800 tta_val_acc=0.9011
main hparams: muon_lr=0.2 muon_momentum=0.5 bias_lr=62 head_lr=800 main=0.8148, best_cooldown=0.9097
muon_lr=0.043 muon_momentum=0.5 bias_lr=2.9 head_lr=800 -> tta_val_acc=0.9097
muon_lr=0.026 muon_momentum=0.5 bias_lr=2.9 head_lr=800 -> tta_val_acc=0.9063
muon_lr=0.072 muon_momentum=0.5 bias_lr=2.9 head_lr=800 -> tta_val_acc=0.9038
search_path step=0 muon_lr=0.043 muon_momentum=0.5 bias_lr=2.9 head_lr=800 tta_val_acc=0.9097
main hparams: muon_lr=0.2 muon_momentum=0.7 bias_lr=62 head_lr=800 main=0.8105, best_cooldown=0.9063
muon_lr=0.043 muon_momentum=0.7 bias_lr=2.9 head_lr=800 -> tta_val_acc=0.9063
muon_lr=0.026 muon_momentum=0.7 bias_lr=2.9 head_lr=800 -> tta_val_acc=0.9036
muon_lr=0.072 muon_momentum=0.7 bias_lr=2.9 head_lr=800 -> tta_val_acc=0.8996
search_path step=0 muon_lr=0.043 muon_momentum=0.7 bias_lr=2.9 head_lr=800 tta_val_acc=0.9063
main hparams: muon_lr=0.2 muon_momentum=0.6 bias_lr=62 head_lr=480 main=0.8067, best_cooldown=0.9119
muon_lr=0.043 muon_momentum=0.6 bias_lr=2.9 head_lr=800 -> tta_val_acc=0.909
muon_lr=0.043 muon_momentum=0.6 bias_lr=2.9 head_lr=480 -> tta_val_acc=0.9119
muon_lr=0.043 muon_momentum=0.6 bias_lr=2.9 head_lr=290 -> tta_val_acc=0.911
search_path step=0 muon_lr=0.043 muon_momentum=0.6 bias_lr=2.9 head_lr=800 tta_val_acc=0.909
search_path step=1 muon_lr=0.043 muon_momentum=0.6 bias_lr=2.9 head_lr=480 tta_val_acc=0.9119
main hparams: muon_lr=0.2 muon_momentum=0.6 bias_lr=62 head_lr=1300 main=0.81, best_cooldown=0.9072
muon_lr=0.043 muon_momentum=0.6 bias_lr=2.9 head_lr=800 -> tta_val_acc=0.9051
muon_lr=0.043 muon_momentum=0.6 bias_lr=2.9 head_lr=480 -> tta_val_acc=0.9054
muon_lr=0.043 muon_momentum=0.6 bias_lr=2.9 head_lr=290 -> tta_val_acc=0.9063
muon_lr=0.043 muon_momentum=0.6 bias_lr=2.9 head_lr=170 -> tta_val_acc=0.9072
muon_lr=0.043 muon_momentum=0.6 bias_lr=2.9 head_lr=100 -> tta_val_acc=0.9064
search_path step=0 muon_lr=0.043 muon_momentum=0.6 bias_lr=2.9 head_lr=800 tta_val_acc=0.9051
search_path step=1 muon_lr=0.043 muon_momentum=0.6 bias_lr=2.9 head_lr=170 tta_val_acc=0.9072
search_path step=0 muon_lr=0.2 muon_momentum=0.6 bias_lr=100 head_lr=1300 tta_val_acc=0.9106
search_path step=1 muon_lr=0.2 muon_momentum=0.6 bias_lr=100 head_lr=800 tta_val_acc=0.9119
search_path step=2 muon_lr=0.2 muon_momentum=0.6 bias_lr=62 head_lr=800 tta_val_acc=0.9141
train_hparams run=0 interval=0 start_step=0 completed_steps=40 total_steps=200 muon_lr=0.2 muon_momentum=0.6 bias_lr=62 head_lr=800 muon_nesterov=False
train_loss run=0 interval=0 step=1 loss=2.31009
train_loss run=0 interval=0 step=2 loss=2.24136
train_loss run=0 interval=0 step=3 loss=2.17225
train_loss run=0 interval=0 step=4 loss=2.06882
train_loss run=0 interval=0 step=5 loss=1.96932
train_loss run=0 interval=0 step=6 loss=1.89907
train_loss run=0 interval=0 step=7 loss=1.84102
train_loss run=0 interval=0 step=8 loss=1.78256
train_loss run=0 interval=0 step=9 loss=1.71647
train_loss run=0 interval=0 step=10 loss=1.73201
train_loss run=0 interval=0 step=11 loss=1.70456
train_loss run=0 interval=0 step=12 loss=1.61144
train_loss run=0 interval=0 step=13 loss=1.54244
train_loss run=0 interval=0 step=14 loss=1.57887
train_loss run=0 interval=0 step=15 loss=1.53079
train_loss run=0 interval=0 step=16 loss=1.49844
train_loss run=0 interval=0 step=17 loss=1.52982
train_loss run=0 interval=0 step=18 loss=1.46964
train_loss run=0 interval=0 step=19 loss=1.42812
train_loss run=0 interval=0 step=20 loss=1.46011
train_loss run=0 interval=0 step=21 loss=1.40621
train_loss run=0 interval=0 step=22 loss=1.40401
train_loss run=0 interval=0 step=23 loss=1.3893
train_loss run=0 interval=0 step=24 loss=1.39178
train_loss run=0 interval=0 step=25 loss=1.42595
train_loss run=0 interval=0 step=26 loss=1.37668
train_loss run=0 interval=0 step=27 loss=1.35275
train_loss run=0 interval=0 step=28 loss=1.38952
train_loss run=0 interval=0 step=29 loss=1.39039
train_loss run=0 interval=0 step=30 loss=1.32647
train_loss run=0 interval=0 step=31 loss=1.33576
train_loss run=0 interval=0 step=32 loss=1.30283
train_loss run=0 interval=0 step=33 loss=1.35237
train_loss run=0 interval=0 step=34 loss=1.33059
train_loss run=0 interval=0 step=35 loss=1.32035
train_loss run=0 interval=0 step=36 loss=1.3333
train_loss run=0 interval=0 step=37 loss=1.30824
train_loss run=0 interval=0 step=38 loss=1.33397
train_loss run=0 interval=0 step=39 loss=1.30295
train_loss run=0 interval=0 step=40 loss=1.31715
interval_boundary_eval run=0 interval=0 step=40 total_steps=200 tta_val_acc=0.8094
main hparams: muon_lr=0.2 muon_momentum=0.6 bias_lr=62 head_lr=800 main=0.8184, best_cooldown=0.9196
muon_lr=0.043 muon_momentum=0.6 bias_lr=2.9 head_lr=800 -> tta_val_acc=0.9186
muon_lr=0.026 muon_momentum=0.6 bias_lr=2.9 head_lr=800 -> tta_val_acc=0.9194
muon_lr=0.016 muon_momentum=0.6 bias_lr=2.9 head_lr=800 -> tta_val_acc=0.9145
muon_lr=0.026 muon_momentum=0.6 bias_lr=1.7 head_lr=800 -> tta_val_acc=0.9191
muon_lr=0.026 muon_momentum=0.6 bias_lr=1 head_lr=800 -> tta_val_acc=0.9186
muon_lr=0.026 muon_momentum=0.6 bias_lr=4.9 head_lr=800 -> tta_val_acc=0.9196
muon_lr=0.026 muon_momentum=0.6 bias_lr=8.1 head_lr=800 -> tta_val_acc=0.9186
muon_lr=0.016 muon_momentum=0.6 bias_lr=4.9 head_lr=800 -> tta_val_acc=0.9144
muon_lr=0.043 muon_momentum=0.6 bias_lr=4.9 head_lr=800 -> tta_val_acc=0.9196
muon_lr=0.072 muon_momentum=0.6 bias_lr=4.9 head_lr=800 -> tta_val_acc=0.9092
muon_lr=0.026 muon_momentum=0.6 bias_lr=4.9 head_lr=480 -> tta_val_acc=0.9183
muon_lr=0.026 muon_momentum=0.6 bias_lr=4.9 head_lr=1300 -> tta_val_acc=0.9178
search_path step=0 muon_lr=0.043 muon_momentum=0.6 bias_lr=2.9 head_lr=800 tta_val_acc=0.9186
search_path step=1 muon_lr=0.026 muon_momentum=0.6 bias_lr=2.9 head_lr=800 tta_val_acc=0.9194
search_path step=2 muon_lr=0.026 muon_momentum=0.6 bias_lr=4.9 head_lr=800 tta_val_acc=0.9196
main hparams: muon_lr=0.12 muon_momentum=0.6 bias_lr=62 head_lr=800 main=0.8708, best_cooldown=0.9293
muon_lr=0.026 muon_momentum=0.6 bias_lr=4.9 head_lr=800 -> tta_val_acc=0.9293
muon_lr=0.016 muon_momentum=0.6 bias_lr=4.9 head_lr=800 -> tta_val_acc=0.9252
muon_lr=0.043 muon_momentum=0.6 bias_lr=4.9 head_lr=800 -> tta_val_acc=0.9257
search_path step=0 muon_lr=0.026 muon_momentum=0.6 bias_lr=4.9 head_lr=800 tta_val_acc=0.9293
main hparams: muon_lr=0.072 muon_momentum=0.6 bias_lr=62 head_lr=800 main=0.9063, best_cooldown=0.9285
muon_lr=0.026 muon_momentum=0.6 bias_lr=4.9 head_lr=800 -> tta_val_acc=0.9276
muon_lr=0.016 muon_momentum=0.6 bias_lr=4.9 head_lr=800 -> tta_val_acc=0.9285
muon_lr=0.0093 muon_momentum=0.6 bias_lr=4.9 head_lr=800 -> tta_val_acc=0.9282
muon_lr=0.0056 muon_momentum=0.6 bias_lr=4.9 head_lr=800 -> tta_val_acc=0.9256
search_path step=0 muon_lr=0.026 muon_momentum=0.6 bias_lr=4.9 head_lr=800 tta_val_acc=0.9276
search_path step=1 muon_lr=0.016 muon_momentum=0.6 bias_lr=4.9 head_lr=800 tta_val_acc=0.9285
main hparams: muon_lr=0.12 muon_momentum=0.6 bias_lr=62 head_lr=800 main=0.8708, best_cooldown=0.9292
muon_lr=0.043 muon_momentum=0.6 bias_lr=2.9 head_lr=800 -> tta_val_acc=0.9244
muon_lr=0.026 muon_momentum=0.6 bias_lr=2.9 head_lr=800 -> tta_val_acc=0.9289
muon_lr=0.016 muon_momentum=0.6 bias_lr=2.9 head_lr=800 -> tta_val_acc=0.9256
muon_lr=0.026 muon_momentum=0.6 bias_lr=1.7 head_lr=800 -> tta_val_acc=0.9287
muon_lr=0.026 muon_momentum=0.6 bias_lr=1 head_lr=800 -> tta_val_acc=0.929
muon_lr=0.026 muon_momentum=0.6 bias_lr=0.63 head_lr=800 -> tta_val_acc=0.9292
muon_lr=0.026 muon_momentum=0.6 bias_lr=0.38 head_lr=800 -> tta_val_acc=0.9281
muon_lr=0.016 muon_momentum=0.6 bias_lr=0.63 head_lr=800 -> tta_val_acc=0.9253
muon_lr=0.043 muon_momentum=0.6 bias_lr=0.63 head_lr=800 -> tta_val_acc=0.9246
muon_lr=0.026 muon_momentum=0.6 bias_lr=0.63 head_lr=480 -> tta_val_acc=0.9287
muon_lr=0.026 muon_momentum=0.6 bias_lr=0.63 head_lr=1300 -> tta_val_acc=0.9277
search_path step=0 muon_lr=0.043 muon_momentum=0.6 bias_lr=2.9 head_lr=800 tta_val_acc=0.9244
search_path step=1 muon_lr=0.026 muon_momentum=0.6 bias_lr=2.9 head_lr=800 tta_val_acc=0.9289
search_path step=2 muon_lr=0.026 muon_momentum=0.6 bias_lr=0.63 head_lr=800 tta_val_acc=0.9292
main hparams: muon_lr=0.12 muon_momentum=0.5 bias_lr=62 head_lr=800 main=0.8781, best_cooldown=0.9279
muon_lr=0.026 muon_momentum=0.5 bias_lr=0.63 head_lr=800 -> tta_val_acc=0.9279
muon_lr=0.016 muon_momentum=0.5 bias_lr=0.63 head_lr=800 -> tta_val_acc=0.9274
muon_lr=0.0093 muon_momentum=0.5 bias_lr=0.63 head_lr=800 -> tta_val_acc=0.9253
muon_lr=0.043 muon_momentum=0.5 bias_lr=0.63 head_lr=800 -> tta_val_acc=0.9256
search_path step=0 muon_lr=0.026 muon_momentum=0.5 bias_lr=0.63 head_lr=800 tta_val_acc=0.9279
main hparams: muon_lr=0.12 muon_momentum=0.7 bias_lr=62 head_lr=800 main=0.8537, best_cooldown=0.9274
muon_lr=0.026 muon_momentum=0.7 bias_lr=0.63 head_lr=800 -> tta_val_acc=0.9274
muon_lr=0.016 muon_momentum=0.7 bias_lr=0.63 head_lr=800 -> tta_val_acc=0.9267
muon_lr=0.043 muon_momentum=0.7 bias_lr=0.63 head_lr=800 -> tta_val_acc=0.9218
search_path step=0 muon_lr=0.026 muon_momentum=0.7 bias_lr=0.63 head_lr=800 tta_val_acc=0.9274
main hparams: muon_lr=0.12 muon_momentum=0.6 bias_lr=37 head_lr=800 main=0.8758, best_cooldown=0.9308
muon_lr=0.026 muon_momentum=0.6 bias_lr=0.63 head_lr=800 -> tta_val_acc=0.9308
muon_lr=0.026 muon_momentum=0.6 bias_lr=0.38 head_lr=800 -> tta_val_acc=0.9295
muon_lr=0.026 muon_momentum=0.6 bias_lr=1 head_lr=800 -> tta_val_acc=0.9302
search_path step=0 muon_lr=0.026 muon_momentum=0.6 bias_lr=0.63 head_lr=800 tta_val_acc=0.9308
main hparams: muon_lr=0.12 muon_momentum=0.6 bias_lr=22 head_lr=800 main=0.877, best_cooldown=0.9277
muon_lr=0.026 muon_momentum=0.6 bias_lr=0.63 head_lr=800 -> tta_val_acc=0.9277
muon_lr=0.026 muon_momentum=0.6 bias_lr=0.38 head_lr=800 -> tta_val_acc=0.9272
muon_lr=0.026 muon_momentum=0.6 bias_lr=1 head_lr=800 -> tta_val_acc=0.9265
search_path step=0 muon_lr=0.026 muon_momentum=0.6 bias_lr=0.63 head_lr=800 tta_val_acc=0.9277
main hparams: muon_lr=0.12 muon_momentum=0.6 bias_lr=37 head_lr=800 main=0.8758, best_cooldown=0.9308
muon_lr=0.043 muon_momentum=0.6 bias_lr=2.9 head_lr=800 -> tta_val_acc=0.9255
muon_lr=0.026 muon_momentum=0.6 bias_lr=2.9 head_lr=800 -> tta_val_acc=0.9303
muon_lr=0.016 muon_momentum=0.6 bias_lr=2.9 head_lr=800 -> tta_val_acc=0.9279
muon_lr=0.026 muon_momentum=0.6 bias_lr=1.7 head_lr=800 -> tta_val_acc=0.9303
muon_lr=0.026 muon_momentum=0.6 bias_lr=1 head_lr=800 -> tta_val_acc=0.9302
muon_lr=0.026 muon_momentum=0.6 bias_lr=0.63 head_lr=800 -> tta_val_acc=0.9308
muon_lr=0.026 muon_momentum=0.6 bias_lr=0.38 head_lr=800 -> tta_val_acc=0.9295
muon_lr=0.016 muon_momentum=0.6 bias_lr=0.63 head_lr=800 -> tta_val_acc=0.9274
muon_lr=0.043 muon_momentum=0.6 bias_lr=0.63 head_lr=800 -> tta_val_acc=0.9263
muon_lr=0.026 muon_momentum=0.6 bias_lr=0.63 head_lr=480 -> tta_val_acc=0.9303
muon_lr=0.026 muon_momentum=0.6 bias_lr=0.63 head_lr=290 -> tta_val_acc=0.9299
muon_lr=0.026 muon_momentum=0.6 bias_lr=0.63 head_lr=1300 -> tta_val_acc=0.9305
muon_lr=0.026 muon_momentum=0.6 bias_lr=0.63 head_lr=2200 -> tta_val_acc=0.9295
search_path step=0 muon_lr=0.043 muon_momentum=0.6 bias_lr=2.9 head_lr=800 tta_val_acc=0.9255
search_path step=1 muon_lr=0.026 muon_momentum=0.6 bias_lr=2.9 head_lr=800 tta_val_acc=0.9303
search_path step=2 muon_lr=0.026 muon_momentum=0.6 bias_lr=0.63 head_lr=800 tta_val_acc=0.9308
main hparams: muon_lr=0.072 muon_momentum=0.6 bias_lr=37 head_lr=800 main=0.9084, best_cooldown=0.9295
muon_lr=0.026 muon_momentum=0.6 bias_lr=0.63 head_lr=800 -> tta_val_acc=0.928
muon_lr=0.016 muon_momentum=0.6 bias_lr=0.63 head_lr=800 -> tta_val_acc=0.9295
muon_lr=0.0093 muon_momentum=0.6 bias_lr=0.63 head_lr=800 -> tta_val_acc=0.928
search_path step=0 muon_lr=0.026 muon_momentum=0.6 bias_lr=0.63 head_lr=800 tta_val_acc=0.928
search_path step=1 muon_lr=0.016 muon_momentum=0.6 bias_lr=0.63 head_lr=800 tta_val_acc=0.9295
main hparams: muon_lr=0.2 muon_momentum=0.6 bias_lr=37 head_lr=800 main=0.8187, best_cooldown=0.9192
muon_lr=0.026 muon_momentum=0.6 bias_lr=0.63 head_lr=800 -> tta_val_acc=0.9192
muon_lr=0.016 muon_momentum=0.6 bias_lr=0.63 head_lr=800 -> tta_val_acc=0.9148
muon_lr=0.043 muon_momentum=0.6 bias_lr=0.63 head_lr=800 -> tta_val_acc=0.9181
search_path step=0 muon_lr=0.026 muon_momentum=0.6 bias_lr=0.63 head_lr=800 tta_val_acc=0.9192
main hparams: muon_lr=0.12 muon_momentum=0.5 bias_lr=37 head_lr=800 main=0.8834, best_cooldown=0.9281
muon_lr=0.026 muon_momentum=0.5 bias_lr=0.63 head_lr=800 -> tta_val_acc=0.9281
muon_lr=0.016 muon_momentum=0.5 bias_lr=0.63 head_lr=800 -> tta_val_acc=0.9274
muon_lr=0.043 muon_momentum=0.5 bias_lr=0.63 head_lr=800 -> tta_val_acc=0.9254
search_path step=0 muon_lr=0.026 muon_momentum=0.5 bias_lr=0.63 head_lr=800 tta_val_acc=0.9281
main hparams: muon_lr=0.12 muon_momentum=0.7 bias_lr=37 head_lr=800 main=0.8712, best_cooldown=0.9233
muon_lr=0.026 muon_momentum=0.7 bias_lr=0.63 head_lr=800 -> tta_val_acc=0.9233
muon_lr=0.016 muon_momentum=0.7 bias_lr=0.63 head_lr=800 -> tta_val_acc=0.9213
muon_lr=0.043 muon_momentum=0.7 bias_lr=0.63 head_lr=800 -> tta_val_acc=0.9181
search_path step=0 muon_lr=0.026 muon_momentum=0.7 bias_lr=0.63 head_lr=800 tta_val_acc=0.9233
main hparams: muon_lr=0.12 muon_momentum=0.6 bias_lr=37 head_lr=480 main=0.8795, best_cooldown=0.9296
muon_lr=0.026 muon_momentum=0.6 bias_lr=0.63 head_lr=800 -> tta_val_acc=0.9296
muon_lr=0.026 muon_momentum=0.6 bias_lr=0.63 head_lr=480 -> tta_val_acc=0.9291
muon_lr=0.026 muon_momentum=0.6 bias_lr=0.63 head_lr=1300 -> tta_val_acc=0.9285
search_path step=0 muon_lr=0.026 muon_momentum=0.6 bias_lr=0.63 head_lr=800 tta_val_acc=0.9296
main hparams: muon_lr=0.12 muon_momentum=0.6 bias_lr=37 head_lr=1300 main=0.8806, best_cooldown=0.9309
muon_lr=0.026 muon_momentum=0.6 bias_lr=0.63 head_lr=800 -> tta_val_acc=0.9309
muon_lr=0.026 muon_momentum=0.6 bias_lr=0.63 head_lr=480 -> tta_val_acc=0.9295
muon_lr=0.026 muon_momentum=0.6 bias_lr=0.63 head_lr=1300 -> tta_val_acc=0.9302
search_path step=0 muon_lr=0.026 muon_momentum=0.6 bias_lr=0.63 head_lr=800 tta_val_acc=0.9309
main hparams: muon_lr=0.12 muon_momentum=0.6 bias_lr=37 head_lr=2200 main=0.8744, best_cooldown=0.9286
muon_lr=0.026 muon_momentum=0.6 bias_lr=0.63 head_lr=800 -> tta_val_acc=0.9279
muon_lr=0.026 muon_momentum=0.6 bias_lr=0.63 head_lr=480 -> tta_val_acc=0.9279
muon_lr=0.026 muon_momentum=0.6 bias_lr=0.63 head_lr=290 -> tta_val_acc=0.9282
muon_lr=0.026 muon_momentum=0.6 bias_lr=0.63 head_lr=170 -> tta_val_acc=0.9281
muon_lr=0.026 muon_momentum=0.6 bias_lr=0.63 head_lr=100 -> tta_val_acc=0.9281
muon_lr=0.026 muon_momentum=0.6 bias_lr=0.63 head_lr=63 -> tta_val_acc=0.9286
muon_lr=0.026 muon_momentum=0.6 bias_lr=0.63 head_lr=38 -> tta_val_acc=0.9279
search_path step=0 muon_lr=0.026 muon_momentum=0.6 bias_lr=0.63 head_lr=800 tta_val_acc=0.9279
search_path step=1 muon_lr=0.026 muon_momentum=0.6 bias_lr=0.63 head_lr=63 tta_val_acc=0.9286
main hparams: muon_lr=0.12 muon_momentum=0.6 bias_lr=37 head_lr=1300 main=0.8806, best_cooldown=0.9309
muon_lr=0.043 muon_momentum=0.6 bias_lr=2.9 head_lr=800 -> tta_val_acc=0.9257
muon_lr=0.026 muon_momentum=0.6 bias_lr=2.9 head_lr=800 -> tta_val_acc=0.9303
muon_lr=0.016 muon_momentum=0.6 bias_lr=2.9 head_lr=800 -> tta_val_acc=0.9293
muon_lr=0.026 muon_momentum=0.6 bias_lr=1.7 head_lr=800 -> tta_val_acc=0.9299
muon_lr=0.026 muon_momentum=0.6 bias_lr=1 head_lr=800 -> tta_val_acc=0.9304
muon_lr=0.026 muon_momentum=0.6 bias_lr=0.63 head_lr=800 -> tta_val_acc=0.9309
muon_lr=0.026 muon_momentum=0.6 bias_lr=0.38 head_lr=800 -> tta_val_acc=0.9297
muon_lr=0.016 muon_momentum=0.6 bias_lr=0.63 head_lr=800 -> tta_val_acc=0.9293
muon_lr=0.043 muon_momentum=0.6 bias_lr=0.63 head_lr=800 -> tta_val_acc=0.9259
muon_lr=0.026 muon_momentum=0.6 bias_lr=0.63 head_lr=480 -> tta_val_acc=0.9295
muon_lr=0.026 muon_momentum=0.6 bias_lr=0.63 head_lr=1300 -> tta_val_acc=0.9302
search_path step=0 muon_lr=0.043 muon_momentum=0.6 bias_lr=2.9 head_lr=800 tta_val_acc=0.9257
search_path step=1 muon_lr=0.026 muon_momentum=0.6 bias_lr=2.9 head_lr=800 tta_val_acc=0.9303
search_path step=2 muon_lr=0.026 muon_momentum=0.6 bias_lr=0.63 head_lr=800 tta_val_acc=0.9309
main hparams: muon_lr=0.072 muon_momentum=0.6 bias_lr=37 head_lr=1300 main=0.9043, best_cooldown=0.9303
muon_lr=0.026 muon_momentum=0.6 bias_lr=0.63 head_lr=800 -> tta_val_acc=0.9296
muon_lr=0.016 muon_momentum=0.6 bias_lr=0.63 head_lr=800 -> tta_val_acc=0.9303
muon_lr=0.0093 muon_momentum=0.6 bias_lr=0.63 head_lr=800 -> tta_val_acc=0.929
search_path step=0 muon_lr=0.026 muon_momentum=0.6 bias_lr=0.63 head_lr=800 tta_val_acc=0.9296
search_path step=1 muon_lr=0.016 muon_momentum=0.6 bias_lr=0.63 head_lr=800 tta_val_acc=0.9303
main hparams: muon_lr=0.2 muon_momentum=0.6 bias_lr=37 head_lr=1300 main=0.8216, best_cooldown=0.9196
muon_lr=0.026 muon_momentum=0.6 bias_lr=0.63 head_lr=800 -> tta_val_acc=0.9196
muon_lr=0.016 muon_momentum=0.6 bias_lr=0.63 head_lr=800 -> tta_val_acc=0.9158
muon_lr=0.043 muon_momentum=0.6 bias_lr=0.63 head_lr=800 -> tta_val_acc=0.9182
search_path step=0 muon_lr=0.026 muon_momentum=0.6 bias_lr=0.63 head_lr=800 tta_val_acc=0.9196
main hparams: muon_lr=0.12 muon_momentum=0.5 bias_lr=37 head_lr=1300 main=0.8792, best_cooldown=0.9271
muon_lr=0.026 muon_momentum=0.5 bias_lr=0.63 head_lr=800 -> tta_val_acc=0.9271
muon_lr=0.016 muon_momentum=0.5 bias_lr=0.63 head_lr=800 -> tta_val_acc=0.9267
muon_lr=0.0093 muon_momentum=0.5 bias_lr=0.63 head_lr=800 -> tta_val_acc=0.9238
muon_lr=0.043 muon_momentum=0.5 bias_lr=0.63 head_lr=800 -> tta_val_acc=0.9228
search_path step=0 muon_lr=0.026 muon_momentum=0.5 bias_lr=0.63 head_lr=800 tta_val_acc=0.9271
main hparams: muon_lr=0.12 muon_momentum=0.7 bias_lr=37 head_lr=1300 main=0.867, best_cooldown=0.9269
muon_lr=0.026 muon_momentum=0.7 bias_lr=0.63 head_lr=800 -> tta_val_acc=0.9269
muon_lr=0.016 muon_momentum=0.7 bias_lr=0.63 head_lr=800 -> tta_val_acc=0.9261
muon_lr=0.043 muon_momentum=0.7 bias_lr=0.63 head_lr=800 -> tta_val_acc=0.9205
search_path step=0 muon_lr=0.026 muon_momentum=0.7 bias_lr=0.63 head_lr=800 tta_val_acc=0.9269
main hparams: muon_lr=0.12 muon_momentum=0.6 bias_lr=22 head_lr=1300 main=0.8752, best_cooldown=0.9306
muon_lr=0.026 muon_momentum=0.6 bias_lr=0.63 head_lr=800 -> tta_val_acc=0.93
muon_lr=0.026 muon_momentum=0.6 bias_lr=0.38 head_lr=800 -> tta_val_acc=0.9302
muon_lr=0.026 muon_momentum=0.6 bias_lr=0.23 head_lr=800 -> tta_val_acc=0.9301
muon_lr=0.026 muon_momentum=0.6 bias_lr=0.14 head_lr=800 -> tta_val_acc=0.9302
muon_lr=0.026 muon_momentum=0.6 bias_lr=0.081 head_lr=800 -> tta_val_acc=0.9293
muon_lr=0.026 muon_momentum=0.6 bias_lr=1 head_lr=800 -> tta_val_acc=0.9306
muon_lr=0.026 muon_momentum=0.6 bias_lr=1.7 head_lr=800 -> tta_val_acc=0.9298
search_path step=0 muon_lr=0.026 muon_momentum=0.6 bias_lr=0.63 head_lr=800 tta_val_acc=0.93
search_path step=1 muon_lr=0.026 muon_momentum=0.6 bias_lr=0.38 head_lr=800 tta_val_acc=0.9302
search_path step=2 muon_lr=0.026 muon_momentum=0.6 bias_lr=1 head_lr=800 tta_val_acc=0.9306
main hparams: muon_lr=0.12 muon_momentum=0.6 bias_lr=13 head_lr=1300 main=0.8814, best_cooldown=0.9276
muon_lr=0.026 muon_momentum=0.6 bias_lr=0.63 head_lr=800 -> tta_val_acc=0.927
muon_lr=0.026 muon_momentum=0.6 bias_lr=0.38 head_lr=800 -> tta_val_acc=0.9273
muon_lr=0.026 muon_momentum=0.6 bias_lr=0.23 head_lr=800 -> tta_val_acc=0.9273
muon_lr=0.026 muon_momentum=0.6 bias_lr=0.14 head_lr=800 -> tta_val_acc=0.9276
muon_lr=0.026 muon_momentum=0.6 bias_lr=0.081 head_lr=800 -> tta_val_acc=0.9267
search_path step=0 muon_lr=0.026 muon_momentum=0.6 bias_lr=0.63 head_lr=800 tta_val_acc=0.927
search_path step=1 muon_lr=0.026 muon_momentum=0.6 bias_lr=0.14 head_lr=800 tta_val_acc=0.9276
main hparams: muon_lr=0.12 muon_momentum=0.6 bias_lr=62 head_lr=1300 main=0.8665, best_cooldown=0.926
muon_lr=0.026 muon_momentum=0.6 bias_lr=0.63 head_lr=800 -> tta_val_acc=0.9256
muon_lr=0.026 muon_momentum=0.6 bias_lr=0.38 head_lr=800 -> tta_val_acc=0.9259
muon_lr=0.026 muon_momentum=0.6 bias_lr=0.23 head_lr=800 -> tta_val_acc=0.926
muon_lr=0.026 muon_momentum=0.6 bias_lr=0.14 head_lr=800 -> tta_val_acc=0.9254
muon_lr=0.026 muon_momentum=0.6 bias_lr=1 head_lr=800 -> tta_val_acc=0.9255
search_path step=0 muon_lr=0.026 muon_momentum=0.6 bias_lr=0.63 head_lr=800 tta_val_acc=0.9256
search_path step=1 muon_lr=0.026 muon_momentum=0.6 bias_lr=0.23 head_lr=800 tta_val_acc=0.926
search_path step=0 muon_lr=0.2 muon_momentum=0.6 bias_lr=62 head_lr=800 tta_val_acc=0.9196
search_path step=1 muon_lr=0.12 muon_momentum=0.6 bias_lr=62 head_lr=800 tta_val_acc=0.9292
search_path step=2 muon_lr=0.12 muon_momentum=0.6 bias_lr=37 head_lr=800 tta_val_acc=0.9308
search_path step=3 muon_lr=0.12 muon_momentum=0.6 bias_lr=37 head_lr=1300 tta_val_acc=0.9309
train_hparams run=0 interval=1 start_step=40 completed_steps=40 total_steps=200 muon_lr=0.12 muon_momentum=0.6 bias_lr=37 head_lr=1300 muon_nesterov=False
train_loss run=0 interval=1 step=41 loss=1.29698
train_loss run=0 interval=1 step=42 loss=1.27509
train_loss run=0 interval=1 step=43 loss=1.2237
train_loss run=0 interval=1 step=44 loss=1.23349
train_loss run=0 interval=1 step=45 loss=1.21167
train_loss run=0 interval=1 step=46 loss=1.22311
train_loss run=0 interval=1 step=47 loss=1.22156
train_loss run=0 interval=1 step=48 loss=1.23024
train_loss run=0 interval=1 step=49 loss=1.20621
train_loss run=0 interval=1 step=50 loss=1.21488
train_loss run=0 interval=1 step=51 loss=1.17009
train_loss run=0 interval=1 step=52 loss=1.20583
train_loss run=0 interval=1 step=53 loss=1.19104
train_loss run=0 interval=1 step=54 loss=1.18561
train_loss run=0 interval=1 step=55 loss=1.17964
train_loss run=0 interval=1 step=56 loss=1.19535
train_loss run=0 interval=1 step=57 loss=1.17016
train_loss run=0 interval=1 step=58 loss=1.18261
train_loss run=0 interval=1 step=59 loss=1.16497
train_loss run=0 interval=1 step=60 loss=1.18149
train_loss run=0 interval=1 step=61 loss=1.17096
train_loss run=0 interval=1 step=62 loss=1.18044
train_loss run=0 interval=1 step=63 loss=1.17084
train_loss run=0 interval=1 step=64 loss=1.17194
train_loss run=0 interval=1 step=65 loss=1.1596
train_loss run=0 interval=1 step=66 loss=1.18684
train_loss run=0 interval=1 step=67 loss=1.16581
train_loss run=0 interval=1 step=68 loss=1.17987
train_loss run=0 interval=1 step=69 loss=1.17597
train_loss run=0 interval=1 step=70 loss=1.16936
train_loss run=0 interval=1 step=71 loss=1.20229
train_loss run=0 interval=1 step=72 loss=1.16884
train_loss run=0 interval=1 step=73 loss=1.19452
train_loss run=0 interval=1 step=74 loss=1.15986
train_loss run=0 interval=1 step=75 loss=1.1924
train_loss run=0 interval=1 step=76 loss=1.14582
train_loss run=0 interval=1 step=77 loss=1.15246
train_loss run=0 interval=1 step=78 loss=1.13909
train_loss run=0 interval=1 step=79 loss=1.15992
train_loss run=0 interval=1 step=80 loss=1.13366
interval_boundary_eval run=0 interval=1 step=80 total_steps=200 tta_val_acc=0.8806
main hparams: muon_lr=0.12 muon_momentum=0.6 bias_lr=37 head_lr=1300 main=0.8783, best_cooldown=0.9295
muon_lr=0.026 muon_momentum=0.6 bias_lr=0.63 head_lr=800 -> tta_val_acc=0.9295
muon_lr=0.016 muon_momentum=0.6 bias_lr=0.63 head_lr=800 -> tta_val_acc=0.9269
muon_lr=0.043 muon_momentum=0.6 bias_lr=0.63 head_lr=800 -> tta_val_acc=0.9251
muon_lr=0.026 muon_momentum=0.6 bias_lr=0.38 head_lr=800 -> tta_val_acc=0.9289
muon_lr=0.026 muon_momentum=0.6 bias_lr=1 head_lr=800 -> tta_val_acc=0.929
muon_lr=0.026 muon_momentum=0.6 bias_lr=0.63 head_lr=480 -> tta_val_acc=0.929
muon_lr=0.026 muon_momentum=0.6 bias_lr=0.63 head_lr=1300 -> tta_val_acc=0.929
search_path step=0 muon_lr=0.026 muon_momentum=0.6 bias_lr=0.63 head_lr=800 tta_val_acc=0.9295
main hparams: muon_lr=0.072 muon_momentum=0.6 bias_lr=37 head_lr=1300 main=0.9092, best_cooldown=0.9348
muon_lr=0.026 muon_momentum=0.6 bias_lr=0.63 head_lr=800 -> tta_val_acc=0.9324
muon_lr=0.016 muon_momentum=0.6 bias_lr=0.63 head_lr=800 -> tta_val_acc=0.9345
muon_lr=0.0093 muon_momentum=0.6 bias_lr=0.63 head_lr=800 -> tta_val_acc=0.9348
muon_lr=0.0056 muon_momentum=0.6 bias_lr=0.63 head_lr=800 -> tta_val_acc=0.9323
search_path step=0 muon_lr=0.026 muon_momentum=0.6 bias_lr=0.63 head_lr=800 tta_val_acc=0.9324
search_path step=1 muon_lr=0.0093 muon_momentum=0.6 bias_lr=0.63 head_lr=800 tta_val_acc=0.9348
main hparams: muon_lr=0.043 muon_momentum=0.6 bias_lr=37 head_lr=1300 main=0.9251, best_cooldown=0.9355
muon_lr=0.026 muon_momentum=0.6 bias_lr=0.63 head_lr=800 -> tta_val_acc=0.9331
muon_lr=0.016 muon_momentum=0.6 bias_lr=0.63 head_lr=800 -> tta_val_acc=0.9342
muon_lr=0.0093 muon_momentum=0.6 bias_lr=0.63 head_lr=800 -> tta_val_acc=0.9355
muon_lr=0.0056 muon_momentum=0.6 bias_lr=0.63 head_lr=800 -> tta_val_acc=0.9352
muon_lr=0.0034 muon_momentum=0.6 bias_lr=0.63 head_lr=800 -> tta_val_acc=0.9338
search_path step=0 muon_lr=0.026 muon_momentum=0.6 bias_lr=0.63 head_lr=800 tta_val_acc=0.9331
search_path step=1 muon_lr=0.0093 muon_momentum=0.6 bias_lr=0.63 head_lr=800 tta_val_acc=0.9355
main hparams: muon_lr=0.026 muon_momentum=0.6 bias_lr=37 head_lr=1300 main=0.9278, best_cooldown=0.9357
muon_lr=0.026 muon_momentum=0.6 bias_lr=0.63 head_lr=800 -> tta_val_acc=0.9316
muon_lr=0.016 muon_momentum=0.6 bias_lr=0.63 head_lr=800 -> tta_val_acc=0.9357
muon_lr=0.0093 muon_momentum=0.6 bias_lr=0.63 head_lr=800 -> tta_val_acc=0.9352
search_path step=0 muon_lr=0.026 muon_momentum=0.6 bias_lr=0.63 head_lr=800 tta_val_acc=0.9316
search_path step=1 muon_lr=0.016 muon_momentum=0.6 bias_lr=0.63 head_lr=800 tta_val_acc=0.9357
main hparams: muon_lr=0.016 muon_momentum=0.6 bias_lr=37 head_lr=1300 main=0.9268, best_cooldown=0.9333
muon_lr=0.026 muon_momentum=0.6 bias_lr=0.63 head_lr=800 -> tta_val_acc=0.9317
muon_lr=0.016 muon_momentum=0.6 bias_lr=0.63 head_lr=800 -> tta_val_acc=0.933
muon_lr=0.0093 muon_momentum=0.6 bias_lr=0.63 head_lr=800 -> tta_val_acc=0.9333
muon_lr=0.0056 muon_momentum=0.6 bias_lr=0.63 head_lr=800 -> tta_val_acc=0.9321
search_path step=0 muon_lr=0.026 muon_momentum=0.6 bias_lr=0.63 head_lr=800 tta_val_acc=0.9317
search_path step=1 muon_lr=0.0093 muon_momentum=0.6 bias_lr=0.63 head_lr=800 tta_val_acc=0.9333
main hparams: muon_lr=0.026 muon_momentum=0.6 bias_lr=37 head_lr=1300 main=0.9278, best_cooldown=0.9357
muon_lr=0.026 muon_momentum=0.6 bias_lr=0.63 head_lr=800 -> tta_val_acc=0.9316
muon_lr=0.016 muon_momentum=0.6 bias_lr=0.63 head_lr=800 -> tta_val_acc=0.9357
muon_lr=0.0093 muon_momentum=0.6 bias_lr=0.63 head_lr=800 -> tta_val_acc=0.9352
muon_lr=0.016 muon_momentum=0.6 bias_lr=0.38 head_lr=800 -> tta_val_acc=0.9356
muon_lr=0.016 muon_momentum=0.6 bias_lr=0.23 head_lr=800 -> tta_val_acc=0.9353
muon_lr=0.016 muon_momentum=0.6 bias_lr=0.14 head_lr=800 -> tta_val_acc=0.9357
muon_lr=0.016 muon_momentum=0.6 bias_lr=1 head_lr=800 -> tta_val_acc=0.9354
muon_lr=0.016 muon_momentum=0.6 bias_lr=1.7 head_lr=800 -> tta_val_acc=0.9355
muon_lr=0.016 muon_momentum=0.6 bias_lr=2.9 head_lr=800 -> tta_val_acc=0.9354
muon_lr=0.016 muon_momentum=0.6 bias_lr=4.9 head_lr=800 -> tta_val_acc=0.9349
muon_lr=0.016 muon_momentum=0.6 bias_lr=0.63 head_lr=480 -> tta_val_acc=0.9355
muon_lr=0.016 muon_momentum=0.6 bias_lr=0.63 head_lr=290 -> tta_val_acc=0.9356
muon_lr=0.016 muon_momentum=0.6 bias_lr=0.63 head_lr=170 -> tta_val_acc=0.9355
muon_lr=0.016 muon_momentum=0.6 bias_lr=0.63 head_lr=1300 -> tta_val_acc=0.9353
muon_lr=0.016 muon_momentum=0.6 bias_lr=0.63 head_lr=2200 -> tta_val_acc=0.935
search_path step=0 muon_lr=0.026 muon_momentum=0.6 bias_lr=0.63 head_lr=800 tta_val_acc=0.9316
search_path step=1 muon_lr=0.016 muon_momentum=0.6 bias_lr=0.63 head_lr=800 tta_val_acc=0.9357
main hparams: muon_lr=0.026 muon_momentum=0.5 bias_lr=37 head_lr=1300 main=0.9282, best_cooldown=0.9347
muon_lr=0.016 muon_momentum=0.5 bias_lr=0.63 head_lr=800 -> tta_val_acc=0.9347
muon_lr=0.0093 muon_momentum=0.5 bias_lr=0.63 head_lr=800 -> tta_val_acc=0.9346
muon_lr=0.0056 muon_momentum=0.5 bias_lr=0.63 head_lr=800 -> tta_val_acc=0.9342
muon_lr=0.0034 muon_momentum=0.5 bias_lr=0.63 head_lr=800 -> tta_val_acc=0.9332
muon_lr=0.026 muon_momentum=0.5 bias_lr=0.63 head_lr=800 -> tta_val_acc=0.9336
search_path step=0 muon_lr=0.016 muon_momentum=0.5 bias_lr=0.63 head_lr=800 tta_val_acc=0.9347
main hparams: muon_lr=0.026 muon_momentum=0.7 bias_lr=37 head_lr=1300 main=0.9268, best_cooldown=0.9358
muon_lr=0.016 muon_momentum=0.7 bias_lr=0.63 head_lr=800 -> tta_val_acc=0.9348
muon_lr=0.0093 muon_momentum=0.7 bias_lr=0.63 head_lr=800 -> tta_val_acc=0.9357
muon_lr=0.0056 muon_momentum=0.7 bias_lr=0.63 head_lr=800 -> tta_val_acc=0.9358
muon_lr=0.0034 muon_momentum=0.7 bias_lr=0.63 head_lr=800 -> tta_val_acc=0.9348
search_path step=0 muon_lr=0.016 muon_momentum=0.7 bias_lr=0.63 head_lr=800 tta_val_acc=0.9348
search_path step=1 muon_lr=0.0056 muon_momentum=0.7 bias_lr=0.63 head_lr=800 tta_val_acc=0.9358
main hparams: muon_lr=0.026 muon_momentum=0.8 bias_lr=37 head_lr=1300 main=0.9265, best_cooldown=0.9359
muon_lr=0.016 muon_momentum=0.8 bias_lr=0.63 head_lr=800 -> tta_val_acc=0.9345
muon_lr=0.0093 muon_momentum=0.8 bias_lr=0.63 head_lr=800 -> tta_val_acc=0.9355
muon_lr=0.0056 muon_momentum=0.8 bias_lr=0.63 head_lr=800 -> tta_val_acc=0.9359
muon_lr=0.0034 muon_momentum=0.8 bias_lr=0.63 head_lr=800 -> tta_val_acc=0.9354
search_path step=0 muon_lr=0.016 muon_momentum=0.8 bias_lr=0.63 head_lr=800 tta_val_acc=0.9345
search_path step=1 muon_lr=0.0056 muon_momentum=0.8 bias_lr=0.63 head_lr=800 tta_val_acc=0.9359
main hparams: muon_lr=0.026 muon_momentum=0.9 bias_lr=37 head_lr=1300 main=0.9258, best_cooldown=0.9358
muon_lr=0.016 muon_momentum=0.9 bias_lr=0.63 head_lr=800 -> tta_val_acc=0.9334
muon_lr=0.0093 muon_momentum=0.9 bias_lr=0.63 head_lr=800 -> tta_val_acc=0.9347
muon_lr=0.0056 muon_momentum=0.9 bias_lr=0.63 head_lr=800 -> tta_val_acc=0.9358
muon_lr=0.0034 muon_momentum=0.9 bias_lr=0.63 head_lr=800 -> tta_val_acc=0.9345
search_path step=0 muon_lr=0.016 muon_momentum=0.9 bias_lr=0.63 head_lr=800 tta_val_acc=0.9334
search_path step=1 muon_lr=0.0056 muon_momentum=0.9 bias_lr=0.63 head_lr=800 tta_val_acc=0.9358
main hparams: muon_lr=0.026 muon_momentum=0.95 bias_lr=37 head_lr=1300 main=0.9211, best_cooldown=0.9339
muon_lr=0.016 muon_momentum=0.95 bias_lr=0.63 head_lr=800 -> tta_val_acc=0.9293
muon_lr=0.0093 muon_momentum=0.95 bias_lr=0.63 head_lr=800 -> tta_val_acc=0.9321
muon_lr=0.0056 muon_momentum=0.95 bias_lr=0.63 head_lr=800 -> tta_val_acc=0.9339
muon_lr=0.0034 muon_momentum=0.95 bias_lr=0.63 head_lr=800 -> tta_val_acc=0.9337
muon_lr=0.002 muon_momentum=0.95 bias_lr=0.63 head_lr=800 -> tta_val_acc=0.9315
search_path step=0 muon_lr=0.016 muon_momentum=0.95 bias_lr=0.63 head_lr=800 tta_val_acc=0.9293
search_path step=1 muon_lr=0.0056 muon_momentum=0.95 bias_lr=0.63 head_lr=800 tta_val_acc=0.9339
main hparams: muon_lr=0.026 muon_momentum=0.8 bias_lr=37 head_lr=1300 main=0.9265, best_cooldown=0.9366
muon_lr=0.026 muon_momentum=0.8 bias_lr=0.63 head_lr=800 -> tta_val_acc=0.9296
muon_lr=0.016 muon_momentum=0.8 bias_lr=0.63 head_lr=800 -> tta_val_acc=0.9345
muon_lr=0.0093 muon_momentum=0.8 bias_lr=0.63 head_lr=800 -> tta_val_acc=0.9355
muon_lr=0.0056 muon_momentum=0.8 bias_lr=0.63 head_lr=800 -> tta_val_acc=0.9359
muon_lr=0.0034 muon_momentum=0.8 bias_lr=0.63 head_lr=800 -> tta_val_acc=0.9354
muon_lr=0.0056 muon_momentum=0.8 bias_lr=0.38 head_lr=800 -> tta_val_acc=0.9359
muon_lr=0.0056 muon_momentum=0.8 bias_lr=0.23 head_lr=800 -> tta_val_acc=0.9358
muon_lr=0.0056 muon_momentum=0.8 bias_lr=0.14 head_lr=800 -> tta_val_acc=0.9358
muon_lr=0.0056 muon_momentum=0.8 bias_lr=1 head_lr=800 -> tta_val_acc=0.9359
muon_lr=0.0056 muon_momentum=0.8 bias_lr=1.7 head_lr=800 -> tta_val_acc=0.936
muon_lr=0.0056 muon_momentum=0.8 bias_lr=2.9 head_lr=800 -> tta_val_acc=0.9356
muon_lr=0.0056 muon_momentum=0.8 bias_lr=4.9 head_lr=800 -> tta_val_acc=0.9361
muon_lr=0.0056 muon_momentum=0.8 bias_lr=8.1 head_lr=800 -> tta_val_acc=0.9363
muon_lr=0.0056 muon_momentum=0.8 bias_lr=13 head_lr=800 -> tta_val_acc=0.936
muon_lr=0.0056 muon_momentum=0.8 bias_lr=22 head_lr=800 -> tta_val_acc=0.9364
muon_lr=0.0056 muon_momentum=0.8 bias_lr=37 head_lr=800 -> tta_val_acc=0.9357
muon_lr=0.0034 muon_momentum=0.8 bias_lr=22 head_lr=800 -> tta_val_acc=0.9353
muon_lr=0.0093 muon_momentum=0.8 bias_lr=22 head_lr=800 -> tta_val_acc=0.9352
muon_lr=0.0056 muon_momentum=0.8 bias_lr=22 head_lr=480 -> tta_val_acc=0.9365
muon_lr=0.0056 muon_momentum=0.8 bias_lr=22 head_lr=290 -> tta_val_acc=0.9364
muon_lr=0.0056 muon_momentum=0.8 bias_lr=22 head_lr=170 -> tta_val_acc=0.9361
muon_lr=0.0056 muon_momentum=0.8 bias_lr=22 head_lr=100 -> tta_val_acc=0.9357
muon_lr=0.0034 muon_momentum=0.8 bias_lr=22 head_lr=480 -> tta_val_acc=0.9354
muon_lr=0.0093 muon_momentum=0.8 bias_lr=22 head_lr=480 -> tta_val_acc=0.9351
muon_lr=0.0056 muon_momentum=0.8 bias_lr=13 head_lr=480 -> tta_val_acc=0.936
muon_lr=0.0056 muon_momentum=0.8 bias_lr=8.1 head_lr=480 -> tta_val_acc=0.9365
muon_lr=0.0056 muon_momentum=0.8 bias_lr=4.9 head_lr=480 -> tta_val_acc=0.9359
muon_lr=0.0056 muon_momentum=0.8 bias_lr=37 head_lr=480 -> tta_val_acc=0.9359
muon_lr=0.0056 muon_momentum=0.8 bias_lr=22 head_lr=1300 -> tta_val_acc=0.9366
muon_lr=0.0056 muon_momentum=0.8 bias_lr=22 head_lr=2200 -> tta_val_acc=0.936
muon_lr=0.0034 muon_momentum=0.8 bias_lr=22 head_lr=1300 -> tta_val_acc=0.9355
muon_lr=0.0093 muon_momentum=0.8 bias_lr=22 head_lr=1300 -> tta_val_acc=0.9352
muon_lr=0.0056 muon_momentum=0.8 bias_lr=13 head_lr=1300 -> tta_val_acc=0.9365
muon_lr=0.0056 muon_momentum=0.8 bias_lr=8.1 head_lr=1300 -> tta_val_acc=0.9366
muon_lr=0.0056 muon_momentum=0.8 bias_lr=4.9 head_lr=1300 -> tta_val_acc=0.9366
muon_lr=0.0056 muon_momentum=0.8 bias_lr=37 head_lr=1300 -> tta_val_acc=0.9354
search_path step=0 muon_lr=0.026 muon_momentum=0.8 bias_lr=0.63 head_lr=800 tta_val_acc=0.9296
search_path step=1 muon_lr=0.0056 muon_momentum=0.8 bias_lr=0.63 head_lr=800 tta_val_acc=0.9359
search_path step=2 muon_lr=0.0056 muon_momentum=0.8 bias_lr=22 head_lr=800 tta_val_acc=0.9364
search_path step=3 muon_lr=0.0056 muon_momentum=0.8 bias_lr=22 head_lr=480 tta_val_acc=0.9365
search_path step=4 muon_lr=0.0056 muon_momentum=0.8 bias_lr=22 head_lr=1300 tta_val_acc=0.9366
main hparams: muon_lr=0.016 muon_momentum=0.8 bias_lr=37 head_lr=1300 main=0.9282, best_cooldown=0.935
muon_lr=0.0056 muon_momentum=0.8 bias_lr=22 head_lr=1300 -> tta_val_acc=0.9347
muon_lr=0.0034 muon_momentum=0.8 bias_lr=22 head_lr=1300 -> tta_val_acc=0.9347
muon_lr=0.002 muon_momentum=0.8 bias_lr=22 head_lr=1300 -> tta_val_acc=0.9344
muon_lr=0.0012 muon_momentum=0.8 bias_lr=22 head_lr=1300 -> tta_val_acc=0.9334
muon_lr=0.0093 muon_momentum=0.8 bias_lr=22 head_lr=1300 -> tta_val_acc=0.935
muon_lr=0.016 muon_momentum=0.8 bias_lr=22 head_lr=1300 -> tta_val_acc=0.934
search_path step=0 muon_lr=0.0056 muon_momentum=0.8 bias_lr=22 head_lr=1300 tta_val_acc=0.9347
search_path step=1 muon_lr=0.0093 muon_momentum=0.8 bias_lr=22 head_lr=1300 tta_val_acc=0.935
main hparams: muon_lr=0.043 muon_momentum=0.8 bias_lr=37 head_lr=1300 main=0.9161, best_cooldown=0.936
muon_lr=0.0056 muon_momentum=0.8 bias_lr=22 head_lr=1300 -> tta_val_acc=0.936
muon_lr=0.0034 muon_momentum=0.8 bias_lr=22 head_lr=1300 -> tta_val_acc=0.9335
muon_lr=0.0093 muon_momentum=0.8 bias_lr=22 head_lr=1300 -> tta_val_acc=0.9352
search_path step=0 muon_lr=0.0056 muon_momentum=0.8 bias_lr=22 head_lr=1300 tta_val_acc=0.936
main hparams: muon_lr=0.026 muon_momentum=0.8 bias_lr=22 head_lr=1300 main=0.9267, best_cooldown=0.9364
muon_lr=0.0056 muon_momentum=0.8 bias_lr=22 head_lr=1300 -> tta_val_acc=0.9361
muon_lr=0.0056 muon_momentum=0.8 bias_lr=13 head_lr=1300 -> tta_val_acc=0.9362
muon_lr=0.0056 muon_momentum=0.8 bias_lr=8.1 head_lr=1300 -> tta_val_acc=0.9364
muon_lr=0.0056 muon_momentum=0.8 bias_lr=4.9 head_lr=1300 -> tta_val_acc=0.9362
muon_lr=0.0056 muon_momentum=0.8 bias_lr=2.9 head_lr=1300 -> tta_val_acc=0.9362
muon_lr=0.0056 muon_momentum=0.8 bias_lr=1.7 head_lr=1300 -> tta_val_acc=0.9358
muon_lr=0.0056 muon_momentum=0.8 bias_lr=37 head_lr=1300 -> tta_val_acc=0.9359
search_path step=0 muon_lr=0.0056 muon_momentum=0.8 bias_lr=22 head_lr=1300 tta_val_acc=0.9361
search_path step=1 muon_lr=0.0056 muon_momentum=0.8 bias_lr=8.1 head_lr=1300 tta_val_acc=0.9364
main hparams: muon_lr=0.026 muon_momentum=0.8 bias_lr=13 head_lr=1300 main=0.9271, best_cooldown=0.9369
muon_lr=0.0056 muon_momentum=0.8 bias_lr=22 head_lr=1300 -> tta_val_acc=0.9362
muon_lr=0.0056 muon_momentum=0.8 bias_lr=13 head_lr=1300 -> tta_val_acc=0.9369
muon_lr=0.0056 muon_momentum=0.8 bias_lr=8.1 head_lr=1300 -> tta_val_acc=0.9367
muon_lr=0.0056 muon_momentum=0.8 bias_lr=4.9 head_lr=1300 -> tta_val_acc=0.9365
muon_lr=0.0056 muon_momentum=0.8 bias_lr=2.9 head_lr=1300 -> tta_val_acc=0.9365
search_path step=0 muon_lr=0.0056 muon_momentum=0.8 bias_lr=22 head_lr=1300 tta_val_acc=0.9362
search_path step=1 muon_lr=0.0056 muon_momentum=0.8 bias_lr=13 head_lr=1300 tta_val_acc=0.9369
main hparams: muon_lr=0.026 muon_momentum=0.8 bias_lr=8.1 head_lr=1300 main=0.9274, best_cooldown=0.9373
muon_lr=0.0056 muon_momentum=0.8 bias_lr=22 head_lr=1300 -> tta_val_acc=0.9367
muon_lr=0.0056 muon_momentum=0.8 bias_lr=13 head_lr=1300 -> tta_val_acc=0.937
muon_lr=0.0056 muon_momentum=0.8 bias_lr=8.1 head_lr=1300 -> tta_val_acc=0.9369
muon_lr=0.0056 muon_momentum=0.8 bias_lr=4.9 head_lr=1300 -> tta_val_acc=0.9373
muon_lr=0.0056 muon_momentum=0.8 bias_lr=2.9 head_lr=1300 -> tta_val_acc=0.937
muon_lr=0.0056 muon_momentum=0.8 bias_lr=1.7 head_lr=1300 -> tta_val_acc=0.9369
muon_lr=0.0056 muon_momentum=0.8 bias_lr=1 head_lr=1300 -> tta_val_acc=0.937
search_path step=0 muon_lr=0.0056 muon_momentum=0.8 bias_lr=22 head_lr=1300 tta_val_acc=0.9367
search_path step=1 muon_lr=0.0056 muon_momentum=0.8 bias_lr=4.9 head_lr=1300 tta_val_acc=0.9373
main hparams: muon_lr=0.026 muon_momentum=0.8 bias_lr=4.9 head_lr=1300 main=0.9271, best_cooldown=0.9367
muon_lr=0.0056 muon_momentum=0.8 bias_lr=22 head_lr=1300 -> tta_val_acc=0.9363
muon_lr=0.0056 muon_momentum=0.8 bias_lr=13 head_lr=1300 -> tta_val_acc=0.9365
muon_lr=0.0056 muon_momentum=0.8 bias_lr=8.1 head_lr=1300 -> tta_val_acc=0.9365
muon_lr=0.0056 muon_momentum=0.8 bias_lr=4.9 head_lr=1300 -> tta_val_acc=0.9364
muon_lr=0.0056 muon_momentum=0.8 bias_lr=2.9 head_lr=1300 -> tta_val_acc=0.9367
muon_lr=0.0056 muon_momentum=0.8 bias_lr=1.7 head_lr=1300 -> tta_val_acc=0.9362
muon_lr=0.0056 muon_momentum=0.8 bias_lr=37 head_lr=1300 -> tta_val_acc=0.9354
search_path step=0 muon_lr=0.0056 muon_momentum=0.8 bias_lr=22 head_lr=1300 tta_val_acc=0.9363
search_path step=1 muon_lr=0.0056 muon_momentum=0.8 bias_lr=2.9 head_lr=1300 tta_val_acc=0.9367
main hparams: muon_lr=0.026 muon_momentum=0.8 bias_lr=8.1 head_lr=1300 main=0.9274, best_cooldown=0.9375
muon_lr=0.026 muon_momentum=0.8 bias_lr=0.63 head_lr=800 -> tta_val_acc=0.9309
muon_lr=0.016 muon_momentum=0.8 bias_lr=0.63 head_lr=800 -> tta_val_acc=0.9337
muon_lr=0.0093 muon_momentum=0.8 bias_lr=0.63 head_lr=800 -> tta_val_acc=0.9357
muon_lr=0.0056 muon_momentum=0.8 bias_lr=0.63 head_lr=800 -> tta_val_acc=0.9367
muon_lr=0.0034 muon_momentum=0.8 bias_lr=0.63 head_lr=800 -> tta_val_acc=0.9366
muon_lr=0.002 muon_momentum=0.8 bias_lr=0.63 head_lr=800 -> tta_val_acc=0.9345
muon_lr=0.0056 muon_momentum=0.8 bias_lr=0.38 head_lr=800 -> tta_val_acc=0.9369
muon_lr=0.0056 muon_momentum=0.8 bias_lr=0.23 head_lr=800 -> tta_val_acc=0.9367
muon_lr=0.0056 muon_momentum=0.8 bias_lr=0.14 head_lr=800 -> tta_val_acc=0.9367
muon_lr=0.0056 muon_momentum=0.8 bias_lr=0.081 head_lr=800 -> tta_val_acc=0.9369
muon_lr=0.0034 muon_momentum=0.8 bias_lr=0.38 head_lr=800 -> tta_val_acc=0.9368
muon_lr=0.002 muon_momentum=0.8 bias_lr=0.38 head_lr=800 -> tta_val_acc=0.9346
muon_lr=0.0093 muon_momentum=0.8 bias_lr=0.38 head_lr=800 -> tta_val_acc=0.936
muon_lr=0.0056 muon_momentum=0.8 bias_lr=1 head_lr=800 -> tta_val_acc=0.9364
muon_lr=0.0056 muon_momentum=0.8 bias_lr=1.7 head_lr=800 -> tta_val_acc=0.9368
muon_lr=0.0056 muon_momentum=0.8 bias_lr=2.9 head_lr=800 -> tta_val_acc=0.9367
muon_lr=0.0056 muon_momentum=0.8 bias_lr=4.9 head_lr=800 -> tta_val_acc=0.937
muon_lr=0.0056 muon_momentum=0.8 bias_lr=8.1 head_lr=800 -> tta_val_acc=0.9375
muon_lr=0.0056 muon_momentum=0.8 bias_lr=13 head_lr=800 -> tta_val_acc=0.9374
muon_lr=0.0056 muon_momentum=0.8 bias_lr=22 head_lr=800 -> tta_val_acc=0.937
muon_lr=0.0034 muon_momentum=0.8 bias_lr=8.1 head_lr=800 -> tta_val_acc=0.9353
muon_lr=0.0093 muon_momentum=0.8 bias_lr=8.1 head_lr=800 -> tta_val_acc=0.9357
muon_lr=0.0056 muon_momentum=0.8 bias_lr=8.1 head_lr=480 -> tta_val_acc=0.9371
muon_lr=0.0056 muon_momentum=0.8 bias_lr=8.1 head_lr=290 -> tta_val_acc=0.9369
muon_lr=0.0056 muon_momentum=0.8 bias_lr=8.1 head_lr=1300 -> tta_val_acc=0.9369
search_path step=0 muon_lr=0.026 muon_momentum=0.8 bias_lr=0.63 head_lr=800 tta_val_acc=0.9309
search_path step=1 muon_lr=0.0056 muon_momentum=0.8 bias_lr=0.63 head_lr=800 tta_val_acc=0.9367
search_path step=2 muon_lr=0.0056 muon_momentum=0.8 bias_lr=0.38 head_lr=800 tta_val_acc=0.9369
search_path step=3 muon_lr=0.0056 muon_momentum=0.8 bias_lr=8.1 head_lr=800 tta_val_acc=0.9375
main hparams: muon_lr=0.016 muon_momentum=0.8 bias_lr=8.1 head_lr=1300 main=0.9293, best_cooldown=0.9358
muon_lr=0.0056 muon_momentum=0.8 bias_lr=8.1 head_lr=800 -> tta_val_acc=0.9358
muon_lr=0.0034 muon_momentum=0.8 bias_lr=8.1 head_lr=800 -> tta_val_acc=0.9343
muon_lr=0.0093 muon_momentum=0.8 bias_lr=8.1 head_lr=800 -> tta_val_acc=0.9355
muon_lr=0.016 muon_momentum=0.8 bias_lr=8.1 head_lr=800 -> tta_val_acc=0.9347
search_path step=0 muon_lr=0.0056 muon_momentum=0.8 bias_lr=8.1 head_lr=800 tta_val_acc=0.9358
main hparams: muon_lr=0.043 muon_momentum=0.8 bias_lr=8.1 head_lr=1300 main=0.9183, best_cooldown=0.9339
muon_lr=0.0056 muon_momentum=0.8 bias_lr=8.1 head_lr=800 -> tta_val_acc=0.9333
muon_lr=0.0034 muon_momentum=0.8 bias_lr=8.1 head_lr=800 -> tta_val_acc=0.9339
muon_lr=0.002 muon_momentum=0.8 bias_lr=8.1 head_lr=800 -> tta_val_acc=0.9314
search_path step=0 muon_lr=0.0056 muon_momentum=0.8 bias_lr=8.1 head_lr=800 tta_val_acc=0.9333
search_path step=1 muon_lr=0.0034 muon_momentum=0.8 bias_lr=8.1 head_lr=800 tta_val_acc=0.9339
main hparams: muon_lr=0.026 muon_momentum=0.7 bias_lr=8.1 head_lr=1300 main=0.929, best_cooldown=0.9364
muon_lr=0.0056 muon_momentum=0.7 bias_lr=8.1 head_lr=800 -> tta_val_acc=0.9357
muon_lr=0.0034 muon_momentum=0.7 bias_lr=8.1 head_lr=800 -> tta_val_acc=0.9343
muon_lr=0.0093 muon_momentum=0.7 bias_lr=8.1 head_lr=800 -> tta_val_acc=0.9363
muon_lr=0.016 muon_momentum=0.7 bias_lr=8.1 head_lr=800 -> tta_val_acc=0.9364
muon_lr=0.026 muon_momentum=0.7 bias_lr=8.1 head_lr=800 -> tta_val_acc=0.9324
search_path step=0 muon_lr=0.0056 muon_momentum=0.7 bias_lr=8.1 head_lr=800 tta_val_acc=0.9357
search_path step=1 muon_lr=0.016 muon_momentum=0.7 bias_lr=8.1 head_lr=800 tta_val_acc=0.9364
main hparams: muon_lr=0.026 muon_momentum=0.9 bias_lr=8.1 head_lr=1300 main=0.9253, best_cooldown=0.937
muon_lr=0.0056 muon_momentum=0.9 bias_lr=8.1 head_lr=800 -> tta_val_acc=0.937
muon_lr=0.0034 muon_momentum=0.9 bias_lr=8.1 head_lr=800 -> tta_val_acc=0.9366
muon_lr=0.002 muon_momentum=0.9 bias_lr=8.1 head_lr=800 -> tta_val_acc=0.9354
muon_lr=0.0093 muon_momentum=0.9 bias_lr=8.1 head_lr=800 -> tta_val_acc=0.9366
muon_lr=0.016 muon_momentum=0.9 bias_lr=8.1 head_lr=800 -> tta_val_acc=0.9346
search_path step=0 muon_lr=0.0056 muon_momentum=0.9 bias_lr=8.1 head_lr=800 tta_val_acc=0.937
main hparams: muon_lr=0.026 muon_momentum=0.8 bias_lr=8.1 head_lr=800 main=0.9282, best_cooldown=0.9372
muon_lr=0.0056 muon_momentum=0.8 bias_lr=8.1 head_lr=800 -> tta_val_acc=0.9371
muon_lr=0.0056 muon_momentum=0.8 bias_lr=8.1 head_lr=480 -> tta_val_acc=0.9368
muon_lr=0.0056 muon_momentum=0.8 bias_lr=8.1 head_lr=290 -> tta_val_acc=0.9365
muon_lr=0.0056 muon_momentum=0.8 bias_lr=8.1 head_lr=1300 -> tta_val_acc=0.937
muon_lr=0.0056 muon_momentum=0.8 bias_lr=8.1 head_lr=2200 -> tta_val_acc=0.9372
muon_lr=0.0056 muon_momentum=0.8 bias_lr=8.1 head_lr=3700 -> tta_val_acc=0.9364
search_path step=0 muon_lr=0.0056 muon_momentum=0.8 bias_lr=8.1 head_lr=800 tta_val_acc=0.9371
search_path step=1 muon_lr=0.0056 muon_momentum=0.8 bias_lr=8.1 head_lr=2200 tta_val_acc=0.9372
main hparams: muon_lr=0.026 muon_momentum=0.8 bias_lr=8.1 head_lr=480 main=0.9268, best_cooldown=0.9364
muon_lr=0.0056 muon_momentum=0.8 bias_lr=8.1 head_lr=800 -> tta_val_acc=0.9357
muon_lr=0.0056 muon_momentum=0.8 bias_lr=8.1 head_lr=480 -> tta_val_acc=0.9355
muon_lr=0.0056 muon_momentum=0.8 bias_lr=8.1 head_lr=290 -> tta_val_acc=0.9356
muon_lr=0.0056 muon_momentum=0.8 bias_lr=8.1 head_lr=170 -> tta_val_acc=0.9355
muon_lr=0.0056 muon_momentum=0.8 bias_lr=8.1 head_lr=1300 -> tta_val_acc=0.9361
muon_lr=0.0056 muon_momentum=0.8 bias_lr=8.1 head_lr=2200 -> tta_val_acc=0.9363
muon_lr=0.0056 muon_momentum=0.8 bias_lr=8.1 head_lr=3700 -> tta_val_acc=0.9364
muon_lr=0.0056 muon_momentum=0.8 bias_lr=8.1 head_lr=6200 -> tta_val_acc=0.9364
muon_lr=0.0056 muon_momentum=0.8 bias_lr=8.1 head_lr=10000 -> tta_val_acc=0.928
search_path step=0 muon_lr=0.0056 muon_momentum=0.8 bias_lr=8.1 head_lr=800 tta_val_acc=0.9357
search_path step=1 muon_lr=0.0056 muon_momentum=0.8 bias_lr=8.1 head_lr=3700 tta_val_acc=0.9364
main hparams: muon_lr=0.026 muon_momentum=0.8 bias_lr=8.1 head_lr=2200 main=0.928, best_cooldown=0.9381
muon_lr=0.0056 muon_momentum=0.8 bias_lr=8.1 head_lr=800 -> tta_val_acc=0.9379
muon_lr=0.0056 muon_momentum=0.8 bias_lr=8.1 head_lr=480 -> tta_val_acc=0.9381
muon_lr=0.0056 muon_momentum=0.8 bias_lr=8.1 head_lr=290 -> tta_val_acc=0.9379
muon_lr=0.0056 muon_momentum=0.8 bias_lr=8.1 head_lr=170 -> tta_val_acc=0.9375
muon_lr=0.0056 muon_momentum=0.8 bias_lr=8.1 head_lr=1300 -> tta_val_acc=0.9374
search_path step=0 muon_lr=0.0056 muon_momentum=0.8 bias_lr=8.1 head_lr=800 tta_val_acc=0.9379
search_path step=1 muon_lr=0.0056 muon_momentum=0.8 bias_lr=8.1 head_lr=480 tta_val_acc=0.9381
main hparams: muon_lr=0.026 muon_momentum=0.8 bias_lr=8.1 head_lr=3700 main=0.9279, best_cooldown=0.9377
muon_lr=0.0056 muon_momentum=0.8 bias_lr=8.1 head_lr=800 -> tta_val_acc=0.9376
muon_lr=0.0056 muon_momentum=0.8 bias_lr=8.1 head_lr=480 -> tta_val_acc=0.9375
muon_lr=0.0056 muon_momentum=0.8 bias_lr=8.1 head_lr=290 -> tta_val_acc=0.9372
muon_lr=0.0056 muon_momentum=0.8 bias_lr=8.1 head_lr=170 -> tta_val_acc=0.9377
muon_lr=0.0056 muon_momentum=0.8 bias_lr=8.1 head_lr=100 -> tta_val_acc=0.9376
muon_lr=0.0056 muon_momentum=0.8 bias_lr=8.1 head_lr=63 -> tta_val_acc=0.9374
muon_lr=0.0056 muon_momentum=0.8 bias_lr=8.1 head_lr=38 -> tta_val_acc=0.9375
search_path step=0 muon_lr=0.0056 muon_momentum=0.8 bias_lr=8.1 head_lr=800 tta_val_acc=0.9376
search_path step=1 muon_lr=0.0056 muon_momentum=0.8 bias_lr=8.1 head_lr=170 tta_val_acc=0.9377
main hparams: muon_lr=0.026 muon_momentum=0.8 bias_lr=8.1 head_lr=6200 main=0.9279, best_cooldown=0.9367
muon_lr=0.0056 muon_momentum=0.8 bias_lr=8.1 head_lr=800 -> tta_val_acc=0.936
muon_lr=0.0056 muon_momentum=0.8 bias_lr=8.1 head_lr=480 -> tta_val_acc=0.9361
muon_lr=0.0056 muon_momentum=0.8 bias_lr=8.1 head_lr=290 -> tta_val_acc=0.9361
muon_lr=0.0056 muon_momentum=0.8 bias_lr=8.1 head_lr=170 -> tta_val_acc=0.9366
muon_lr=0.0056 muon_momentum=0.8 bias_lr=8.1 head_lr=100 -> tta_val_acc=0.9367
muon_lr=0.0056 muon_momentum=0.8 bias_lr=8.1 head_lr=63 -> tta_val_acc=0.9363
muon_lr=0.0056 muon_momentum=0.8 bias_lr=8.1 head_lr=38 -> tta_val_acc=0.9365
muon_lr=0.0056 muon_momentum=0.8 bias_lr=8.1 head_lr=23 -> tta_val_acc=0.9362
search_path step=0 muon_lr=0.0056 muon_momentum=0.8 bias_lr=8.1 head_lr=800 tta_val_acc=0.936
search_path step=1 muon_lr=0.0056 muon_momentum=0.8 bias_lr=8.1 head_lr=100 tta_val_acc=0.9367
main hparams: muon_lr=0.026 muon_momentum=0.8 bias_lr=8.1 head_lr=2200 main=0.928, best_cooldown=0.9383
muon_lr=0.026 muon_momentum=0.8 bias_lr=0.63 head_lr=800 -> tta_val_acc=0.9291
muon_lr=0.016 muon_momentum=0.8 bias_lr=0.63 head_lr=800 -> tta_val_acc=0.935
muon_lr=0.0093 muon_momentum=0.8 bias_lr=0.63 head_lr=800 -> tta_val_acc=0.937
muon_lr=0.0056 muon_momentum=0.8 bias_lr=0.63 head_lr=800 -> tta_val_acc=0.9383
muon_lr=0.0034 muon_momentum=0.8 bias_lr=0.63 head_lr=800 -> tta_val_acc=0.9362
muon_lr=0.0056 muon_momentum=0.8 bias_lr=0.38 head_lr=800 -> tta_val_acc=0.938
muon_lr=0.0056 muon_momentum=0.8 bias_lr=0.23 head_lr=800 -> tta_val_acc=0.938
muon_lr=0.0056 muon_momentum=0.8 bias_lr=0.14 head_lr=800 -> tta_val_acc=0.9379
muon_lr=0.0056 muon_momentum=0.8 bias_lr=1 head_lr=800 -> tta_val_acc=0.9381
muon_lr=0.0056 muon_momentum=0.8 bias_lr=1.7 head_lr=800 -> tta_val_acc=0.9379
muon_lr=0.0056 muon_momentum=0.8 bias_lr=2.9 head_lr=800 -> tta_val_acc=0.9378
muon_lr=0.0056 muon_momentum=0.8 bias_lr=4.9 head_lr=800 -> tta_val_acc=0.9377
muon_lr=0.0056 muon_momentum=0.8 bias_lr=0.63 head_lr=480 -> tta_val_acc=0.9378
muon_lr=0.0056 muon_momentum=0.8 bias_lr=0.63 head_lr=290 -> tta_val_acc=0.9375
muon_lr=0.0056 muon_momentum=0.8 bias_lr=0.63 head_lr=1300 -> tta_val_acc=0.9378
muon_lr=0.0056 muon_momentum=0.8 bias_lr=0.63 head_lr=2200 -> tta_val_acc=0.9372
search_path step=0 muon_lr=0.026 muon_momentum=0.8 bias_lr=0.63 head_lr=800 tta_val_acc=0.9291
search_path step=1 muon_lr=0.0056 muon_momentum=0.8 bias_lr=0.63 head_lr=800 tta_val_acc=0.9383
main hparams: muon_lr=0.016 muon_momentum=0.8 bias_lr=8.1 head_lr=2200 main=0.93, best_cooldown=0.9353
muon_lr=0.0056 muon_momentum=0.8 bias_lr=0.63 head_lr=800 -> tta_val_acc=0.9346
muon_lr=0.0034 muon_momentum=0.8 bias_lr=0.63 head_lr=800 -> tta_val_acc=0.934
muon_lr=0.0093 muon_momentum=0.8 bias_lr=0.63 head_lr=800 -> tta_val_acc=0.9353
muon_lr=0.016 muon_momentum=0.8 bias_lr=0.63 head_lr=800 -> tta_val_acc=0.9341
search_path step=0 muon_lr=0.0056 muon_momentum=0.8 bias_lr=0.63 head_lr=800 tta_val_acc=0.9346
search_path step=1 muon_lr=0.0093 muon_momentum=0.8 bias_lr=0.63 head_lr=800 tta_val_acc=0.9353
main hparams: muon_lr=0.043 muon_momentum=0.8 bias_lr=8.1 head_lr=2200 main=0.9194, best_cooldown=0.9335
muon_lr=0.0056 muon_momentum=0.8 bias_lr=0.63 head_lr=800 -> tta_val_acc=0.933
muon_lr=0.0034 muon_momentum=0.8 bias_lr=0.63 head_lr=800 -> tta_val_acc=0.9326
muon_lr=0.002 muon_momentum=0.8 bias_lr=0.63 head_lr=800 -> tta_val_acc=0.9311
muon_lr=0.0093 muon_momentum=0.8 bias_lr=0.63 head_lr=800 -> tta_val_acc=0.9335
muon_lr=0.016 muon_momentum=0.8 bias_lr=0.63 head_lr=800 -> tta_val_acc=0.9327
search_path step=0 muon_lr=0.0056 muon_momentum=0.8 bias_lr=0.63 head_lr=800 tta_val_acc=0.933
search_path step=1 muon_lr=0.0093 muon_momentum=0.8 bias_lr=0.63 head_lr=800 tta_val_acc=0.9335
main hparams: muon_lr=0.026 muon_momentum=0.7 bias_lr=8.1 head_lr=2200 main=0.9286, best_cooldown=0.9378
muon_lr=0.0056 muon_momentum=0.7 bias_lr=0.63 head_lr=800 -> tta_val_acc=0.9367
muon_lr=0.0034 muon_momentum=0.7 bias_lr=0.63 head_lr=800 -> tta_val_acc=0.9339
muon_lr=0.0093 muon_momentum=0.7 bias_lr=0.63 head_lr=800 -> tta_val_acc=0.9378
muon_lr=0.016 muon_momentum=0.7 bias_lr=0.63 head_lr=800 -> tta_val_acc=0.936
search_path step=0 muon_lr=0.0056 muon_momentum=0.7 bias_lr=0.63 head_lr=800 tta_val_acc=0.9367
search_path step=1 muon_lr=0.0093 muon_momentum=0.7 bias_lr=0.63 head_lr=800 tta_val_acc=0.9378
main hparams: muon_lr=0.026 muon_momentum=0.6 bias_lr=8.1 head_lr=2200 main=0.9297, best_cooldown=0.9361
muon_lr=0.0056 muon_momentum=0.6 bias_lr=0.63 head_lr=800 -> tta_val_acc=0.9343
muon_lr=0.0034 muon_momentum=0.6 bias_lr=0.63 head_lr=800 -> tta_val_acc=0.9339
muon_lr=0.002 muon_momentum=0.6 bias_lr=0.63 head_lr=800 -> tta_val_acc=0.933
muon_lr=0.0093 muon_momentum=0.6 bias_lr=0.63 head_lr=800 -> tta_val_acc=0.9361
muon_lr=0.016 muon_momentum=0.6 bias_lr=0.63 head_lr=800 -> tta_val_acc=0.9352
search_path step=0 muon_lr=0.0056 muon_momentum=0.6 bias_lr=0.63 head_lr=800 tta_val_acc=0.9343
search_path step=1 muon_lr=0.0093 muon_momentum=0.6 bias_lr=0.63 head_lr=800 tta_val_acc=0.9361
main hparams: muon_lr=0.026 muon_momentum=0.9 bias_lr=8.1 head_lr=2200 main=0.9245, best_cooldown=0.9366
muon_lr=0.0056 muon_momentum=0.9 bias_lr=0.63 head_lr=800 -> tta_val_acc=0.9364
muon_lr=0.0034 muon_momentum=0.9 bias_lr=0.63 head_lr=800 -> tta_val_acc=0.9348
muon_lr=0.0093 muon_momentum=0.9 bias_lr=0.63 head_lr=800 -> tta_val_acc=0.9366
muon_lr=0.016 muon_momentum=0.9 bias_lr=0.63 head_lr=800 -> tta_val_acc=0.9338
search_path step=0 muon_lr=0.0056 muon_momentum=0.9 bias_lr=0.63 head_lr=800 tta_val_acc=0.9364
search_path step=1 muon_lr=0.0093 muon_momentum=0.9 bias_lr=0.63 head_lr=800 tta_val_acc=0.9366
main hparams: muon_lr=0.026 muon_momentum=0.8 bias_lr=4.9 head_lr=2200 main=0.9274, best_cooldown=0.9374
muon_lr=0.0056 muon_momentum=0.8 bias_lr=0.63 head_lr=800 -> tta_val_acc=0.9371
muon_lr=0.0056 muon_momentum=0.8 bias_lr=0.38 head_lr=800 -> tta_val_acc=0.9371
muon_lr=0.0056 muon_momentum=0.8 bias_lr=0.23 head_lr=800 -> tta_val_acc=0.937
muon_lr=0.0056 muon_momentum=0.8 bias_lr=0.14 head_lr=800 -> tta_val_acc=0.9367
muon_lr=0.0056 muon_momentum=0.8 bias_lr=1 head_lr=800 -> tta_val_acc=0.9369
muon_lr=0.0056 muon_momentum=0.8 bias_lr=1.7 head_lr=800 -> tta_val_acc=0.9371
muon_lr=0.0056 muon_momentum=0.8 bias_lr=2.9 head_lr=800 -> tta_val_acc=0.9373
muon_lr=0.0056 muon_momentum=0.8 bias_lr=4.9 head_lr=800 -> tta_val_acc=0.9368
muon_lr=0.0056 muon_momentum=0.8 bias_lr=8.1 head_lr=800 -> tta_val_acc=0.9369
muon_lr=0.0056 muon_momentum=0.8 bias_lr=13 head_lr=800 -> tta_val_acc=0.9374
muon_lr=0.0056 muon_momentum=0.8 bias_lr=22 head_lr=800 -> tta_val_acc=0.9367
search_path step=0 muon_lr=0.0056 muon_momentum=0.8 bias_lr=0.63 head_lr=800 tta_val_acc=0.9371
search_path step=1 muon_lr=0.0056 muon_momentum=0.8 bias_lr=13 head_lr=800 tta_val_acc=0.9374
main hparams: muon_lr=0.026 muon_momentum=0.8 bias_lr=13 head_lr=2200 main=0.927, best_cooldown=0.9378
muon_lr=0.0056 muon_momentum=0.8 bias_lr=0.63 head_lr=800 -> tta_val_acc=0.9377
muon_lr=0.0056 muon_momentum=0.8 bias_lr=0.38 head_lr=800 -> tta_val_acc=0.9374
muon_lr=0.0056 muon_momentum=0.8 bias_lr=0.23 head_lr=800 -> tta_val_acc=0.9372
muon_lr=0.0056 muon_momentum=0.8 bias_lr=1 head_lr=800 -> tta_val_acc=0.9378
muon_lr=0.0056 muon_momentum=0.8 bias_lr=1.7 head_lr=800 -> tta_val_acc=0.937
search_path step=0 muon_lr=0.0056 muon_momentum=0.8 bias_lr=0.63 head_lr=800 tta_val_acc=0.9377
search_path step=1 muon_lr=0.0056 muon_momentum=0.8 bias_lr=1 head_lr=800 tta_val_acc=0.9378
main hparams: muon_lr=0.026 muon_momentum=0.8 bias_lr=22 head_lr=2200 main=0.9272, best_cooldown=0.9373
muon_lr=0.0056 muon_momentum=0.8 bias_lr=0.63 head_lr=800 -> tta_val_acc=0.936
muon_lr=0.0056 muon_momentum=0.8 bias_lr=0.38 head_lr=800 -> tta_val_acc=0.9359
muon_lr=0.0056 muon_momentum=0.8 bias_lr=0.23 head_lr=800 -> tta_val_acc=0.9356
muon_lr=0.0056 muon_momentum=0.8 bias_lr=0.14 head_lr=800 -> tta_val_acc=0.9357
muon_lr=0.0056 muon_momentum=0.8 bias_lr=1 head_lr=800 -> tta_val_acc=0.9359
muon_lr=0.0056 muon_momentum=0.8 bias_lr=1.7 head_lr=800 -> tta_val_acc=0.9359
muon_lr=0.0056 muon_momentum=0.8 bias_lr=2.9 head_lr=800 -> tta_val_acc=0.9364
muon_lr=0.0056 muon_momentum=0.8 bias_lr=4.9 head_lr=800 -> tta_val_acc=0.9363
muon_lr=0.0056 muon_momentum=0.8 bias_lr=8.1 head_lr=800 -> tta_val_acc=0.9369
muon_lr=0.0056 muon_momentum=0.8 bias_lr=13 head_lr=800 -> tta_val_acc=0.9371
muon_lr=0.0056 muon_momentum=0.8 bias_lr=22 head_lr=800 -> tta_val_acc=0.9373
muon_lr=0.0056 muon_momentum=0.8 bias_lr=37 head_lr=800 -> tta_val_acc=0.9351
search_path step=0 muon_lr=0.0056 muon_momentum=0.8 bias_lr=0.63 head_lr=800 tta_val_acc=0.936
search_path step=1 muon_lr=0.0056 muon_momentum=0.8 bias_lr=22 head_lr=800 tta_val_acc=0.9373
search_path step=0 muon_lr=0.12 muon_momentum=0.6 bias_lr=37 head_lr=1300 tta_val_acc=0.9295
search_path step=1 muon_lr=0.026 muon_momentum=0.6 bias_lr=37 head_lr=1300 tta_val_acc=0.9357
search_path step=2 muon_lr=0.026 muon_momentum=0.8 bias_lr=37 head_lr=1300 tta_val_acc=0.9366
search_path step=3 muon_lr=0.026 muon_momentum=0.8 bias_lr=8.1 head_lr=1300 tta_val_acc=0.9375
search_path step=4 muon_lr=0.026 muon_momentum=0.8 bias_lr=8.1 head_lr=2200 tta_val_acc=0.9383
train_hparams run=0 interval=2 start_step=80 completed_steps=40 total_steps=200 muon_lr=0.026 muon_momentum=0.8 bias_lr=8.1 head_lr=2200 muon_nesterov=False
train_loss run=0 interval=2 step=81 loss=1.16724
train_loss run=0 interval=2 step=82 loss=1.12684
train_loss run=0 interval=2 step=83 loss=1.1222
train_loss run=0 interval=2 step=84 loss=1.10739
train_loss run=0 interval=2 step=85 loss=1.10811
train_loss run=0 interval=2 step=86 loss=1.08215
train_loss run=0 interval=2 step=87 loss=1.09242
train_loss run=0 interval=2 step=88 loss=1.09112
train_loss run=0 interval=2 step=89 loss=1.07444
train_loss run=0 interval=2 step=90 loss=1.07862
train_loss run=0 interval=2 step=91 loss=1.06431
train_loss run=0 interval=2 step=92 loss=1.08067
train_loss run=0 interval=2 step=93 loss=1.07255
train_loss run=0 interval=2 step=94 loss=1.07895
train_loss run=0 interval=2 step=95 loss=1.07555
train_loss run=0 interval=2 step=96 loss=1.05907
train_loss run=0 interval=2 step=97 loss=1.069
train_loss run=0 interval=2 step=98 loss=1.06387
train_loss run=0 interval=2 step=99 loss=1.05942
train_loss run=0 interval=2 step=100 loss=1.05837
train_loss run=0 interval=2 step=101 loss=1.02929
train_loss run=0 interval=2 step=102 loss=1.03229
train_loss run=0 interval=2 step=103 loss=1.02235
train_loss run=0 interval=2 step=104 loss=1.03792
train_loss run=0 interval=2 step=105 loss=1.0104
train_loss run=0 interval=2 step=106 loss=1.02963
train_loss run=0 interval=2 step=107 loss=1.02094
train_loss run=0 interval=2 step=108 loss=1.02554
train_loss run=0 interval=2 step=109 loss=1.02918
train_loss run=0 interval=2 step=110 loss=1.02941
train_loss run=0 interval=2 step=111 loss=1.02979
train_loss run=0 interval=2 step=112 loss=1.01295
train_loss run=0 interval=2 step=113 loss=1.02698
train_loss run=0 interval=2 step=114 loss=1.01877
train_loss run=0 interval=2 step=115 loss=1.01347
train_loss run=0 interval=2 step=116 loss=1.02371
train_loss run=0 interval=2 step=117 loss=1.01947
train_loss run=0 interval=2 step=118 loss=1.01011
train_loss run=0 interval=2 step=119 loss=1.02521
train_loss run=0 interval=2 step=120 loss=1.00233
interval_boundary_eval run=0 interval=2 step=120 total_steps=200 tta_val_acc=0.928
main hparams: muon_lr=0.026 muon_momentum=0.8 bias_lr=8.1 head_lr=2200 main=0.9302, best_cooldown=0.9409
muon_lr=0.0056 muon_momentum=0.8 bias_lr=0.63 head_lr=800 -> tta_val_acc=0.9397
muon_lr=0.0034 muon_momentum=0.8 bias_lr=0.63 head_lr=800 -> tta_val_acc=0.9372
muon_lr=0.0093 muon_momentum=0.8 bias_lr=0.63 head_lr=800 -> tta_val_acc=0.9405
muon_lr=0.016 muon_momentum=0.8 bias_lr=0.63 head_lr=800 -> tta_val_acc=0.9379
muon_lr=0.0093 muon_momentum=0.8 bias_lr=0.38 head_lr=800 -> tta_val_acc=0.9402
muon_lr=0.0093 muon_momentum=0.8 bias_lr=0.23 head_lr=800 -> tta_val_acc=0.9406
muon_lr=0.0093 muon_momentum=0.8 bias_lr=0.14 head_lr=800 -> tta_val_acc=0.9402
muon_lr=0.0093 muon_momentum=0.8 bias_lr=0.081 head_lr=800 -> tta_val_acc=0.9406
muon_lr=0.0093 muon_momentum=0.8 bias_lr=0.049 head_lr=800 -> tta_val_acc=0.9403
muon_lr=0.0056 muon_momentum=0.8 bias_lr=0.23 head_lr=800 -> tta_val_acc=0.9398
muon_lr=0.016 muon_momentum=0.8 bias_lr=0.23 head_lr=800 -> tta_val_acc=0.9382
muon_lr=0.0093 muon_momentum=0.8 bias_lr=1 head_lr=800 -> tta_val_acc=0.9403
muon_lr=0.0093 muon_momentum=0.8 bias_lr=1.7 head_lr=800 -> tta_val_acc=0.9399
muon_lr=0.0093 muon_momentum=0.8 bias_lr=0.23 head_lr=480 -> tta_val_acc=0.9405
muon_lr=0.0093 muon_momentum=0.8 bias_lr=0.23 head_lr=290 -> tta_val_acc=0.9399
muon_lr=0.0093 muon_momentum=0.8 bias_lr=0.23 head_lr=1300 -> tta_val_acc=0.9409
muon_lr=0.0093 muon_momentum=0.8 bias_lr=0.23 head_lr=2200 -> tta_val_acc=0.9404
muon_lr=0.0093 muon_momentum=0.8 bias_lr=0.23 head_lr=3700 -> tta_val_acc=0.9409
muon_lr=0.0093 muon_momentum=0.8 bias_lr=0.23 head_lr=6200 -> tta_val_acc=0.9394
muon_lr=0.0056 muon_momentum=0.8 bias_lr=0.23 head_lr=1300 -> tta_val_acc=0.9396
muon_lr=0.016 muon_momentum=0.8 bias_lr=0.23 head_lr=1300 -> tta_val_acc=0.9381
muon_lr=0.0093 muon_momentum=0.8 bias_lr=0.14 head_lr=1300 -> tta_val_acc=0.9404
muon_lr=0.0093 muon_momentum=0.8 bias_lr=0.081 head_lr=1300 -> tta_val_acc=0.9408
muon_lr=0.0093 muon_momentum=0.8 bias_lr=0.049 head_lr=1300 -> tta_val_acc=0.9409
muon_lr=0.0093 muon_momentum=0.8 bias_lr=0.38 head_lr=1300 -> tta_val_acc=0.9406
muon_lr=0.0093 muon_momentum=0.8 bias_lr=0.63 head_lr=1300 -> tta_val_acc=0.9406
muon_lr=0.0093 muon_momentum=0.8 bias_lr=1 head_lr=1300 -> tta_val_acc=0.9405
muon_lr=0.0093 muon_momentum=0.8 bias_lr=1.7 head_lr=1300 -> tta_val_acc=0.9402
search_path step=0 muon_lr=0.0056 muon_momentum=0.8 bias_lr=0.63 head_lr=800 tta_val_acc=0.9397
search_path step=1 muon_lr=0.0093 muon_momentum=0.8 bias_lr=0.63 head_lr=800 tta_val_acc=0.9405
search_path step=2 muon_lr=0.0093 muon_momentum=0.8 bias_lr=0.23 head_lr=800 tta_val_acc=0.9406
search_path step=3 muon_lr=0.0093 muon_momentum=0.8 bias_lr=0.23 head_lr=1300 tta_val_acc=0.9409
main hparams: muon_lr=0.016 muon_momentum=0.8 bias_lr=8.1 head_lr=2200 main=0.9345, best_cooldown=0.94
muon_lr=0.0093 muon_momentum=0.8 bias_lr=0.23 head_lr=1300 -> tta_val_acc=0.94
muon_lr=0.0056 muon_momentum=0.8 bias_lr=0.23 head_lr=1300 -> tta_val_acc=0.9398
muon_lr=0.0034 muon_momentum=0.8 bias_lr=0.23 head_lr=1300 -> tta_val_acc=0.9391
muon_lr=0.016 muon_momentum=0.8 bias_lr=0.23 head_lr=1300 -> tta_val_acc=0.9367
search_path step=0 muon_lr=0.0093 muon_momentum=0.8 bias_lr=0.23 head_lr=1300 tta_val_acc=0.94
main hparams: muon_lr=0.043 muon_momentum=0.8 bias_lr=8.1 head_lr=2200 main=0.9218, best_cooldown=0.9383
muon_lr=0.0093 muon_momentum=0.8 bias_lr=0.23 head_lr=1300 -> tta_val_acc=0.9383
muon_lr=0.0056 muon_momentum=0.8 bias_lr=0.23 head_lr=1300 -> tta_val_acc=0.9375
muon_lr=0.016 muon_momentum=0.8 bias_lr=0.23 head_lr=1300 -> tta_val_acc=0.9359
search_path step=0 muon_lr=0.0093 muon_momentum=0.8 bias_lr=0.23 head_lr=1300 tta_val_acc=0.9383
main hparams: muon_lr=0.026 muon_momentum=0.7 bias_lr=8.1 head_lr=2200 main=0.933, best_cooldown=0.9397
muon_lr=0.0093 muon_momentum=0.7 bias_lr=0.23 head_lr=1300 -> tta_val_acc=0.9391
muon_lr=0.0056 muon_momentum=0.7 bias_lr=0.23 head_lr=1300 -> tta_val_acc=0.9397
muon_lr=0.0034 muon_momentum=0.7 bias_lr=0.23 head_lr=1300 -> tta_val_acc=0.9387
search_path step=0 muon_lr=0.0093 muon_momentum=0.7 bias_lr=0.23 head_lr=1300 tta_val_acc=0.9391
search_path step=1 muon_lr=0.0056 muon_momentum=0.7 bias_lr=0.23 head_lr=1300 tta_val_acc=0.9397
main hparams: muon_lr=0.026 muon_momentum=0.9 bias_lr=8.1 head_lr=2200 main=0.9249, best_cooldown=0.9398
muon_lr=0.0093 muon_momentum=0.9 bias_lr=0.23 head_lr=1300 -> tta_val_acc=0.9398
muon_lr=0.0056 muon_momentum=0.9 bias_lr=0.23 head_lr=1300 -> tta_val_acc=0.9391
muon_lr=0.016 muon_momentum=0.9 bias_lr=0.23 head_lr=1300 -> tta_val_acc=0.9341
search_path step=0 muon_lr=0.0093 muon_momentum=0.9 bias_lr=0.23 head_lr=1300 tta_val_acc=0.9398
main hparams: muon_lr=0.026 muon_momentum=0.8 bias_lr=4.9 head_lr=2200 main=0.9305, best_cooldown=0.9414
muon_lr=0.0093 muon_momentum=0.8 bias_lr=0.23 head_lr=1300 -> tta_val_acc=0.941
muon_lr=0.0093 muon_momentum=0.8 bias_lr=0.14 head_lr=1300 -> tta_val_acc=0.941
muon_lr=0.0093 muon_momentum=0.8 bias_lr=0.081 head_lr=1300 -> tta_val_acc=0.941
muon_lr=0.0093 muon_momentum=0.8 bias_lr=0.049 head_lr=1300 -> tta_val_acc=0.9411
muon_lr=0.0093 muon_momentum=0.8 bias_lr=0.029 head_lr=1300 -> tta_val_acc=0.9408
muon_lr=0.0093 muon_momentum=0.8 bias_lr=0.018 head_lr=1300 -> tta_val_acc=0.9414
muon_lr=0.0093 muon_momentum=0.8 bias_lr=0.011 head_lr=1300 -> tta_val_acc=0.9414
muon_lr=0.0093 muon_momentum=0.8 bias_lr=0.0063 head_lr=1300 -> tta_val_acc=0.941
muon_lr=0.0093 muon_momentum=0.8 bias_lr=0.0038 head_lr=1300 -> tta_val_acc=0.9411
search_path step=0 muon_lr=0.0093 muon_momentum=0.8 bias_lr=0.23 head_lr=1300 tta_val_acc=0.941
search_path step=1 muon_lr=0.0093 muon_momentum=0.8 bias_lr=0.018 head_lr=1300 tta_val_acc=0.9414
main hparams: muon_lr=0.026 muon_momentum=0.8 bias_lr=2.9 head_lr=2200 main=0.9306, best_cooldown=0.9407
muon_lr=0.0093 muon_momentum=0.8 bias_lr=0.23 head_lr=1300 -> tta_val_acc=0.9404
muon_lr=0.0093 muon_momentum=0.8 bias_lr=0.14 head_lr=1300 -> tta_val_acc=0.9407
muon_lr=0.0093 muon_momentum=0.8 bias_lr=0.081 head_lr=1300 -> tta_val_acc=0.9401
muon_lr=0.0093 muon_momentum=0.8 bias_lr=0.38 head_lr=1300 -> tta_val_acc=0.9404
muon_lr=0.0093 muon_momentum=0.8 bias_lr=0.63 head_lr=1300 -> tta_val_acc=0.9404
muon_lr=0.0093 muon_momentum=0.8 bias_lr=1 head_lr=1300 -> tta_val_acc=0.9402
search_path step=0 muon_lr=0.0093 muon_momentum=0.8 bias_lr=0.23 head_lr=1300 tta_val_acc=0.9404
search_path step=1 muon_lr=0.0093 muon_momentum=0.8 bias_lr=0.14 head_lr=1300 tta_val_acc=0.9407
main hparams: muon_lr=0.026 muon_momentum=0.8 bias_lr=4.9 head_lr=2200 main=0.9305, best_cooldown=0.9417
muon_lr=0.0056 muon_momentum=0.8 bias_lr=0.63 head_lr=800 -> tta_val_acc=0.9392
muon_lr=0.0034 muon_momentum=0.8 bias_lr=0.63 head_lr=800 -> tta_val_acc=0.9373
muon_lr=0.0093 muon_momentum=0.8 bias_lr=0.63 head_lr=800 -> tta_val_acc=0.941
muon_lr=0.016 muon_momentum=0.8 bias_lr=0.63 head_lr=800 -> tta_val_acc=0.9374
muon_lr=0.0093 muon_momentum=0.8 bias_lr=0.38 head_lr=800 -> tta_val_acc=0.9407
muon_lr=0.0093 muon_momentum=0.8 bias_lr=0.23 head_lr=800 -> tta_val_acc=0.9412
muon_lr=0.0093 muon_momentum=0.8 bias_lr=0.14 head_lr=800 -> tta_val_acc=0.941
muon_lr=0.0093 muon_momentum=0.8 bias_lr=0.081 head_lr=800 -> tta_val_acc=0.9411
muon_lr=0.0093 muon_momentum=0.8 bias_lr=0.049 head_lr=800 -> tta_val_acc=0.9414
muon_lr=0.0093 muon_momentum=0.8 bias_lr=0.029 head_lr=800 -> tta_val_acc=0.941
muon_lr=0.0093 muon_momentum=0.8 bias_lr=0.018 head_lr=800 -> tta_val_acc=0.941
muon_lr=0.0093 muon_momentum=0.8 bias_lr=0.011 head_lr=800 -> tta_val_acc=0.9413
muon_lr=0.0056 muon_momentum=0.8 bias_lr=0.049 head_lr=800 -> tta_val_acc=0.9388
muon_lr=0.016 muon_momentum=0.8 bias_lr=0.049 head_lr=800 -> tta_val_acc=0.9372
muon_lr=0.0093 muon_momentum=0.8 bias_lr=0.049 head_lr=480 -> tta_val_acc=0.9408
muon_lr=0.0093 muon_momentum=0.8 bias_lr=0.049 head_lr=1300 -> tta_val_acc=0.9411
muon_lr=0.0093 muon_momentum=0.8 bias_lr=0.049 head_lr=2200 -> tta_val_acc=0.9417
muon_lr=0.0093 muon_momentum=0.8 bias_lr=0.049 head_lr=3700 -> tta_val_acc=0.9402
muon_lr=0.0056 muon_momentum=0.8 bias_lr=0.049 head_lr=2200 -> tta_val_acc=0.939
muon_lr=0.016 muon_momentum=0.8 bias_lr=0.049 head_lr=2200 -> tta_val_acc=0.9378
muon_lr=0.0093 muon_momentum=0.8 bias_lr=0.029 head_lr=2200 -> tta_val_acc=0.9414
muon_lr=0.0093 muon_momentum=0.8 bias_lr=0.018 head_lr=2200 -> tta_val_acc=0.9412
muon_lr=0.0093 muon_momentum=0.8 bias_lr=0.081 head_lr=2200 -> tta_val_acc=0.9411
search_path step=0 muon_lr=0.0056 muon_momentum=0.8 bias_lr=0.63 head_lr=800 tta_val_acc=0.9392
search_path step=1 muon_lr=0.0093 muon_momentum=0.8 bias_lr=0.63 head_lr=800 tta_val_acc=0.941
search_path step=2 muon_lr=0.0093 muon_momentum=0.8 bias_lr=0.049 head_lr=800 tta_val_acc=0.9414
search_path step=3 muon_lr=0.0093 muon_momentum=0.8 bias_lr=0.049 head_lr=2200 tta_val_acc=0.9417
main hparams: muon_lr=0.016 muon_momentum=0.8 bias_lr=4.9 head_lr=2200 main=0.9351, best_cooldown=0.9399
muon_lr=0.0093 muon_momentum=0.8 bias_lr=0.049 head_lr=2200 -> tta_val_acc=0.9399
muon_lr=0.0056 muon_momentum=0.8 bias_lr=0.049 head_lr=2200 -> tta_val_acc=0.9393
muon_lr=0.016 muon_momentum=0.8 bias_lr=0.049 head_lr=2200 -> tta_val_acc=0.9385
search_path step=0 muon_lr=0.0093 muon_momentum=0.8 bias_lr=0.049 head_lr=2200 tta_val_acc=0.9399
main hparams: muon_lr=0.043 muon_momentum=0.8 bias_lr=4.9 head_lr=2200 main=0.9208, best_cooldown=0.9388
muon_lr=0.0093 muon_momentum=0.8 bias_lr=0.049 head_lr=2200 -> tta_val_acc=0.9388
muon_lr=0.0056 muon_momentum=0.8 bias_lr=0.049 head_lr=2200 -> tta_val_acc=0.9382
muon_lr=0.016 muon_momentum=0.8 bias_lr=0.049 head_lr=2200 -> tta_val_acc=0.9356
search_path step=0 muon_lr=0.0093 muon_momentum=0.8 bias_lr=0.049 head_lr=2200 tta_val_acc=0.9388
main hparams: muon_lr=0.026 muon_momentum=0.7 bias_lr=4.9 head_lr=2200 main=0.9327, best_cooldown=0.9407
muon_lr=0.0093 muon_momentum=0.7 bias_lr=0.049 head_lr=2200 -> tta_val_acc=0.9402
muon_lr=0.0056 muon_momentum=0.7 bias_lr=0.049 head_lr=2200 -> tta_val_acc=0.9407
muon_lr=0.0034 muon_momentum=0.7 bias_lr=0.049 head_lr=2200 -> tta_val_acc=0.939
search_path step=0 muon_lr=0.0093 muon_momentum=0.7 bias_lr=0.049 head_lr=2200 tta_val_acc=0.9402
search_path step=1 muon_lr=0.0056 muon_momentum=0.7 bias_lr=0.049 head_lr=2200 tta_val_acc=0.9407
main hparams: muon_lr=0.026 muon_momentum=0.9 bias_lr=4.9 head_lr=2200 main=0.9241, best_cooldown=0.9411
muon_lr=0.0093 muon_momentum=0.9 bias_lr=0.049 head_lr=2200 -> tta_val_acc=0.9411
muon_lr=0.0056 muon_momentum=0.9 bias_lr=0.049 head_lr=2200 -> tta_val_acc=0.9393
muon_lr=0.016 muon_momentum=0.9 bias_lr=0.049 head_lr=2200 -> tta_val_acc=0.9358
search_path step=0 muon_lr=0.0093 muon_momentum=0.9 bias_lr=0.049 head_lr=2200 tta_val_acc=0.9411
main hparams: muon_lr=0.026 muon_momentum=0.8 bias_lr=4.9 head_lr=1300 main=0.9308, best_cooldown=0.941
muon_lr=0.0093 muon_momentum=0.8 bias_lr=0.049 head_lr=2200 -> tta_val_acc=0.94
muon_lr=0.0093 muon_momentum=0.8 bias_lr=0.049 head_lr=1300 -> tta_val_acc=0.9399
muon_lr=0.0093 muon_momentum=0.8 bias_lr=0.049 head_lr=800 -> tta_val_acc=0.9398
muon_lr=0.0093 muon_momentum=0.8 bias_lr=0.049 head_lr=480 -> tta_val_acc=0.9404
muon_lr=0.0093 muon_momentum=0.8 bias_lr=0.049 head_lr=290 -> tta_val_acc=0.9409
muon_lr=0.0093 muon_momentum=0.8 bias_lr=0.049 head_lr=170 -> tta_val_acc=0.9409
muon_lr=0.0093 muon_momentum=0.8 bias_lr=0.049 head_lr=100 -> tta_val_acc=0.9404
muon_lr=0.0093 muon_momentum=0.8 bias_lr=0.049 head_lr=63 -> tta_val_acc=0.941
muon_lr=0.0093 muon_momentum=0.8 bias_lr=0.049 head_lr=38 -> tta_val_acc=0.9408
muon_lr=0.0093 muon_momentum=0.8 bias_lr=0.049 head_lr=23 -> tta_val_acc=0.9401
search_path step=0 muon_lr=0.0093 muon_momentum=0.8 bias_lr=0.049 head_lr=2200 tta_val_acc=0.94
search_path step=1 muon_lr=0.0093 muon_momentum=0.8 bias_lr=0.049 head_lr=63 tta_val_acc=0.941
main hparams: muon_lr=0.026 muon_momentum=0.8 bias_lr=4.9 head_lr=3700 main=0.9306, best_cooldown=0.941
muon_lr=0.0093 muon_momentum=0.8 bias_lr=0.049 head_lr=2200 -> tta_val_acc=0.9406
muon_lr=0.0093 muon_momentum=0.8 bias_lr=0.049 head_lr=1300 -> tta_val_acc=0.9403
muon_lr=0.0093 muon_momentum=0.8 bias_lr=0.049 head_lr=800 -> tta_val_acc=0.9403
muon_lr=0.0093 muon_momentum=0.8 bias_lr=0.049 head_lr=480 -> tta_val_acc=0.9409
muon_lr=0.0093 muon_momentum=0.8 bias_lr=0.049 head_lr=290 -> tta_val_acc=0.9408
muon_lr=0.0093 muon_momentum=0.8 bias_lr=0.049 head_lr=170 -> tta_val_acc=0.941
muon_lr=0.0093 muon_momentum=0.8 bias_lr=0.049 head_lr=100 -> tta_val_acc=0.9406
muon_lr=0.0093 muon_momentum=0.8 bias_lr=0.049 head_lr=63 -> tta_val_acc=0.9407
muon_lr=0.0093 muon_momentum=0.8 bias_lr=0.049 head_lr=38 -> tta_val_acc=0.9408
search_path step=0 muon_lr=0.0093 muon_momentum=0.8 bias_lr=0.049 head_lr=2200 tta_val_acc=0.9406
search_path step=1 muon_lr=0.0093 muon_momentum=0.8 bias_lr=0.049 head_lr=170 tta_val_acc=0.941
search_path step=0 muon_lr=0.026 muon_momentum=0.8 bias_lr=8.1 head_lr=2200 tta_val_acc=0.9409
search_path step=1 muon_lr=0.026 muon_momentum=0.8 bias_lr=4.9 head_lr=2200 tta_val_acc=0.9417
train_hparams run=0 interval=3 start_step=120 completed_steps=40 total_steps=200 muon_lr=0.026 muon_momentum=0.8 bias_lr=4.9 head_lr=2200 muon_nesterov=False
train_loss run=0 interval=3 step=121 loss=1.01104
train_loss run=0 interval=3 step=122 loss=1.01034
train_loss run=0 interval=3 step=123 loss=1.00436
train_loss run=0 interval=3 step=124 loss=1.04055
train_loss run=0 interval=3 step=125 loss=1.00051
train_loss run=0 interval=3 step=126 loss=0.995968
train_loss run=0 interval=3 step=127 loss=0.986231
train_loss run=0 interval=3 step=128 loss=0.992928
train_loss run=0 interval=3 step=129 loss=0.995699
train_loss run=0 interval=3 step=130 loss=0.985365
train_loss run=0 interval=3 step=131 loss=0.990114
train_loss run=0 interval=3 step=132 loss=0.996376
train_loss run=0 interval=3 step=133 loss=0.994706
train_loss run=0 interval=3 step=134 loss=0.987638
train_loss run=0 interval=3 step=135 loss=0.985947
train_loss run=0 interval=3 step=136 loss=0.995675
train_loss run=0 interval=3 step=137 loss=0.992488
train_loss run=0 interval=3 step=138 loss=0.983564
train_loss run=0 interval=3 step=139 loss=0.990028
train_loss run=0 interval=3 step=140 loss=0.988108
train_loss run=0 interval=3 step=141 loss=0.989638
train_loss run=0 interval=3 step=142 loss=0.987955
train_loss run=0 interval=3 step=143 loss=0.990684
train_loss run=0 interval=3 step=144 loss=0.985843
train_loss run=0 interval=3 step=145 loss=1.00186
train_loss run=0 interval=3 step=146 loss=0.999123
train_loss run=0 interval=3 step=147 loss=0.987252
train_loss run=0 interval=3 step=148 loss=0.987702
train_loss run=0 interval=3 step=149 loss=0.989194
train_loss run=0 interval=3 step=150 loss=0.995846
train_loss run=0 interval=3 step=151 loss=0.974471
train_loss run=0 interval=3 step=152 loss=0.970115
train_loss run=0 interval=3 step=153 loss=0.968619
train_loss run=0 interval=3 step=154 loss=0.969233
train_loss run=0 interval=3 step=155 loss=0.97781
train_loss run=0 interval=3 step=156 loss=0.975021
train_loss run=0 interval=3 step=157 loss=0.963007
train_loss run=0 interval=3 step=158 loss=0.967243
train_loss run=0 interval=3 step=159 loss=0.974556
train_loss run=0 interval=3 step=160 loss=0.967645
interval_boundary_eval run=0 interval=3 step=160 total_steps=200 tta_val_acc=0.9305
main hparams: muon_lr=0.026 muon_momentum=0.8 bias_lr=4.9 head_lr=2200 main=0.9324
main hparams: muon_lr=0.016 muon_momentum=0.8 bias_lr=4.9 head_lr=2200 main=0.9378
main hparams: muon_lr=0.0093 muon_momentum=0.8 bias_lr=4.9 head_lr=2200 main=0.9403
main hparams: muon_lr=0.0056 muon_momentum=0.8 bias_lr=4.9 head_lr=2200 main=0.9384
main hparams: muon_lr=0.0093 muon_momentum=0.7 bias_lr=4.9 head_lr=2200 main=0.941
main hparams: muon_lr=0.0093 muon_momentum=0.6 bias_lr=4.9 head_lr=2200 main=0.9406
main hparams: muon_lr=0.0093 muon_momentum=0.5 bias_lr=4.9 head_lr=2200 main=0.9402
main hparams: muon_lr=0.0056 muon_momentum=0.7 bias_lr=4.9 head_lr=2200 main=0.9384
main hparams: muon_lr=0.016 muon_momentum=0.7 bias_lr=4.9 head_lr=2200 main=0.9385
main hparams: muon_lr=0.0093 muon_momentum=0.7 bias_lr=2.9 head_lr=2200 main=0.9412
main hparams: muon_lr=0.0093 muon_momentum=0.7 bias_lr=1.7 head_lr=2200 main=0.9411
main hparams: muon_lr=0.0093 muon_momentum=0.7 bias_lr=1 head_lr=2200 main=0.9411
main hparams: muon_lr=0.0093 muon_momentum=0.7 bias_lr=0.63 head_lr=2200 main=0.9413
main hparams: muon_lr=0.0093 muon_momentum=0.7 bias_lr=0.38 head_lr=2200 main=0.9411
main hparams: muon_lr=0.0093 muon_momentum=0.7 bias_lr=0.23 head_lr=2200 main=0.9413
main hparams: muon_lr=0.0093 muon_momentum=0.7 bias_lr=0.14 head_lr=2200 main=0.941
main hparams: muon_lr=0.0056 muon_momentum=0.7 bias_lr=0.63 head_lr=2200 main=0.9389
main hparams: muon_lr=0.016 muon_momentum=0.7 bias_lr=0.63 head_lr=2200 main=0.939
main hparams: muon_lr=0.0093 muon_momentum=0.6 bias_lr=0.63 head_lr=2200 main=0.9404
main hparams: muon_lr=0.0093 muon_momentum=0.8 bias_lr=0.63 head_lr=2200 main=0.9413
main hparams: muon_lr=0.0093 muon_momentum=0.9 bias_lr=0.63 head_lr=2200 main=0.9393
main hparams: muon_lr=0.0093 muon_momentum=0.7 bias_lr=8.1 head_lr=2200 main=0.9407
main hparams: muon_lr=0.0093 muon_momentum=0.7 bias_lr=0.63 head_lr=1300 main=0.9411
main hparams: muon_lr=0.0093 muon_momentum=0.7 bias_lr=0.63 head_lr=800 main=0.941
main hparams: muon_lr=0.0093 muon_momentum=0.7 bias_lr=0.63 head_lr=480 main=0.9412
main hparams: muon_lr=0.0093 muon_momentum=0.7 bias_lr=0.63 head_lr=3700 main=0.94
search_path step=0 muon_lr=0.026 muon_momentum=0.8 bias_lr=4.9 head_lr=2200 tta_val_acc=0.9324
search_path step=1 muon_lr=0.0093 muon_momentum=0.8 bias_lr=4.9 head_lr=2200 tta_val_acc=0.9403
search_path step=2 muon_lr=0.0093 muon_momentum=0.7 bias_lr=4.9 head_lr=2200 tta_val_acc=0.941
search_path step=3 muon_lr=0.0093 muon_momentum=0.7 bias_lr=0.63 head_lr=2200 tta_val_acc=0.9413
train_hparams run=0 interval=4 start_step=160 completed_steps=40 total_steps=200 muon_lr=0.0093 muon_momentum=0.7 bias_lr=0.63 head_lr=2200 muon_nesterov=False
train_loss run=0 interval=4 step=161 loss=0.960007
train_loss run=0 interval=4 step=162 loss=0.963803
train_loss run=0 interval=4 step=163 loss=0.959204
train_loss run=0 interval=4 step=164 loss=0.954844
train_loss run=0 interval=4 step=165 loss=0.961822
train_loss run=0 interval=4 step=166 loss=0.955966
train_loss run=0 interval=4 step=167 loss=0.957667
train_loss run=0 interval=4 step=168 loss=0.961722
train_loss run=0 interval=4 step=169 loss=0.961688
train_loss run=0 interval=4 step=170 loss=0.952065
train_loss run=0 interval=4 step=171 loss=0.954469
train_loss run=0 interval=4 step=172 loss=0.957397
train_loss run=0 interval=4 step=173 loss=0.960601
train_loss run=0 interval=4 step=174 loss=0.96043
train_loss run=0 interval=4 step=175 loss=0.942877
train_loss run=0 interval=4 step=176 loss=0.927047
train_loss run=0 interval=4 step=177 loss=0.926461
train_loss run=0 interval=4 step=178 loss=0.927935
train_loss run=0 interval=4 step=179 loss=0.926782
train_loss run=0 interval=4 step=180 loss=0.92929
train_loss run=0 interval=4 step=181 loss=0.928988
train_loss run=0 interval=4 step=182 loss=0.930136
train_loss run=0 interval=4 step=183 loss=0.929921
train_loss run=0 interval=4 step=184 loss=0.925662
train_loss run=0 interval=4 step=185 loss=0.926045
train_loss run=0 interval=4 step=186 loss=0.93123
train_loss run=0 interval=4 step=187 loss=0.932769
train_loss run=0 interval=4 step=188 loss=0.927507
train_loss run=0 interval=4 step=189 loss=0.930245
train_loss run=0 interval=4 step=190 loss=0.926337
train_loss run=0 interval=4 step=191 loss=0.92748
train_loss run=0 interval=4 step=192 loss=0.923702
train_loss run=0 interval=4 step=193 loss=0.927633
train_loss run=0 interval=4 step=194 loss=0.926464
train_loss run=0 interval=4 step=195 loss=0.925301
train_loss run=0 interval=4 step=196 loss=0.928372
train_loss run=0 interval=4 step=197 loss=0.929674
train_loss run=0 interval=4 step=198 loss=0.925014
train_loss run=0 interval=4 step=199 loss=0.919969
train_loss run=0 interval=4 step=200 loss=0.926624
Batch size:          2000
Train epochs:        8
Train steps:         200
N steps:             40
M cooldown steps:    40
Search hparams:      muon_lr,muon_momentum,bias_lr,head_lr
Cooldown hparams:    muon_lr,bias_lr,head_lr
Muon nesterov:       False
Val acc:             0.9284
TTA val acc:         0.9413
Run seconds:         1722.393
