cifar_search_simple run=0 batch_size=2000 train_epochs=8 n_steps=40 m_steps=40 search_hparams=muon_lr,muon_momentum,bias_lr,head_lr cooldown_search_hparams=muon_lr,bias_lr,head_lr muon_nesterov=False initial_muon_lr=0.2 initial_muon_momentum=0.6 initial_muon_momentum_index=6 initial_bias_lr=104 initial_head_lr=1340
main hparams: muon_lr=0.2 muon_momentum=0.6 bias_lr=100 head_lr=1300 main=0.7934
main hparams: muon_lr=0.12 muon_momentum=0.6 bias_lr=100 head_lr=1300 main=0.8372
main hparams: muon_lr=0.072 muon_momentum=0.6 bias_lr=100 head_lr=1300 main=0.8402
main hparams: muon_lr=0.043 muon_momentum=0.6 bias_lr=100 head_lr=1300 main=0.8288
main hparams: muon_lr=0.072 muon_momentum=0.5 bias_lr=100 head_lr=1300 main=0.8447
main hparams: muon_lr=0.072 muon_momentum=0.4 bias_lr=100 head_lr=1300 main=0.8407
main hparams: muon_lr=0.043 muon_momentum=0.5 bias_lr=100 head_lr=1300 main=0.8245
main hparams: muon_lr=0.12 muon_momentum=0.5 bias_lr=100 head_lr=1300 main=0.8436
main hparams: muon_lr=0.072 muon_momentum=0.5 bias_lr=62 head_lr=1300 main=0.8436
main hparams: muon_lr=0.072 muon_momentum=0.5 bias_lr=170 head_lr=1300 main=0.8395
main hparams: muon_lr=0.072 muon_momentum=0.5 bias_lr=100 head_lr=800 main=0.8474
main hparams: muon_lr=0.072 muon_momentum=0.5 bias_lr=100 head_lr=480 main=0.8442
main hparams: muon_lr=0.043 muon_momentum=0.5 bias_lr=100 head_lr=800 main=0.8248
main hparams: muon_lr=0.12 muon_momentum=0.5 bias_lr=100 head_lr=800 main=0.8352
main hparams: muon_lr=0.072 muon_momentum=0.4 bias_lr=100 head_lr=800 main=0.8328
main hparams: muon_lr=0.072 muon_momentum=0.6 bias_lr=100 head_lr=800 main=0.8412
main hparams: muon_lr=0.072 muon_momentum=0.5 bias_lr=62 head_lr=800 main=0.843
main hparams: muon_lr=0.072 muon_momentum=0.5 bias_lr=170 head_lr=800 main=0.8332
search_path step=0 muon_lr=0.2 muon_momentum=0.6 bias_lr=100 head_lr=1300 tta_val_acc=0.7934
search_path step=1 muon_lr=0.072 muon_momentum=0.6 bias_lr=100 head_lr=1300 tta_val_acc=0.8402
search_path step=2 muon_lr=0.072 muon_momentum=0.5 bias_lr=100 head_lr=1300 tta_val_acc=0.8447
search_path step=3 muon_lr=0.072 muon_momentum=0.5 bias_lr=100 head_lr=800 tta_val_acc=0.8474
main hparams: muon_lr=0.072 muon_momentum=0.5 bias_lr=100 head_lr=800 main=0.8474, best_cooldown=0.8998
muon_lr=0.072 muon_momentum=0.5 bias_lr=100 head_lr=800 -> tta_val_acc=0.8818
muon_lr=0.043 muon_momentum=0.5 bias_lr=100 head_lr=800 -> tta_val_acc=0.8933
muon_lr=0.026 muon_momentum=0.5 bias_lr=100 head_lr=800 -> tta_val_acc=0.8934
muon_lr=0.016 muon_momentum=0.5 bias_lr=100 head_lr=800 -> tta_val_acc=0.89
muon_lr=0.026 muon_momentum=0.5 bias_lr=62 head_lr=800 -> tta_val_acc=0.8974
muon_lr=0.026 muon_momentum=0.5 bias_lr=37 head_lr=800 -> tta_val_acc=0.8971
muon_lr=0.026 muon_momentum=0.5 bias_lr=22 head_lr=800 -> tta_val_acc=0.8984
muon_lr=0.026 muon_momentum=0.5 bias_lr=13 head_lr=800 -> tta_val_acc=0.8985
muon_lr=0.026 muon_momentum=0.5 bias_lr=8.1 head_lr=800 -> tta_val_acc=0.8998
muon_lr=0.026 muon_momentum=0.5 bias_lr=4.9 head_lr=800 -> tta_val_acc=0.8989
muon_lr=0.016 muon_momentum=0.5 bias_lr=8.1 head_lr=800 -> tta_val_acc=0.8945
muon_lr=0.043 muon_momentum=0.5 bias_lr=8.1 head_lr=800 -> tta_val_acc=0.8973
muon_lr=0.026 muon_momentum=0.5 bias_lr=8.1 head_lr=480 -> tta_val_acc=0.8983
muon_lr=0.026 muon_momentum=0.5 bias_lr=8.1 head_lr=1300 -> tta_val_acc=0.8978
search_path step=0 muon_lr=0.072 muon_momentum=0.5 bias_lr=100 head_lr=800 tta_val_acc=0.8818
search_path step=1 muon_lr=0.026 muon_momentum=0.5 bias_lr=100 head_lr=800 tta_val_acc=0.8934
search_path step=2 muon_lr=0.026 muon_momentum=0.5 bias_lr=8.1 head_lr=800 tta_val_acc=0.8998
main hparams: muon_lr=0.072 muon_momentum=0.5 bias_lr=100 head_lr=800 main=0.8474, best_cooldown=0.8998
main hparams: muon_lr=0.043 muon_momentum=0.5 bias_lr=100 head_lr=800 main=0.8248, best_cooldown=0.8857
main hparams: muon_lr=0.12 muon_momentum=0.5 bias_lr=100 head_lr=800 main=0.8352, best_cooldown=0.9081
main hparams: muon_lr=0.2 muon_momentum=0.5 bias_lr=100 head_lr=800 main=0.8276, best_cooldown=0.9037
main hparams: muon_lr=0.12 muon_momentum=0.4 bias_lr=100 head_lr=800 main=0.835, best_cooldown=0.9045
main hparams: muon_lr=0.12 muon_momentum=0.6 bias_lr=100 head_lr=800 main=0.8503, best_cooldown=0.9075
main hparams: muon_lr=0.12 muon_momentum=0.5 bias_lr=62 head_lr=800 main=0.851, best_cooldown=0.9079
main hparams: muon_lr=0.12 muon_momentum=0.5 bias_lr=37 head_lr=800 main=0.8405, best_cooldown=0.9059
main hparams: muon_lr=0.12 muon_momentum=0.5 bias_lr=170 head_lr=800 main=0.8351, best_cooldown=0.9089
main hparams: muon_lr=0.12 muon_momentum=0.5 bias_lr=290 head_lr=800 main=0.8331, best_cooldown=0.9041
main hparams: muon_lr=0.072 muon_momentum=0.5 bias_lr=170 head_lr=800 main=0.8332, best_cooldown=0.898
main hparams: muon_lr=0.2 muon_momentum=0.5 bias_lr=170 head_lr=800 main=0.8033, best_cooldown=0.9027
main hparams: muon_lr=0.12 muon_momentum=0.4 bias_lr=170 head_lr=800 main=0.8291, best_cooldown=0.9051
main hparams: muon_lr=0.12 muon_momentum=0.6 bias_lr=170 head_lr=800 main=0.836, best_cooldown=0.9068
main hparams: muon_lr=0.12 muon_momentum=0.5 bias_lr=170 head_lr=480 main=0.8347, best_cooldown=0.9049
main hparams: muon_lr=0.12 muon_momentum=0.5 bias_lr=170 head_lr=1300 main=0.8275, best_cooldown=0.9039
search_path step=0 muon_lr=0.072 muon_momentum=0.5 bias_lr=100 head_lr=800 tta_val_acc=0.8998
search_path step=1 muon_lr=0.12 muon_momentum=0.5 bias_lr=100 head_lr=800 tta_val_acc=0.9081
search_path step=2 muon_lr=0.12 muon_momentum=0.5 bias_lr=170 head_lr=800 tta_val_acc=0.9089
main hparams: muon_lr=0.12 muon_momentum=0.5 bias_lr=170 head_lr=800 main=0.8351, best_cooldown=0.911
muon_lr=0.026 muon_momentum=0.5 bias_lr=8.1 head_lr=800 -> tta_val_acc=0.9089
muon_lr=0.016 muon_momentum=0.5 bias_lr=8.1 head_lr=800 -> tta_val_acc=0.9023
muon_lr=0.043 muon_momentum=0.5 bias_lr=8.1 head_lr=800 -> tta_val_acc=0.9103
muon_lr=0.072 muon_momentum=0.5 bias_lr=8.1 head_lr=800 -> tta_val_acc=0.9
muon_lr=0.043 muon_momentum=0.5 bias_lr=4.9 head_lr=800 -> tta_val_acc=0.9096
muon_lr=0.043 muon_momentum=0.5 bias_lr=13 head_lr=800 -> tta_val_acc=0.911
muon_lr=0.043 muon_momentum=0.5 bias_lr=22 head_lr=800 -> tta_val_acc=0.911
muon_lr=0.043 muon_momentum=0.5 bias_lr=37 head_lr=800 -> tta_val_acc=0.9099
muon_lr=0.026 muon_momentum=0.5 bias_lr=22 head_lr=800 -> tta_val_acc=0.9084
muon_lr=0.072 muon_momentum=0.5 bias_lr=22 head_lr=800 -> tta_val_acc=0.9004
muon_lr=0.043 muon_momentum=0.5 bias_lr=22 head_lr=480 -> tta_val_acc=0.9099
muon_lr=0.043 muon_momentum=0.5 bias_lr=22 head_lr=1300 -> tta_val_acc=0.9105
muon_lr=0.043 muon_momentum=0.5 bias_lr=22 head_lr=2200 -> tta_val_acc=0.9102
search_path step=0 muon_lr=0.026 muon_momentum=0.5 bias_lr=8.1 head_lr=800 tta_val_acc=0.9089
search_path step=1 muon_lr=0.043 muon_momentum=0.5 bias_lr=8.1 head_lr=800 tta_val_acc=0.9103
search_path step=2 muon_lr=0.043 muon_momentum=0.5 bias_lr=22 head_lr=800 tta_val_acc=0.911
main hparams: muon_lr=0.12 muon_momentum=0.5 bias_lr=170 head_lr=800 main=0.8351, best_cooldown=0.911
main hparams: muon_lr=0.072 muon_momentum=0.5 bias_lr=170 head_lr=800 main=0.8332, best_cooldown=0.8975
main hparams: muon_lr=0.2 muon_momentum=0.5 bias_lr=170 head_lr=800 main=0.8033, best_cooldown=0.9076
main hparams: muon_lr=0.12 muon_momentum=0.4 bias_lr=170 head_lr=800 main=0.8291, best_cooldown=0.907
main hparams: muon_lr=0.12 muon_momentum=0.6 bias_lr=170 head_lr=800 main=0.836, best_cooldown=0.906
main hparams: muon_lr=0.12 muon_momentum=0.5 bias_lr=100 head_lr=800 main=0.8352, best_cooldown=0.9107
main hparams: muon_lr=0.12 muon_momentum=0.5 bias_lr=62 head_lr=800 main=0.851, best_cooldown=0.9081
main hparams: muon_lr=0.12 muon_momentum=0.5 bias_lr=290 head_lr=800 main=0.8331, best_cooldown=0.9038
main hparams: muon_lr=0.12 muon_momentum=0.5 bias_lr=170 head_lr=480 main=0.8347, best_cooldown=0.9057
main hparams: muon_lr=0.12 muon_momentum=0.5 bias_lr=170 head_lr=1300 main=0.8275, best_cooldown=0.9069
search_path step=0 muon_lr=0.12 muon_momentum=0.5 bias_lr=170 head_lr=800 tta_val_acc=0.911
train_hparams run=0 interval=0 start_step=0 completed_steps=40 total_steps=200 muon_lr=0.12 muon_momentum=0.5 bias_lr=170 head_lr=800 muon_nesterov=False
train_loss run=0 interval=0 step=1 loss=2.31009
train_loss run=0 interval=0 step=2 loss=2.24825
train_loss run=0 interval=0 step=3 loss=2.17985
train_loss run=0 interval=0 step=4 loss=2.08644
train_loss run=0 interval=0 step=5 loss=1.9883
train_loss run=0 interval=0 step=6 loss=1.89385
train_loss run=0 interval=0 step=7 loss=1.85115
train_loss run=0 interval=0 step=8 loss=1.80097
train_loss run=0 interval=0 step=9 loss=1.70878
train_loss run=0 interval=0 step=10 loss=1.69571
train_loss run=0 interval=0 step=11 loss=1.67351
train_loss run=0 interval=0 step=12 loss=1.63139
train_loss run=0 interval=0 step=13 loss=1.61729
train_loss run=0 interval=0 step=14 loss=1.60699
train_loss run=0 interval=0 step=15 loss=1.55285
train_loss run=0 interval=0 step=16 loss=1.53435
train_loss run=0 interval=0 step=17 loss=1.54929
train_loss run=0 interval=0 step=18 loss=1.47823
train_loss run=0 interval=0 step=19 loss=1.43574
train_loss run=0 interval=0 step=20 loss=1.43348
train_loss run=0 interval=0 step=21 loss=1.41103
train_loss run=0 interval=0 step=22 loss=1.37839
train_loss run=0 interval=0 step=23 loss=1.37478
train_loss run=0 interval=0 step=24 loss=1.37418
train_loss run=0 interval=0 step=25 loss=1.37416
train_loss run=0 interval=0 step=26 loss=1.38366
train_loss run=0 interval=0 step=27 loss=1.32792
train_loss run=0 interval=0 step=28 loss=1.34293
train_loss run=0 interval=0 step=29 loss=1.35988
train_loss run=0 interval=0 step=30 loss=1.31191
train_loss run=0 interval=0 step=31 loss=1.31064
train_loss run=0 interval=0 step=32 loss=1.28447
train_loss run=0 interval=0 step=33 loss=1.31677
train_loss run=0 interval=0 step=34 loss=1.27923
train_loss run=0 interval=0 step=35 loss=1.2952
train_loss run=0 interval=0 step=36 loss=1.29676
train_loss run=0 interval=0 step=37 loss=1.26359
train_loss run=0 interval=0 step=38 loss=1.26857
train_loss run=0 interval=0 step=39 loss=1.25031
train_loss run=0 interval=0 step=40 loss=1.26224
interval_boundary_eval run=0 interval=0 step=40 total_steps=200 tta_val_acc=0.8351
main hparams: muon_lr=0.12 muon_momentum=0.5 bias_lr=170 head_lr=800 main=0.865, best_cooldown=0.925
muon_lr=0.043 muon_momentum=0.5 bias_lr=22 head_lr=800 -> tta_val_acc=0.9203
muon_lr=0.026 muon_momentum=0.5 bias_lr=22 head_lr=800 -> tta_val_acc=0.9246
muon_lr=0.016 muon_momentum=0.5 bias_lr=22 head_lr=800 -> tta_val_acc=0.9244
muon_lr=0.0093 muon_momentum=0.5 bias_lr=22 head_lr=800 -> tta_val_acc=0.9219
muon_lr=0.026 muon_momentum=0.5 bias_lr=13 head_lr=800 -> tta_val_acc=0.9245
muon_lr=0.026 muon_momentum=0.5 bias_lr=8.1 head_lr=800 -> tta_val_acc=0.925
muon_lr=0.026 muon_momentum=0.5 bias_lr=4.9 head_lr=800 -> tta_val_acc=0.9248
muon_lr=0.026 muon_momentum=0.5 bias_lr=2.9 head_lr=800 -> tta_val_acc=0.9245
muon_lr=0.026 muon_momentum=0.5 bias_lr=1.7 head_lr=800 -> tta_val_acc=0.9237
muon_lr=0.016 muon_momentum=0.5 bias_lr=8.1 head_lr=800 -> tta_val_acc=0.9237
muon_lr=0.043 muon_momentum=0.5 bias_lr=8.1 head_lr=800 -> tta_val_acc=0.9209
muon_lr=0.026 muon_momentum=0.5 bias_lr=37 head_lr=800 -> tta_val_acc=0.9236
muon_lr=0.026 muon_momentum=0.5 bias_lr=8.1 head_lr=480 -> tta_val_acc=0.9239
muon_lr=0.026 muon_momentum=0.5 bias_lr=8.1 head_lr=1300 -> tta_val_acc=0.9244
search_path step=0 muon_lr=0.043 muon_momentum=0.5 bias_lr=22 head_lr=800 tta_val_acc=0.9203
search_path step=1 muon_lr=0.026 muon_momentum=0.5 bias_lr=22 head_lr=800 tta_val_acc=0.9246
search_path step=2 muon_lr=0.026 muon_momentum=0.5 bias_lr=8.1 head_lr=800 tta_val_acc=0.925
main hparams: muon_lr=0.12 muon_momentum=0.5 bias_lr=170 head_lr=800 main=0.865, best_cooldown=0.925
main hparams: muon_lr=0.072 muon_momentum=0.5 bias_lr=170 head_lr=800 main=0.8819, best_cooldown=0.9247
main hparams: muon_lr=0.043 muon_momentum=0.5 bias_lr=170 head_lr=800 main=0.8933, best_cooldown=0.9176
main hparams: muon_lr=0.2 muon_momentum=0.5 bias_lr=170 head_lr=800 main=0.8184, best_cooldown=0.9147
main hparams: muon_lr=0.12 muon_momentum=0.4 bias_lr=170 head_lr=800 main=0.8604, best_cooldown=0.924
main hparams: muon_lr=0.12 muon_momentum=0.6 bias_lr=170 head_lr=800 main=0.8535, best_cooldown=0.9224
main hparams: muon_lr=0.12 muon_momentum=0.5 bias_lr=100 head_lr=800 main=0.8658, best_cooldown=0.9236
main hparams: muon_lr=0.12 muon_momentum=0.5 bias_lr=290 head_lr=800 main=0.8475, best_cooldown=0.9202
main hparams: muon_lr=0.12 muon_momentum=0.5 bias_lr=170 head_lr=480 main=0.8642, best_cooldown=0.9239
main hparams: muon_lr=0.12 muon_momentum=0.5 bias_lr=170 head_lr=1300 main=0.8568, best_cooldown=0.9237
search_path step=0 muon_lr=0.12 muon_momentum=0.5 bias_lr=170 head_lr=800 tta_val_acc=0.925
train_hparams run=0 interval=1 start_step=40 completed_steps=40 total_steps=200 muon_lr=0.12 muon_momentum=0.5 bias_lr=170 head_lr=800 muon_nesterov=False
train_loss run=0 interval=1 step=41 loss=1.26892
train_loss run=0 interval=1 step=42 loss=1.26344
train_loss run=0 interval=1 step=43 loss=1.22624
train_loss run=0 interval=1 step=44 loss=1.24724
train_loss run=0 interval=1 step=45 loss=1.25481
train_loss run=0 interval=1 step=46 loss=1.25163
train_loss run=0 interval=1 step=47 loss=1.22901
train_loss run=0 interval=1 step=48 loss=1.24077
train_loss run=0 interval=1 step=49 loss=1.25339
train_loss run=0 interval=1 step=50 loss=1.25131
train_loss run=0 interval=1 step=51 loss=1.20986
train_loss run=0 interval=1 step=52 loss=1.22919
train_loss run=0 interval=1 step=53 loss=1.21315
train_loss run=0 interval=1 step=54 loss=1.20587
train_loss run=0 interval=1 step=55 loss=1.19268
train_loss run=0 interval=1 step=56 loss=1.22194
train_loss run=0 interval=1 step=57 loss=1.20799
train_loss run=0 interval=1 step=58 loss=1.20614
train_loss run=0 interval=1 step=59 loss=1.1857
train_loss run=0 interval=1 step=60 loss=1.2015
train_loss run=0 interval=1 step=61 loss=1.19375
train_loss run=0 interval=1 step=62 loss=1.20111
train_loss run=0 interval=1 step=63 loss=1.22008
train_loss run=0 interval=1 step=64 loss=1.21732
train_loss run=0 interval=1 step=65 loss=1.19339
train_loss run=0 interval=1 step=66 loss=1.21694
train_loss run=0 interval=1 step=67 loss=1.20309
train_loss run=0 interval=1 step=68 loss=1.19369
train_loss run=0 interval=1 step=69 loss=1.20888
train_loss run=0 interval=1 step=70 loss=1.18185
train_loss run=0 interval=1 step=71 loss=1.18833
train_loss run=0 interval=1 step=72 loss=1.17923
train_loss run=0 interval=1 step=73 loss=1.19622
train_loss run=0 interval=1 step=74 loss=1.18207
train_loss run=0 interval=1 step=75 loss=1.19801
train_loss run=0 interval=1 step=76 loss=1.15512
train_loss run=0 interval=1 step=77 loss=1.17423
train_loss run=0 interval=1 step=78 loss=1.20039
train_loss run=0 interval=1 step=79 loss=1.19065
train_loss run=0 interval=1 step=80 loss=1.14937
interval_boundary_eval run=0 interval=1 step=80 total_steps=200 tta_val_acc=0.865
main hparams: muon_lr=0.12 muon_momentum=0.5 bias_lr=170 head_lr=800 main=0.8783, best_cooldown=0.9304
muon_lr=0.026 muon_momentum=0.5 bias_lr=8.1 head_lr=800 -> tta_val_acc=0.9292
muon_lr=0.016 muon_momentum=0.5 bias_lr=8.1 head_lr=800 -> tta_val_acc=0.9281
muon_lr=0.043 muon_momentum=0.5 bias_lr=8.1 head_lr=800 -> tta_val_acc=0.9256
muon_lr=0.026 muon_momentum=0.5 bias_lr=4.9 head_lr=800 -> tta_val_acc=0.9288
muon_lr=0.026 muon_momentum=0.5 bias_lr=2.9 head_lr=800 -> tta_val_acc=0.9289
muon_lr=0.026 muon_momentum=0.5 bias_lr=1.7 head_lr=800 -> tta_val_acc=0.9289
muon_lr=0.026 muon_momentum=0.5 bias_lr=13 head_lr=800 -> tta_val_acc=0.9293
muon_lr=0.026 muon_momentum=0.5 bias_lr=22 head_lr=800 -> tta_val_acc=0.9297
muon_lr=0.026 muon_momentum=0.5 bias_lr=37 head_lr=800 -> tta_val_acc=0.9288
muon_lr=0.016 muon_momentum=0.5 bias_lr=22 head_lr=800 -> tta_val_acc=0.9292
muon_lr=0.0093 muon_momentum=0.5 bias_lr=22 head_lr=800 -> tta_val_acc=0.9259
muon_lr=0.043 muon_momentum=0.5 bias_lr=22 head_lr=800 -> tta_val_acc=0.924
muon_lr=0.026 muon_momentum=0.5 bias_lr=22 head_lr=480 -> tta_val_acc=0.93
muon_lr=0.026 muon_momentum=0.5 bias_lr=22 head_lr=290 -> tta_val_acc=0.9304
muon_lr=0.026 muon_momentum=0.5 bias_lr=22 head_lr=170 -> tta_val_acc=0.9303
muon_lr=0.026 muon_momentum=0.5 bias_lr=22 head_lr=100 -> tta_val_acc=0.9301
muon_lr=0.026 muon_momentum=0.5 bias_lr=22 head_lr=63 -> tta_val_acc=0.9297
muon_lr=0.016 muon_momentum=0.5 bias_lr=22 head_lr=290 -> tta_val_acc=0.9289
muon_lr=0.043 muon_momentum=0.5 bias_lr=22 head_lr=290 -> tta_val_acc=0.9235
muon_lr=0.026 muon_momentum=0.5 bias_lr=13 head_lr=290 -> tta_val_acc=0.9298
muon_lr=0.026 muon_momentum=0.5 bias_lr=37 head_lr=290 -> tta_val_acc=0.9293
search_path step=0 muon_lr=0.026 muon_momentum=0.5 bias_lr=8.1 head_lr=800 tta_val_acc=0.9292
search_path step=1 muon_lr=0.026 muon_momentum=0.5 bias_lr=22 head_lr=800 tta_val_acc=0.9297
search_path step=2 muon_lr=0.026 muon_momentum=0.5 bias_lr=22 head_lr=290 tta_val_acc=0.9304
main hparams: muon_lr=0.12 muon_momentum=0.5 bias_lr=170 head_lr=800 main=0.8783, best_cooldown=0.9304
main hparams: muon_lr=0.072 muon_momentum=0.5 bias_lr=170 head_lr=800 main=0.9059, best_cooldown=0.9313
main hparams: muon_lr=0.043 muon_momentum=0.5 bias_lr=170 head_lr=800 main=0.9168, best_cooldown=0.9286
main hparams: muon_lr=0.072 muon_momentum=0.4 bias_lr=170 head_lr=800 main=0.9088, best_cooldown=0.9288
main hparams: muon_lr=0.072 muon_momentum=0.6 bias_lr=170 head_lr=800 main=0.9023, best_cooldown=0.9306
main hparams: muon_lr=0.072 muon_momentum=0.5 bias_lr=100 head_lr=800 main=0.9113, best_cooldown=0.931
main hparams: muon_lr=0.072 muon_momentum=0.5 bias_lr=62 head_lr=800 main=0.91, best_cooldown=0.9296
main hparams: muon_lr=0.072 muon_momentum=0.5 bias_lr=290 head_lr=800 main=0.8923, best_cooldown=0.93
main hparams: muon_lr=0.072 muon_momentum=0.5 bias_lr=170 head_lr=480 main=0.9059, best_cooldown=0.9302
main hparams: muon_lr=0.072 muon_momentum=0.5 bias_lr=170 head_lr=1300 main=0.9044, best_cooldown=0.9304
search_path step=0 muon_lr=0.12 muon_momentum=0.5 bias_lr=170 head_lr=800 tta_val_acc=0.9304
search_path step=1 muon_lr=0.072 muon_momentum=0.5 bias_lr=170 head_lr=800 tta_val_acc=0.9313
main hparams: muon_lr=0.072 muon_momentum=0.5 bias_lr=170 head_lr=800 main=0.9059, best_cooldown=0.9341
muon_lr=0.026 muon_momentum=0.5 bias_lr=22 head_lr=290 -> tta_val_acc=0.9313
muon_lr=0.016 muon_momentum=0.5 bias_lr=22 head_lr=290 -> tta_val_acc=0.9337
muon_lr=0.0093 muon_momentum=0.5 bias_lr=22 head_lr=290 -> tta_val_acc=0.9314
muon_lr=0.016 muon_momentum=0.5 bias_lr=13 head_lr=290 -> tta_val_acc=0.9332
muon_lr=0.016 muon_momentum=0.5 bias_lr=8.1 head_lr=290 -> tta_val_acc=0.9328
muon_lr=0.016 muon_momentum=0.5 bias_lr=37 head_lr=290 -> tta_val_acc=0.9331
muon_lr=0.016 muon_momentum=0.5 bias_lr=22 head_lr=170 -> tta_val_acc=0.9333
muon_lr=0.016 muon_momentum=0.5 bias_lr=22 head_lr=100 -> tta_val_acc=0.9329
muon_lr=0.016 muon_momentum=0.5 bias_lr=22 head_lr=480 -> tta_val_acc=0.9334
muon_lr=0.016 muon_momentum=0.5 bias_lr=22 head_lr=800 -> tta_val_acc=0.9335
muon_lr=0.016 muon_momentum=0.5 bias_lr=22 head_lr=1300 -> tta_val_acc=0.9335
muon_lr=0.016 muon_momentum=0.5 bias_lr=22 head_lr=2200 -> tta_val_acc=0.9334
muon_lr=0.016 muon_momentum=0.5 bias_lr=22 head_lr=3700 -> tta_val_acc=0.9333
muon_lr=0.016 muon_momentum=0.5 bias_lr=22 head_lr=6200 -> tta_val_acc=0.9338
muon_lr=0.016 muon_momentum=0.5 bias_lr=22 head_lr=10000 -> tta_val_acc=0.9332
muon_lr=0.0093 muon_momentum=0.5 bias_lr=22 head_lr=6200 -> tta_val_acc=0.9329
muon_lr=0.026 muon_momentum=0.5 bias_lr=22 head_lr=6200 -> tta_val_acc=0.9323
muon_lr=0.016 muon_momentum=0.5 bias_lr=13 head_lr=6200 -> tta_val_acc=0.9341
muon_lr=0.016 muon_momentum=0.5 bias_lr=8.1 head_lr=6200 -> tta_val_acc=0.9336
muon_lr=0.0093 muon_momentum=0.5 bias_lr=13 head_lr=6200 -> tta_val_acc=0.9333
muon_lr=0.026 muon_momentum=0.5 bias_lr=13 head_lr=6200 -> tta_val_acc=0.932
muon_lr=0.016 muon_momentum=0.5 bias_lr=37 head_lr=6200 -> tta_val_acc=0.9328
muon_lr=0.016 muon_momentum=0.5 bias_lr=13 head_lr=3700 -> tta_val_acc=0.9334
muon_lr=0.016 muon_momentum=0.5 bias_lr=13 head_lr=10000 -> tta_val_acc=0.9328
search_path step=0 muon_lr=0.026 muon_momentum=0.5 bias_lr=22 head_lr=290 tta_val_acc=0.9313
search_path step=1 muon_lr=0.016 muon_momentum=0.5 bias_lr=22 head_lr=290 tta_val_acc=0.9337
search_path step=2 muon_lr=0.016 muon_momentum=0.5 bias_lr=22 head_lr=6200 tta_val_acc=0.9338
search_path step=3 muon_lr=0.016 muon_momentum=0.5 bias_lr=13 head_lr=6200 tta_val_acc=0.9341
main hparams: muon_lr=0.072 muon_momentum=0.5 bias_lr=170 head_lr=800 main=0.9059, best_cooldown=0.9341
main hparams: muon_lr=0.043 muon_momentum=0.5 bias_lr=170 head_lr=800 main=0.9168, best_cooldown=0.93
main hparams: muon_lr=0.12 muon_momentum=0.5 bias_lr=170 head_lr=800 main=0.8783, best_cooldown=0.931
main hparams: muon_lr=0.072 muon_momentum=0.4 bias_lr=170 head_lr=800 main=0.9088, best_cooldown=0.9306
main hparams: muon_lr=0.072 muon_momentum=0.6 bias_lr=170 head_lr=800 main=0.9023, best_cooldown=0.9327
main hparams: muon_lr=0.072 muon_momentum=0.5 bias_lr=100 head_lr=800 main=0.9113, best_cooldown=0.9329
main hparams: muon_lr=0.072 muon_momentum=0.5 bias_lr=290 head_lr=800 main=0.8923, best_cooldown=0.9314
main hparams: muon_lr=0.072 muon_momentum=0.5 bias_lr=170 head_lr=480 main=0.9059, best_cooldown=0.9325
main hparams: muon_lr=0.072 muon_momentum=0.5 bias_lr=170 head_lr=1300 main=0.9044, best_cooldown=0.932
search_path step=0 muon_lr=0.072 muon_momentum=0.5 bias_lr=170 head_lr=800 tta_val_acc=0.9341
train_hparams run=0 interval=2 start_step=80 completed_steps=40 total_steps=200 muon_lr=0.072 muon_momentum=0.5 bias_lr=170 head_lr=800 muon_nesterov=False
train_loss run=0 interval=2 step=81 loss=1.18471
train_loss run=0 interval=2 step=82 loss=1.14671
train_loss run=0 interval=2 step=83 loss=1.13097
train_loss run=0 interval=2 step=84 loss=1.12291
train_loss run=0 interval=2 step=85 loss=1.13579
train_loss run=0 interval=2 step=86 loss=1.10119
train_loss run=0 interval=2 step=87 loss=1.11769
train_loss run=0 interval=2 step=88 loss=1.11911
train_loss run=0 interval=2 step=89 loss=1.09577
train_loss run=0 interval=2 step=90 loss=1.10241
train_loss run=0 interval=2 step=91 loss=1.08442
train_loss run=0 interval=2 step=92 loss=1.10242
train_loss run=0 interval=2 step=93 loss=1.09883
train_loss run=0 interval=2 step=94 loss=1.11155
train_loss run=0 interval=2 step=95 loss=1.11347
train_loss run=0 interval=2 step=96 loss=1.10112
train_loss run=0 interval=2 step=97 loss=1.09363
train_loss run=0 interval=2 step=98 loss=1.0918
train_loss run=0 interval=2 step=99 loss=1.10227
train_loss run=0 interval=2 step=100 loss=1.10841
train_loss run=0 interval=2 step=101 loss=1.08451
train_loss run=0 interval=2 step=102 loss=1.07459
train_loss run=0 interval=2 step=103 loss=1.06797
train_loss run=0 interval=2 step=104 loss=1.10099
train_loss run=0 interval=2 step=105 loss=1.07688
train_loss run=0 interval=2 step=106 loss=1.09428
train_loss run=0 interval=2 step=107 loss=1.06218
train_loss run=0 interval=2 step=108 loss=1.06934
train_loss run=0 interval=2 step=109 loss=1.0953
train_loss run=0 interval=2 step=110 loss=1.08896
train_loss run=0 interval=2 step=111 loss=1.07778
train_loss run=0 interval=2 step=112 loss=1.07255
train_loss run=0 interval=2 step=113 loss=1.09595
train_loss run=0 interval=2 step=114 loss=1.07178
train_loss run=0 interval=2 step=115 loss=1.06349
train_loss run=0 interval=2 step=116 loss=1.06978
train_loss run=0 interval=2 step=117 loss=1.07142
train_loss run=0 interval=2 step=118 loss=1.05791
train_loss run=0 interval=2 step=119 loss=1.08423
train_loss run=0 interval=2 step=120 loss=1.05577
interval_boundary_eval run=0 interval=2 step=120 total_steps=200 tta_val_acc=0.9059
main hparams: muon_lr=0.072 muon_momentum=0.5 bias_lr=170 head_lr=800 main=0.9106, best_cooldown=0.9376
muon_lr=0.016 muon_momentum=0.5 bias_lr=13 head_lr=6200 -> tta_val_acc=0.9362
muon_lr=0.0093 muon_momentum=0.5 bias_lr=13 head_lr=6200 -> tta_val_acc=0.9376
muon_lr=0.0056 muon_momentum=0.5 bias_lr=13 head_lr=6200 -> tta_val_acc=0.9357
muon_lr=0.0093 muon_momentum=0.5 bias_lr=8.1 head_lr=6200 -> tta_val_acc=0.9372
muon_lr=0.0093 muon_momentum=0.5 bias_lr=4.9 head_lr=6200 -> tta_val_acc=0.9369
muon_lr=0.0093 muon_momentum=0.5 bias_lr=22 head_lr=6200 -> tta_val_acc=0.9373
muon_lr=0.0093 muon_momentum=0.5 bias_lr=37 head_lr=6200 -> tta_val_acc=0.937
muon_lr=0.0093 muon_momentum=0.5 bias_lr=13 head_lr=3700 -> tta_val_acc=0.9365
muon_lr=0.0093 muon_momentum=0.5 bias_lr=13 head_lr=10000 -> tta_val_acc=0.9371
muon_lr=0.0093 muon_momentum=0.5 bias_lr=13 head_lr=17000 -> tta_val_acc=0.9348
search_path step=0 muon_lr=0.016 muon_momentum=0.5 bias_lr=13 head_lr=6200 tta_val_acc=0.9362
search_path step=1 muon_lr=0.0093 muon_momentum=0.5 bias_lr=13 head_lr=6200 tta_val_acc=0.9376
main hparams: muon_lr=0.072 muon_momentum=0.5 bias_lr=170 head_lr=800 main=0.9106, best_cooldown=0.9376
main hparams: muon_lr=0.043 muon_momentum=0.5 bias_lr=170 head_lr=800 main=0.9172, best_cooldown=0.9365
main hparams: muon_lr=0.12 muon_momentum=0.5 bias_lr=170 head_lr=800 main=0.875, best_cooldown=0.9296
main hparams: muon_lr=0.072 muon_momentum=0.4 bias_lr=170 head_lr=800 main=0.9116, best_cooldown=0.9371
main hparams: muon_lr=0.072 muon_momentum=0.3 bias_lr=170 head_lr=800 main=0.9139, best_cooldown=0.9364
main hparams: muon_lr=0.072 muon_momentum=0.6 bias_lr=170 head_lr=800 main=0.9033, best_cooldown=0.9315
main hparams: muon_lr=0.072 muon_momentum=0.5 bias_lr=100 head_lr=800 main=0.911, best_cooldown=0.9346
main hparams: muon_lr=0.072 muon_momentum=0.5 bias_lr=290 head_lr=800 main=0.8975, best_cooldown=0.9341
main hparams: muon_lr=0.072 muon_momentum=0.5 bias_lr=170 head_lr=480 main=0.9131, best_cooldown=0.9361
main hparams: muon_lr=0.072 muon_momentum=0.5 bias_lr=170 head_lr=1300 main=0.9081, best_cooldown=0.9361
search_path step=0 muon_lr=0.072 muon_momentum=0.5 bias_lr=170 head_lr=800 tta_val_acc=0.9376
train_hparams run=0 interval=3 start_step=120 completed_steps=40 total_steps=200 muon_lr=0.072 muon_momentum=0.5 bias_lr=170 head_lr=800 muon_nesterov=False
train_loss run=0 interval=3 step=121 loss=1.06796
train_loss run=0 interval=3 step=122 loss=1.08319
train_loss run=0 interval=3 step=123 loss=1.06571
train_loss run=0 interval=3 step=124 loss=1.10071
train_loss run=0 interval=3 step=125 loss=1.07311
train_loss run=0 interval=3 step=126 loss=1.06205
train_loss run=0 interval=3 step=127 loss=1.04417
train_loss run=0 interval=3 step=128 loss=1.04237
train_loss run=0 interval=3 step=129 loss=1.06422
train_loss run=0 interval=3 step=130 loss=1.05344
train_loss run=0 interval=3 step=131 loss=1.06323
train_loss run=0 interval=3 step=132 loss=1.05478
train_loss run=0 interval=3 step=133 loss=1.06422
train_loss run=0 interval=3 step=134 loss=1.04886
train_loss run=0 interval=3 step=135 loss=1.07321
train_loss run=0 interval=3 step=136 loss=1.08557
train_loss run=0 interval=3 step=137 loss=1.07684
train_loss run=0 interval=3 step=138 loss=1.04448
train_loss run=0 interval=3 step=139 loss=1.06065
train_loss run=0 interval=3 step=140 loss=1.0445
train_loss run=0 interval=3 step=141 loss=1.04669
train_loss run=0 interval=3 step=142 loss=1.05648
train_loss run=0 interval=3 step=143 loss=1.05859
train_loss run=0 interval=3 step=144 loss=1.05308
train_loss run=0 interval=3 step=145 loss=1.08013
train_loss run=0 interval=3 step=146 loss=1.06067
train_loss run=0 interval=3 step=147 loss=1.05692
train_loss run=0 interval=3 step=148 loss=1.05072
train_loss run=0 interval=3 step=149 loss=1.05447
train_loss run=0 interval=3 step=150 loss=1.07161
train_loss run=0 interval=3 step=151 loss=1.04483
train_loss run=0 interval=3 step=152 loss=1.04364
train_loss run=0 interval=3 step=153 loss=1.03951
train_loss run=0 interval=3 step=154 loss=1.05094
train_loss run=0 interval=3 step=155 loss=1.07781
train_loss run=0 interval=3 step=156 loss=1.05702
train_loss run=0 interval=3 step=157 loss=1.04852
train_loss run=0 interval=3 step=158 loss=1.04385
train_loss run=0 interval=3 step=159 loss=1.08065
train_loss run=0 interval=3 step=160 loss=1.05959
interval_boundary_eval run=0 interval=3 step=160 total_steps=200 tta_val_acc=0.9106
main hparams: muon_lr=0.072 muon_momentum=0.5 bias_lr=170 head_lr=800 main=0.9122
main hparams: muon_lr=0.043 muon_momentum=0.5 bias_lr=170 head_lr=800 main=0.9265
main hparams: muon_lr=0.026 muon_momentum=0.5 bias_lr=170 head_lr=800 main=0.9312
main hparams: muon_lr=0.016 muon_momentum=0.5 bias_lr=170 head_lr=800 main=0.9323
main hparams: muon_lr=0.0093 muon_momentum=0.5 bias_lr=170 head_lr=800 main=0.9342
main hparams: muon_lr=0.0056 muon_momentum=0.5 bias_lr=170 head_lr=800 main=0.9337
main hparams: muon_lr=0.0093 muon_momentum=0.4 bias_lr=170 head_lr=800 main=0.9337
main hparams: muon_lr=0.0093 muon_momentum=0.6 bias_lr=170 head_lr=800 main=0.9333
main hparams: muon_lr=0.0093 muon_momentum=0.5 bias_lr=100 head_lr=800 main=0.9357
main hparams: muon_lr=0.0093 muon_momentum=0.5 bias_lr=62 head_lr=800 main=0.9373
main hparams: muon_lr=0.0093 muon_momentum=0.5 bias_lr=37 head_lr=800 main=0.9378
main hparams: muon_lr=0.0093 muon_momentum=0.5 bias_lr=22 head_lr=800 main=0.937
main hparams: muon_lr=0.0056 muon_momentum=0.5 bias_lr=37 head_lr=800 main=0.9363
main hparams: muon_lr=0.016 muon_momentum=0.5 bias_lr=37 head_lr=800 main=0.9364
main hparams: muon_lr=0.0093 muon_momentum=0.4 bias_lr=37 head_lr=800 main=0.9379
main hparams: muon_lr=0.0093 muon_momentum=0.3 bias_lr=37 head_lr=800 main=0.9375
main hparams: muon_lr=0.0093 muon_momentum=0.2 bias_lr=37 head_lr=800 main=0.9372
main hparams: muon_lr=0.0056 muon_momentum=0.4 bias_lr=37 head_lr=800 main=0.9355
main hparams: muon_lr=0.016 muon_momentum=0.4 bias_lr=37 head_lr=800 main=0.9364
main hparams: muon_lr=0.0093 muon_momentum=0.6 bias_lr=37 head_lr=800 main=0.9376
main hparams: muon_lr=0.0093 muon_momentum=0.7 bias_lr=37 head_lr=800 main=0.9371
main hparams: muon_lr=0.0093 muon_momentum=0.4 bias_lr=22 head_lr=800 main=0.9368
main hparams: muon_lr=0.0093 muon_momentum=0.4 bias_lr=62 head_lr=800 main=0.9367
main hparams: muon_lr=0.0093 muon_momentum=0.4 bias_lr=37 head_lr=480 main=0.9381
main hparams: muon_lr=0.0093 muon_momentum=0.4 bias_lr=37 head_lr=290 main=0.9381
main hparams: muon_lr=0.0093 muon_momentum=0.4 bias_lr=37 head_lr=170 main=0.9379
main hparams: muon_lr=0.0093 muon_momentum=0.4 bias_lr=37 head_lr=100 main=0.938
main hparams: muon_lr=0.0056 muon_momentum=0.4 bias_lr=37 head_lr=480 main=0.9354
main hparams: muon_lr=0.016 muon_momentum=0.4 bias_lr=37 head_lr=480 main=0.9371
main hparams: muon_lr=0.0093 muon_momentum=0.3 bias_lr=37 head_lr=480 main=0.9374
main hparams: muon_lr=0.0093 muon_momentum=0.5 bias_lr=37 head_lr=480 main=0.9376
main hparams: muon_lr=0.0093 muon_momentum=0.4 bias_lr=22 head_lr=480 main=0.9369
main hparams: muon_lr=0.0093 muon_momentum=0.4 bias_lr=62 head_lr=480 main=0.9368
main hparams: muon_lr=0.0093 muon_momentum=0.4 bias_lr=37 head_lr=1300 main=0.9381
main hparams: muon_lr=0.0093 muon_momentum=0.4 bias_lr=37 head_lr=2200 main=0.9375
search_path step=0 muon_lr=0.072 muon_momentum=0.5 bias_lr=170 head_lr=800 tta_val_acc=0.9122
search_path step=1 muon_lr=0.0093 muon_momentum=0.5 bias_lr=170 head_lr=800 tta_val_acc=0.9342
search_path step=2 muon_lr=0.0093 muon_momentum=0.5 bias_lr=37 head_lr=800 tta_val_acc=0.9378
search_path step=3 muon_lr=0.0093 muon_momentum=0.4 bias_lr=37 head_lr=800 tta_val_acc=0.9379
search_path step=4 muon_lr=0.0093 muon_momentum=0.4 bias_lr=37 head_lr=480 tta_val_acc=0.9381
train_hparams run=0 interval=4 start_step=160 completed_steps=40 total_steps=200 muon_lr=0.0093 muon_momentum=0.4 bias_lr=37 head_lr=480 muon_nesterov=False
train_loss run=0 interval=4 step=161 loss=1.03789
train_loss run=0 interval=4 step=162 loss=1.03223
train_loss run=0 interval=4 step=163 loss=1.01459
train_loss run=0 interval=4 step=164 loss=1.00231
train_loss run=0 interval=4 step=165 loss=1.01604
train_loss run=0 interval=4 step=166 loss=0.992413
train_loss run=0 interval=4 step=167 loss=0.998907
train_loss run=0 interval=4 step=168 loss=1.00261
train_loss run=0 interval=4 step=169 loss=0.999156
train_loss run=0 interval=4 step=170 loss=0.990439
train_loss run=0 interval=4 step=171 loss=1.00478
train_loss run=0 interval=4 step=172 loss=0.997725
train_loss run=0 interval=4 step=173 loss=0.997787
train_loss run=0 interval=4 step=174 loss=0.994047
train_loss run=0 interval=4 step=175 loss=0.981979
train_loss run=0 interval=4 step=176 loss=0.963422
train_loss run=0 interval=4 step=177 loss=0.961047
train_loss run=0 interval=4 step=178 loss=0.960948
train_loss run=0 interval=4 step=179 loss=0.965485
train_loss run=0 interval=4 step=180 loss=0.959529
train_loss run=0 interval=4 step=181 loss=0.965616
train_loss run=0 interval=4 step=182 loss=0.959374
train_loss run=0 interval=4 step=183 loss=0.962638
train_loss run=0 interval=4 step=184 loss=0.963176
train_loss run=0 interval=4 step=185 loss=0.957363
train_loss run=0 interval=4 step=186 loss=0.965696
train_loss run=0 interval=4 step=187 loss=0.965579
train_loss run=0 interval=4 step=188 loss=0.959126
train_loss run=0 interval=4 step=189 loss=0.961382
train_loss run=0 interval=4 step=190 loss=0.957538
train_loss run=0 interval=4 step=191 loss=0.952196
train_loss run=0 interval=4 step=192 loss=0.949839
train_loss run=0 interval=4 step=193 loss=0.959812
train_loss run=0 interval=4 step=194 loss=0.956353
train_loss run=0 interval=4 step=195 loss=0.958934
train_loss run=0 interval=4 step=196 loss=0.953314
train_loss run=0 interval=4 step=197 loss=0.955611
train_loss run=0 interval=4 step=198 loss=0.951571
train_loss run=0 interval=4 step=199 loss=0.944568
train_loss run=0 interval=4 step=200 loss=0.949197
Batch size:          2000
Train epochs:        8
Train steps:         200
N steps:             40
M cooldown steps:    40
Search hparams:      muon_lr,muon_momentum,bias_lr,head_lr
Cooldown hparams:    muon_lr,bias_lr,head_lr
Muon nesterov:       False
Val acc:             0.9228
TTA val acc:         0.9381
Run seconds:         675.313
