cifar_search_simple run=0 batch_size=2000 train_epochs=8 n_steps=40 m_steps=40 search_hparams=muon_lr,muon_momentum,bias_lr,head_lr cooldown_search_hparams=muon_lr,bias_lr,head_lr muon_nesterov=False initial_muon_lr=0.2 initial_muon_momentum=0.6 initial_muon_momentum_index=6 initial_bias_lr=104 initial_head_lr=1340
main hparams: muon_lr=0.2 muon_momentum=0.6 bias_lr=100 head_lr=1300 main=0.7934
main hparams: muon_lr=0.12 muon_momentum=0.6 bias_lr=100 head_lr=1300 main=0.8372
main hparams: muon_lr=0.072 muon_momentum=0.6 bias_lr=100 head_lr=1300 main=0.8402
main hparams: muon_lr=0.043 muon_momentum=0.6 bias_lr=100 head_lr=1300 main=0.8288
main hparams: muon_lr=0.072 muon_momentum=0.5 bias_lr=100 head_lr=1300 main=0.8447
main hparams: muon_lr=0.072 muon_momentum=0.4 bias_lr=100 head_lr=1300 main=0.8407
main hparams: muon_lr=0.043 muon_momentum=0.5 bias_lr=100 head_lr=1300 main=0.8245
main hparams: muon_lr=0.12 muon_momentum=0.5 bias_lr=100 head_lr=1300 main=0.8436
main hparams: muon_lr=0.072 muon_momentum=0.5 bias_lr=62 head_lr=1300 main=0.8436
main hparams: muon_lr=0.072 muon_momentum=0.5 bias_lr=170 head_lr=1300 main=0.8395
main hparams: muon_lr=0.072 muon_momentum=0.5 bias_lr=100 head_lr=800 main=0.8474
main hparams: muon_lr=0.072 muon_momentum=0.5 bias_lr=100 head_lr=480 main=0.8442
main hparams: muon_lr=0.043 muon_momentum=0.5 bias_lr=100 head_lr=800 main=0.8248
main hparams: muon_lr=0.12 muon_momentum=0.5 bias_lr=100 head_lr=800 main=0.8352
main hparams: muon_lr=0.072 muon_momentum=0.4 bias_lr=100 head_lr=800 main=0.8328
main hparams: muon_lr=0.072 muon_momentum=0.6 bias_lr=100 head_lr=800 main=0.8412
main hparams: muon_lr=0.072 muon_momentum=0.5 bias_lr=62 head_lr=800 main=0.843
main hparams: muon_lr=0.072 muon_momentum=0.5 bias_lr=170 head_lr=800 main=0.8332
main hparams: muon_lr=0.072 muon_momentum=0.5 bias_lr=100 head_lr=800 main=0.8474, best_cooldown=0.8998
muon_lr=0.072 muon_momentum=0.5 bias_lr=100 head_lr=800 -> tta_val_acc=0.8818
muon_lr=0.043 muon_momentum=0.5 bias_lr=100 head_lr=800 -> tta_val_acc=0.8933
muon_lr=0.026 muon_momentum=0.5 bias_lr=100 head_lr=800 -> tta_val_acc=0.8934
muon_lr=0.016 muon_momentum=0.5 bias_lr=100 head_lr=800 -> tta_val_acc=0.89
muon_lr=0.026 muon_momentum=0.5 bias_lr=62 head_lr=800 -> tta_val_acc=0.8974
muon_lr=0.026 muon_momentum=0.5 bias_lr=37 head_lr=800 -> tta_val_acc=0.8971
muon_lr=0.026 muon_momentum=0.5 bias_lr=22 head_lr=800 -> tta_val_acc=0.8984
muon_lr=0.026 muon_momentum=0.5 bias_lr=13 head_lr=800 -> tta_val_acc=0.8985
muon_lr=0.026 muon_momentum=0.5 bias_lr=8.1 head_lr=800 -> tta_val_acc=0.8998
muon_lr=0.026 muon_momentum=0.5 bias_lr=4.9 head_lr=800 -> tta_val_acc=0.8989
muon_lr=0.016 muon_momentum=0.5 bias_lr=8.1 head_lr=800 -> tta_val_acc=0.8945
muon_lr=0.043 muon_momentum=0.5 bias_lr=8.1 head_lr=800 -> tta_val_acc=0.8973
muon_lr=0.026 muon_momentum=0.5 bias_lr=8.1 head_lr=480 -> tta_val_acc=0.8983
muon_lr=0.026 muon_momentum=0.5 bias_lr=8.1 head_lr=1300 -> tta_val_acc=0.8978
search_path step=0 muon_lr=0.072 muon_momentum=0.5 bias_lr=100 head_lr=800 tta_val_acc=0.8818
search_path step=1 muon_lr=0.026 muon_momentum=0.5 bias_lr=100 head_lr=800 tta_val_acc=0.8934
search_path step=2 muon_lr=0.026 muon_momentum=0.5 bias_lr=8.1 head_lr=800 tta_val_acc=0.8998
main hparams: muon_lr=0.072 muon_momentum=0.5 bias_lr=100 head_lr=800 main=0.8474, best_cooldown=0.8998
main hparams: muon_lr=0.043 muon_momentum=0.5 bias_lr=100 head_lr=800 main=0.8248, best_cooldown=0.8857
main hparams: muon_lr=0.12 muon_momentum=0.5 bias_lr=100 head_lr=800 main=0.8352, best_cooldown=0.9081
main hparams: muon_lr=0.2 muon_momentum=0.5 bias_lr=100 head_lr=800 main=0.8276, best_cooldown=0.9037
main hparams: muon_lr=0.12 muon_momentum=0.4 bias_lr=100 head_lr=800 main=0.835, best_cooldown=0.9045
main hparams: muon_lr=0.12 muon_momentum=0.6 bias_lr=100 head_lr=800 main=0.8503, best_cooldown=0.9075
main hparams: muon_lr=0.12 muon_momentum=0.5 bias_lr=62 head_lr=800 main=0.851, best_cooldown=0.9079
main hparams: muon_lr=0.12 muon_momentum=0.5 bias_lr=37 head_lr=800 main=0.8405, best_cooldown=0.9059
main hparams: muon_lr=0.12 muon_momentum=0.5 bias_lr=170 head_lr=800 main=0.8351, best_cooldown=0.9089
main hparams: muon_lr=0.12 muon_momentum=0.5 bias_lr=290 head_lr=800 main=0.8331, best_cooldown=0.9041
main hparams: muon_lr=0.072 muon_momentum=0.5 bias_lr=170 head_lr=800 main=0.8332, best_cooldown=0.898
main hparams: muon_lr=0.2 muon_momentum=0.5 bias_lr=170 head_lr=800 main=0.8033, best_cooldown=0.9027
main hparams: muon_lr=0.12 muon_momentum=0.4 bias_lr=170 head_lr=800 main=0.8291, best_cooldown=0.9051
main hparams: muon_lr=0.12 muon_momentum=0.6 bias_lr=170 head_lr=800 main=0.836, best_cooldown=0.9068
main hparams: muon_lr=0.12 muon_momentum=0.5 bias_lr=170 head_lr=480 main=0.8347, best_cooldown=0.9049
main hparams: muon_lr=0.12 muon_momentum=0.5 bias_lr=170 head_lr=1300 main=0.8275, best_cooldown=0.9039
main hparams: muon_lr=0.12 muon_momentum=0.5 bias_lr=170 head_lr=800 main=0.8351, best_cooldown=0.911
muon_lr=0.026 muon_momentum=0.5 bias_lr=8.1 head_lr=800 -> tta_val_acc=0.9089
muon_lr=0.016 muon_momentum=0.5 bias_lr=8.1 head_lr=800 -> tta_val_acc=0.9023
muon_lr=0.043 muon_momentum=0.5 bias_lr=8.1 head_lr=800 -> tta_val_acc=0.9103
muon_lr=0.072 muon_momentum=0.5 bias_lr=8.1 head_lr=800 -> tta_val_acc=0.9
muon_lr=0.043 muon_momentum=0.5 bias_lr=4.9 head_lr=800 -> tta_val_acc=0.9096
muon_lr=0.043 muon_momentum=0.5 bias_lr=13 head_lr=800 -> tta_val_acc=0.911
muon_lr=0.043 muon_momentum=0.5 bias_lr=22 head_lr=800 -> tta_val_acc=0.911
muon_lr=0.043 muon_momentum=0.5 bias_lr=37 head_lr=800 -> tta_val_acc=0.9099
muon_lr=0.026 muon_momentum=0.5 bias_lr=22 head_lr=800 -> tta_val_acc=0.9084
muon_lr=0.072 muon_momentum=0.5 bias_lr=22 head_lr=800 -> tta_val_acc=0.9004
muon_lr=0.043 muon_momentum=0.5 bias_lr=22 head_lr=480 -> tta_val_acc=0.9099
muon_lr=0.043 muon_momentum=0.5 bias_lr=22 head_lr=1300 -> tta_val_acc=0.9105
muon_lr=0.043 muon_momentum=0.5 bias_lr=22 head_lr=2200 -> tta_val_acc=0.9102
search_path step=0 muon_lr=0.026 muon_momentum=0.5 bias_lr=8.1 head_lr=800 tta_val_acc=0.9089
search_path step=1 muon_lr=0.043 muon_momentum=0.5 bias_lr=8.1 head_lr=800 tta_val_acc=0.9103
search_path step=2 muon_lr=0.043 muon_momentum=0.5 bias_lr=22 head_lr=800 tta_val_acc=0.911
main hparams: muon_lr=0.12 muon_momentum=0.5 bias_lr=170 head_lr=800 main=0.8351, best_cooldown=0.911
main hparams: muon_lr=0.072 muon_momentum=0.5 bias_lr=170 head_lr=800 main=0.8332, best_cooldown=0.8975
main hparams: muon_lr=0.2 muon_momentum=0.5 bias_lr=170 head_lr=800 main=0.8033, best_cooldown=0.9076
main hparams: muon_lr=0.12 muon_momentum=0.4 bias_lr=170 head_lr=800 main=0.8291, best_cooldown=0.907
main hparams: muon_lr=0.12 muon_momentum=0.6 bias_lr=170 head_lr=800 main=0.836, best_cooldown=0.906
main hparams: muon_lr=0.12 muon_momentum=0.5 bias_lr=100 head_lr=800 main=0.8352, best_cooldown=0.9107
main hparams: muon_lr=0.12 muon_momentum=0.5 bias_lr=62 head_lr=800 main=0.851, best_cooldown=0.9081
main hparams: muon_lr=0.12 muon_momentum=0.5 bias_lr=290 head_lr=800 main=0.8331, best_cooldown=0.9038
main hparams: muon_lr=0.12 muon_momentum=0.5 bias_lr=170 head_lr=480 main=0.8347, best_cooldown=0.9057
main hparams: muon_lr=0.12 muon_momentum=0.5 bias_lr=170 head_lr=1300 main=0.8275, best_cooldown=0.9069
search_path step=0 muon_lr=0.072 muon_momentum=0.5 bias_lr=100 head_lr=800 tta_val_acc=0.8998
search_path step=1 muon_lr=0.12 muon_momentum=0.5 bias_lr=100 head_lr=800 tta_val_acc=0.9081
search_path step=2 muon_lr=0.12 muon_momentum=0.5 bias_lr=170 head_lr=800 tta_val_acc=0.9089
train_hparams run=0 interval=0 start_step=0 completed_steps=40 total_steps=200 muon_lr=0.12 muon_momentum=0.5 bias_lr=170 head_lr=800 muon_nesterov=False
train_loss run=0 interval=0 step=1 loss=2.31009
train_loss run=0 interval=0 step=2 loss=2.24825
train_loss run=0 interval=0 step=3 loss=2.17985
train_loss run=0 interval=0 step=4 loss=2.08644
train_loss run=0 interval=0 step=5 loss=1.9883
train_loss run=0 interval=0 step=6 loss=1.89385
train_loss run=0 interval=0 step=7 loss=1.85115
train_loss run=0 interval=0 step=8 loss=1.80097
train_loss run=0 interval=0 step=9 loss=1.70878
train_loss run=0 interval=0 step=10 loss=1.69571
train_loss run=0 interval=0 step=11 loss=1.67351
train_loss run=0 interval=0 step=12 loss=1.63139
train_loss run=0 interval=0 step=13 loss=1.61729
train_loss run=0 interval=0 step=14 loss=1.60699
train_loss run=0 interval=0 step=15 loss=1.55285
train_loss run=0 interval=0 step=16 loss=1.53435
train_loss run=0 interval=0 step=17 loss=1.54929
train_loss run=0 interval=0 step=18 loss=1.47823
train_loss run=0 interval=0 step=19 loss=1.43574
train_loss run=0 interval=0 step=20 loss=1.43348
train_loss run=0 interval=0 step=21 loss=1.41103
train_loss run=0 interval=0 step=22 loss=1.37839
train_loss run=0 interval=0 step=23 loss=1.37478
train_loss run=0 interval=0 step=24 loss=1.37418
train_loss run=0 interval=0 step=25 loss=1.37416
train_loss run=0 interval=0 step=26 loss=1.38366
train_loss run=0 interval=0 step=27 loss=1.32792
train_loss run=0 interval=0 step=28 loss=1.34293
train_loss run=0 interval=0 step=29 loss=1.35988
train_loss run=0 interval=0 step=30 loss=1.31191
train_loss run=0 interval=0 step=31 loss=1.31064
train_loss run=0 interval=0 step=32 loss=1.28447
train_loss run=0 interval=0 step=33 loss=1.31677
train_loss run=0 interval=0 step=34 loss=1.27923
train_loss run=0 interval=0 step=35 loss=1.2952
train_loss run=0 interval=0 step=36 loss=1.29676
train_loss run=0 interval=0 step=37 loss=1.26359
train_loss run=0 interval=0 step=38 loss=1.26857
train_loss run=0 interval=0 step=39 loss=1.25031
train_loss run=0 interval=0 step=40 loss=1.26224
interval_boundary_eval run=0 interval=0 step=40 total_steps=200 tta_val_acc=0.8351
main hparams: muon_lr=0.12 muon_momentum=0.5 bias_lr=170 head_lr=800 main=0.865
main hparams: muon_lr=0.072 muon_momentum=0.5 bias_lr=170 head_lr=800 main=0.8819
main hparams: muon_lr=0.043 muon_momentum=0.5 bias_lr=170 head_lr=800 main=0.8933
main hparams: muon_lr=0.026 muon_momentum=0.5 bias_lr=170 head_lr=800 main=0.9017
main hparams: muon_lr=0.016 muon_momentum=0.5 bias_lr=170 head_lr=800 main=0.8988
main hparams: muon_lr=0.026 muon_momentum=0.4 bias_lr=170 head_lr=800 main=0.9002
main hparams: muon_lr=0.026 muon_momentum=0.6 bias_lr=170 head_lr=800 main=0.9028
main hparams: muon_lr=0.026 muon_momentum=0.7 bias_lr=170 head_lr=800 main=0.9049
main hparams: muon_lr=0.026 muon_momentum=0.8 bias_lr=170 head_lr=800 main=0.9046
main hparams: muon_lr=0.026 muon_momentum=0.9 bias_lr=170 head_lr=800 main=0.901
main hparams: muon_lr=0.016 muon_momentum=0.7 bias_lr=170 head_lr=800 main=0.9026
main hparams: muon_lr=0.043 muon_momentum=0.7 bias_lr=170 head_lr=800 main=0.8921
main hparams: muon_lr=0.026 muon_momentum=0.7 bias_lr=100 head_lr=800 main=0.9087
main hparams: muon_lr=0.026 muon_momentum=0.7 bias_lr=62 head_lr=800 main=0.9098
main hparams: muon_lr=0.026 muon_momentum=0.7 bias_lr=37 head_lr=800 main=0.9105
main hparams: muon_lr=0.026 muon_momentum=0.7 bias_lr=22 head_lr=800 main=0.9113
main hparams: muon_lr=0.026 muon_momentum=0.7 bias_lr=13 head_lr=800 main=0.9104
main hparams: muon_lr=0.016 muon_momentum=0.7 bias_lr=22 head_lr=800 main=0.905
main hparams: muon_lr=0.043 muon_momentum=0.7 bias_lr=22 head_lr=800 main=0.9113
main hparams: muon_lr=0.072 muon_momentum=0.7 bias_lr=22 head_lr=800 main=0.8941
main hparams: muon_lr=0.026 muon_momentum=0.6 bias_lr=22 head_lr=800 main=0.9097
main hparams: muon_lr=0.026 muon_momentum=0.8 bias_lr=22 head_lr=800 main=0.9076
main hparams: muon_lr=0.026 muon_momentum=0.7 bias_lr=22 head_lr=480 main=0.9114
main hparams: muon_lr=0.026 muon_momentum=0.7 bias_lr=22 head_lr=290 main=0.9108
main hparams: muon_lr=0.016 muon_momentum=0.7 bias_lr=22 head_lr=480 main=0.9056
main hparams: muon_lr=0.043 muon_momentum=0.7 bias_lr=22 head_lr=480 main=0.9092
main hparams: muon_lr=0.026 muon_momentum=0.6 bias_lr=22 head_lr=480 main=0.9103
main hparams: muon_lr=0.026 muon_momentum=0.8 bias_lr=22 head_lr=480 main=0.9085
main hparams: muon_lr=0.026 muon_momentum=0.7 bias_lr=13 head_lr=480 main=0.9102
main hparams: muon_lr=0.026 muon_momentum=0.7 bias_lr=37 head_lr=480 main=0.9104
main hparams: muon_lr=0.026 muon_momentum=0.7 bias_lr=22 head_lr=1300 main=0.91
main hparams: muon_lr=0.026 muon_momentum=0.7 bias_lr=22 head_lr=480 main=0.9114, best_cooldown=0.9184
muon_lr=0.043 muon_momentum=0.7 bias_lr=22 head_lr=800 -> tta_val_acc=0.9106
muon_lr=0.026 muon_momentum=0.7 bias_lr=22 head_lr=800 -> tta_val_acc=0.9155
muon_lr=0.016 muon_momentum=0.7 bias_lr=22 head_lr=800 -> tta_val_acc=0.9175
muon_lr=0.0093 muon_momentum=0.7 bias_lr=22 head_lr=800 -> tta_val_acc=0.9183
muon_lr=0.0056 muon_momentum=0.7 bias_lr=22 head_lr=800 -> tta_val_acc=0.9167
muon_lr=0.0093 muon_momentum=0.7 bias_lr=13 head_lr=800 -> tta_val_acc=0.9184
muon_lr=0.0093 muon_momentum=0.7 bias_lr=8.1 head_lr=800 -> tta_val_acc=0.9182
muon_lr=0.0093 muon_momentum=0.7 bias_lr=4.9 head_lr=800 -> tta_val_acc=0.9182
muon_lr=0.0093 muon_momentum=0.7 bias_lr=2.9 head_lr=800 -> tta_val_acc=0.9183
muon_lr=0.0056 muon_momentum=0.7 bias_lr=13 head_lr=800 -> tta_val_acc=0.9167
muon_lr=0.016 muon_momentum=0.7 bias_lr=13 head_lr=800 -> tta_val_acc=0.9184
muon_lr=0.026 muon_momentum=0.7 bias_lr=13 head_lr=800 -> tta_val_acc=0.9166
muon_lr=0.0093 muon_momentum=0.7 bias_lr=37 head_lr=800 -> tta_val_acc=0.9178
muon_lr=0.0093 muon_momentum=0.7 bias_lr=13 head_lr=480 -> tta_val_acc=0.9178
muon_lr=0.0093 muon_momentum=0.7 bias_lr=13 head_lr=1300 -> tta_val_acc=0.9183
muon_lr=0.0093 muon_momentum=0.7 bias_lr=13 head_lr=2200 -> tta_val_acc=0.9176
search_path step=0 muon_lr=0.043 muon_momentum=0.7 bias_lr=22 head_lr=800 tta_val_acc=0.9106
search_path step=1 muon_lr=0.0093 muon_momentum=0.7 bias_lr=22 head_lr=800 tta_val_acc=0.9183
search_path step=2 muon_lr=0.0093 muon_momentum=0.7 bias_lr=13 head_lr=800 tta_val_acc=0.9184
main hparams: muon_lr=0.026 muon_momentum=0.7 bias_lr=22 head_lr=480 main=0.9114, best_cooldown=0.9184
main hparams: muon_lr=0.016 muon_momentum=0.7 bias_lr=22 head_lr=480 main=0.9056, best_cooldown=0.9142
main hparams: muon_lr=0.043 muon_momentum=0.7 bias_lr=22 head_lr=480 main=0.9092, best_cooldown=0.9226
main hparams: muon_lr=0.072 muon_momentum=0.7 bias_lr=22 head_lr=480 main=0.8965, best_cooldown=0.9255
main hparams: muon_lr=0.12 muon_momentum=0.7 bias_lr=22 head_lr=480 main=0.8702, best_cooldown=0.9196
main hparams: muon_lr=0.072 muon_momentum=0.6 bias_lr=22 head_lr=480 main=0.8997, best_cooldown=0.9235
main hparams: muon_lr=0.072 muon_momentum=0.8 bias_lr=22 head_lr=480 main=0.8927, best_cooldown=0.925
main hparams: muon_lr=0.072 muon_momentum=0.7 bias_lr=13 head_lr=480 main=0.8954, best_cooldown=0.9238
main hparams: muon_lr=0.072 muon_momentum=0.7 bias_lr=37 head_lr=480 main=0.8923, best_cooldown=0.9251
main hparams: muon_lr=0.072 muon_momentum=0.7 bias_lr=62 head_lr=480 main=0.8946, best_cooldown=0.9247
main hparams: muon_lr=0.072 muon_momentum=0.7 bias_lr=22 head_lr=290 main=0.8958, best_cooldown=0.9259
main hparams: muon_lr=0.072 muon_momentum=0.7 bias_lr=22 head_lr=170 main=0.8981, best_cooldown=0.9266
main hparams: muon_lr=0.072 muon_momentum=0.7 bias_lr=22 head_lr=100 main=0.8949, best_cooldown=0.9251
main hparams: muon_lr=0.043 muon_momentum=0.7 bias_lr=22 head_lr=170 main=0.9092, best_cooldown=0.9235
main hparams: muon_lr=0.12 muon_momentum=0.7 bias_lr=22 head_lr=170 main=0.8682, best_cooldown=0.9206
main hparams: muon_lr=0.072 muon_momentum=0.6 bias_lr=22 head_lr=170 main=0.8965, best_cooldown=0.9261
main hparams: muon_lr=0.072 muon_momentum=0.8 bias_lr=22 head_lr=170 main=0.8948, best_cooldown=0.9235
main hparams: muon_lr=0.072 muon_momentum=0.7 bias_lr=13 head_lr=170 main=0.8956, best_cooldown=0.9237
main hparams: muon_lr=0.072 muon_momentum=0.7 bias_lr=37 head_lr=170 main=0.8957, best_cooldown=0.9246
main hparams: muon_lr=0.072 muon_momentum=0.7 bias_lr=22 head_lr=170 main=0.8981, best_cooldown=0.9281
muon_lr=0.0093 muon_momentum=0.7 bias_lr=13 head_lr=800 -> tta_val_acc=0.9266
muon_lr=0.0056 muon_momentum=0.7 bias_lr=13 head_lr=800 -> tta_val_acc=0.9241
muon_lr=0.016 muon_momentum=0.7 bias_lr=13 head_lr=800 -> tta_val_acc=0.9279
muon_lr=0.026 muon_momentum=0.7 bias_lr=13 head_lr=800 -> tta_val_acc=0.9265
muon_lr=0.016 muon_momentum=0.7 bias_lr=8.1 head_lr=800 -> tta_val_acc=0.9269
muon_lr=0.016 muon_momentum=0.7 bias_lr=22 head_lr=800 -> tta_val_acc=0.9278
muon_lr=0.016 muon_momentum=0.7 bias_lr=37 head_lr=800 -> tta_val_acc=0.9277
muon_lr=0.016 muon_momentum=0.7 bias_lr=62 head_lr=800 -> tta_val_acc=0.9267
muon_lr=0.016 muon_momentum=0.7 bias_lr=13 head_lr=480 -> tta_val_acc=0.9277
muon_lr=0.016 muon_momentum=0.7 bias_lr=13 head_lr=290 -> tta_val_acc=0.9278
muon_lr=0.016 muon_momentum=0.7 bias_lr=13 head_lr=170 -> tta_val_acc=0.9281
muon_lr=0.016 muon_momentum=0.7 bias_lr=13 head_lr=100 -> tta_val_acc=0.9276
muon_lr=0.0093 muon_momentum=0.7 bias_lr=13 head_lr=170 -> tta_val_acc=0.9264
muon_lr=0.026 muon_momentum=0.7 bias_lr=13 head_lr=170 -> tta_val_acc=0.9259
muon_lr=0.016 muon_momentum=0.7 bias_lr=8.1 head_lr=170 -> tta_val_acc=0.9276
muon_lr=0.016 muon_momentum=0.7 bias_lr=22 head_lr=170 -> tta_val_acc=0.9278
muon_lr=0.016 muon_momentum=0.7 bias_lr=37 head_lr=170 -> tta_val_acc=0.9264
muon_lr=0.016 muon_momentum=0.7 bias_lr=13 head_lr=1300 -> tta_val_acc=0.9276
search_path step=0 muon_lr=0.0093 muon_momentum=0.7 bias_lr=13 head_lr=800 tta_val_acc=0.9266
search_path step=1 muon_lr=0.016 muon_momentum=0.7 bias_lr=13 head_lr=800 tta_val_acc=0.9279
search_path step=2 muon_lr=0.016 muon_momentum=0.7 bias_lr=13 head_lr=170 tta_val_acc=0.9281
main hparams: muon_lr=0.072 muon_momentum=0.7 bias_lr=22 head_lr=170 main=0.8981, best_cooldown=0.9281
main hparams: muon_lr=0.043 muon_momentum=0.7 bias_lr=22 head_lr=170 main=0.9092, best_cooldown=0.923
main hparams: muon_lr=0.12 muon_momentum=0.7 bias_lr=22 head_lr=170 main=0.8682, best_cooldown=0.9246
main hparams: muon_lr=0.072 muon_momentum=0.6 bias_lr=22 head_lr=170 main=0.8965, best_cooldown=0.9266
main hparams: muon_lr=0.072 muon_momentum=0.8 bias_lr=22 head_lr=170 main=0.8948, best_cooldown=0.9265
main hparams: muon_lr=0.072 muon_momentum=0.7 bias_lr=13 head_lr=170 main=0.8956, best_cooldown=0.925
main hparams: muon_lr=0.072 muon_momentum=0.7 bias_lr=37 head_lr=170 main=0.8957, best_cooldown=0.9249
main hparams: muon_lr=0.072 muon_momentum=0.7 bias_lr=22 head_lr=100 main=0.8949, best_cooldown=0.9259
main hparams: muon_lr=0.072 muon_momentum=0.7 bias_lr=22 head_lr=290 main=0.8958, best_cooldown=0.9261
search_path step=0 muon_lr=0.026 muon_momentum=0.7 bias_lr=22 head_lr=480 tta_val_acc=0.9184
search_path step=1 muon_lr=0.072 muon_momentum=0.7 bias_lr=22 head_lr=480 tta_val_acc=0.9255
search_path step=2 muon_lr=0.072 muon_momentum=0.7 bias_lr=22 head_lr=170 tta_val_acc=0.9266
train_hparams run=0 interval=1 start_step=40 completed_steps=40 total_steps=200 muon_lr=0.072 muon_momentum=0.7 bias_lr=22 head_lr=170 muon_nesterov=False
train_loss run=0 interval=1 step=41 loss=1.26892
train_loss run=0 interval=1 step=42 loss=1.21875
train_loss run=0 interval=1 step=43 loss=1.19404
train_loss run=0 interval=1 step=44 loss=1.20353
train_loss run=0 interval=1 step=45 loss=1.18378
train_loss run=0 interval=1 step=46 loss=1.20001
train_loss run=0 interval=1 step=47 loss=1.18232
train_loss run=0 interval=1 step=48 loss=1.18892
train_loss run=0 interval=1 step=49 loss=1.177
train_loss run=0 interval=1 step=50 loss=1.18456
train_loss run=0 interval=1 step=51 loss=1.15735
train_loss run=0 interval=1 step=52 loss=1.15985
train_loss run=0 interval=1 step=53 loss=1.16104
train_loss run=0 interval=1 step=54 loss=1.14912
train_loss run=0 interval=1 step=55 loss=1.1485
train_loss run=0 interval=1 step=56 loss=1.15655
train_loss run=0 interval=1 step=57 loss=1.14305
train_loss run=0 interval=1 step=58 loss=1.14768
train_loss run=0 interval=1 step=59 loss=1.13874
train_loss run=0 interval=1 step=60 loss=1.13845
train_loss run=0 interval=1 step=61 loss=1.13257
train_loss run=0 interval=1 step=62 loss=1.14014
train_loss run=0 interval=1 step=63 loss=1.13025
train_loss run=0 interval=1 step=64 loss=1.14124
train_loss run=0 interval=1 step=65 loss=1.1326
train_loss run=0 interval=1 step=66 loss=1.1432
train_loss run=0 interval=1 step=67 loss=1.13465
train_loss run=0 interval=1 step=68 loss=1.13473
train_loss run=0 interval=1 step=69 loss=1.1419
train_loss run=0 interval=1 step=70 loss=1.12975
train_loss run=0 interval=1 step=71 loss=1.14135
train_loss run=0 interval=1 step=72 loss=1.13766
train_loss run=0 interval=1 step=73 loss=1.14893
train_loss run=0 interval=1 step=74 loss=1.1273
train_loss run=0 interval=1 step=75 loss=1.14068
train_loss run=0 interval=1 step=76 loss=1.10168
train_loss run=0 interval=1 step=77 loss=1.10284
train_loss run=0 interval=1 step=78 loss=1.09646
train_loss run=0 interval=1 step=79 loss=1.10615
train_loss run=0 interval=1 step=80 loss=1.0963
interval_boundary_eval run=0 interval=1 step=80 total_steps=200 tta_val_acc=0.8981
main hparams: muon_lr=0.072 muon_momentum=0.7 bias_lr=22 head_lr=170 main=0.9035
main hparams: muon_lr=0.043 muon_momentum=0.7 bias_lr=22 head_lr=170 main=0.9179
main hparams: muon_lr=0.026 muon_momentum=0.7 bias_lr=22 head_lr=170 main=0.9265
main hparams: muon_lr=0.016 muon_momentum=0.7 bias_lr=22 head_lr=170 main=0.9278
main hparams: muon_lr=0.0093 muon_momentum=0.7 bias_lr=22 head_lr=170 main=0.9258
main hparams: muon_lr=0.016 muon_momentum=0.6 bias_lr=22 head_lr=170 main=0.9263
main hparams: muon_lr=0.016 muon_momentum=0.8 bias_lr=22 head_lr=170 main=0.9278
main hparams: muon_lr=0.016 muon_momentum=0.9 bias_lr=22 head_lr=170 main=0.9274
main hparams: muon_lr=0.016 muon_momentum=0.95 bias_lr=22 head_lr=170 main=0.9225
main hparams: muon_lr=0.016 muon_momentum=0.7 bias_lr=13 head_lr=170 main=0.9281
main hparams: muon_lr=0.016 muon_momentum=0.7 bias_lr=8.1 head_lr=170 main=0.9276
main hparams: muon_lr=0.0093 muon_momentum=0.7 bias_lr=13 head_lr=170 main=0.9264
main hparams: muon_lr=0.026 muon_momentum=0.7 bias_lr=13 head_lr=170 main=0.9259
main hparams: muon_lr=0.016 muon_momentum=0.6 bias_lr=13 head_lr=170 main=0.9262
main hparams: muon_lr=0.016 muon_momentum=0.8 bias_lr=13 head_lr=170 main=0.9281
main hparams: muon_lr=0.016 muon_momentum=0.9 bias_lr=13 head_lr=170 main=0.9273
main hparams: muon_lr=0.016 muon_momentum=0.7 bias_lr=37 head_lr=170 main=0.9264
main hparams: muon_lr=0.016 muon_momentum=0.7 bias_lr=13 head_lr=100 main=0.9276
main hparams: muon_lr=0.016 muon_momentum=0.7 bias_lr=13 head_lr=290 main=0.9278
main hparams: muon_lr=0.016 muon_momentum=0.7 bias_lr=13 head_lr=480 main=0.9277
main hparams: muon_lr=0.016 muon_momentum=0.7 bias_lr=13 head_lr=800 main=0.9279
main hparams: muon_lr=0.016 muon_momentum=0.7 bias_lr=13 head_lr=1300 main=0.9276
main hparams: muon_lr=0.016 muon_momentum=0.7 bias_lr=13 head_lr=170 main=0.9281, best_cooldown=0.9324
muon_lr=0.016 muon_momentum=0.7 bias_lr=13 head_lr=170 -> tta_val_acc=0.931
muon_lr=0.0093 muon_momentum=0.7 bias_lr=13 head_lr=170 -> tta_val_acc=0.9317
muon_lr=0.0056 muon_momentum=0.7 bias_lr=13 head_lr=170 -> tta_val_acc=0.9309
muon_lr=0.0093 muon_momentum=0.7 bias_lr=8.1 head_lr=170 -> tta_val_acc=0.9313
muon_lr=0.0093 muon_momentum=0.7 bias_lr=4.9 head_lr=170 -> tta_val_acc=0.9312
muon_lr=0.0093 muon_momentum=0.7 bias_lr=22 head_lr=170 -> tta_val_acc=0.9319
muon_lr=0.0093 muon_momentum=0.7 bias_lr=37 head_lr=170 -> tta_val_acc=0.9318
muon_lr=0.0093 muon_momentum=0.7 bias_lr=62 head_lr=170 -> tta_val_acc=0.9317
muon_lr=0.0093 muon_momentum=0.7 bias_lr=100 head_lr=170 -> tta_val_acc=0.9293
muon_lr=0.0056 muon_momentum=0.7 bias_lr=22 head_lr=170 -> tta_val_acc=0.931
muon_lr=0.016 muon_momentum=0.7 bias_lr=22 head_lr=170 -> tta_val_acc=0.9301
muon_lr=0.0093 muon_momentum=0.7 bias_lr=22 head_lr=100 -> tta_val_acc=0.9318
muon_lr=0.0093 muon_momentum=0.7 bias_lr=22 head_lr=63 -> tta_val_acc=0.9319
muon_lr=0.0093 muon_momentum=0.7 bias_lr=22 head_lr=38 -> tta_val_acc=0.9319
muon_lr=0.0093 muon_momentum=0.7 bias_lr=22 head_lr=290 -> tta_val_acc=0.9319
muon_lr=0.0093 muon_momentum=0.7 bias_lr=22 head_lr=480 -> tta_val_acc=0.9322
muon_lr=0.0093 muon_momentum=0.7 bias_lr=22 head_lr=800 -> tta_val_acc=0.9319
muon_lr=0.0093 muon_momentum=0.7 bias_lr=22 head_lr=1300 -> tta_val_acc=0.9318
muon_lr=0.0093 muon_momentum=0.7 bias_lr=22 head_lr=2200 -> tta_val_acc=0.9319
muon_lr=0.0093 muon_momentum=0.7 bias_lr=22 head_lr=3700 -> tta_val_acc=0.9313
muon_lr=0.0056 muon_momentum=0.7 bias_lr=22 head_lr=480 -> tta_val_acc=0.9319
muon_lr=0.0034 muon_momentum=0.7 bias_lr=22 head_lr=480 -> tta_val_acc=0.9309
muon_lr=0.016 muon_momentum=0.7 bias_lr=22 head_lr=480 -> tta_val_acc=0.9301
muon_lr=0.0093 muon_momentum=0.7 bias_lr=13 head_lr=480 -> tta_val_acc=0.9324
muon_lr=0.0093 muon_momentum=0.7 bias_lr=8.1 head_lr=480 -> tta_val_acc=0.932
muon_lr=0.0093 muon_momentum=0.7 bias_lr=4.9 head_lr=480 -> tta_val_acc=0.9318
muon_lr=0.0056 muon_momentum=0.7 bias_lr=13 head_lr=480 -> tta_val_acc=0.9308
muon_lr=0.016 muon_momentum=0.7 bias_lr=13 head_lr=480 -> tta_val_acc=0.9308
muon_lr=0.0093 muon_momentum=0.7 bias_lr=37 head_lr=480 -> tta_val_acc=0.932
muon_lr=0.0093 muon_momentum=0.7 bias_lr=62 head_lr=480 -> tta_val_acc=0.9314
muon_lr=0.0093 muon_momentum=0.7 bias_lr=13 head_lr=290 -> tta_val_acc=0.9321
muon_lr=0.0093 muon_momentum=0.7 bias_lr=13 head_lr=800 -> tta_val_acc=0.9323
muon_lr=0.0093 muon_momentum=0.7 bias_lr=13 head_lr=1300 -> tta_val_acc=0.9323
muon_lr=0.0093 muon_momentum=0.7 bias_lr=13 head_lr=2200 -> tta_val_acc=0.9322
muon_lr=0.0093 muon_momentum=0.7 bias_lr=13 head_lr=3700 -> tta_val_acc=0.9318
search_path step=0 muon_lr=0.016 muon_momentum=0.7 bias_lr=13 head_lr=170 tta_val_acc=0.931
search_path step=1 muon_lr=0.0093 muon_momentum=0.7 bias_lr=13 head_lr=170 tta_val_acc=0.9317
search_path step=2 muon_lr=0.0093 muon_momentum=0.7 bias_lr=22 head_lr=170 tta_val_acc=0.9319
search_path step=3 muon_lr=0.0093 muon_momentum=0.7 bias_lr=22 head_lr=480 tta_val_acc=0.9322
search_path step=4 muon_lr=0.0093 muon_momentum=0.7 bias_lr=13 head_lr=480 tta_val_acc=0.9324
main hparams: muon_lr=0.016 muon_momentum=0.7 bias_lr=13 head_lr=170 main=0.9281, best_cooldown=0.9324
main hparams: muon_lr=0.0093 muon_momentum=0.7 bias_lr=13 head_lr=170 main=0.9264, best_cooldown=0.9311
main hparams: muon_lr=0.026 muon_momentum=0.7 bias_lr=13 head_lr=170 main=0.9259, best_cooldown=0.9333
main hparams: muon_lr=0.043 muon_momentum=0.7 bias_lr=13 head_lr=170 main=0.9186, best_cooldown=0.9322
main hparams: muon_lr=0.026 muon_momentum=0.6 bias_lr=13 head_lr=170 main=0.9266, best_cooldown=0.9331
main hparams: muon_lr=0.026 muon_momentum=0.5 bias_lr=13 head_lr=170 main=0.9256, best_cooldown=0.933
main hparams: muon_lr=0.026 muon_momentum=0.4 bias_lr=13 head_lr=170 main=0.9253, best_cooldown=0.933
main hparams: muon_lr=0.026 muon_momentum=0.3 bias_lr=13 head_lr=170 main=0.9246, best_cooldown=0.9327
main hparams: muon_lr=0.026 muon_momentum=0.8 bias_lr=13 head_lr=170 main=0.9253, best_cooldown=0.9329
main hparams: muon_lr=0.026 muon_momentum=0.9 bias_lr=13 head_lr=170 main=0.9236, best_cooldown=0.9323
main hparams: muon_lr=0.026 muon_momentum=0.7 bias_lr=8.1 head_lr=170 main=0.9262, best_cooldown=0.9328
main hparams: muon_lr=0.026 muon_momentum=0.7 bias_lr=4.9 head_lr=170 main=0.9252, best_cooldown=0.9328
main hparams: muon_lr=0.026 muon_momentum=0.7 bias_lr=2.9 head_lr=170 main=0.9258, best_cooldown=0.9334
main hparams: muon_lr=0.026 muon_momentum=0.7 bias_lr=1.7 head_lr=170 main=0.9258, best_cooldown=0.9337
main hparams: muon_lr=0.026 muon_momentum=0.7 bias_lr=1 head_lr=170 main=0.9261, best_cooldown=0.9332
main hparams: muon_lr=0.026 muon_momentum=0.7 bias_lr=0.63 head_lr=170 main=0.926, best_cooldown=0.9345
main hparams: muon_lr=0.026 muon_momentum=0.7 bias_lr=0.38 head_lr=170 main=0.9256, best_cooldown=0.9338
main hparams: muon_lr=0.016 muon_momentum=0.7 bias_lr=0.63 head_lr=170 main=0.9275, best_cooldown=0.9318
main hparams: muon_lr=0.043 muon_momentum=0.7 bias_lr=0.63 head_lr=170 main=0.9187, best_cooldown=0.9327
main hparams: muon_lr=0.026 muon_momentum=0.6 bias_lr=0.63 head_lr=170 main=0.926, best_cooldown=0.9331
main hparams: muon_lr=0.026 muon_momentum=0.8 bias_lr=0.63 head_lr=170 main=0.9258, best_cooldown=0.9319
main hparams: muon_lr=0.026 muon_momentum=0.7 bias_lr=0.63 head_lr=100 main=0.9253, best_cooldown=0.9342
main hparams: muon_lr=0.026 muon_momentum=0.7 bias_lr=0.63 head_lr=63 main=0.9261, best_cooldown=0.9335
main hparams: muon_lr=0.026 muon_momentum=0.7 bias_lr=0.63 head_lr=290 main=0.9257, best_cooldown=0.9336
main hparams: muon_lr=0.026 muon_momentum=0.7 bias_lr=0.63 head_lr=170 main=0.926, best_cooldown=0.9351
muon_lr=0.0093 muon_momentum=0.7 bias_lr=13 head_lr=480 -> tta_val_acc=0.9345
muon_lr=0.0056 muon_momentum=0.7 bias_lr=13 head_lr=480 -> tta_val_acc=0.9333
muon_lr=0.016 muon_momentum=0.7 bias_lr=13 head_lr=480 -> tta_val_acc=0.9322
muon_lr=0.0093 muon_momentum=0.7 bias_lr=8.1 head_lr=480 -> tta_val_acc=0.9341
muon_lr=0.0093 muon_momentum=0.7 bias_lr=4.9 head_lr=480 -> tta_val_acc=0.9337
muon_lr=0.0093 muon_momentum=0.7 bias_lr=22 head_lr=480 -> tta_val_acc=0.9338
muon_lr=0.0093 muon_momentum=0.7 bias_lr=13 head_lr=290 -> tta_val_acc=0.9341
muon_lr=0.0093 muon_momentum=0.7 bias_lr=13 head_lr=170 -> tta_val_acc=0.9338
muon_lr=0.0093 muon_momentum=0.7 bias_lr=13 head_lr=800 -> tta_val_acc=0.9345
muon_lr=0.0093 muon_momentum=0.7 bias_lr=13 head_lr=1300 -> tta_val_acc=0.9342
muon_lr=0.0093 muon_momentum=0.7 bias_lr=13 head_lr=2200 -> tta_val_acc=0.9341
muon_lr=0.0093 muon_momentum=0.7 bias_lr=13 head_lr=3700 -> tta_val_acc=0.9351
muon_lr=0.0093 muon_momentum=0.7 bias_lr=13 head_lr=6200 -> tta_val_acc=0.9338
muon_lr=0.0056 muon_momentum=0.7 bias_lr=13 head_lr=3700 -> tta_val_acc=0.9333
muon_lr=0.016 muon_momentum=0.7 bias_lr=13 head_lr=3700 -> tta_val_acc=0.9307
muon_lr=0.0093 muon_momentum=0.7 bias_lr=8.1 head_lr=3700 -> tta_val_acc=0.935
muon_lr=0.0093 muon_momentum=0.7 bias_lr=4.9 head_lr=3700 -> tta_val_acc=0.9343
muon_lr=0.0093 muon_momentum=0.7 bias_lr=22 head_lr=3700 -> tta_val_acc=0.9344
search_path step=0 muon_lr=0.0093 muon_momentum=0.7 bias_lr=13 head_lr=480 tta_val_acc=0.9345
search_path step=1 muon_lr=0.0093 muon_momentum=0.7 bias_lr=13 head_lr=3700 tta_val_acc=0.9351
main hparams: muon_lr=0.026 muon_momentum=0.7 bias_lr=0.63 head_lr=170 main=0.926, best_cooldown=0.9351
main hparams: muon_lr=0.016 muon_momentum=0.7 bias_lr=0.63 head_lr=170 main=0.9275, best_cooldown=0.9323
main hparams: muon_lr=0.043 muon_momentum=0.7 bias_lr=0.63 head_lr=170 main=0.9187, best_cooldown=0.9326
main hparams: muon_lr=0.026 muon_momentum=0.6 bias_lr=0.63 head_lr=170 main=0.926, best_cooldown=0.9336
main hparams: muon_lr=0.026 muon_momentum=0.8 bias_lr=0.63 head_lr=170 main=0.9258, best_cooldown=0.9337
main hparams: muon_lr=0.026 muon_momentum=0.7 bias_lr=0.38 head_lr=170 main=0.9256, best_cooldown=0.9342
main hparams: muon_lr=0.026 muon_momentum=0.7 bias_lr=1 head_lr=170 main=0.9261, best_cooldown=0.934
main hparams: muon_lr=0.026 muon_momentum=0.7 bias_lr=0.63 head_lr=100 main=0.9253, best_cooldown=0.9339
main hparams: muon_lr=0.026 muon_momentum=0.7 bias_lr=0.63 head_lr=290 main=0.9257, best_cooldown=0.934
search_path step=0 muon_lr=0.016 muon_momentum=0.7 bias_lr=13 head_lr=170 tta_val_acc=0.9324
search_path step=1 muon_lr=0.026 muon_momentum=0.7 bias_lr=13 head_lr=170 tta_val_acc=0.9333
search_path step=2 muon_lr=0.026 muon_momentum=0.7 bias_lr=0.63 head_lr=170 tta_val_acc=0.9345
train_hparams run=0 interval=2 start_step=80 completed_steps=40 total_steps=200 muon_lr=0.026 muon_momentum=0.7 bias_lr=0.63 head_lr=170 muon_nesterov=False
train_loss run=0 interval=2 step=81 loss=1.10359
train_loss run=0 interval=2 step=82 loss=1.1006
train_loss run=0 interval=2 step=83 loss=1.08922
train_loss run=0 interval=2 step=84 loss=1.07841
train_loss run=0 interval=2 step=85 loss=1.08983
train_loss run=0 interval=2 step=86 loss=1.06895
train_loss run=0 interval=2 step=87 loss=1.06961
train_loss run=0 interval=2 step=88 loss=1.07567
train_loss run=0 interval=2 step=89 loss=1.04784
train_loss run=0 interval=2 step=90 loss=1.06065
train_loss run=0 interval=2 step=91 loss=1.04981
train_loss run=0 interval=2 step=92 loss=1.05151
train_loss run=0 interval=2 step=93 loss=1.05726
train_loss run=0 interval=2 step=94 loss=1.06609
train_loss run=0 interval=2 step=95 loss=1.06616
train_loss run=0 interval=2 step=96 loss=1.05412
train_loss run=0 interval=2 step=97 loss=1.0557
train_loss run=0 interval=2 step=98 loss=1.05871
train_loss run=0 interval=2 step=99 loss=1.05221
train_loss run=0 interval=2 step=100 loss=1.05679
train_loss run=0 interval=2 step=101 loss=1.01963
train_loss run=0 interval=2 step=102 loss=1.01713
train_loss run=0 interval=2 step=103 loss=1.01313
train_loss run=0 interval=2 step=104 loss=1.02153
train_loss run=0 interval=2 step=105 loss=1.01016
train_loss run=0 interval=2 step=106 loss=1.02104
train_loss run=0 interval=2 step=107 loss=1.01206
train_loss run=0 interval=2 step=108 loss=1.01059
train_loss run=0 interval=2 step=109 loss=1.02395
train_loss run=0 interval=2 step=110 loss=1.01283
train_loss run=0 interval=2 step=111 loss=1.01824
train_loss run=0 interval=2 step=112 loss=0.999429
train_loss run=0 interval=2 step=113 loss=1.02491
train_loss run=0 interval=2 step=114 loss=1.00888
train_loss run=0 interval=2 step=115 loss=1.00387
train_loss run=0 interval=2 step=116 loss=1.01187
train_loss run=0 interval=2 step=117 loss=1.01021
train_loss run=0 interval=2 step=118 loss=1.00933
train_loss run=0 interval=2 step=119 loss=1.00975
train_loss run=0 interval=2 step=120 loss=0.995033
interval_boundary_eval run=0 interval=2 step=120 total_steps=200 tta_val_acc=0.926
main hparams: muon_lr=0.026 muon_momentum=0.7 bias_lr=0.63 head_lr=170 main=0.9272
main hparams: muon_lr=0.016 muon_momentum=0.7 bias_lr=0.63 head_lr=170 main=0.9315
main hparams: muon_lr=0.0093 muon_momentum=0.7 bias_lr=0.63 head_lr=170 main=0.933
main hparams: muon_lr=0.0056 muon_momentum=0.7 bias_lr=0.63 head_lr=170 main=0.9325
main hparams: muon_lr=0.0034 muon_momentum=0.7 bias_lr=0.63 head_lr=170 main=0.9328
main hparams: muon_lr=0.002 muon_momentum=0.7 bias_lr=0.63 head_lr=170 main=0.9317
main hparams: muon_lr=0.0093 muon_momentum=0.6 bias_lr=0.63 head_lr=170 main=0.9338
main hparams: muon_lr=0.0093 muon_momentum=0.5 bias_lr=0.63 head_lr=170 main=0.9341
main hparams: muon_lr=0.0093 muon_momentum=0.4 bias_lr=0.63 head_lr=170 main=0.9336
main hparams: muon_lr=0.0056 muon_momentum=0.5 bias_lr=0.63 head_lr=170 main=0.9325
main hparams: muon_lr=0.016 muon_momentum=0.5 bias_lr=0.63 head_lr=170 main=0.9323
main hparams: muon_lr=0.0093 muon_momentum=0.5 bias_lr=0.38 head_lr=170 main=0.9338
main hparams: muon_lr=0.0093 muon_momentum=0.5 bias_lr=0.23 head_lr=170 main=0.9339
main hparams: muon_lr=0.0093 muon_momentum=0.5 bias_lr=0.14 head_lr=170 main=0.9338
main hparams: muon_lr=0.0093 muon_momentum=0.5 bias_lr=1 head_lr=170 main=0.9341
main hparams: muon_lr=0.0093 muon_momentum=0.5 bias_lr=1.7 head_lr=170 main=0.9342
main hparams: muon_lr=0.0093 muon_momentum=0.5 bias_lr=2.9 head_lr=170 main=0.9343
main hparams: muon_lr=0.0093 muon_momentum=0.5 bias_lr=4.9 head_lr=170 main=0.9342
main hparams: muon_lr=0.0093 muon_momentum=0.5 bias_lr=8.1 head_lr=170 main=0.9346
main hparams: muon_lr=0.0093 muon_momentum=0.5 bias_lr=13 head_lr=170 main=0.9345
main hparams: muon_lr=0.0093 muon_momentum=0.5 bias_lr=22 head_lr=170 main=0.9339
main hparams: muon_lr=0.0056 muon_momentum=0.5 bias_lr=8.1 head_lr=170 main=0.9332
main hparams: muon_lr=0.016 muon_momentum=0.5 bias_lr=8.1 head_lr=170 main=0.9323
main hparams: muon_lr=0.0093 muon_momentum=0.4 bias_lr=8.1 head_lr=170 main=0.934
main hparams: muon_lr=0.0093 muon_momentum=0.6 bias_lr=8.1 head_lr=170 main=0.9342
main hparams: muon_lr=0.0093 muon_momentum=0.7 bias_lr=8.1 head_lr=170 main=0.9333
main hparams: muon_lr=0.0093 muon_momentum=0.5 bias_lr=8.1 head_lr=100 main=0.9344
main hparams: muon_lr=0.0093 muon_momentum=0.5 bias_lr=8.1 head_lr=63 main=0.9344
main hparams: muon_lr=0.0093 muon_momentum=0.5 bias_lr=8.1 head_lr=38 main=0.9347
main hparams: muon_lr=0.0093 muon_momentum=0.5 bias_lr=8.1 head_lr=23 main=0.9343
main hparams: muon_lr=0.0093 muon_momentum=0.5 bias_lr=8.1 head_lr=14 main=0.9346
main hparams: muon_lr=0.0093 muon_momentum=0.5 bias_lr=8.1 head_lr=8.1 main=0.9345
main hparams: muon_lr=0.0056 muon_momentum=0.5 bias_lr=8.1 head_lr=38 main=0.9329
main hparams: muon_lr=0.016 muon_momentum=0.5 bias_lr=8.1 head_lr=38 main=0.9325
main hparams: muon_lr=0.0093 muon_momentum=0.4 bias_lr=8.1 head_lr=38 main=0.9338
main hparams: muon_lr=0.0093 muon_momentum=0.6 bias_lr=8.1 head_lr=38 main=0.9347
main hparams: muon_lr=0.0093 muon_momentum=0.7 bias_lr=8.1 head_lr=38 main=0.9337
main hparams: muon_lr=0.0093 muon_momentum=0.5 bias_lr=4.9 head_lr=38 main=0.9342
main hparams: muon_lr=0.0093 muon_momentum=0.5 bias_lr=2.9 head_lr=38 main=0.9342
main hparams: muon_lr=0.0093 muon_momentum=0.5 bias_lr=1.7 head_lr=38 main=0.9344
main hparams: muon_lr=0.0093 muon_momentum=0.5 bias_lr=13 head_lr=38 main=0.9343
main hparams: muon_lr=0.0093 muon_momentum=0.5 bias_lr=22 head_lr=38 main=0.9338
main hparams: muon_lr=0.0093 muon_momentum=0.5 bias_lr=8.1 head_lr=290 main=0.9341
main hparams: muon_lr=0.0093 muon_momentum=0.5 bias_lr=8.1 head_lr=38 main=0.9347, best_cooldown=0.935
muon_lr=0.0093 muon_momentum=0.5 bias_lr=13 head_lr=3700 -> tta_val_acc=0.9334
muon_lr=0.0056 muon_momentum=0.5 bias_lr=13 head_lr=3700 -> tta_val_acc=0.9345
muon_lr=0.0034 muon_momentum=0.5 bias_lr=13 head_lr=3700 -> tta_val_acc=0.9349
muon_lr=0.002 muon_momentum=0.5 bias_lr=13 head_lr=3700 -> tta_val_acc=0.9348
muon_lr=0.0012 muon_momentum=0.5 bias_lr=13 head_lr=3700 -> tta_val_acc=0.9338
muon_lr=0.0034 muon_momentum=0.5 bias_lr=8.1 head_lr=3700 -> tta_val_acc=0.9349
muon_lr=0.0034 muon_momentum=0.5 bias_lr=4.9 head_lr=3700 -> tta_val_acc=0.935
muon_lr=0.0034 muon_momentum=0.5 bias_lr=2.9 head_lr=3700 -> tta_val_acc=0.9348
muon_lr=0.0034 muon_momentum=0.5 bias_lr=1.7 head_lr=3700 -> tta_val_acc=0.9346
muon_lr=0.0034 muon_momentum=0.5 bias_lr=1 head_lr=3700 -> tta_val_acc=0.9346
muon_lr=0.002 muon_momentum=0.5 bias_lr=4.9 head_lr=3700 -> tta_val_acc=0.9345
muon_lr=0.0056 muon_momentum=0.5 bias_lr=4.9 head_lr=3700 -> tta_val_acc=0.9341
muon_lr=0.0034 muon_momentum=0.5 bias_lr=22 head_lr=3700 -> tta_val_acc=0.9348
muon_lr=0.0034 muon_momentum=0.5 bias_lr=37 head_lr=3700 -> tta_val_acc=0.9349
muon_lr=0.0034 muon_momentum=0.5 bias_lr=62 head_lr=3700 -> tta_val_acc=0.9336
muon_lr=0.0034 muon_momentum=0.5 bias_lr=4.9 head_lr=2200 -> tta_val_acc=0.9349
muon_lr=0.0034 muon_momentum=0.5 bias_lr=4.9 head_lr=1300 -> tta_val_acc=0.9349
muon_lr=0.0034 muon_momentum=0.5 bias_lr=4.9 head_lr=800 -> tta_val_acc=0.9342
muon_lr=0.0034 muon_momentum=0.5 bias_lr=4.9 head_lr=6200 -> tta_val_acc=0.934
search_path step=0 muon_lr=0.0093 muon_momentum=0.5 bias_lr=13 head_lr=3700 tta_val_acc=0.9334
search_path step=1 muon_lr=0.0034 muon_momentum=0.5 bias_lr=13 head_lr=3700 tta_val_acc=0.9349
search_path step=2 muon_lr=0.0034 muon_momentum=0.5 bias_lr=4.9 head_lr=3700 tta_val_acc=0.935
main hparams: muon_lr=0.0093 muon_momentum=0.5 bias_lr=8.1 head_lr=38 main=0.9347, best_cooldown=0.935
main hparams: muon_lr=0.0056 muon_momentum=0.5 bias_lr=8.1 head_lr=38 main=0.9329, best_cooldown=0.9336
main hparams: muon_lr=0.016 muon_momentum=0.5 bias_lr=8.1 head_lr=38 main=0.9325, best_cooldown=0.9356
main hparams: muon_lr=0.026 muon_momentum=0.5 bias_lr=8.1 head_lr=38 main=0.9291, best_cooldown=0.9365
main hparams: muon_lr=0.043 muon_momentum=0.5 bias_lr=8.1 head_lr=38 main=0.9222, best_cooldown=0.9351
main hparams: muon_lr=0.026 muon_momentum=0.4 bias_lr=8.1 head_lr=38 main=0.9297, best_cooldown=0.9364
main hparams: muon_lr=0.026 muon_momentum=0.3 bias_lr=8.1 head_lr=38 main=0.9306, best_cooldown=0.9356
main hparams: muon_lr=0.026 muon_momentum=0.6 bias_lr=8.1 head_lr=38 main=0.9286, best_cooldown=0.9354
main hparams: muon_lr=0.026 muon_momentum=0.5 bias_lr=4.9 head_lr=38 main=0.9292, best_cooldown=0.9364
main hparams: muon_lr=0.026 muon_momentum=0.5 bias_lr=2.9 head_lr=38 main=0.929, best_cooldown=0.9366
main hparams: muon_lr=0.026 muon_momentum=0.5 bias_lr=1.7 head_lr=38 main=0.929, best_cooldown=0.9367
main hparams: muon_lr=0.026 muon_momentum=0.5 bias_lr=1 head_lr=38 main=0.9291, best_cooldown=0.9365
main hparams: muon_lr=0.026 muon_momentum=0.5 bias_lr=0.63 head_lr=38 main=0.9293, best_cooldown=0.9367
main hparams: muon_lr=0.026 muon_momentum=0.5 bias_lr=0.38 head_lr=38 main=0.9292, best_cooldown=0.9366
main hparams: muon_lr=0.016 muon_momentum=0.5 bias_lr=1.7 head_lr=38 main=0.9318, best_cooldown=0.9354
main hparams: muon_lr=0.043 muon_momentum=0.5 bias_lr=1.7 head_lr=38 main=0.9207, best_cooldown=0.9356
main hparams: muon_lr=0.026 muon_momentum=0.4 bias_lr=1.7 head_lr=38 main=0.9293, best_cooldown=0.936
main hparams: muon_lr=0.026 muon_momentum=0.6 bias_lr=1.7 head_lr=38 main=0.9288, best_cooldown=0.9352
main hparams: muon_lr=0.026 muon_momentum=0.5 bias_lr=13 head_lr=38 main=0.9292, best_cooldown=0.9363
main hparams: muon_lr=0.026 muon_momentum=0.5 bias_lr=22 head_lr=38 main=0.9287, best_cooldown=0.9367
main hparams: muon_lr=0.026 muon_momentum=0.5 bias_lr=37 head_lr=38 main=0.9283, best_cooldown=0.9367
main hparams: muon_lr=0.026 muon_momentum=0.5 bias_lr=62 head_lr=38 main=0.9276, best_cooldown=0.9363
main hparams: muon_lr=0.026 muon_momentum=0.5 bias_lr=100 head_lr=38 main=0.9273, best_cooldown=0.937
main hparams: muon_lr=0.026 muon_momentum=0.5 bias_lr=170 head_lr=38 main=0.9223, best_cooldown=0.9358
main hparams: muon_lr=0.016 muon_momentum=0.5 bias_lr=100 head_lr=38 main=0.93, best_cooldown=0.9351
main hparams: muon_lr=0.043 muon_momentum=0.5 bias_lr=100 head_lr=38 main=0.9178, best_cooldown=0.935
main hparams: muon_lr=0.026 muon_momentum=0.4 bias_lr=100 head_lr=38 main=0.9267, best_cooldown=0.9359
main hparams: muon_lr=0.026 muon_momentum=0.6 bias_lr=100 head_lr=38 main=0.9262, best_cooldown=0.9355
main hparams: muon_lr=0.026 muon_momentum=0.5 bias_lr=100 head_lr=23 main=0.9266, best_cooldown=0.9371
main hparams: muon_lr=0.026 muon_momentum=0.5 bias_lr=100 head_lr=14 main=0.9261, best_cooldown=0.9367
main hparams: muon_lr=0.026 muon_momentum=0.5 bias_lr=100 head_lr=8.1 main=0.9259, best_cooldown=0.9368
main hparams: muon_lr=0.026 muon_momentum=0.5 bias_lr=100 head_lr=4.9 main=0.926, best_cooldown=0.9362
main hparams: muon_lr=0.016 muon_momentum=0.5 bias_lr=100 head_lr=23 main=0.9297, best_cooldown=0.9352
main hparams: muon_lr=0.043 muon_momentum=0.5 bias_lr=100 head_lr=23 main=0.9183, best_cooldown=0.9359
main hparams: muon_lr=0.026 muon_momentum=0.4 bias_lr=100 head_lr=23 main=0.9265, best_cooldown=0.9359
main hparams: muon_lr=0.026 muon_momentum=0.6 bias_lr=100 head_lr=23 main=0.9254, best_cooldown=0.9356
main hparams: muon_lr=0.026 muon_momentum=0.5 bias_lr=62 head_lr=23 main=0.928, best_cooldown=0.9362
main hparams: muon_lr=0.026 muon_momentum=0.5 bias_lr=170 head_lr=23 main=0.9218, best_cooldown=0.9363
main hparams: muon_lr=0.026 muon_momentum=0.5 bias_lr=100 head_lr=63 main=0.926, best_cooldown=0.9367
main hparams: muon_lr=0.026 muon_momentum=0.5 bias_lr=100 head_lr=100 main=0.9261, best_cooldown=0.9368
main hparams: muon_lr=0.026 muon_momentum=0.5 bias_lr=100 head_lr=170 main=0.9257, best_cooldown=0.9363
main hparams: muon_lr=0.026 muon_momentum=0.5 bias_lr=100 head_lr=23 main=0.9266, best_cooldown=0.9371
muon_lr=0.0034 muon_momentum=0.5 bias_lr=4.9 head_lr=3700 -> tta_val_acc=0.9371
muon_lr=0.002 muon_momentum=0.5 bias_lr=4.9 head_lr=3700 -> tta_val_acc=0.9368
muon_lr=0.0012 muon_momentum=0.5 bias_lr=4.9 head_lr=3700 -> tta_val_acc=0.9362
muon_lr=0.0056 muon_momentum=0.5 bias_lr=4.9 head_lr=3700 -> tta_val_acc=0.9369
muon_lr=0.0093 muon_momentum=0.5 bias_lr=4.9 head_lr=3700 -> tta_val_acc=0.9361
muon_lr=0.0034 muon_momentum=0.5 bias_lr=2.9 head_lr=3700 -> tta_val_acc=0.9368
muon_lr=0.0034 muon_momentum=0.5 bias_lr=1.7 head_lr=3700 -> tta_val_acc=0.9367
muon_lr=0.0034 muon_momentum=0.5 bias_lr=1 head_lr=3700 -> tta_val_acc=0.9366
muon_lr=0.0034 muon_momentum=0.5 bias_lr=8.1 head_lr=3700 -> tta_val_acc=0.9364
muon_lr=0.0034 muon_momentum=0.5 bias_lr=4.9 head_lr=2200 -> tta_val_acc=0.9366
muon_lr=0.0034 muon_momentum=0.5 bias_lr=4.9 head_lr=6200 -> tta_val_acc=0.9358
search_path step=0 muon_lr=0.0034 muon_momentum=0.5 bias_lr=4.9 head_lr=3700 tta_val_acc=0.9371
search_path step=0 muon_lr=0.0093 muon_momentum=0.5 bias_lr=8.1 head_lr=38 tta_val_acc=0.935
search_path step=1 muon_lr=0.026 muon_momentum=0.5 bias_lr=8.1 head_lr=38 tta_val_acc=0.9365
search_path step=2 muon_lr=0.026 muon_momentum=0.5 bias_lr=1.7 head_lr=38 tta_val_acc=0.9367
search_path step=3 muon_lr=0.026 muon_momentum=0.5 bias_lr=100 head_lr=38 tta_val_acc=0.937
search_path step=4 muon_lr=0.026 muon_momentum=0.5 bias_lr=100 head_lr=23 tta_val_acc=0.9371
train_hparams run=0 interval=3 start_step=120 completed_steps=40 total_steps=200 muon_lr=0.026 muon_momentum=0.5 bias_lr=100 head_lr=23 muon_nesterov=False
train_loss run=0 interval=3 step=121 loss=1.00345
train_loss run=0 interval=3 step=122 loss=1.00979
train_loss run=0 interval=3 step=123 loss=1.00604
train_loss run=0 interval=3 step=124 loss=1.03083
train_loss run=0 interval=3 step=125 loss=0.998668
train_loss run=0 interval=3 step=126 loss=1.00317
train_loss run=0 interval=3 step=127 loss=0.986158
train_loss run=0 interval=3 step=128 loss=0.995596
train_loss run=0 interval=3 step=129 loss=0.99801
train_loss run=0 interval=3 step=130 loss=0.983361
train_loss run=0 interval=3 step=131 loss=0.998559
train_loss run=0 interval=3 step=132 loss=0.994866
train_loss run=0 interval=3 step=133 loss=1.00248
train_loss run=0 interval=3 step=134 loss=0.987848
train_loss run=0 interval=3 step=135 loss=0.996197
train_loss run=0 interval=3 step=136 loss=0.998805
train_loss run=0 interval=3 step=137 loss=0.992657
train_loss run=0 interval=3 step=138 loss=0.976905
train_loss run=0 interval=3 step=139 loss=0.986803
train_loss run=0 interval=3 step=140 loss=0.9847
train_loss run=0 interval=3 step=141 loss=0.99139
train_loss run=0 interval=3 step=142 loss=0.995478
train_loss run=0 interval=3 step=143 loss=1.00121
train_loss run=0 interval=3 step=144 loss=0.984583
train_loss run=0 interval=3 step=145 loss=1.00611
train_loss run=0 interval=3 step=146 loss=0.989657
train_loss run=0 interval=3 step=147 loss=0.990303
train_loss run=0 interval=3 step=148 loss=0.992442
train_loss run=0 interval=3 step=149 loss=0.986971
train_loss run=0 interval=3 step=150 loss=0.993349
train_loss run=0 interval=3 step=151 loss=0.97406
train_loss run=0 interval=3 step=152 loss=0.964959
train_loss run=0 interval=3 step=153 loss=0.967978
train_loss run=0 interval=3 step=154 loss=0.961604
train_loss run=0 interval=3 step=155 loss=0.97163
train_loss run=0 interval=3 step=156 loss=0.972922
train_loss run=0 interval=3 step=157 loss=0.959841
train_loss run=0 interval=3 step=158 loss=0.968414
train_loss run=0 interval=3 step=159 loss=0.983844
train_loss run=0 interval=3 step=160 loss=0.967327
interval_boundary_eval run=0 interval=3 step=160 total_steps=200 tta_val_acc=0.9266
main hparams: muon_lr=0.026 muon_momentum=0.5 bias_lr=100 head_lr=23 main=0.9301
main hparams: muon_lr=0.016 muon_momentum=0.5 bias_lr=100 head_lr=23 main=0.9334
main hparams: muon_lr=0.0093 muon_momentum=0.5 bias_lr=100 head_lr=23 main=0.9325
main hparams: muon_lr=0.016 muon_momentum=0.4 bias_lr=100 head_lr=23 main=0.9332
main hparams: muon_lr=0.016 muon_momentum=0.3 bias_lr=100 head_lr=23 main=0.934
main hparams: muon_lr=0.016 muon_momentum=0.2 bias_lr=100 head_lr=23 main=0.9334
main hparams: muon_lr=0.0093 muon_momentum=0.3 bias_lr=100 head_lr=23 main=0.9334
main hparams: muon_lr=0.026 muon_momentum=0.3 bias_lr=100 head_lr=23 main=0.9321
main hparams: muon_lr=0.016 muon_momentum=0.3 bias_lr=62 head_lr=23 main=0.9345
main hparams: muon_lr=0.016 muon_momentum=0.3 bias_lr=37 head_lr=23 main=0.9349
main hparams: muon_lr=0.016 muon_momentum=0.3 bias_lr=22 head_lr=23 main=0.9357
main hparams: muon_lr=0.016 muon_momentum=0.3 bias_lr=13 head_lr=23 main=0.9363
main hparams: muon_lr=0.016 muon_momentum=0.3 bias_lr=8.1 head_lr=23 main=0.9365
main hparams: muon_lr=0.016 muon_momentum=0.3 bias_lr=4.9 head_lr=23 main=0.9367
main hparams: muon_lr=0.016 muon_momentum=0.3 bias_lr=2.9 head_lr=23 main=0.9367
main hparams: muon_lr=0.016 muon_momentum=0.3 bias_lr=1.7 head_lr=23 main=0.9366
main hparams: muon_lr=0.016 muon_momentum=0.3 bias_lr=1 head_lr=23 main=0.9363
main hparams: muon_lr=0.0093 muon_momentum=0.3 bias_lr=4.9 head_lr=23 main=0.9358
main hparams: muon_lr=0.026 muon_momentum=0.3 bias_lr=4.9 head_lr=23 main=0.9342
main hparams: muon_lr=0.016 muon_momentum=0.2 bias_lr=4.9 head_lr=23 main=0.937
main hparams: muon_lr=0.016 muon_momentum=0.1 bias_lr=4.9 head_lr=23 main=0.9368
main hparams: muon_lr=0.016 muon_momentum=0 bias_lr=4.9 head_lr=23 main=0.9365
main hparams: muon_lr=0.0093 muon_momentum=0.2 bias_lr=4.9 head_lr=23 main=0.9356
main hparams: muon_lr=0.026 muon_momentum=0.2 bias_lr=4.9 head_lr=23 main=0.9351
main hparams: muon_lr=0.016 muon_momentum=0.4 bias_lr=4.9 head_lr=23 main=0.9357
main hparams: muon_lr=0.016 muon_momentum=0.2 bias_lr=2.9 head_lr=23 main=0.9367
main hparams: muon_lr=0.016 muon_momentum=0.2 bias_lr=1.7 head_lr=23 main=0.9371
main hparams: muon_lr=0.016 muon_momentum=0.2 bias_lr=1 head_lr=23 main=0.9367
main hparams: muon_lr=0.016 muon_momentum=0.2 bias_lr=0.63 head_lr=23 main=0.9365
main hparams: muon_lr=0.0093 muon_momentum=0.2 bias_lr=1.7 head_lr=23 main=0.9361
main hparams: muon_lr=0.026 muon_momentum=0.2 bias_lr=1.7 head_lr=23 main=0.9353
main hparams: muon_lr=0.016 muon_momentum=0.1 bias_lr=1.7 head_lr=23 main=0.9367
main hparams: muon_lr=0.016 muon_momentum=0 bias_lr=1.7 head_lr=23 main=0.937
main hparams: muon_lr=0.016 muon_momentum=0.2 bias_lr=8.1 head_lr=23 main=0.937
main hparams: muon_lr=0.016 muon_momentum=0.2 bias_lr=13 head_lr=23 main=0.936
main hparams: muon_lr=0.016 muon_momentum=0.2 bias_lr=1.7 head_lr=14 main=0.9371
main hparams: muon_lr=0.016 muon_momentum=0.2 bias_lr=1.7 head_lr=8.1 main=0.937
main hparams: muon_lr=0.016 muon_momentum=0.2 bias_lr=1.7 head_lr=4.9 main=0.9372
main hparams: muon_lr=0.016 muon_momentum=0.2 bias_lr=1.7 head_lr=2.9 main=0.9367
main hparams: muon_lr=0.016 muon_momentum=0.2 bias_lr=1.7 head_lr=1.8 main=0.9374
main hparams: muon_lr=0.016 muon_momentum=0.2 bias_lr=1.7 head_lr=1.1 main=0.9368
main hparams: muon_lr=0.0093 muon_momentum=0.2 bias_lr=1.7 head_lr=1.8 main=0.936
main hparams: muon_lr=0.026 muon_momentum=0.2 bias_lr=1.7 head_lr=1.8 main=0.9354
main hparams: muon_lr=0.016 muon_momentum=0.1 bias_lr=1.7 head_lr=1.8 main=0.9366
main hparams: muon_lr=0.016 muon_momentum=0.3 bias_lr=1.7 head_lr=1.8 main=0.9368
main hparams: muon_lr=0.016 muon_momentum=0.2 bias_lr=1 head_lr=1.8 main=0.9365
main hparams: muon_lr=0.016 muon_momentum=0.2 bias_lr=2.9 head_lr=1.8 main=0.9368
search_path step=0 muon_lr=0.026 muon_momentum=0.5 bias_lr=100 head_lr=23 tta_val_acc=0.9301
search_path step=1 muon_lr=0.016 muon_momentum=0.5 bias_lr=100 head_lr=23 tta_val_acc=0.9334
search_path step=2 muon_lr=0.016 muon_momentum=0.3 bias_lr=100 head_lr=23 tta_val_acc=0.934
search_path step=3 muon_lr=0.016 muon_momentum=0.3 bias_lr=4.9 head_lr=23 tta_val_acc=0.9367
search_path step=4 muon_lr=0.016 muon_momentum=0.2 bias_lr=4.9 head_lr=23 tta_val_acc=0.937
search_path step=5 muon_lr=0.016 muon_momentum=0.2 bias_lr=1.7 head_lr=23 tta_val_acc=0.9371
search_path step=6 muon_lr=0.016 muon_momentum=0.2 bias_lr=1.7 head_lr=1.8 tta_val_acc=0.9374
train_hparams run=0 interval=4 start_step=160 completed_steps=40 total_steps=200 muon_lr=0.016 muon_momentum=0.2 bias_lr=1.7 head_lr=1.8 muon_nesterov=False
train_loss run=0 interval=4 step=161 loss=0.964904
train_loss run=0 interval=4 step=162 loss=0.964765
train_loss run=0 interval=4 step=163 loss=0.957333
train_loss run=0 interval=4 step=164 loss=0.951619
train_loss run=0 interval=4 step=165 loss=0.963441
train_loss run=0 interval=4 step=166 loss=0.954483
train_loss run=0 interval=4 step=167 loss=0.961847
train_loss run=0 interval=4 step=168 loss=0.959158
train_loss run=0 interval=4 step=169 loss=0.961395
train_loss run=0 interval=4 step=170 loss=0.944971
train_loss run=0 interval=4 step=171 loss=0.960463
train_loss run=0 interval=4 step=172 loss=0.958558
train_loss run=0 interval=4 step=173 loss=0.960411
train_loss run=0 interval=4 step=174 loss=0.957352
train_loss run=0 interval=4 step=175 loss=0.947221
train_loss run=0 interval=4 step=176 loss=0.93983
train_loss run=0 interval=4 step=177 loss=0.937895
train_loss run=0 interval=4 step=178 loss=0.942896
train_loss run=0 interval=4 step=179 loss=0.942946
train_loss run=0 interval=4 step=180 loss=0.940075
train_loss run=0 interval=4 step=181 loss=0.944392
train_loss run=0 interval=4 step=182 loss=0.940259
train_loss run=0 interval=4 step=183 loss=0.941783
train_loss run=0 interval=4 step=184 loss=0.943946
train_loss run=0 interval=4 step=185 loss=0.943092
train_loss run=0 interval=4 step=186 loss=0.947621
train_loss run=0 interval=4 step=187 loss=0.947629
train_loss run=0 interval=4 step=188 loss=0.9387
train_loss run=0 interval=4 step=189 loss=0.944651
train_loss run=0 interval=4 step=190 loss=0.940247
train_loss run=0 interval=4 step=191 loss=0.943127
train_loss run=0 interval=4 step=192 loss=0.936889
train_loss run=0 interval=4 step=193 loss=0.945193
train_loss run=0 interval=4 step=194 loss=0.941286
train_loss run=0 interval=4 step=195 loss=0.944414
train_loss run=0 interval=4 step=196 loss=0.942737
train_loss run=0 interval=4 step=197 loss=0.940387
train_loss run=0 interval=4 step=198 loss=0.943249
train_loss run=0 interval=4 step=199 loss=0.933604
train_loss run=0 interval=4 step=200 loss=0.943783
Batch size:          2000
Train epochs:        8
Train steps:         200
N steps:             40
M cooldown steps:    40
Search hparams:      muon_lr,muon_momentum,bias_lr,head_lr
Cooldown hparams:    muon_lr,bias_lr,head_lr
Muon nesterov:       False
Val acc:             0.9254
TTA val acc:         0.9374
Run seconds:         1312.438
