cifar_search_simple run=0 batch_size=2000 train_epochs=8 n_steps=40 m_steps=40 search_hparams=muon_lr,muon_momentum,bias_lr,head_lr cooldown_search_hparams=muon_lr,bias_lr,head_lr muon_nesterov=False full_grid_search=True initial_muon_lr=1 initial_muon_momentum=0.6 initial_muon_momentum_index=6 initial_bias_lr=1 initial_head_lr=1
main hparams: muon_lr=1 muon_momentum=0.6 bias_lr=1 head_lr=1 main=0.5097
main hparams: muon_lr=0.6 muon_momentum=0.6 bias_lr=1 head_lr=1 main=0.629
main hparams: muon_lr=0.36 muon_momentum=0.6 bias_lr=1 head_lr=1 main=0.6875
main hparams: muon_lr=0.22 muon_momentum=0.6 bias_lr=1 head_lr=1 main=0.7931
main hparams: muon_lr=0.13 muon_momentum=0.6 bias_lr=1 head_lr=1 main=0.8207
main hparams: muon_lr=0.078 muon_momentum=0.6 bias_lr=1 head_lr=1 main=0.8071
main hparams: muon_lr=0.13 muon_momentum=0.5 bias_lr=1 head_lr=1 main=0.8068
main hparams: muon_lr=0.13 muon_momentum=0.7 bias_lr=1 head_lr=1 main=0.8052
main hparams: muon_lr=0.13 muon_momentum=0.6 bias_lr=1.7 head_lr=1 main=0.8019
main hparams: muon_lr=0.13 muon_momentum=0.6 bias_lr=2.8 head_lr=1 main=0.81
main hparams: muon_lr=0.13 muon_momentum=0.6 bias_lr=4.6 head_lr=1 main=0.8155
main hparams: muon_lr=0.13 muon_momentum=0.6 bias_lr=7.7 head_lr=1 main=0.8096
main hparams: muon_lr=0.13 muon_momentum=0.6 bias_lr=13 head_lr=1 main=0.8124
main hparams: muon_lr=0.13 muon_momentum=0.6 bias_lr=21 head_lr=1 main=0.8148
main hparams: muon_lr=0.13 muon_momentum=0.6 bias_lr=36 head_lr=1 main=0.8205
main hparams: muon_lr=0.13 muon_momentum=0.6 bias_lr=60 head_lr=1 main=0.8188
main hparams: muon_lr=0.13 muon_momentum=0.6 bias_lr=99 head_lr=1 main=0.821
main hparams: muon_lr=0.13 muon_momentum=0.6 bias_lr=170 head_lr=1 main=0.8188
main hparams: muon_lr=0.13 muon_momentum=0.6 bias_lr=280 head_lr=1 main=0.8034
main hparams: muon_lr=0.13 muon_momentum=0.6 bias_lr=460 head_lr=1 main=0.7718
main hparams: muon_lr=0.13 muon_momentum=0.6 bias_lr=770 head_lr=1 main=0.7517
main hparams: muon_lr=0.13 muon_momentum=0.6 bias_lr=1300 head_lr=1 main=0.5592
main hparams: muon_lr=0.13 muon_momentum=0.6 bias_lr=2100 head_lr=1 main=0.4397
main hparams: muon_lr=0.13 muon_momentum=0.6 bias_lr=3500 head_lr=1 main=0.2533
main hparams: muon_lr=0.13 muon_momentum=0.6 bias_lr=5900 head_lr=1 main=0.2525
main hparams: muon_lr=0.13 muon_momentum=0.6 bias_lr=9800 head_lr=1 main=0.1468
main hparams: muon_lr=0.13 muon_momentum=0.6 bias_lr=16000 head_lr=1 main=0.1287
main hparams: muon_lr=0.13 muon_momentum=0.6 bias_lr=27000 head_lr=1 main=0.1
main hparams: muon_lr=0.078 muon_momentum=0.6 bias_lr=99 head_lr=1 main=0.8165
main hparams: muon_lr=0.22 muon_momentum=0.6 bias_lr=99 head_lr=1 main=0.797
main hparams: muon_lr=0.13 muon_momentum=0.5 bias_lr=99 head_lr=1 main=0.8153
main hparams: muon_lr=0.13 muon_momentum=0.7 bias_lr=99 head_lr=1 main=0.8243
main hparams: muon_lr=0.13 muon_momentum=0.8 bias_lr=99 head_lr=1 main=0.832
main hparams: muon_lr=0.13 muon_momentum=0.9 bias_lr=99 head_lr=1 main=0.8189
main hparams: muon_lr=0.078 muon_momentum=0.8 bias_lr=99 head_lr=1 main=0.8225
main hparams: muon_lr=0.22 muon_momentum=0.8 bias_lr=99 head_lr=1 main=0.7865
main hparams: muon_lr=0.13 muon_momentum=0.8 bias_lr=1 head_lr=1 main=0.8139
main hparams: muon_lr=0.13 muon_momentum=0.8 bias_lr=1.7 head_lr=1 main=0.8125
main hparams: muon_lr=0.13 muon_momentum=0.8 bias_lr=2.8 head_lr=1 main=0.8117
main hparams: muon_lr=0.13 muon_momentum=0.8 bias_lr=4.6 head_lr=1 main=0.8093
main hparams: muon_lr=0.13 muon_momentum=0.8 bias_lr=7.7 head_lr=1 main=0.814
main hparams: muon_lr=0.13 muon_momentum=0.8 bias_lr=13 head_lr=1 main=0.8171
main hparams: muon_lr=0.13 muon_momentum=0.8 bias_lr=21 head_lr=1 main=0.8212
main hparams: muon_lr=0.13 muon_momentum=0.8 bias_lr=36 head_lr=1 main=0.8201
main hparams: muon_lr=0.13 muon_momentum=0.8 bias_lr=60 head_lr=1 main=0.8283
main hparams: muon_lr=0.13 muon_momentum=0.8 bias_lr=170 head_lr=1 main=0.8021
main hparams: muon_lr=0.13 muon_momentum=0.8 bias_lr=280 head_lr=1 main=0.7711
main hparams: muon_lr=0.13 muon_momentum=0.8 bias_lr=460 head_lr=1 main=0.7743
main hparams: muon_lr=0.13 muon_momentum=0.8 bias_lr=770 head_lr=1 main=0.667
main hparams: muon_lr=0.13 muon_momentum=0.8 bias_lr=1300 head_lr=1 main=0.5624
main hparams: muon_lr=0.13 muon_momentum=0.8 bias_lr=2100 head_lr=1 main=0.438
main hparams: muon_lr=0.13 muon_momentum=0.8 bias_lr=3500 head_lr=1 main=0.2253
main hparams: muon_lr=0.13 muon_momentum=0.8 bias_lr=5900 head_lr=1 main=0.2454
main hparams: muon_lr=0.13 muon_momentum=0.8 bias_lr=9800 head_lr=1 main=0.2223
main hparams: muon_lr=0.13 muon_momentum=0.8 bias_lr=16000 head_lr=1 main=0.1586
main hparams: muon_lr=0.13 muon_momentum=0.8 bias_lr=27000 head_lr=1 main=0.1
main hparams: muon_lr=0.13 muon_momentum=0.8 bias_lr=99 head_lr=1.7 main=0.821
main hparams: muon_lr=0.13 muon_momentum=0.8 bias_lr=99 head_lr=2.8 main=0.8197
main hparams: muon_lr=0.13 muon_momentum=0.8 bias_lr=99 head_lr=4.6 main=0.8264
main hparams: muon_lr=0.13 muon_momentum=0.8 bias_lr=99 head_lr=7.7 main=0.8183
main hparams: muon_lr=0.13 muon_momentum=0.8 bias_lr=99 head_lr=13 main=0.826
main hparams: muon_lr=0.13 muon_momentum=0.8 bias_lr=99 head_lr=21 main=0.8309
main hparams: muon_lr=0.13 muon_momentum=0.8 bias_lr=99 head_lr=36 main=0.8298
main hparams: muon_lr=0.13 muon_momentum=0.8 bias_lr=99 head_lr=60 main=0.826
main hparams: muon_lr=0.13 muon_momentum=0.8 bias_lr=99 head_lr=99 main=0.8363
main hparams: muon_lr=0.13 muon_momentum=0.8 bias_lr=99 head_lr=170 main=0.8313
main hparams: muon_lr=0.13 muon_momentum=0.8 bias_lr=99 head_lr=280 main=0.8354
main hparams: muon_lr=0.13 muon_momentum=0.8 bias_lr=99 head_lr=460 main=0.8231
main hparams: muon_lr=0.13 muon_momentum=0.8 bias_lr=99 head_lr=770 main=0.8374
main hparams: muon_lr=0.13 muon_momentum=0.8 bias_lr=99 head_lr=1300 main=0.8299
main hparams: muon_lr=0.13 muon_momentum=0.8 bias_lr=99 head_lr=2100 main=0.8198
main hparams: muon_lr=0.13 muon_momentum=0.8 bias_lr=99 head_lr=3500 main=0.7602
main hparams: muon_lr=0.13 muon_momentum=0.8 bias_lr=99 head_lr=5900 main=0.301
main hparams: muon_lr=0.13 muon_momentum=0.8 bias_lr=99 head_lr=9800 main=0.1
main hparams: muon_lr=0.13 muon_momentum=0.8 bias_lr=99 head_lr=16000 main=0.1
main hparams: muon_lr=0.13 muon_momentum=0.8 bias_lr=99 head_lr=27000 main=0.1
main hparams: muon_lr=0.078 muon_momentum=0.8 bias_lr=99 head_lr=770 main=0.8454
main hparams: muon_lr=0.047 muon_momentum=0.8 bias_lr=99 head_lr=770 main=0.8318
main hparams: muon_lr=0.078 muon_momentum=0.7 bias_lr=99 head_lr=770 main=0.8522
main hparams: muon_lr=0.078 muon_momentum=0.6 bias_lr=99 head_lr=770 main=0.8481
main hparams: muon_lr=0.047 muon_momentum=0.7 bias_lr=99 head_lr=770 main=0.8306
main hparams: muon_lr=0.13 muon_momentum=0.7 bias_lr=99 head_lr=770 main=0.8367
main hparams: muon_lr=0.078 muon_momentum=0.7 bias_lr=1 head_lr=770 main=0.8508
main hparams: muon_lr=0.078 muon_momentum=0.7 bias_lr=1.7 head_lr=770 main=0.8433
main hparams: muon_lr=0.078 muon_momentum=0.7 bias_lr=2.8 head_lr=770 main=0.8482
main hparams: muon_lr=0.078 muon_momentum=0.7 bias_lr=4.6 head_lr=770 main=0.8452
main hparams: muon_lr=0.078 muon_momentum=0.7 bias_lr=7.7 head_lr=770 main=0.8462
main hparams: muon_lr=0.078 muon_momentum=0.7 bias_lr=13 head_lr=770 main=0.8454
main hparams: muon_lr=0.078 muon_momentum=0.7 bias_lr=21 head_lr=770 main=0.8467
main hparams: muon_lr=0.078 muon_momentum=0.7 bias_lr=36 head_lr=770 main=0.8412
main hparams: muon_lr=0.078 muon_momentum=0.7 bias_lr=60 head_lr=770 main=0.8436
main hparams: muon_lr=0.078 muon_momentum=0.7 bias_lr=170 head_lr=770 main=0.8426
main hparams: muon_lr=0.078 muon_momentum=0.7 bias_lr=280 head_lr=770 main=0.8326
main hparams: muon_lr=0.078 muon_momentum=0.7 bias_lr=460 head_lr=770 main=0.8041
main hparams: muon_lr=0.078 muon_momentum=0.7 bias_lr=770 head_lr=770 main=0.309
main hparams: muon_lr=0.078 muon_momentum=0.7 bias_lr=1300 head_lr=770 main=0.1639
main hparams: muon_lr=0.078 muon_momentum=0.7 bias_lr=2100 head_lr=770 main=0.1068
main hparams: muon_lr=0.078 muon_momentum=0.7 bias_lr=3500 head_lr=770 main=0.1744
main hparams: muon_lr=0.078 muon_momentum=0.7 bias_lr=5900 head_lr=770 main=0.1703
main hparams: muon_lr=0.078 muon_momentum=0.7 bias_lr=9800 head_lr=770 main=0.1105
main hparams: muon_lr=0.078 muon_momentum=0.7 bias_lr=16000 head_lr=770 main=0.1
main hparams: muon_lr=0.078 muon_momentum=0.7 bias_lr=27000 head_lr=770 main=0.1
main hparams: muon_lr=0.078 muon_momentum=0.7 bias_lr=99 head_lr=1 main=0.8264
main hparams: muon_lr=0.078 muon_momentum=0.7 bias_lr=99 head_lr=1.7 main=0.8258
main hparams: muon_lr=0.078 muon_momentum=0.7 bias_lr=99 head_lr=2.8 main=0.8242
main hparams: muon_lr=0.078 muon_momentum=0.7 bias_lr=99 head_lr=4.6 main=0.8274
main hparams: muon_lr=0.078 muon_momentum=0.7 bias_lr=99 head_lr=7.7 main=0.8306
main hparams: muon_lr=0.078 muon_momentum=0.7 bias_lr=99 head_lr=13 main=0.832
main hparams: muon_lr=0.078 muon_momentum=0.7 bias_lr=99 head_lr=21 main=0.8337
main hparams: muon_lr=0.078 muon_momentum=0.7 bias_lr=99 head_lr=36 main=0.8412
main hparams: muon_lr=0.078 muon_momentum=0.7 bias_lr=99 head_lr=60 main=0.8429
main hparams: muon_lr=0.078 muon_momentum=0.7 bias_lr=99 head_lr=99 main=0.8428
main hparams: muon_lr=0.078 muon_momentum=0.7 bias_lr=99 head_lr=170 main=0.8453
main hparams: muon_lr=0.078 muon_momentum=0.7 bias_lr=99 head_lr=280 main=0.8433
main hparams: muon_lr=0.078 muon_momentum=0.7 bias_lr=99 head_lr=460 main=0.8487
main hparams: muon_lr=0.078 muon_momentum=0.7 bias_lr=99 head_lr=1300 main=0.8495
main hparams: muon_lr=0.078 muon_momentum=0.7 bias_lr=99 head_lr=2100 main=0.8325
main hparams: muon_lr=0.078 muon_momentum=0.7 bias_lr=99 head_lr=3500 main=0.7943
main hparams: muon_lr=0.078 muon_momentum=0.7 bias_lr=99 head_lr=5900 main=0.2684
main hparams: muon_lr=0.078 muon_momentum=0.7 bias_lr=99 head_lr=9800 main=0.1
main hparams: muon_lr=0.078 muon_momentum=0.7 bias_lr=99 head_lr=16000 main=0.1
main hparams: muon_lr=0.078 muon_momentum=0.7 bias_lr=99 head_lr=27000 main=0.1
search_path step=0 muon_lr=1 muon_momentum=0.6 bias_lr=1 head_lr=1 tta_val_acc=0.5097
search_path step=1 muon_lr=0.13 muon_momentum=0.6 bias_lr=1 head_lr=1 tta_val_acc=0.8207
search_path step=2 muon_lr=0.13 muon_momentum=0.6 bias_lr=99 head_lr=1 tta_val_acc=0.821
search_path step=3 muon_lr=0.13 muon_momentum=0.8 bias_lr=99 head_lr=1 tta_val_acc=0.832
search_path step=4 muon_lr=0.13 muon_momentum=0.8 bias_lr=99 head_lr=770 tta_val_acc=0.8374
search_path step=5 muon_lr=0.078 muon_momentum=0.8 bias_lr=99 head_lr=770 tta_val_acc=0.8454
search_path step=6 muon_lr=0.078 muon_momentum=0.7 bias_lr=99 head_lr=770 tta_val_acc=0.8522
main hparams: muon_lr=0.078 muon_momentum=0.7 bias_lr=99 head_lr=770 main=0.8522, best_cooldown=0.908
muon_lr=0.078 muon_momentum=0.7 bias_lr=99 head_lr=770 -> tta_val_acc=0.8755
muon_lr=0.047 muon_momentum=0.7 bias_lr=99 head_lr=770 -> tta_val_acc=0.8897
muon_lr=0.028 muon_momentum=0.7 bias_lr=99 head_lr=770 -> tta_val_acc=0.9006
muon_lr=0.017 muon_momentum=0.7 bias_lr=99 head_lr=770 -> tta_val_acc=0.8997
muon_lr=0.028 muon_momentum=0.7 bias_lr=1 head_lr=770 -> tta_val_acc=0.907
muon_lr=0.028 muon_momentum=0.7 bias_lr=1.7 head_lr=770 -> tta_val_acc=0.9061
muon_lr=0.028 muon_momentum=0.7 bias_lr=2.8 head_lr=770 -> tta_val_acc=0.9072
muon_lr=0.028 muon_momentum=0.7 bias_lr=4.6 head_lr=770 -> tta_val_acc=0.9072
muon_lr=0.028 muon_momentum=0.7 bias_lr=7.7 head_lr=770 -> tta_val_acc=0.907
muon_lr=0.028 muon_momentum=0.7 bias_lr=13 head_lr=770 -> tta_val_acc=0.9078
muon_lr=0.028 muon_momentum=0.7 bias_lr=21 head_lr=770 -> tta_val_acc=0.9058
muon_lr=0.028 muon_momentum=0.7 bias_lr=36 head_lr=770 -> tta_val_acc=0.9057
muon_lr=0.028 muon_momentum=0.7 bias_lr=60 head_lr=770 -> tta_val_acc=0.9036
muon_lr=0.028 muon_momentum=0.7 bias_lr=170 head_lr=770 -> tta_val_acc=0.8783
muon_lr=0.028 muon_momentum=0.7 bias_lr=280 head_lr=770 -> tta_val_acc=0.8593
muon_lr=0.028 muon_momentum=0.7 bias_lr=460 head_lr=770 -> tta_val_acc=0.1863
muon_lr=0.028 muon_momentum=0.7 bias_lr=770 head_lr=770 -> tta_val_acc=0.1376
muon_lr=0.028 muon_momentum=0.7 bias_lr=1300 head_lr=770 -> tta_val_acc=0.1
muon_lr=0.028 muon_momentum=0.7 bias_lr=2100 head_lr=770 -> tta_val_acc=0.1
muon_lr=0.028 muon_momentum=0.7 bias_lr=3500 head_lr=770 -> tta_val_acc=0.1
muon_lr=0.028 muon_momentum=0.7 bias_lr=5900 head_lr=770 -> tta_val_acc=0.1
muon_lr=0.028 muon_momentum=0.7 bias_lr=9800 head_lr=770 -> tta_val_acc=0.1
muon_lr=0.028 muon_momentum=0.7 bias_lr=16000 head_lr=770 -> tta_val_acc=0.1
muon_lr=0.028 muon_momentum=0.7 bias_lr=27000 head_lr=770 -> tta_val_acc=0.1
muon_lr=0.017 muon_momentum=0.7 bias_lr=13 head_lr=770 -> tta_val_acc=0.9033
muon_lr=0.047 muon_momentum=0.7 bias_lr=13 head_lr=770 -> tta_val_acc=0.9054
muon_lr=0.028 muon_momentum=0.7 bias_lr=13 head_lr=1 -> tta_val_acc=0.9073
muon_lr=0.028 muon_momentum=0.7 bias_lr=13 head_lr=1.7 -> tta_val_acc=0.9065
muon_lr=0.028 muon_momentum=0.7 bias_lr=13 head_lr=2.8 -> tta_val_acc=0.906
muon_lr=0.028 muon_momentum=0.7 bias_lr=13 head_lr=4.6 -> tta_val_acc=0.906
muon_lr=0.028 muon_momentum=0.7 bias_lr=13 head_lr=7.7 -> tta_val_acc=0.9065
muon_lr=0.028 muon_momentum=0.7 bias_lr=13 head_lr=13 -> tta_val_acc=0.9056
muon_lr=0.028 muon_momentum=0.7 bias_lr=13 head_lr=21 -> tta_val_acc=0.9061
muon_lr=0.028 muon_momentum=0.7 bias_lr=13 head_lr=36 -> tta_val_acc=0.906
muon_lr=0.028 muon_momentum=0.7 bias_lr=13 head_lr=60 -> tta_val_acc=0.9062
muon_lr=0.028 muon_momentum=0.7 bias_lr=13 head_lr=99 -> tta_val_acc=0.906
muon_lr=0.028 muon_momentum=0.7 bias_lr=13 head_lr=170 -> tta_val_acc=0.9074
muon_lr=0.028 muon_momentum=0.7 bias_lr=13 head_lr=280 -> tta_val_acc=0.9068
muon_lr=0.028 muon_momentum=0.7 bias_lr=13 head_lr=460 -> tta_val_acc=0.908
muon_lr=0.028 muon_momentum=0.7 bias_lr=13 head_lr=1300 -> tta_val_acc=0.9067
muon_lr=0.028 muon_momentum=0.7 bias_lr=13 head_lr=2100 -> tta_val_acc=0.9052
muon_lr=0.028 muon_momentum=0.7 bias_lr=13 head_lr=3500 -> tta_val_acc=0.9038
muon_lr=0.028 muon_momentum=0.7 bias_lr=13 head_lr=5900 -> tta_val_acc=0.8909
muon_lr=0.028 muon_momentum=0.7 bias_lr=13 head_lr=9800 -> tta_val_acc=0.8502
muon_lr=0.028 muon_momentum=0.7 bias_lr=13 head_lr=16000 -> tta_val_acc=0.8124
muon_lr=0.028 muon_momentum=0.7 bias_lr=13 head_lr=27000 -> tta_val_acc=0.6791
muon_lr=0.017 muon_momentum=0.7 bias_lr=13 head_lr=460 -> tta_val_acc=0.903
muon_lr=0.047 muon_momentum=0.7 bias_lr=13 head_lr=460 -> tta_val_acc=0.9035
muon_lr=0.028 muon_momentum=0.7 bias_lr=1 head_lr=460 -> tta_val_acc=0.9064
muon_lr=0.028 muon_momentum=0.7 bias_lr=1.7 head_lr=460 -> tta_val_acc=0.9059
muon_lr=0.028 muon_momentum=0.7 bias_lr=2.8 head_lr=460 -> tta_val_acc=0.906
muon_lr=0.028 muon_momentum=0.7 bias_lr=4.6 head_lr=460 -> tta_val_acc=0.9053
muon_lr=0.028 muon_momentum=0.7 bias_lr=7.7 head_lr=460 -> tta_val_acc=0.9075
muon_lr=0.028 muon_momentum=0.7 bias_lr=21 head_lr=460 -> tta_val_acc=0.9065
muon_lr=0.028 muon_momentum=0.7 bias_lr=36 head_lr=460 -> tta_val_acc=0.905
muon_lr=0.028 muon_momentum=0.7 bias_lr=60 head_lr=460 -> tta_val_acc=0.9051
muon_lr=0.028 muon_momentum=0.7 bias_lr=99 head_lr=460 -> tta_val_acc=0.9007
muon_lr=0.028 muon_momentum=0.7 bias_lr=170 head_lr=460 -> tta_val_acc=0.8818
muon_lr=0.028 muon_momentum=0.7 bias_lr=280 head_lr=460 -> tta_val_acc=0.8643
muon_lr=0.028 muon_momentum=0.7 bias_lr=460 head_lr=460 -> tta_val_acc=0.6445
muon_lr=0.028 muon_momentum=0.7 bias_lr=770 head_lr=460 -> tta_val_acc=0.1115
muon_lr=0.028 muon_momentum=0.7 bias_lr=1300 head_lr=460 -> tta_val_acc=0.1
muon_lr=0.028 muon_momentum=0.7 bias_lr=2100 head_lr=460 -> tta_val_acc=0.1
muon_lr=0.028 muon_momentum=0.7 bias_lr=3500 head_lr=460 -> tta_val_acc=0.1
muon_lr=0.028 muon_momentum=0.7 bias_lr=5900 head_lr=460 -> tta_val_acc=0.1
muon_lr=0.028 muon_momentum=0.7 bias_lr=9800 head_lr=460 -> tta_val_acc=0.1
muon_lr=0.028 muon_momentum=0.7 bias_lr=16000 head_lr=460 -> tta_val_acc=0.1
muon_lr=0.028 muon_momentum=0.7 bias_lr=27000 head_lr=460 -> tta_val_acc=0.1
search_path step=0 muon_lr=0.078 muon_momentum=0.7 bias_lr=99 head_lr=770 tta_val_acc=0.8755
search_path step=1 muon_lr=0.028 muon_momentum=0.7 bias_lr=99 head_lr=770 tta_val_acc=0.9006
search_path step=2 muon_lr=0.028 muon_momentum=0.7 bias_lr=13 head_lr=770 tta_val_acc=0.9078
search_path step=3 muon_lr=0.028 muon_momentum=0.7 bias_lr=13 head_lr=460 tta_val_acc=0.908
main hparams: muon_lr=0.078 muon_momentum=0.7 bias_lr=99 head_lr=770 main=0.8522, best_cooldown=0.908
main hparams: muon_lr=0.047 muon_momentum=0.7 bias_lr=99 head_lr=770 main=0.8306, best_cooldown=0.8944
main hparams: muon_lr=0.13 muon_momentum=0.7 bias_lr=99 head_lr=770 main=0.8367, best_cooldown=0.9098
main hparams: muon_lr=0.22 muon_momentum=0.7 bias_lr=99 head_lr=770 main=0.7842, best_cooldown=0.9048
main hparams: muon_lr=0.13 muon_momentum=0.6 bias_lr=99 head_lr=770 main=0.8261, best_cooldown=0.9058
main hparams: muon_lr=0.13 muon_momentum=0.8 bias_lr=99 head_lr=770 main=0.8374, best_cooldown=0.908
main hparams: muon_lr=0.13 muon_momentum=0.7 bias_lr=1 head_lr=770 main=0.8218, best_cooldown=0.9033
main hparams: muon_lr=0.13 muon_momentum=0.7 bias_lr=1.7 head_lr=770 main=0.8314, best_cooldown=0.9063
main hparams: muon_lr=0.13 muon_momentum=0.7 bias_lr=2.8 head_lr=770 main=0.8415, best_cooldown=0.9069
main hparams: muon_lr=0.13 muon_momentum=0.7 bias_lr=4.6 head_lr=770 main=0.8315, best_cooldown=0.9067
main hparams: muon_lr=0.13 muon_momentum=0.7 bias_lr=7.7 head_lr=770 main=0.8305, best_cooldown=0.9075
main hparams: muon_lr=0.13 muon_momentum=0.7 bias_lr=13 head_lr=770 main=0.8422, best_cooldown=0.9071
main hparams: muon_lr=0.13 muon_momentum=0.7 bias_lr=21 head_lr=770 main=0.8395, best_cooldown=0.91
main hparams: muon_lr=0.13 muon_momentum=0.7 bias_lr=36 head_lr=770 main=0.8389, best_cooldown=0.9066
main hparams: muon_lr=0.13 muon_momentum=0.7 bias_lr=60 head_lr=770 main=0.8334, best_cooldown=0.9103
main hparams: muon_lr=0.13 muon_momentum=0.7 bias_lr=170 head_lr=770 main=0.8297, best_cooldown=0.9069
main hparams: muon_lr=0.13 muon_momentum=0.7 bias_lr=280 head_lr=770 main=0.8093, best_cooldown=0.902
main hparams: muon_lr=0.13 muon_momentum=0.7 bias_lr=460 head_lr=770 main=0.7733, best_cooldown=0.8912
main hparams: muon_lr=0.13 muon_momentum=0.7 bias_lr=770 head_lr=770 main=0.1027, best_cooldown=0.6137
main hparams: muon_lr=0.13 muon_momentum=0.7 bias_lr=1300 head_lr=770 main=0.2493, best_cooldown=0.55
main hparams: muon_lr=0.13 muon_momentum=0.7 bias_lr=2100 head_lr=770 main=0.1191, best_cooldown=0.4104
main hparams: muon_lr=0.13 muon_momentum=0.7 bias_lr=3500 head_lr=770 main=0.1455, best_cooldown=0.3354
main hparams: muon_lr=0.13 muon_momentum=0.7 bias_lr=5900 head_lr=770 main=0.1081, best_cooldown=0.1182
main hparams: muon_lr=0.13 muon_momentum=0.7 bias_lr=9800 head_lr=770 main=0.1147, best_cooldown=0.3882
main hparams: muon_lr=0.13 muon_momentum=0.7 bias_lr=16000 head_lr=770 main=0.1, best_cooldown=0.1038
main hparams: muon_lr=0.13 muon_momentum=0.7 bias_lr=27000 head_lr=770 main=0.1, best_cooldown=0.1
main hparams: muon_lr=0.078 muon_momentum=0.7 bias_lr=60 head_lr=770 main=0.8436, best_cooldown=0.9091
main hparams: muon_lr=0.22 muon_momentum=0.7 bias_lr=60 head_lr=770 main=0.7927, best_cooldown=0.9029
main hparams: muon_lr=0.13 muon_momentum=0.6 bias_lr=60 head_lr=770 main=0.8355, best_cooldown=0.9102
main hparams: muon_lr=0.13 muon_momentum=0.8 bias_lr=60 head_lr=770 main=0.8335, best_cooldown=0.9083
main hparams: muon_lr=0.13 muon_momentum=0.7 bias_lr=60 head_lr=1 main=0.819, best_cooldown=0.8996
main hparams: muon_lr=0.13 muon_momentum=0.7 bias_lr=60 head_lr=1.7 main=0.8214, best_cooldown=0.899
main hparams: muon_lr=0.13 muon_momentum=0.7 bias_lr=60 head_lr=2.8 main=0.8275, best_cooldown=0.9022
main hparams: muon_lr=0.13 muon_momentum=0.7 bias_lr=60 head_lr=4.6 main=0.8245, best_cooldown=0.9009
main hparams: muon_lr=0.13 muon_momentum=0.7 bias_lr=60 head_lr=7.7 main=0.8225, best_cooldown=0.9009
main hparams: muon_lr=0.13 muon_momentum=0.7 bias_lr=60 head_lr=13 main=0.8294, best_cooldown=0.9039
main hparams: muon_lr=0.13 muon_momentum=0.7 bias_lr=60 head_lr=21 main=0.8261, best_cooldown=0.9032
main hparams: muon_lr=0.13 muon_momentum=0.7 bias_lr=60 head_lr=36 main=0.8296, best_cooldown=0.9038
main hparams: muon_lr=0.13 muon_momentum=0.7 bias_lr=60 head_lr=60 main=0.8473, best_cooldown=0.9093
main hparams: muon_lr=0.13 muon_momentum=0.7 bias_lr=60 head_lr=99 main=0.8417, best_cooldown=0.9074
main hparams: muon_lr=0.13 muon_momentum=0.7 bias_lr=60 head_lr=170 main=0.8369, best_cooldown=0.9102
main hparams: muon_lr=0.13 muon_momentum=0.7 bias_lr=60 head_lr=280 main=0.8419, best_cooldown=0.9088
main hparams: muon_lr=0.13 muon_momentum=0.7 bias_lr=60 head_lr=460 main=0.8358, best_cooldown=0.9097
main hparams: muon_lr=0.13 muon_momentum=0.7 bias_lr=60 head_lr=1300 main=0.8418, best_cooldown=0.9074
main hparams: muon_lr=0.13 muon_momentum=0.7 bias_lr=60 head_lr=2100 main=0.8307, best_cooldown=0.9055
main hparams: muon_lr=0.13 muon_momentum=0.7 bias_lr=60 head_lr=3500 main=0.8102, best_cooldown=0.8935
main hparams: muon_lr=0.13 muon_momentum=0.7 bias_lr=60 head_lr=5900 main=0.7085, best_cooldown=0.8584
main hparams: muon_lr=0.13 muon_momentum=0.7 bias_lr=60 head_lr=9800 main=0.1961, best_cooldown=0.266
main hparams: muon_lr=0.13 muon_momentum=0.7 bias_lr=60 head_lr=16000 main=0.1, best_cooldown=0.1042
main hparams: muon_lr=0.13 muon_momentum=0.7 bias_lr=60 head_lr=27000 main=0.1, best_cooldown=0.1
search_path step=0 muon_lr=0.078 muon_momentum=0.7 bias_lr=99 head_lr=770 tta_val_acc=0.908
search_path step=1 muon_lr=0.13 muon_momentum=0.7 bias_lr=99 head_lr=770 tta_val_acc=0.9098
search_path step=2 muon_lr=0.13 muon_momentum=0.7 bias_lr=60 head_lr=770 tta_val_acc=0.9103
main hparams: muon_lr=0.13 muon_momentum=0.7 bias_lr=60 head_lr=770 main=0.8334, best_cooldown=0.9103
muon_lr=0.028 muon_momentum=0.7 bias_lr=13 head_lr=460 -> tta_val_acc=0.9103
muon_lr=0.017 muon_momentum=0.7 bias_lr=13 head_lr=460 -> tta_val_acc=0.9055
muon_lr=0.047 muon_momentum=0.7 bias_lr=13 head_lr=460 -> tta_val_acc=0.9059
muon_lr=0.028 muon_momentum=0.7 bias_lr=1 head_lr=460 -> tta_val_acc=0.9095
muon_lr=0.028 muon_momentum=0.7 bias_lr=1.7 head_lr=460 -> tta_val_acc=0.9094
muon_lr=0.028 muon_momentum=0.7 bias_lr=2.8 head_lr=460 -> tta_val_acc=0.9088
muon_lr=0.028 muon_momentum=0.7 bias_lr=4.6 head_lr=460 -> tta_val_acc=0.9088
muon_lr=0.028 muon_momentum=0.7 bias_lr=7.7 head_lr=460 -> tta_val_acc=0.9093
muon_lr=0.028 muon_momentum=0.7 bias_lr=21 head_lr=460 -> tta_val_acc=0.9091
muon_lr=0.028 muon_momentum=0.7 bias_lr=36 head_lr=460 -> tta_val_acc=0.9091
muon_lr=0.028 muon_momentum=0.7 bias_lr=60 head_lr=460 -> tta_val_acc=0.9086
muon_lr=0.028 muon_momentum=0.7 bias_lr=99 head_lr=460 -> tta_val_acc=0.9049
muon_lr=0.028 muon_momentum=0.7 bias_lr=170 head_lr=460 -> tta_val_acc=0.8907
muon_lr=0.028 muon_momentum=0.7 bias_lr=280 head_lr=460 -> tta_val_acc=0.8449
muon_lr=0.028 muon_momentum=0.7 bias_lr=460 head_lr=460 -> tta_val_acc=0.5325
muon_lr=0.028 muon_momentum=0.7 bias_lr=770 head_lr=460 -> tta_val_acc=0.1
muon_lr=0.028 muon_momentum=0.7 bias_lr=1300 head_lr=460 -> tta_val_acc=0.1
muon_lr=0.028 muon_momentum=0.7 bias_lr=2100 head_lr=460 -> tta_val_acc=0.1
muon_lr=0.028 muon_momentum=0.7 bias_lr=3500 head_lr=460 -> tta_val_acc=0.1
muon_lr=0.028 muon_momentum=0.7 bias_lr=5900 head_lr=460 -> tta_val_acc=0.1
muon_lr=0.028 muon_momentum=0.7 bias_lr=9800 head_lr=460 -> tta_val_acc=0.1
muon_lr=0.028 muon_momentum=0.7 bias_lr=16000 head_lr=460 -> tta_val_acc=0.1
muon_lr=0.028 muon_momentum=0.7 bias_lr=27000 head_lr=460 -> tta_val_acc=0.1
muon_lr=0.028 muon_momentum=0.7 bias_lr=13 head_lr=1 -> tta_val_acc=0.9098
muon_lr=0.028 muon_momentum=0.7 bias_lr=13 head_lr=1.7 -> tta_val_acc=0.9084
muon_lr=0.028 muon_momentum=0.7 bias_lr=13 head_lr=2.8 -> tta_val_acc=0.9091
muon_lr=0.028 muon_momentum=0.7 bias_lr=13 head_lr=4.6 -> tta_val_acc=0.9092
muon_lr=0.028 muon_momentum=0.7 bias_lr=13 head_lr=7.7 -> tta_val_acc=0.9092
muon_lr=0.028 muon_momentum=0.7 bias_lr=13 head_lr=13 -> tta_val_acc=0.9089
muon_lr=0.028 muon_momentum=0.7 bias_lr=13 head_lr=21 -> tta_val_acc=0.9096
muon_lr=0.028 muon_momentum=0.7 bias_lr=13 head_lr=36 -> tta_val_acc=0.9094
muon_lr=0.028 muon_momentum=0.7 bias_lr=13 head_lr=60 -> tta_val_acc=0.9089
muon_lr=0.028 muon_momentum=0.7 bias_lr=13 head_lr=99 -> tta_val_acc=0.9096
muon_lr=0.028 muon_momentum=0.7 bias_lr=13 head_lr=170 -> tta_val_acc=0.9088
muon_lr=0.028 muon_momentum=0.7 bias_lr=13 head_lr=280 -> tta_val_acc=0.9098
muon_lr=0.028 muon_momentum=0.7 bias_lr=13 head_lr=770 -> tta_val_acc=0.9085
muon_lr=0.028 muon_momentum=0.7 bias_lr=13 head_lr=1300 -> tta_val_acc=0.9088
muon_lr=0.028 muon_momentum=0.7 bias_lr=13 head_lr=2100 -> tta_val_acc=0.9084
muon_lr=0.028 muon_momentum=0.7 bias_lr=13 head_lr=3500 -> tta_val_acc=0.9091
muon_lr=0.028 muon_momentum=0.7 bias_lr=13 head_lr=5900 -> tta_val_acc=0.8938
muon_lr=0.028 muon_momentum=0.7 bias_lr=13 head_lr=9800 -> tta_val_acc=0.882
muon_lr=0.028 muon_momentum=0.7 bias_lr=13 head_lr=16000 -> tta_val_acc=0.8405
muon_lr=0.028 muon_momentum=0.7 bias_lr=13 head_lr=27000 -> tta_val_acc=0.7959
search_path step=0 muon_lr=0.028 muon_momentum=0.7 bias_lr=13 head_lr=460 tta_val_acc=0.9103
train_hparams run=0 interval=0 start_step=0 completed_steps=40 total_steps=200 muon_lr=0.13 muon_momentum=0.7 bias_lr=60 head_lr=770 muon_nesterov=False
train_loss run=0 interval=0 step=1 loss=2.31009
train_loss run=0 interval=0 step=2 loss=2.24314
train_loss run=0 interval=0 step=3 loss=2.17552
train_loss run=0 interval=0 step=4 loss=2.09011
train_loss run=0 interval=0 step=5 loss=1.99057
train_loss run=0 interval=0 step=6 loss=1.8812
train_loss run=0 interval=0 step=7 loss=1.81444
train_loss run=0 interval=0 step=8 loss=1.77637
train_loss run=0 interval=0 step=9 loss=1.69869
train_loss run=0 interval=0 step=10 loss=1.66062
train_loss run=0 interval=0 step=11 loss=1.65544
train_loss run=0 interval=0 step=12 loss=1.58569
train_loss run=0 interval=0 step=13 loss=1.52988
train_loss run=0 interval=0 step=14 loss=1.5227
train_loss run=0 interval=0 step=15 loss=1.50278
train_loss run=0 interval=0 step=16 loss=1.51664
train_loss run=0 interval=0 step=17 loss=1.46985
train_loss run=0 interval=0 step=18 loss=1.42979
train_loss run=0 interval=0 step=19 loss=1.40051
train_loss run=0 interval=0 step=20 loss=1.39924
train_loss run=0 interval=0 step=21 loss=1.38799
train_loss run=0 interval=0 step=22 loss=1.35996
train_loss run=0 interval=0 step=23 loss=1.34704
train_loss run=0 interval=0 step=24 loss=1.3283
train_loss run=0 interval=0 step=25 loss=1.32758
train_loss run=0 interval=0 step=26 loss=1.33973
train_loss run=0 interval=0 step=27 loss=1.30381
train_loss run=0 interval=0 step=28 loss=1.32384
train_loss run=0 interval=0 step=29 loss=1.33306
train_loss run=0 interval=0 step=30 loss=1.30134
train_loss run=0 interval=0 step=31 loss=1.29701
train_loss run=0 interval=0 step=32 loss=1.29805
train_loss run=0 interval=0 step=33 loss=1.31127
train_loss run=0 interval=0 step=34 loss=1.27398
train_loss run=0 interval=0 step=35 loss=1.28805
train_loss run=0 interval=0 step=36 loss=1.28227
train_loss run=0 interval=0 step=37 loss=1.25593
train_loss run=0 interval=0 step=38 loss=1.26712
train_loss run=0 interval=0 step=39 loss=1.25097
train_loss run=0 interval=0 step=40 loss=1.25038
interval_boundary_eval run=0 interval=0 step=40 total_steps=200 tta_val_acc=0.8334
main hparams: muon_lr=0.13 muon_momentum=0.7 bias_lr=60 head_lr=770 main=0.8598, best_cooldown=0.9227
muon_lr=0.028 muon_momentum=0.7 bias_lr=13 head_lr=460 -> tta_val_acc=0.9224
muon_lr=0.017 muon_momentum=0.7 bias_lr=13 head_lr=460 -> tta_val_acc=0.9214
muon_lr=0.047 muon_momentum=0.7 bias_lr=13 head_lr=460 -> tta_val_acc=0.9166
muon_lr=0.028 muon_momentum=0.7 bias_lr=1 head_lr=460 -> tta_val_acc=0.9214
muon_lr=0.028 muon_momentum=0.7 bias_lr=1.7 head_lr=460 -> tta_val_acc=0.9218
muon_lr=0.028 muon_momentum=0.7 bias_lr=2.8 head_lr=460 -> tta_val_acc=0.9217
muon_lr=0.028 muon_momentum=0.7 bias_lr=4.6 head_lr=460 -> tta_val_acc=0.9219
muon_lr=0.028 muon_momentum=0.7 bias_lr=7.7 head_lr=460 -> tta_val_acc=0.922
muon_lr=0.028 muon_momentum=0.7 bias_lr=21 head_lr=460 -> tta_val_acc=0.9226
muon_lr=0.028 muon_momentum=0.7 bias_lr=36 head_lr=460 -> tta_val_acc=0.9215
muon_lr=0.028 muon_momentum=0.7 bias_lr=60 head_lr=460 -> tta_val_acc=0.9199
muon_lr=0.028 muon_momentum=0.7 bias_lr=99 head_lr=460 -> tta_val_acc=0.9189
muon_lr=0.028 muon_momentum=0.7 bias_lr=170 head_lr=460 -> tta_val_acc=0.9122
muon_lr=0.028 muon_momentum=0.7 bias_lr=280 head_lr=460 -> tta_val_acc=0.9047
muon_lr=0.028 muon_momentum=0.7 bias_lr=460 head_lr=460 -> tta_val_acc=0.1737
muon_lr=0.028 muon_momentum=0.7 bias_lr=770 head_lr=460 -> tta_val_acc=0.1
muon_lr=0.028 muon_momentum=0.7 bias_lr=1300 head_lr=460 -> tta_val_acc=0.1
muon_lr=0.028 muon_momentum=0.7 bias_lr=2100 head_lr=460 -> tta_val_acc=0.1
muon_lr=0.028 muon_momentum=0.7 bias_lr=3500 head_lr=460 -> tta_val_acc=0.1
muon_lr=0.028 muon_momentum=0.7 bias_lr=5900 head_lr=460 -> tta_val_acc=0.1
muon_lr=0.028 muon_momentum=0.7 bias_lr=9800 head_lr=460 -> tta_val_acc=0.1
muon_lr=0.028 muon_momentum=0.7 bias_lr=16000 head_lr=460 -> tta_val_acc=0.1
muon_lr=0.028 muon_momentum=0.7 bias_lr=27000 head_lr=460 -> tta_val_acc=0.1
muon_lr=0.017 muon_momentum=0.7 bias_lr=21 head_lr=460 -> tta_val_acc=0.9214
muon_lr=0.047 muon_momentum=0.7 bias_lr=21 head_lr=460 -> tta_val_acc=0.9159
muon_lr=0.028 muon_momentum=0.7 bias_lr=21 head_lr=1 -> tta_val_acc=0.9223
muon_lr=0.028 muon_momentum=0.7 bias_lr=21 head_lr=1.7 -> tta_val_acc=0.9225
muon_lr=0.028 muon_momentum=0.7 bias_lr=21 head_lr=2.8 -> tta_val_acc=0.9226
muon_lr=0.028 muon_momentum=0.7 bias_lr=21 head_lr=4.6 -> tta_val_acc=0.9215
muon_lr=0.028 muon_momentum=0.7 bias_lr=21 head_lr=7.7 -> tta_val_acc=0.9227
muon_lr=0.028 muon_momentum=0.7 bias_lr=21 head_lr=13 -> tta_val_acc=0.9214
muon_lr=0.028 muon_momentum=0.7 bias_lr=21 head_lr=21 -> tta_val_acc=0.9218
muon_lr=0.028 muon_momentum=0.7 bias_lr=21 head_lr=36 -> tta_val_acc=0.9223
muon_lr=0.028 muon_momentum=0.7 bias_lr=21 head_lr=60 -> tta_val_acc=0.9224
muon_lr=0.028 muon_momentum=0.7 bias_lr=21 head_lr=99 -> tta_val_acc=0.9221
muon_lr=0.028 muon_momentum=0.7 bias_lr=21 head_lr=170 -> tta_val_acc=0.9222
muon_lr=0.028 muon_momentum=0.7 bias_lr=21 head_lr=280 -> tta_val_acc=0.9226
muon_lr=0.028 muon_momentum=0.7 bias_lr=21 head_lr=770 -> tta_val_acc=0.9217
muon_lr=0.028 muon_momentum=0.7 bias_lr=21 head_lr=1300 -> tta_val_acc=0.922
muon_lr=0.028 muon_momentum=0.7 bias_lr=21 head_lr=2100 -> tta_val_acc=0.9211
muon_lr=0.028 muon_momentum=0.7 bias_lr=21 head_lr=3500 -> tta_val_acc=0.9202
muon_lr=0.028 muon_momentum=0.7 bias_lr=21 head_lr=5900 -> tta_val_acc=0.9215
muon_lr=0.028 muon_momentum=0.7 bias_lr=21 head_lr=9800 -> tta_val_acc=0.9106
muon_lr=0.028 muon_momentum=0.7 bias_lr=21 head_lr=16000 -> tta_val_acc=0.9022
muon_lr=0.028 muon_momentum=0.7 bias_lr=21 head_lr=27000 -> tta_val_acc=0.7843
muon_lr=0.017 muon_momentum=0.7 bias_lr=21 head_lr=7.7 -> tta_val_acc=0.9198
muon_lr=0.047 muon_momentum=0.7 bias_lr=21 head_lr=7.7 -> tta_val_acc=0.9158
muon_lr=0.028 muon_momentum=0.7 bias_lr=1 head_lr=7.7 -> tta_val_acc=0.9208
muon_lr=0.028 muon_momentum=0.7 bias_lr=1.7 head_lr=7.7 -> tta_val_acc=0.9209
muon_lr=0.028 muon_momentum=0.7 bias_lr=2.8 head_lr=7.7 -> tta_val_acc=0.9212
muon_lr=0.028 muon_momentum=0.7 bias_lr=4.6 head_lr=7.7 -> tta_val_acc=0.9205
muon_lr=0.028 muon_momentum=0.7 bias_lr=7.7 head_lr=7.7 -> tta_val_acc=0.9214
muon_lr=0.028 muon_momentum=0.7 bias_lr=13 head_lr=7.7 -> tta_val_acc=0.922
muon_lr=0.028 muon_momentum=0.7 bias_lr=36 head_lr=7.7 -> tta_val_acc=0.922
muon_lr=0.028 muon_momentum=0.7 bias_lr=60 head_lr=7.7 -> tta_val_acc=0.92
muon_lr=0.028 muon_momentum=0.7 bias_lr=99 head_lr=7.7 -> tta_val_acc=0.9198
muon_lr=0.028 muon_momentum=0.7 bias_lr=170 head_lr=7.7 -> tta_val_acc=0.9127
muon_lr=0.028 muon_momentum=0.7 bias_lr=280 head_lr=7.7 -> tta_val_acc=0.9036
muon_lr=0.028 muon_momentum=0.7 bias_lr=460 head_lr=7.7 -> tta_val_acc=0.4742
muon_lr=0.028 muon_momentum=0.7 bias_lr=770 head_lr=7.7 -> tta_val_acc=0.1
muon_lr=0.028 muon_momentum=0.7 bias_lr=1300 head_lr=7.7 -> tta_val_acc=0.1
muon_lr=0.028 muon_momentum=0.7 bias_lr=2100 head_lr=7.7 -> tta_val_acc=0.1
muon_lr=0.028 muon_momentum=0.7 bias_lr=3500 head_lr=7.7 -> tta_val_acc=0.1
muon_lr=0.028 muon_momentum=0.7 bias_lr=5900 head_lr=7.7 -> tta_val_acc=0.1
muon_lr=0.028 muon_momentum=0.7 bias_lr=9800 head_lr=7.7 -> tta_val_acc=0.1
muon_lr=0.028 muon_momentum=0.7 bias_lr=16000 head_lr=7.7 -> tta_val_acc=0.1
muon_lr=0.028 muon_momentum=0.7 bias_lr=27000 head_lr=7.7 -> tta_val_acc=0.1
search_path step=0 muon_lr=0.028 muon_momentum=0.7 bias_lr=13 head_lr=460 tta_val_acc=0.9224
search_path step=1 muon_lr=0.028 muon_momentum=0.7 bias_lr=21 head_lr=460 tta_val_acc=0.9226
search_path step=2 muon_lr=0.028 muon_momentum=0.7 bias_lr=21 head_lr=7.7 tta_val_acc=0.9227
main hparams: muon_lr=0.13 muon_momentum=0.7 bias_lr=60 head_lr=770 main=0.8598, best_cooldown=0.9227
main hparams: muon_lr=0.078 muon_momentum=0.7 bias_lr=60 head_lr=770 main=0.8903, best_cooldown=0.9261
main hparams: muon_lr=0.047 muon_momentum=0.7 bias_lr=60 head_lr=770 main=0.9055, best_cooldown=0.9231
main hparams: muon_lr=0.078 muon_momentum=0.6 bias_lr=60 head_lr=770 main=0.8913, best_cooldown=0.9272
main hparams: muon_lr=0.078 muon_momentum=0.5 bias_lr=60 head_lr=770 main=0.8957, best_cooldown=0.9263
main hparams: muon_lr=0.047 muon_momentum=0.6 bias_lr=60 head_lr=770 main=0.9054, best_cooldown=0.9232
main hparams: muon_lr=0.13 muon_momentum=0.6 bias_lr=60 head_lr=770 main=0.8524, best_cooldown=0.925
main hparams: muon_lr=0.078 muon_momentum=0.6 bias_lr=1 head_lr=770 main=0.8971, best_cooldown=0.9274
main hparams: muon_lr=0.078 muon_momentum=0.6 bias_lr=1.7 head_lr=770 main=0.8974, best_cooldown=0.9283
main hparams: muon_lr=0.078 muon_momentum=0.6 bias_lr=2.8 head_lr=770 main=0.8974, best_cooldown=0.9275
main hparams: muon_lr=0.078 muon_momentum=0.6 bias_lr=4.6 head_lr=770 main=0.8967, best_cooldown=0.9273
main hparams: muon_lr=0.078 muon_momentum=0.6 bias_lr=7.7 head_lr=770 main=0.8968, best_cooldown=0.9266
main hparams: muon_lr=0.078 muon_momentum=0.6 bias_lr=13 head_lr=770 main=0.8984, best_cooldown=0.9274
main hparams: muon_lr=0.078 muon_momentum=0.6 bias_lr=21 head_lr=770 main=0.8965, best_cooldown=0.9289
main hparams: muon_lr=0.078 muon_momentum=0.6 bias_lr=36 head_lr=770 main=0.8932, best_cooldown=0.9272
main hparams: muon_lr=0.078 muon_momentum=0.6 bias_lr=99 head_lr=770 main=0.8884, best_cooldown=0.9271
main hparams: muon_lr=0.078 muon_momentum=0.6 bias_lr=170 head_lr=770 main=0.8564, best_cooldown=0.9252
main hparams: muon_lr=0.078 muon_momentum=0.6 bias_lr=280 head_lr=770 main=0.8588, best_cooldown=0.9203
main hparams: muon_lr=0.078 muon_momentum=0.6 bias_lr=460 head_lr=770 main=0.4697, best_cooldown=0.8708
main hparams: muon_lr=0.078 muon_momentum=0.6 bias_lr=770 head_lr=770 main=0.1, best_cooldown=0.1
main hparams: muon_lr=0.078 muon_momentum=0.6 bias_lr=1300 head_lr=770 main=0.1, best_cooldown=0.1
main hparams: muon_lr=0.078 muon_momentum=0.6 bias_lr=2100 head_lr=770 main=0.1, best_cooldown=0.1
main hparams: muon_lr=0.078 muon_momentum=0.6 bias_lr=3500 head_lr=770 main=0.1, best_cooldown=0.1
main hparams: muon_lr=0.078 muon_momentum=0.6 bias_lr=5900 head_lr=770 main=0.1, best_cooldown=0.1
main hparams: muon_lr=0.078 muon_momentum=0.6 bias_lr=9800 head_lr=770 main=0.1, best_cooldown=0.1
main hparams: muon_lr=0.078 muon_momentum=0.6 bias_lr=16000 head_lr=770 main=0.1, best_cooldown=0.1
main hparams: muon_lr=0.078 muon_momentum=0.6 bias_lr=27000 head_lr=770 main=0.1, best_cooldown=0.1
main hparams: muon_lr=0.047 muon_momentum=0.6 bias_lr=21 head_lr=770 main=0.9075, best_cooldown=0.9245
main hparams: muon_lr=0.13 muon_momentum=0.6 bias_lr=21 head_lr=770 main=0.8765, best_cooldown=0.9255
main hparams: muon_lr=0.078 muon_momentum=0.5 bias_lr=21 head_lr=770 main=0.8988, best_cooldown=0.9262
main hparams: muon_lr=0.078 muon_momentum=0.7 bias_lr=21 head_lr=770 main=0.8925, best_cooldown=0.9276
main hparams: muon_lr=0.078 muon_momentum=0.6 bias_lr=21 head_lr=1 main=0.8976, best_cooldown=0.9281
main hparams: muon_lr=0.078 muon_momentum=0.6 bias_lr=21 head_lr=1.7 main=0.8989, best_cooldown=0.928
main hparams: muon_lr=0.078 muon_momentum=0.6 bias_lr=21 head_lr=2.8 main=0.8964, best_cooldown=0.9289
main hparams: muon_lr=0.078 muon_momentum=0.6 bias_lr=21 head_lr=4.6 main=0.8983, best_cooldown=0.9261
main hparams: muon_lr=0.078 muon_momentum=0.6 bias_lr=21 head_lr=7.7 main=0.8976, best_cooldown=0.9276
main hparams: muon_lr=0.078 muon_momentum=0.6 bias_lr=21 head_lr=13 main=0.897, best_cooldown=0.9258
main hparams: muon_lr=0.078 muon_momentum=0.6 bias_lr=21 head_lr=21 main=0.8986, best_cooldown=0.9253
main hparams: muon_lr=0.078 muon_momentum=0.6 bias_lr=21 head_lr=36 main=0.8977, best_cooldown=0.9264
main hparams: muon_lr=0.078 muon_momentum=0.6 bias_lr=21 head_lr=60 main=0.896, best_cooldown=0.9257
main hparams: muon_lr=0.078 muon_momentum=0.6 bias_lr=21 head_lr=99 main=0.8958, best_cooldown=0.9265
main hparams: muon_lr=0.078 muon_momentum=0.6 bias_lr=21 head_lr=170 main=0.8973, best_cooldown=0.9267
main hparams: muon_lr=0.078 muon_momentum=0.6 bias_lr=21 head_lr=280 main=0.8961, best_cooldown=0.9271
main hparams: muon_lr=0.078 muon_momentum=0.6 bias_lr=21 head_lr=460 main=0.8964, best_cooldown=0.9283
main hparams: muon_lr=0.078 muon_momentum=0.6 bias_lr=21 head_lr=1300 main=0.8961, best_cooldown=0.9265
main hparams: muon_lr=0.078 muon_momentum=0.6 bias_lr=21 head_lr=2100 main=0.8937, best_cooldown=0.9249
main hparams: muon_lr=0.078 muon_momentum=0.6 bias_lr=21 head_lr=3500 main=0.8957, best_cooldown=0.924
main hparams: muon_lr=0.078 muon_momentum=0.6 bias_lr=21 head_lr=5900 main=0.8796, best_cooldown=0.9136
main hparams: muon_lr=0.078 muon_momentum=0.6 bias_lr=21 head_lr=9800 main=0.8683, best_cooldown=0.9116
main hparams: muon_lr=0.078 muon_momentum=0.6 bias_lr=21 head_lr=16000 main=0.8087, best_cooldown=0.8948
main hparams: muon_lr=0.078 muon_momentum=0.6 bias_lr=21 head_lr=27000 main=0.386, best_cooldown=0.3724
main hparams: muon_lr=0.047 muon_momentum=0.6 bias_lr=21 head_lr=2.8 main=0.9069, best_cooldown=0.9241
main hparams: muon_lr=0.13 muon_momentum=0.6 bias_lr=21 head_lr=2.8 main=0.8706, best_cooldown=0.9252
main hparams: muon_lr=0.078 muon_momentum=0.5 bias_lr=21 head_lr=2.8 main=0.8972, best_cooldown=0.9264
main hparams: muon_lr=0.078 muon_momentum=0.7 bias_lr=21 head_lr=2.8 main=0.8983, best_cooldown=0.926
main hparams: muon_lr=0.078 muon_momentum=0.6 bias_lr=1 head_lr=2.8 main=0.8991, best_cooldown=0.9261
main hparams: muon_lr=0.078 muon_momentum=0.6 bias_lr=1.7 head_lr=2.8 main=0.9002, best_cooldown=0.9272
main hparams: muon_lr=0.078 muon_momentum=0.6 bias_lr=2.8 head_lr=2.8 main=0.8985, best_cooldown=0.9263
main hparams: muon_lr=0.078 muon_momentum=0.6 bias_lr=4.6 head_lr=2.8 main=0.8976, best_cooldown=0.9285
main hparams: muon_lr=0.078 muon_momentum=0.6 bias_lr=7.7 head_lr=2.8 main=0.8977, best_cooldown=0.9274
main hparams: muon_lr=0.078 muon_momentum=0.6 bias_lr=13 head_lr=2.8 main=0.8976, best_cooldown=0.9271
main hparams: muon_lr=0.078 muon_momentum=0.6 bias_lr=36 head_lr=2.8 main=0.8978, best_cooldown=0.928
main hparams: muon_lr=0.078 muon_momentum=0.6 bias_lr=60 head_lr=2.8 main=0.8958, best_cooldown=0.9261
main hparams: muon_lr=0.078 muon_momentum=0.6 bias_lr=99 head_lr=2.8 main=0.8908, best_cooldown=0.9262
main hparams: muon_lr=0.078 muon_momentum=0.6 bias_lr=170 head_lr=2.8 main=0.8708, best_cooldown=0.9254
main hparams: muon_lr=0.078 muon_momentum=0.6 bias_lr=280 head_lr=2.8 main=0.8566, best_cooldown=0.9217
main hparams: muon_lr=0.078 muon_momentum=0.6 bias_lr=460 head_lr=2.8 main=0.7663, best_cooldown=0.8915
main hparams: muon_lr=0.078 muon_momentum=0.6 bias_lr=770 head_lr=2.8 main=0.1075, best_cooldown=0.1172
main hparams: muon_lr=0.078 muon_momentum=0.6 bias_lr=1300 head_lr=2.8 main=0.1, best_cooldown=0.1058
main hparams: muon_lr=0.078 muon_momentum=0.6 bias_lr=2100 head_lr=2.8 main=0.1, best_cooldown=0.1
main hparams: muon_lr=0.078 muon_momentum=0.6 bias_lr=3500 head_lr=2.8 main=0.1, best_cooldown=0.1
main hparams: muon_lr=0.078 muon_momentum=0.6 bias_lr=5900 head_lr=2.8 main=0.1, best_cooldown=0.1
main hparams: muon_lr=0.078 muon_momentum=0.6 bias_lr=9800 head_lr=2.8 main=0.1, best_cooldown=0.1
main hparams: muon_lr=0.078 muon_momentum=0.6 bias_lr=16000 head_lr=2.8 main=0.1, best_cooldown=0.1
main hparams: muon_lr=0.078 muon_momentum=0.6 bias_lr=27000 head_lr=2.8 main=0.1, best_cooldown=0.1
search_path step=0 muon_lr=0.13 muon_momentum=0.7 bias_lr=60 head_lr=770 tta_val_acc=0.9227
search_path step=1 muon_lr=0.078 muon_momentum=0.7 bias_lr=60 head_lr=770 tta_val_acc=0.9261
search_path step=2 muon_lr=0.078 muon_momentum=0.6 bias_lr=60 head_lr=770 tta_val_acc=0.9272
search_path step=3 muon_lr=0.078 muon_momentum=0.6 bias_lr=21 head_lr=770 tta_val_acc=0.9289
search_path step=4 muon_lr=0.078 muon_momentum=0.6 bias_lr=21 head_lr=2.8 tta_val_acc=0.9289
main hparams: muon_lr=0.078 muon_momentum=0.6 bias_lr=21 head_lr=2.8 main=0.8964, best_cooldown=0.9313
muon_lr=0.028 muon_momentum=0.6 bias_lr=21 head_lr=7.7 -> tta_val_acc=0.9289
muon_lr=0.017 muon_momentum=0.6 bias_lr=21 head_lr=7.7 -> tta_val_acc=0.9298
muon_lr=0.01 muon_momentum=0.6 bias_lr=21 head_lr=7.7 -> tta_val_acc=0.9301
muon_lr=0.006 muon_momentum=0.6 bias_lr=21 head_lr=7.7 -> tta_val_acc=0.9261
muon_lr=0.01 muon_momentum=0.6 bias_lr=1 head_lr=7.7 -> tta_val_acc=0.9277
muon_lr=0.01 muon_momentum=0.6 bias_lr=1.7 head_lr=7.7 -> tta_val_acc=0.9278
muon_lr=0.01 muon_momentum=0.6 bias_lr=2.8 head_lr=7.7 -> tta_val_acc=0.9278
muon_lr=0.01 muon_momentum=0.6 bias_lr=4.6 head_lr=7.7 -> tta_val_acc=0.9285
muon_lr=0.01 muon_momentum=0.6 bias_lr=7.7 head_lr=7.7 -> tta_val_acc=0.9286
muon_lr=0.01 muon_momentum=0.6 bias_lr=13 head_lr=7.7 -> tta_val_acc=0.9301
muon_lr=0.01 muon_momentum=0.6 bias_lr=36 head_lr=7.7 -> tta_val_acc=0.9284
muon_lr=0.01 muon_momentum=0.6 bias_lr=60 head_lr=7.7 -> tta_val_acc=0.9268
muon_lr=0.01 muon_momentum=0.6 bias_lr=99 head_lr=7.7 -> tta_val_acc=0.9265
muon_lr=0.01 muon_momentum=0.6 bias_lr=170 head_lr=7.7 -> tta_val_acc=0.9221
muon_lr=0.01 muon_momentum=0.6 bias_lr=280 head_lr=7.7 -> tta_val_acc=0.9043
muon_lr=0.01 muon_momentum=0.6 bias_lr=460 head_lr=7.7 -> tta_val_acc=0.4176
muon_lr=0.01 muon_momentum=0.6 bias_lr=770 head_lr=7.7 -> tta_val_acc=0.1
muon_lr=0.01 muon_momentum=0.6 bias_lr=1300 head_lr=7.7 -> tta_val_acc=0.1
muon_lr=0.01 muon_momentum=0.6 bias_lr=2100 head_lr=7.7 -> tta_val_acc=0.1
muon_lr=0.01 muon_momentum=0.6 bias_lr=3500 head_lr=7.7 -> tta_val_acc=0.1
muon_lr=0.01 muon_momentum=0.6 bias_lr=5900 head_lr=7.7 -> tta_val_acc=0.1
muon_lr=0.01 muon_momentum=0.6 bias_lr=9800 head_lr=7.7 -> tta_val_acc=0.1
muon_lr=0.01 muon_momentum=0.6 bias_lr=16000 head_lr=7.7 -> tta_val_acc=0.1
muon_lr=0.01 muon_momentum=0.6 bias_lr=27000 head_lr=7.7 -> tta_val_acc=0.1
muon_lr=0.006 muon_momentum=0.6 bias_lr=13 head_lr=7.7 -> tta_val_acc=0.9269
muon_lr=0.017 muon_momentum=0.6 bias_lr=13 head_lr=7.7 -> tta_val_acc=0.9303
muon_lr=0.028 muon_momentum=0.6 bias_lr=13 head_lr=7.7 -> tta_val_acc=0.9289
muon_lr=0.017 muon_momentum=0.6 bias_lr=1 head_lr=7.7 -> tta_val_acc=0.9296
muon_lr=0.017 muon_momentum=0.6 bias_lr=1.7 head_lr=7.7 -> tta_val_acc=0.93
muon_lr=0.017 muon_momentum=0.6 bias_lr=2.8 head_lr=7.7 -> tta_val_acc=0.93
muon_lr=0.017 muon_momentum=0.6 bias_lr=4.6 head_lr=7.7 -> tta_val_acc=0.9297
muon_lr=0.017 muon_momentum=0.6 bias_lr=7.7 head_lr=7.7 -> tta_val_acc=0.9301
muon_lr=0.017 muon_momentum=0.6 bias_lr=36 head_lr=7.7 -> tta_val_acc=0.9301
muon_lr=0.017 muon_momentum=0.6 bias_lr=60 head_lr=7.7 -> tta_val_acc=0.928
muon_lr=0.017 muon_momentum=0.6 bias_lr=99 head_lr=7.7 -> tta_val_acc=0.9277
muon_lr=0.017 muon_momentum=0.6 bias_lr=170 head_lr=7.7 -> tta_val_acc=0.923
muon_lr=0.017 muon_momentum=0.6 bias_lr=280 head_lr=7.7 -> tta_val_acc=0.9096
muon_lr=0.017 muon_momentum=0.6 bias_lr=460 head_lr=7.7 -> tta_val_acc=0.4874
muon_lr=0.017 muon_momentum=0.6 bias_lr=770 head_lr=7.7 -> tta_val_acc=0.1
muon_lr=0.017 muon_momentum=0.6 bias_lr=1300 head_lr=7.7 -> tta_val_acc=0.1
muon_lr=0.017 muon_momentum=0.6 bias_lr=2100 head_lr=7.7 -> tta_val_acc=0.1
muon_lr=0.017 muon_momentum=0.6 bias_lr=3500 head_lr=7.7 -> tta_val_acc=0.1
muon_lr=0.017 muon_momentum=0.6 bias_lr=5900 head_lr=7.7 -> tta_val_acc=0.1
muon_lr=0.017 muon_momentum=0.6 bias_lr=9800 head_lr=7.7 -> tta_val_acc=0.1
muon_lr=0.017 muon_momentum=0.6 bias_lr=16000 head_lr=7.7 -> tta_val_acc=0.1
muon_lr=0.017 muon_momentum=0.6 bias_lr=27000 head_lr=7.7 -> tta_val_acc=0.1
muon_lr=0.017 muon_momentum=0.6 bias_lr=13 head_lr=1 -> tta_val_acc=0.9304
muon_lr=0.017 muon_momentum=0.6 bias_lr=13 head_lr=1.7 -> tta_val_acc=0.9307
muon_lr=0.017 muon_momentum=0.6 bias_lr=13 head_lr=2.8 -> tta_val_acc=0.9305
muon_lr=0.017 muon_momentum=0.6 bias_lr=13 head_lr=4.6 -> tta_val_acc=0.9303
muon_lr=0.017 muon_momentum=0.6 bias_lr=13 head_lr=13 -> tta_val_acc=0.9306
muon_lr=0.017 muon_momentum=0.6 bias_lr=13 head_lr=21 -> tta_val_acc=0.9303
muon_lr=0.017 muon_momentum=0.6 bias_lr=13 head_lr=36 -> tta_val_acc=0.9303
muon_lr=0.017 muon_momentum=0.6 bias_lr=13 head_lr=60 -> tta_val_acc=0.9302
muon_lr=0.017 muon_momentum=0.6 bias_lr=13 head_lr=99 -> tta_val_acc=0.9306
muon_lr=0.017 muon_momentum=0.6 bias_lr=13 head_lr=170 -> tta_val_acc=0.9307
muon_lr=0.017 muon_momentum=0.6 bias_lr=13 head_lr=280 -> tta_val_acc=0.931
muon_lr=0.017 muon_momentum=0.6 bias_lr=13 head_lr=460 -> tta_val_acc=0.9307
muon_lr=0.017 muon_momentum=0.6 bias_lr=13 head_lr=770 -> tta_val_acc=0.9308
muon_lr=0.017 muon_momentum=0.6 bias_lr=13 head_lr=1300 -> tta_val_acc=0.9302
muon_lr=0.017 muon_momentum=0.6 bias_lr=13 head_lr=2100 -> tta_val_acc=0.9295
muon_lr=0.017 muon_momentum=0.6 bias_lr=13 head_lr=3500 -> tta_val_acc=0.9297
muon_lr=0.017 muon_momentum=0.6 bias_lr=13 head_lr=5900 -> tta_val_acc=0.926
muon_lr=0.017 muon_momentum=0.6 bias_lr=13 head_lr=9800 -> tta_val_acc=0.9125
muon_lr=0.017 muon_momentum=0.6 bias_lr=13 head_lr=16000 -> tta_val_acc=0.8287
muon_lr=0.017 muon_momentum=0.6 bias_lr=13 head_lr=27000 -> tta_val_acc=0.6018
muon_lr=0.01 muon_momentum=0.6 bias_lr=13 head_lr=280 -> tta_val_acc=0.93
muon_lr=0.028 muon_momentum=0.6 bias_lr=13 head_lr=280 -> tta_val_acc=0.9285
muon_lr=0.017 muon_momentum=0.6 bias_lr=1 head_lr=280 -> tta_val_acc=0.9302
muon_lr=0.017 muon_momentum=0.6 bias_lr=1.7 head_lr=280 -> tta_val_acc=0.9305
muon_lr=0.017 muon_momentum=0.6 bias_lr=2.8 head_lr=280 -> tta_val_acc=0.9308
muon_lr=0.017 muon_momentum=0.6 bias_lr=4.6 head_lr=280 -> tta_val_acc=0.9309
muon_lr=0.017 muon_momentum=0.6 bias_lr=7.7 head_lr=280 -> tta_val_acc=0.9313
muon_lr=0.017 muon_momentum=0.6 bias_lr=21 head_lr=280 -> tta_val_acc=0.9299
muon_lr=0.017 muon_momentum=0.6 bias_lr=36 head_lr=280 -> tta_val_acc=0.9296
muon_lr=0.017 muon_momentum=0.6 bias_lr=60 head_lr=280 -> tta_val_acc=0.9283
muon_lr=0.017 muon_momentum=0.6 bias_lr=99 head_lr=280 -> tta_val_acc=0.927
muon_lr=0.017 muon_momentum=0.6 bias_lr=170 head_lr=280 -> tta_val_acc=0.9219
muon_lr=0.017 muon_momentum=0.6 bias_lr=280 head_lr=280 -> tta_val_acc=0.9043
muon_lr=0.017 muon_momentum=0.6 bias_lr=460 head_lr=280 -> tta_val_acc=0.1018
muon_lr=0.017 muon_momentum=0.6 bias_lr=770 head_lr=280 -> tta_val_acc=0.1
muon_lr=0.017 muon_momentum=0.6 bias_lr=1300 head_lr=280 -> tta_val_acc=0.1
muon_lr=0.017 muon_momentum=0.6 bias_lr=2100 head_lr=280 -> tta_val_acc=0.1
muon_lr=0.017 muon_momentum=0.6 bias_lr=3500 head_lr=280 -> tta_val_acc=0.1
muon_lr=0.017 muon_momentum=0.6 bias_lr=5900 head_lr=280 -> tta_val_acc=0.1
muon_lr=0.017 muon_momentum=0.6 bias_lr=9800 head_lr=280 -> tta_val_acc=0.1
muon_lr=0.017 muon_momentum=0.6 bias_lr=16000 head_lr=280 -> tta_val_acc=0.1
muon_lr=0.017 muon_momentum=0.6 bias_lr=27000 head_lr=280 -> tta_val_acc=0.1
muon_lr=0.01 muon_momentum=0.6 bias_lr=7.7 head_lr=280 -> tta_val_acc=0.9296
muon_lr=0.028 muon_momentum=0.6 bias_lr=7.7 head_lr=280 -> tta_val_acc=0.9295
muon_lr=0.017 muon_momentum=0.6 bias_lr=7.7 head_lr=1 -> tta_val_acc=0.9298
muon_lr=0.017 muon_momentum=0.6 bias_lr=7.7 head_lr=1.7 -> tta_val_acc=0.93
muon_lr=0.017 muon_momentum=0.6 bias_lr=7.7 head_lr=2.8 -> tta_val_acc=0.9303
muon_lr=0.017 muon_momentum=0.6 bias_lr=7.7 head_lr=4.6 -> tta_val_acc=0.9302
muon_lr=0.017 muon_momentum=0.6 bias_lr=7.7 head_lr=13 -> tta_val_acc=0.9303
muon_lr=0.017 muon_momentum=0.6 bias_lr=7.7 head_lr=21 -> tta_val_acc=0.9301
muon_lr=0.017 muon_momentum=0.6 bias_lr=7.7 head_lr=36 -> tta_val_acc=0.9303
muon_lr=0.017 muon_momentum=0.6 bias_lr=7.7 head_lr=60 -> tta_val_acc=0.9304
muon_lr=0.017 muon_momentum=0.6 bias_lr=7.7 head_lr=99 -> tta_val_acc=0.9305
muon_lr=0.017 muon_momentum=0.6 bias_lr=7.7 head_lr=170 -> tta_val_acc=0.9306
muon_lr=0.017 muon_momentum=0.6 bias_lr=7.7 head_lr=460 -> tta_val_acc=0.9311
muon_lr=0.017 muon_momentum=0.6 bias_lr=7.7 head_lr=770 -> tta_val_acc=0.9308
muon_lr=0.017 muon_momentum=0.6 bias_lr=7.7 head_lr=1300 -> tta_val_acc=0.9305
muon_lr=0.017 muon_momentum=0.6 bias_lr=7.7 head_lr=2100 -> tta_val_acc=0.9294
muon_lr=0.017 muon_momentum=0.6 bias_lr=7.7 head_lr=3500 -> tta_val_acc=0.9304
muon_lr=0.017 muon_momentum=0.6 bias_lr=7.7 head_lr=5900 -> tta_val_acc=0.927
muon_lr=0.017 muon_momentum=0.6 bias_lr=7.7 head_lr=9800 -> tta_val_acc=0.9161
muon_lr=0.017 muon_momentum=0.6 bias_lr=7.7 head_lr=16000 -> tta_val_acc=0.8985
muon_lr=0.017 muon_momentum=0.6 bias_lr=7.7 head_lr=27000 -> tta_val_acc=0.8747
search_path step=0 muon_lr=0.028 muon_momentum=0.6 bias_lr=21 head_lr=7.7 tta_val_acc=0.9289
search_path step=1 muon_lr=0.01 muon_momentum=0.6 bias_lr=21 head_lr=7.7 tta_val_acc=0.9301
search_path step=2 muon_lr=0.01 muon_momentum=0.6 bias_lr=13 head_lr=7.7 tta_val_acc=0.9301
search_path step=3 muon_lr=0.017 muon_momentum=0.6 bias_lr=13 head_lr=7.7 tta_val_acc=0.9303
search_path step=4 muon_lr=0.017 muon_momentum=0.6 bias_lr=13 head_lr=280 tta_val_acc=0.931
search_path step=5 muon_lr=0.017 muon_momentum=0.6 bias_lr=7.7 head_lr=280 tta_val_acc=0.9313
main hparams: muon_lr=0.078 muon_momentum=0.6 bias_lr=21 head_lr=2.8 main=0.8964, best_cooldown=0.9313
main hparams: muon_lr=0.047 muon_momentum=0.6 bias_lr=21 head_lr=2.8 main=0.9069, best_cooldown=0.9271
main hparams: muon_lr=0.13 muon_momentum=0.6 bias_lr=21 head_lr=2.8 main=0.8706, best_cooldown=0.9272
main hparams: muon_lr=0.078 muon_momentum=0.5 bias_lr=21 head_lr=2.8 main=0.8972, best_cooldown=0.9272
main hparams: muon_lr=0.078 muon_momentum=0.7 bias_lr=21 head_lr=2.8 main=0.8983, best_cooldown=0.9292
main hparams: muon_lr=0.078 muon_momentum=0.6 bias_lr=1 head_lr=2.8 main=0.8991, best_cooldown=0.9298
main hparams: muon_lr=0.078 muon_momentum=0.6 bias_lr=1.7 head_lr=2.8 main=0.9002, best_cooldown=0.9289
main hparams: muon_lr=0.078 muon_momentum=0.6 bias_lr=2.8 head_lr=2.8 main=0.8985, best_cooldown=0.9264
main hparams: muon_lr=0.078 muon_momentum=0.6 bias_lr=4.6 head_lr=2.8 main=0.8976, best_cooldown=0.9314
main hparams: muon_lr=0.078 muon_momentum=0.6 bias_lr=7.7 head_lr=2.8 main=0.8977, best_cooldown=0.9297
main hparams: muon_lr=0.078 muon_momentum=0.6 bias_lr=13 head_lr=2.8 main=0.8976, best_cooldown=0.931
main hparams: muon_lr=0.078 muon_momentum=0.6 bias_lr=36 head_lr=2.8 main=0.8978, best_cooldown=0.929
main hparams: muon_lr=0.078 muon_momentum=0.6 bias_lr=60 head_lr=2.8 main=0.8958, best_cooldown=0.9277
main hparams: muon_lr=0.078 muon_momentum=0.6 bias_lr=99 head_lr=2.8 main=0.8908, best_cooldown=0.9279
main hparams: muon_lr=0.078 muon_momentum=0.6 bias_lr=170 head_lr=2.8 main=0.8708, best_cooldown=0.9272
main hparams: muon_lr=0.078 muon_momentum=0.6 bias_lr=280 head_lr=2.8 main=0.8566, best_cooldown=0.9224
main hparams: muon_lr=0.078 muon_momentum=0.6 bias_lr=460 head_lr=2.8 main=0.7663, best_cooldown=0.8842
main hparams: muon_lr=0.078 muon_momentum=0.6 bias_lr=770 head_lr=2.8 main=0.1075, best_cooldown=0.2822
main hparams: muon_lr=0.078 muon_momentum=0.6 bias_lr=1300 head_lr=2.8 main=0.1, best_cooldown=0.1
main hparams: muon_lr=0.078 muon_momentum=0.6 bias_lr=2100 head_lr=2.8 main=0.1, best_cooldown=0.1
main hparams: muon_lr=0.078 muon_momentum=0.6 bias_lr=3500 head_lr=2.8 main=0.1, best_cooldown=0.1
main hparams: muon_lr=0.078 muon_momentum=0.6 bias_lr=5900 head_lr=2.8 main=0.1, best_cooldown=0.1
main hparams: muon_lr=0.078 muon_momentum=0.6 bias_lr=9800 head_lr=2.8 main=0.1, best_cooldown=0.1
main hparams: muon_lr=0.078 muon_momentum=0.6 bias_lr=16000 head_lr=2.8 main=0.1, best_cooldown=0.1
main hparams: muon_lr=0.078 muon_momentum=0.6 bias_lr=27000 head_lr=2.8 main=0.1, best_cooldown=0.1
main hparams: muon_lr=0.047 muon_momentum=0.6 bias_lr=4.6 head_lr=2.8 main=0.9068, best_cooldown=0.9256
main hparams: muon_lr=0.13 muon_momentum=0.6 bias_lr=4.6 head_lr=2.8 main=0.8729, best_cooldown=0.9268
main hparams: muon_lr=0.078 muon_momentum=0.5 bias_lr=4.6 head_lr=2.8 main=0.8974, best_cooldown=0.9276
main hparams: muon_lr=0.078 muon_momentum=0.7 bias_lr=4.6 head_lr=2.8 main=0.8976, best_cooldown=0.9297
main hparams: muon_lr=0.078 muon_momentum=0.6 bias_lr=4.6 head_lr=1 main=0.8987, best_cooldown=0.93
main hparams: muon_lr=0.078 muon_momentum=0.6 bias_lr=4.6 head_lr=1.7 main=0.8992, best_cooldown=0.9305
main hparams: muon_lr=0.078 muon_momentum=0.6 bias_lr=4.6 head_lr=4.6 main=0.9025, best_cooldown=0.9297
main hparams: muon_lr=0.078 muon_momentum=0.6 bias_lr=4.6 head_lr=7.7 main=0.8996, best_cooldown=0.9294
main hparams: muon_lr=0.078 muon_momentum=0.6 bias_lr=4.6 head_lr=13 main=0.8982, best_cooldown=0.9308
main hparams: muon_lr=0.078 muon_momentum=0.6 bias_lr=4.6 head_lr=21 main=0.8978, best_cooldown=0.9306
main hparams: muon_lr=0.078 muon_momentum=0.6 bias_lr=4.6 head_lr=36 main=0.8978, best_cooldown=0.9294
main hparams: muon_lr=0.078 muon_momentum=0.6 bias_lr=4.6 head_lr=60 main=0.8997, best_cooldown=0.929
main hparams: muon_lr=0.078 muon_momentum=0.6 bias_lr=4.6 head_lr=99 main=0.8979, best_cooldown=0.9303
main hparams: muon_lr=0.078 muon_momentum=0.6 bias_lr=4.6 head_lr=170 main=0.8975, best_cooldown=0.9294
main hparams: muon_lr=0.078 muon_momentum=0.6 bias_lr=4.6 head_lr=280 main=0.8978, best_cooldown=0.9279
main hparams: muon_lr=0.078 muon_momentum=0.6 bias_lr=4.6 head_lr=460 main=0.8979, best_cooldown=0.9299
main hparams: muon_lr=0.078 muon_momentum=0.6 bias_lr=4.6 head_lr=770 main=0.8967, best_cooldown=0.9294
main hparams: muon_lr=0.078 muon_momentum=0.6 bias_lr=4.6 head_lr=1300 main=0.8989, best_cooldown=0.9313
main hparams: muon_lr=0.078 muon_momentum=0.6 bias_lr=4.6 head_lr=2100 main=0.8959, best_cooldown=0.9273
main hparams: muon_lr=0.078 muon_momentum=0.6 bias_lr=4.6 head_lr=3500 main=0.8949, best_cooldown=0.9262
main hparams: muon_lr=0.078 muon_momentum=0.6 bias_lr=4.6 head_lr=5900 main=0.8808, best_cooldown=0.92
main hparams: muon_lr=0.078 muon_momentum=0.6 bias_lr=4.6 head_lr=9800 main=0.8729, best_cooldown=0.9109
main hparams: muon_lr=0.078 muon_momentum=0.6 bias_lr=4.6 head_lr=16000 main=0.8575, best_cooldown=0.9024
main hparams: muon_lr=0.078 muon_momentum=0.6 bias_lr=4.6 head_lr=27000 main=0.834, best_cooldown=0.8896
search_path step=0 muon_lr=0.078 muon_momentum=0.6 bias_lr=21 head_lr=2.8 tta_val_acc=0.9313
search_path step=1 muon_lr=0.078 muon_momentum=0.6 bias_lr=4.6 head_lr=2.8 tta_val_acc=0.9314
