cifar_search_simple run=0 batch_size=2000 train_epochs=8 n_steps=40 m_steps=40 search_hparams=muon_lr,muon_momentum,bias_lr,head_lr cooldown_search_hparams=muon_lr,bias_lr,head_lr muon_nesterov=False initial_muon_lr=1 initial_muon_momentum=0.6 initial_muon_momentum_index=6 initial_bias_lr=1 initial_head_lr=1
main hparams: muon_lr=1 muon_momentum=0.6 bias_lr=1 head_lr=1 main=0.5097
main hparams: muon_lr=0.6 muon_momentum=0.6 bias_lr=1 head_lr=1 main=0.629
main hparams: muon_lr=0.36 muon_momentum=0.6 bias_lr=1 head_lr=1 main=0.6875
main hparams: muon_lr=0.22 muon_momentum=0.6 bias_lr=1 head_lr=1 main=0.7931
main hparams: muon_lr=0.13 muon_momentum=0.6 bias_lr=1 head_lr=1 main=0.8207
main hparams: muon_lr=0.078 muon_momentum=0.6 bias_lr=1 head_lr=1 main=0.8071
main hparams: muon_lr=0.047 muon_momentum=0.6 bias_lr=1 head_lr=1 main=0.7865
main hparams: muon_lr=0.028 muon_momentum=0.6 bias_lr=1 head_lr=1 main=0.7302
main hparams: muon_lr=1.7 muon_momentum=0.6 bias_lr=1 head_lr=1 main=0.3128
main hparams: muon_lr=2.8 muon_momentum=0.6 bias_lr=1 head_lr=1 main=0.337
main hparams: muon_lr=4.6 muon_momentum=0.6 bias_lr=1 head_lr=1 main=0.284
main hparams: muon_lr=7.7 muon_momentum=0.6 bias_lr=1 head_lr=1 main=0.2836
main hparams: muon_lr=13 muon_momentum=0.6 bias_lr=1 head_lr=1 main=0.2961
main hparams: muon_lr=21 muon_momentum=0.6 bias_lr=1 head_lr=1 main=0.2165
main hparams: muon_lr=36 muon_momentum=0.6 bias_lr=1 head_lr=1 main=0.2784
main hparams: muon_lr=60 muon_momentum=0.6 bias_lr=1 head_lr=1 main=0.2272
main hparams: muon_lr=99 muon_momentum=0.6 bias_lr=1 head_lr=1 main=0.235
main hparams: muon_lr=170 muon_momentum=0.6 bias_lr=1 head_lr=1 main=0.226
main hparams: muon_lr=280 muon_momentum=0.6 bias_lr=1 head_lr=1 main=0.2388
main hparams: muon_lr=460 muon_momentum=0.6 bias_lr=1 head_lr=1 main=0.2439
main hparams: muon_lr=770 muon_momentum=0.6 bias_lr=1 head_lr=1 main=0.2681
main hparams: muon_lr=1300 muon_momentum=0.6 bias_lr=1 head_lr=1 main=0.2133
main hparams: muon_lr=2100 muon_momentum=0.6 bias_lr=1 head_lr=1 main=0.224
main hparams: muon_lr=3500 muon_momentum=0.6 bias_lr=1 head_lr=1 main=0.2037
main hparams: muon_lr=5900 muon_momentum=0.6 bias_lr=1 head_lr=1 main=0.2017
main hparams: muon_lr=9800 muon_momentum=0.6 bias_lr=1 head_lr=1 main=0.2276
main hparams: muon_lr=16000 muon_momentum=0.6 bias_lr=1 head_lr=1 main=0.2498
main hparams: muon_lr=27000 muon_momentum=0.6 bias_lr=1 head_lr=1 main=0.279
main hparams: muon_lr=46000 muon_momentum=0.6 bias_lr=1 head_lr=1 main=0.2364
main hparams: muon_lr=76000 muon_momentum=0.6 bias_lr=1 head_lr=1 main=0.2056
main hparams: muon_lr=130000 muon_momentum=0.6 bias_lr=1 head_lr=1 main=0.2201
main hparams: muon_lr=210000 muon_momentum=0.6 bias_lr=1 head_lr=1 main=0.2167
main hparams: muon_lr=350000 muon_momentum=0.6 bias_lr=1 head_lr=1 main=0.2313
main hparams: muon_lr=590000 muon_momentum=0.6 bias_lr=1 head_lr=1 main=0.1569
main hparams: muon_lr=980000 muon_momentum=0.6 bias_lr=1 head_lr=1 main=0.2349
main hparams: muon_lr=1.6e+06 muon_momentum=0.6 bias_lr=1 head_lr=1 main=0.2334
main hparams: muon_lr=2.7e+06 muon_momentum=0.6 bias_lr=1 head_lr=1 main=0.1605
main hparams: muon_lr=4.5e+06 muon_momentum=0.6 bias_lr=1 head_lr=1 main=0.2268
main hparams: muon_lr=7.5e+06 muon_momentum=0.6 bias_lr=1 head_lr=1 main=0.1926
main hparams: muon_lr=1.3e+07 muon_momentum=0.6 bias_lr=1 head_lr=1 main=0.0968
main hparams: muon_lr=2.1e+07 muon_momentum=0.6 bias_lr=1 head_lr=1 main=0.281
main hparams: muon_lr=3.5e+07 muon_momentum=0.6 bias_lr=1 head_lr=1 main=0.1701
main hparams: muon_lr=5.8e+07 muon_momentum=0.6 bias_lr=1 head_lr=1 main=0.2274
main hparams: muon_lr=9.7e+07 muon_momentum=0.6 bias_lr=1 head_lr=1 main=0.1972
main hparams: muon_lr=1.6e+08 muon_momentum=0.6 bias_lr=1 head_lr=1 main=0.1556
main hparams: muon_lr=2.7e+08 muon_momentum=0.6 bias_lr=1 head_lr=1 main=0.214
main hparams: muon_lr=4.5e+08 muon_momentum=0.6 bias_lr=1 head_lr=1 main=0.2898
main hparams: muon_lr=7.5e+08 muon_momentum=0.6 bias_lr=1 head_lr=1 main=0.2089
main hparams: muon_lr=1.2e+09 muon_momentum=0.6 bias_lr=1 head_lr=1 main=0.2044
main hparams: muon_lr=2.1e+09 muon_momentum=0.6 bias_lr=1 head_lr=1 main=0.1929
main hparams: muon_lr=3.5e+09 muon_momentum=0.6 bias_lr=1 head_lr=1 main=0.2343
main hparams: muon_lr=5.8e+09 muon_momentum=0.6 bias_lr=1 head_lr=1 main=0.2274
main hparams: muon_lr=9.6e+09 muon_momentum=0.6 bias_lr=1 head_lr=1 main=0.2539
main hparams: muon_lr=1.6e+10 muon_momentum=0.6 bias_lr=1 head_lr=1 main=0.2421
main hparams: muon_lr=2.7e+10 muon_momentum=0.6 bias_lr=1 head_lr=1 main=0.2892
main hparams: muon_lr=4.5e+10 muon_momentum=0.6 bias_lr=1 head_lr=1 main=0.2456
main hparams: muon_lr=7.4e+10 muon_momentum=0.6 bias_lr=1 head_lr=1 main=0.2131
main hparams: muon_lr=1.2e+11 muon_momentum=0.6 bias_lr=1 head_lr=1 main=0.1717
main hparams: muon_lr=2.1e+11 muon_momentum=0.6 bias_lr=1 head_lr=1 main=0.1509
main hparams: muon_lr=3.4e+11 muon_momentum=0.6 bias_lr=1 head_lr=1 main=0.1384
main hparams: muon_lr=5.7e+11 muon_momentum=0.6 bias_lr=1 head_lr=1 main=0.1311
main hparams: muon_lr=9.5e+11 muon_momentum=0.6 bias_lr=1 head_lr=1 main=0.1281
main hparams: muon_lr=1.6e+12 muon_momentum=0.6 bias_lr=1 head_lr=1 main=0.1245
main hparams: muon_lr=2.7e+12 muon_momentum=0.6 bias_lr=1 head_lr=1 main=0.1218
main hparams: muon_lr=4.4e+12 muon_momentum=0.6 bias_lr=1 head_lr=1 main=0.1207
main hparams: muon_lr=7.4e+12 muon_momentum=0.6 bias_lr=1 head_lr=1 main=0.1207
main hparams: muon_lr=1.2e+13 muon_momentum=0.6 bias_lr=1 head_lr=1 main=0.1199
main hparams: muon_lr=2e+13 muon_momentum=0.6 bias_lr=1 head_lr=1 main=0.1192
main hparams: muon_lr=3.4e+13 muon_momentum=0.6 bias_lr=1 head_lr=1 main=0.1191
main hparams: muon_lr=5.7e+13 muon_momentum=0.6 bias_lr=1 head_lr=1 main=0.119
main hparams: muon_lr=9.5e+13 muon_momentum=0.6 bias_lr=1 head_lr=1 main=0.1184
main hparams: muon_lr=1.6e+14 muon_momentum=0.6 bias_lr=1 head_lr=1 main=0.1184
main hparams: muon_lr=2.6e+14 muon_momentum=0.6 bias_lr=1 head_lr=1 main=0.1184
main hparams: muon_lr=4.4e+14 muon_momentum=0.6 bias_lr=1 head_lr=1 main=0.1186
main hparams: muon_lr=7.3e+14 muon_momentum=0.6 bias_lr=1 head_lr=1 main=0.1185
main hparams: muon_lr=1.2e+15 muon_momentum=0.6 bias_lr=1 head_lr=1 main=0.1183
main hparams: muon_lr=2e+15 muon_momentum=0.6 bias_lr=1 head_lr=1 main=0.1181
main hparams: muon_lr=3.4e+15 muon_momentum=0.6 bias_lr=1 head_lr=1 main=0.1182
main hparams: muon_lr=5.6e+15 muon_momentum=0.6 bias_lr=1 head_lr=1 main=0.118
main hparams: muon_lr=9.4e+15 muon_momentum=0.6 bias_lr=1 head_lr=1 main=0.1162
main hparams: muon_lr=1.6e+16 muon_momentum=0.6 bias_lr=1 head_lr=1 main=0.1153
main hparams: muon_lr=2.6e+16 muon_momentum=0.6 bias_lr=1 head_lr=1 main=0.1144
main hparams: muon_lr=4.4e+16 muon_momentum=0.6 bias_lr=1 head_lr=1 main=0.1274
main hparams: muon_lr=7.3e+16 muon_momentum=0.6 bias_lr=1 head_lr=1 main=-inf
main hparams: muon_lr=1.2e+17 muon_momentum=0.6 bias_lr=1 head_lr=1 main=-inf
main hparams: muon_lr=2e+17 muon_momentum=0.6 bias_lr=1 head_lr=1 main=-inf
main hparams: muon_lr=3.4e+17 muon_momentum=0.6 bias_lr=1 head_lr=1 main=-inf
main hparams: muon_lr=5.6e+17 muon_momentum=0.6 bias_lr=1 head_lr=1 main=-inf
main hparams: muon_lr=9.3e+17 muon_momentum=0.6 bias_lr=1 head_lr=1 main=-inf
main hparams: muon_lr=1.6e+18 muon_momentum=0.6 bias_lr=1 head_lr=1 main=-inf
main hparams: muon_lr=2.6e+18 muon_momentum=0.6 bias_lr=1 head_lr=1 main=-inf
main hparams: muon_lr=4.3e+18 muon_momentum=0.6 bias_lr=1 head_lr=1 main=-inf
main hparams: muon_lr=7.2e+18 muon_momentum=0.6 bias_lr=1 head_lr=1 main=-inf
main hparams: muon_lr=1.2e+19 muon_momentum=0.6 bias_lr=1 head_lr=1 main=-inf
main hparams: muon_lr=2e+19 muon_momentum=0.6 bias_lr=1 head_lr=1 main=-inf
main hparams: muon_lr=3.3e+19 muon_momentum=0.6 bias_lr=1 head_lr=1 main=-inf
main hparams: muon_lr=5.6e+19 muon_momentum=0.6 bias_lr=1 head_lr=1 main=-inf
main hparams: muon_lr=9.3e+19 muon_momentum=0.6 bias_lr=1 head_lr=1 main=-inf
main hparams: muon_lr=1.5e+20 muon_momentum=0.6 bias_lr=1 head_lr=1 main=-inf
main hparams: muon_lr=2.6e+20 muon_momentum=0.6 bias_lr=1 head_lr=1 main=-inf
main hparams: muon_lr=4.3e+20 muon_momentum=0.6 bias_lr=1 head_lr=1 main=-inf
main hparams: muon_lr=7.1e+20 muon_momentum=0.6 bias_lr=1 head_lr=1 main=-inf
main hparams: muon_lr=1.2e+21 muon_momentum=0.6 bias_lr=1 head_lr=1 main=-inf
main hparams: muon_lr=2e+21 muon_momentum=0.6 bias_lr=1 head_lr=1 main=-inf
main hparams: muon_lr=3.3e+21 muon_momentum=0.6 bias_lr=1 head_lr=1 main=-inf
main hparams: muon_lr=5.5e+21 muon_momentum=0.6 bias_lr=1 head_lr=1 main=-inf
main hparams: muon_lr=9.2e+21 muon_momentum=0.6 bias_lr=1 head_lr=1 main=-inf
main hparams: muon_lr=1.5e+22 muon_momentum=0.6 bias_lr=1 head_lr=1 main=-inf
main hparams: muon_lr=2.6e+22 muon_momentum=0.6 bias_lr=1 head_lr=1 main=-inf
main hparams: muon_lr=4.3e+22 muon_momentum=0.6 bias_lr=1 head_lr=1 main=-inf
main hparams: muon_lr=7.1e+22 muon_momentum=0.6 bias_lr=1 head_lr=1 main=-inf
main hparams: muon_lr=1.2e+23 muon_momentum=0.6 bias_lr=1 head_lr=1 main=-inf
main hparams: muon_lr=2e+23 muon_momentum=0.6 bias_lr=1 head_lr=1 main=-inf
main hparams: muon_lr=3.3e+23 muon_momentum=0.6 bias_lr=1 head_lr=1 main=-inf
main hparams: muon_lr=5.5e+23 muon_momentum=0.6 bias_lr=1 head_lr=1 main=-inf
main hparams: muon_lr=9.1e+23 muon_momentum=0.6 bias_lr=1 head_lr=1 main=-inf
main hparams: muon_lr=1.5e+24 muon_momentum=0.6 bias_lr=1 head_lr=1 main=-inf
main hparams: muon_lr=2.5e+24 muon_momentum=0.6 bias_lr=1 head_lr=1 main=-inf
main hparams: muon_lr=4.2e+24 muon_momentum=0.6 bias_lr=1 head_lr=1 main=-inf
main hparams: muon_lr=7e+24 muon_momentum=0.6 bias_lr=1 head_lr=1 main=-inf
main hparams: muon_lr=1.2e+25 muon_momentum=0.6 bias_lr=1 head_lr=1 main=-inf
main hparams: muon_lr=2e+25 muon_momentum=0.6 bias_lr=1 head_lr=1 main=-inf
main hparams: muon_lr=3.3e+25 muon_momentum=0.6 bias_lr=1 head_lr=1 main=-inf
main hparams: muon_lr=5.4e+25 muon_momentum=0.6 bias_lr=1 head_lr=1 main=-inf
main hparams: muon_lr=9e+25 muon_momentum=0.6 bias_lr=1 head_lr=1 main=-inf
main hparams: muon_lr=1.5e+26 muon_momentum=0.6 bias_lr=1 head_lr=1 main=-inf
main hparams: muon_lr=2.5e+26 muon_momentum=0.6 bias_lr=1 head_lr=1 main=-inf
main hparams: muon_lr=4.2e+26 muon_momentum=0.6 bias_lr=1 head_lr=1 main=-inf
main hparams: muon_lr=7e+26 muon_momentum=0.6 bias_lr=1 head_lr=1 main=-inf
main hparams: muon_lr=1.2e+27 muon_momentum=0.6 bias_lr=1 head_lr=1 main=-inf
main hparams: muon_lr=1.9e+27 muon_momentum=0.6 bias_lr=1 head_lr=1 main=-inf
main hparams: muon_lr=3.2e+27 muon_momentum=0.6 bias_lr=1 head_lr=1 main=-inf
main hparams: muon_lr=5.4e+27 muon_momentum=0.6 bias_lr=1 head_lr=1 main=-inf
main hparams: muon_lr=9e+27 muon_momentum=0.6 bias_lr=1 head_lr=1 main=-inf
main hparams: muon_lr=1.5e+28 muon_momentum=0.6 bias_lr=1 head_lr=1 main=-inf
main hparams: muon_lr=2.5e+28 muon_momentum=0.6 bias_lr=1 head_lr=1 main=-inf
main hparams: muon_lr=4.2e+28 muon_momentum=0.6 bias_lr=1 head_lr=1 main=-inf
main hparams: muon_lr=6.9e+28 muon_momentum=0.6 bias_lr=1 head_lr=1 main=-inf
main hparams: muon_lr=1.2e+29 muon_momentum=0.6 bias_lr=1 head_lr=1 main=-inf
main hparams: muon_lr=1.9e+29 muon_momentum=0.6 bias_lr=1 head_lr=1 main=-inf
main hparams: muon_lr=3.2e+29 muon_momentum=0.6 bias_lr=1 head_lr=1 main=-inf
main hparams: muon_lr=5.3e+29 muon_momentum=0.6 bias_lr=1 head_lr=1 main=-inf
main hparams: muon_lr=8.9e+29 muon_momentum=0.6 bias_lr=1 head_lr=1 main=-inf
main hparams: muon_lr=1.5e+30 muon_momentum=0.6 bias_lr=1 head_lr=1 main=-inf
main hparams: muon_lr=2.5e+30 muon_momentum=0.6 bias_lr=1 head_lr=1 main=-inf
main hparams: muon_lr=4.1e+30 muon_momentum=0.6 bias_lr=1 head_lr=1 main=-inf
main hparams: muon_lr=6.9e+30 muon_momentum=0.6 bias_lr=1 head_lr=1 main=-inf
main hparams: muon_lr=1.1e+31 muon_momentum=0.6 bias_lr=1 head_lr=1 main=-inf
main hparams: muon_lr=1.9e+31 muon_momentum=0.6 bias_lr=1 head_lr=1 main=-inf
main hparams: muon_lr=3.2e+31 muon_momentum=0.6 bias_lr=1 head_lr=1 main=-inf
main hparams: muon_lr=5.3e+31 muon_momentum=0.6 bias_lr=1 head_lr=1 main=-inf
main hparams: muon_lr=8.8e+31 muon_momentum=0.6 bias_lr=1 head_lr=1 main=-inf
main hparams: muon_lr=1.5e+32 muon_momentum=0.6 bias_lr=1 head_lr=1 main=-inf
main hparams: muon_lr=2.5e+32 muon_momentum=0.6 bias_lr=1 head_lr=1 main=-inf
main hparams: muon_lr=4.1e+32 muon_momentum=0.6 bias_lr=1 head_lr=1 main=-inf
main hparams: muon_lr=6.8e+32 muon_momentum=0.6 bias_lr=1 head_lr=1 main=-inf
main hparams: muon_lr=1.1e+33 muon_momentum=0.6 bias_lr=1 head_lr=1 main=-inf
main hparams: muon_lr=1.9e+33 muon_momentum=0.6 bias_lr=1 head_lr=1 main=-inf
main hparams: muon_lr=3.2e+33 muon_momentum=0.6 bias_lr=1 head_lr=1 main=-inf
main hparams: muon_lr=5.3e+33 muon_momentum=0.6 bias_lr=1 head_lr=1 main=-inf
main hparams: muon_lr=8.8e+33 muon_momentum=0.6 bias_lr=1 head_lr=1 main=-inf
main hparams: muon_lr=1.5e+34 muon_momentum=0.6 bias_lr=1 head_lr=1 main=-inf
main hparams: muon_lr=2.4e+34 muon_momentum=0.6 bias_lr=1 head_lr=1 main=-inf
main hparams: muon_lr=4.1e+34 muon_momentum=0.6 bias_lr=1 head_lr=1 main=-inf
main hparams: muon_lr=6.8e+34 muon_momentum=0.6 bias_lr=1 head_lr=1 main=-inf
main hparams: muon_lr=1.1e+35 muon_momentum=0.6 bias_lr=1 head_lr=1 main=-inf
main hparams: muon_lr=1.9e+35 muon_momentum=0.6 bias_lr=1 head_lr=1 main=-inf
main hparams: muon_lr=3.1e+35 muon_momentum=0.6 bias_lr=1 head_lr=1 main=-inf
main hparams: muon_lr=5.2e+35 muon_momentum=0.6 bias_lr=1 head_lr=1 main=-inf
main hparams: muon_lr=8.7e+35 muon_momentum=0.6 bias_lr=1 head_lr=1 main=-inf
main hparams: muon_lr=1.4e+36 muon_momentum=0.6 bias_lr=1 head_lr=1 main=-inf
main hparams: muon_lr=2.4e+36 muon_momentum=0.6 bias_lr=1 head_lr=1 main=-inf
main hparams: muon_lr=4e+36 muon_momentum=0.6 bias_lr=1 head_lr=1 main=-inf
main hparams: muon_lr=6.7e+36 muon_momentum=0.6 bias_lr=1 head_lr=1 main=-inf
main hparams: muon_lr=1.1e+37 muon_momentum=0.6 bias_lr=1 head_lr=1 main=-inf
main hparams: muon_lr=1.9e+37 muon_momentum=0.6 bias_lr=1 head_lr=1 main=-inf
main hparams: muon_lr=3.1e+37 muon_momentum=0.6 bias_lr=1 head_lr=1 main=-inf
main hparams: muon_lr=5.2e+37 muon_momentum=0.6 bias_lr=1 head_lr=1 main=-inf
main hparams: muon_lr=8.6e+37 muon_momentum=0.6 bias_lr=1 head_lr=1 main=-inf
main hparams: muon_lr=1.4e+38 muon_momentum=0.6 bias_lr=1 head_lr=1 main=-inf
main hparams: muon_lr=2.4e+38 muon_momentum=0.6 bias_lr=1 head_lr=1 main=-inf
