cifar_search_simple run=0 batch_size=2000 train_epochs=8 n_steps=40 m_steps=40 search_hparams=muon_lr,muon_momentum,bias_lr,head_lr cooldown_search_hparams=muon_lr,bias_lr,head_lr muon_nesterov=False initial_muon_lr=1 initial_muon_momentum=0.6 initial_muon_momentum_index=6 initial_bias_lr=1 initial_head_lr=1
main hparams: muon_lr=1 muon_momentum=0.6 bias_lr=1 head_lr=1 main=0.424, best_cooldown=0.8664
muon_lr=1 muon_momentum=0.6 bias_lr=1 head_lr=1 -> tta_val_acc=0.514
muon_lr=0.6 muon_momentum=0.6 bias_lr=1 head_lr=1 -> tta_val_acc=0.6351
muon_lr=0.36 muon_momentum=0.6 bias_lr=1 head_lr=1 -> tta_val_acc=0.7234
muon_lr=0.22 muon_momentum=0.6 bias_lr=1 head_lr=1 -> tta_val_acc=0.7871
muon_lr=0.13 muon_momentum=0.6 bias_lr=1 head_lr=1 -> tta_val_acc=0.827
muon_lr=0.078 muon_momentum=0.6 bias_lr=1 head_lr=1 -> tta_val_acc=0.8378
muon_lr=0.047 muon_momentum=0.6 bias_lr=1 head_lr=1 -> tta_val_acc=0.8383
muon_lr=0.028 muon_momentum=0.6 bias_lr=1 head_lr=1 -> tta_val_acc=0.8139
muon_lr=0.047 muon_momentum=0.6 bias_lr=0.6 head_lr=1 -> tta_val_acc=0.8366
muon_lr=0.047 muon_momentum=0.6 bias_lr=1.7 head_lr=1 -> tta_val_acc=0.8381
muon_lr=0.047 muon_momentum=0.6 bias_lr=2.8 head_lr=1 -> tta_val_acc=0.8388
muon_lr=0.047 muon_momentum=0.6 bias_lr=4.6 head_lr=1 -> tta_val_acc=0.8391
muon_lr=0.047 muon_momentum=0.6 bias_lr=7.7 head_lr=1 -> tta_val_acc=0.84
muon_lr=0.047 muon_momentum=0.6 bias_lr=13 head_lr=1 -> tta_val_acc=0.8415
muon_lr=0.047 muon_momentum=0.6 bias_lr=21 head_lr=1 -> tta_val_acc=0.8419
muon_lr=0.047 muon_momentum=0.6 bias_lr=36 head_lr=1 -> tta_val_acc=0.8394
muon_lr=0.028 muon_momentum=0.6 bias_lr=21 head_lr=1 -> tta_val_acc=0.8172
muon_lr=0.078 muon_momentum=0.6 bias_lr=21 head_lr=1 -> tta_val_acc=0.8449
muon_lr=0.13 muon_momentum=0.6 bias_lr=21 head_lr=1 -> tta_val_acc=0.8404
muon_lr=0.078 muon_momentum=0.6 bias_lr=13 head_lr=1 -> tta_val_acc=0.8439
muon_lr=0.078 muon_momentum=0.6 bias_lr=36 head_lr=1 -> tta_val_acc=0.8495
muon_lr=0.078 muon_momentum=0.6 bias_lr=60 head_lr=1 -> tta_val_acc=0.8489
muon_lr=0.13 muon_momentum=0.6 bias_lr=36 head_lr=1 -> tta_val_acc=0.8354
muon_lr=0.078 muon_momentum=0.6 bias_lr=36 head_lr=0.6 -> tta_val_acc=0.8475
muon_lr=0.078 muon_momentum=0.6 bias_lr=36 head_lr=1.7 -> tta_val_acc=0.8503
muon_lr=0.078 muon_momentum=0.6 bias_lr=36 head_lr=2.8 -> tta_val_acc=0.8513
muon_lr=0.078 muon_momentum=0.6 bias_lr=36 head_lr=4.6 -> tta_val_acc=0.851
muon_lr=0.078 muon_momentum=0.6 bias_lr=36 head_lr=7.7 -> tta_val_acc=0.8537
muon_lr=0.078 muon_momentum=0.6 bias_lr=36 head_lr=13 -> tta_val_acc=0.8562
muon_lr=0.078 muon_momentum=0.6 bias_lr=36 head_lr=21 -> tta_val_acc=0.8571
muon_lr=0.078 muon_momentum=0.6 bias_lr=36 head_lr=36 -> tta_val_acc=0.8578
muon_lr=0.078 muon_momentum=0.6 bias_lr=36 head_lr=60 -> tta_val_acc=0.8589
muon_lr=0.078 muon_momentum=0.6 bias_lr=36 head_lr=99 -> tta_val_acc=0.8626
muon_lr=0.078 muon_momentum=0.6 bias_lr=36 head_lr=170 -> tta_val_acc=0.8634
muon_lr=0.078 muon_momentum=0.6 bias_lr=36 head_lr=280 -> tta_val_acc=0.8622
muon_lr=0.047 muon_momentum=0.6 bias_lr=36 head_lr=170 -> tta_val_acc=0.8589
muon_lr=0.13 muon_momentum=0.6 bias_lr=36 head_lr=170 -> tta_val_acc=0.8502
muon_lr=0.078 muon_momentum=0.6 bias_lr=21 head_lr=170 -> tta_val_acc=0.8637
muon_lr=0.078 muon_momentum=0.6 bias_lr=13 head_lr=170 -> tta_val_acc=0.8652
muon_lr=0.078 muon_momentum=0.6 bias_lr=7.7 head_lr=170 -> tta_val_acc=0.8655
muon_lr=0.078 muon_momentum=0.6 bias_lr=4.6 head_lr=170 -> tta_val_acc=0.8658
muon_lr=0.078 muon_momentum=0.6 bias_lr=2.8 head_lr=170 -> tta_val_acc=0.8659
muon_lr=0.078 muon_momentum=0.6 bias_lr=1.7 head_lr=170 -> tta_val_acc=0.8644
muon_lr=0.047 muon_momentum=0.6 bias_lr=2.8 head_lr=170 -> tta_val_acc=0.8586
muon_lr=0.13 muon_momentum=0.6 bias_lr=2.8 head_lr=170 -> tta_val_acc=0.8453
muon_lr=0.078 muon_momentum=0.6 bias_lr=2.8 head_lr=99 -> tta_val_acc=0.8643
muon_lr=0.078 muon_momentum=0.6 bias_lr=2.8 head_lr=280 -> tta_val_acc=0.8664
muon_lr=0.078 muon_momentum=0.6 bias_lr=2.8 head_lr=460 -> tta_val_acc=0.8654
muon_lr=0.047 muon_momentum=0.6 bias_lr=2.8 head_lr=280 -> tta_val_acc=0.8593
muon_lr=0.13 muon_momentum=0.6 bias_lr=2.8 head_lr=280 -> tta_val_acc=0.8446
muon_lr=0.078 muon_momentum=0.6 bias_lr=1.7 head_lr=280 -> tta_val_acc=0.8648
muon_lr=0.078 muon_momentum=0.6 bias_lr=4.6 head_lr=280 -> tta_val_acc=0.8657
search_path step=0 muon_lr=1 muon_momentum=0.6 bias_lr=1 head_lr=1 tta_val_acc=0.514
search_path step=1 muon_lr=0.047 muon_momentum=0.6 bias_lr=1 head_lr=1 tta_val_acc=0.8383
search_path step=2 muon_lr=0.047 muon_momentum=0.6 bias_lr=21 head_lr=1 tta_val_acc=0.8419
search_path step=3 muon_lr=0.078 muon_momentum=0.6 bias_lr=21 head_lr=1 tta_val_acc=0.8449
search_path step=4 muon_lr=0.078 muon_momentum=0.6 bias_lr=36 head_lr=1 tta_val_acc=0.8495
search_path step=5 muon_lr=0.078 muon_momentum=0.6 bias_lr=36 head_lr=170 tta_val_acc=0.8634
search_path step=6 muon_lr=0.078 muon_momentum=0.6 bias_lr=2.8 head_lr=170 tta_val_acc=0.8659
search_path step=7 muon_lr=0.078 muon_momentum=0.6 bias_lr=2.8 head_lr=280 tta_val_acc=0.8664
main hparams: muon_lr=0.6 muon_momentum=0.6 bias_lr=1 head_lr=1 main=0.5791, best_cooldown=0.8788
muon_lr=0.078 muon_momentum=0.6 bias_lr=2.8 head_lr=280 -> tta_val_acc=0.8768
muon_lr=0.047 muon_momentum=0.6 bias_lr=2.8 head_lr=280 -> tta_val_acc=0.8788
muon_lr=0.028 muon_momentum=0.6 bias_lr=2.8 head_lr=280 -> tta_val_acc=0.8638
search_path step=0 muon_lr=0.078 muon_momentum=0.6 bias_lr=2.8 head_lr=280 tta_val_acc=0.8768
search_path step=1 muon_lr=0.047 muon_momentum=0.6 bias_lr=2.8 head_lr=280 tta_val_acc=0.8788
main hparams: muon_lr=0.36 muon_momentum=0.6 bias_lr=1 head_lr=1 main=0.6928, best_cooldown=0.8896
muon_lr=0.078 muon_momentum=0.6 bias_lr=2.8 head_lr=280 -> tta_val_acc=0.8837
muon_lr=0.047 muon_momentum=0.6 bias_lr=2.8 head_lr=280 -> tta_val_acc=0.8896
muon_lr=0.028 muon_momentum=0.6 bias_lr=2.8 head_lr=280 -> tta_val_acc=0.8805
search_path step=0 muon_lr=0.078 muon_momentum=0.6 bias_lr=2.8 head_lr=280 tta_val_acc=0.8837
search_path step=1 muon_lr=0.047 muon_momentum=0.6 bias_lr=2.8 head_lr=280 tta_val_acc=0.8896
main hparams: muon_lr=0.22 muon_momentum=0.6 bias_lr=1 head_lr=1 main=0.7832, best_cooldown=0.8944
muon_lr=0.078 muon_momentum=0.6 bias_lr=2.8 head_lr=280 -> tta_val_acc=0.882
muon_lr=0.047 muon_momentum=0.6 bias_lr=2.8 head_lr=280 -> tta_val_acc=0.8944
muon_lr=0.028 muon_momentum=0.6 bias_lr=2.8 head_lr=280 -> tta_val_acc=0.8923
search_path step=0 muon_lr=0.078 muon_momentum=0.6 bias_lr=2.8 head_lr=280 tta_val_acc=0.882
search_path step=1 muon_lr=0.047 muon_momentum=0.6 bias_lr=2.8 head_lr=280 tta_val_acc=0.8944
main hparams: muon_lr=0.13 muon_momentum=0.6 bias_lr=1 head_lr=1 main=0.8104, best_cooldown=0.8942
muon_lr=0.078 muon_momentum=0.6 bias_lr=2.8 head_lr=280 -> tta_val_acc=0.8826
muon_lr=0.047 muon_momentum=0.6 bias_lr=2.8 head_lr=280 -> tta_val_acc=0.8942
muon_lr=0.028 muon_momentum=0.6 bias_lr=2.8 head_lr=280 -> tta_val_acc=0.894
muon_lr=0.017 muon_momentum=0.6 bias_lr=2.8 head_lr=280 -> tta_val_acc=0.885
search_path step=0 muon_lr=0.078 muon_momentum=0.6 bias_lr=2.8 head_lr=280 tta_val_acc=0.8826
search_path step=1 muon_lr=0.047 muon_momentum=0.6 bias_lr=2.8 head_lr=280 tta_val_acc=0.8942
main hparams: muon_lr=0.078 muon_momentum=0.6 bias_lr=1 head_lr=1 main=0.8008, best_cooldown=0.8825
muon_lr=0.078 muon_momentum=0.6 bias_lr=2.8 head_lr=280 -> tta_val_acc=0.874
muon_lr=0.047 muon_momentum=0.6 bias_lr=2.8 head_lr=280 -> tta_val_acc=0.8815
muon_lr=0.028 muon_momentum=0.6 bias_lr=2.8 head_lr=280 -> tta_val_acc=0.8825
muon_lr=0.017 muon_momentum=0.6 bias_lr=2.8 head_lr=280 -> tta_val_acc=0.8759
search_path step=0 muon_lr=0.078 muon_momentum=0.6 bias_lr=2.8 head_lr=280 tta_val_acc=0.874
search_path step=1 muon_lr=0.028 muon_momentum=0.6 bias_lr=2.8 head_lr=280 tta_val_acc=0.8825
main hparams: muon_lr=0.22 muon_momentum=0.6 bias_lr=1 head_lr=1 main=0.7832, best_cooldown=0.8956
muon_lr=0.078 muon_momentum=0.6 bias_lr=2.8 head_lr=280 -> tta_val_acc=0.882
muon_lr=0.047 muon_momentum=0.6 bias_lr=2.8 head_lr=280 -> tta_val_acc=0.8944
muon_lr=0.028 muon_momentum=0.6 bias_lr=2.8 head_lr=280 -> tta_val_acc=0.8923
muon_lr=0.047 muon_momentum=0.6 bias_lr=1.7 head_lr=280 -> tta_val_acc=0.8938
muon_lr=0.047 muon_momentum=0.6 bias_lr=4.6 head_lr=280 -> tta_val_acc=0.8937
muon_lr=0.047 muon_momentum=0.6 bias_lr=2.8 head_lr=170 -> tta_val_acc=0.8952
muon_lr=0.047 muon_momentum=0.6 bias_lr=2.8 head_lr=99 -> tta_val_acc=0.8943
muon_lr=0.028 muon_momentum=0.6 bias_lr=2.8 head_lr=170 -> tta_val_acc=0.8926
muon_lr=0.078 muon_momentum=0.6 bias_lr=2.8 head_lr=170 -> tta_val_acc=0.8829
muon_lr=0.047 muon_momentum=0.6 bias_lr=1.7 head_lr=170 -> tta_val_acc=0.8949
muon_lr=0.047 muon_momentum=0.6 bias_lr=1 head_lr=170 -> tta_val_acc=0.8941
muon_lr=0.047 muon_momentum=0.6 bias_lr=4.6 head_lr=170 -> tta_val_acc=0.8948
muon_lr=0.047 muon_momentum=0.6 bias_lr=7.7 head_lr=170 -> tta_val_acc=0.895
muon_lr=0.047 muon_momentum=0.6 bias_lr=13 head_lr=170 -> tta_val_acc=0.8956
muon_lr=0.047 muon_momentum=0.6 bias_lr=21 head_lr=170 -> tta_val_acc=0.8946
muon_lr=0.028 muon_momentum=0.6 bias_lr=13 head_lr=170 -> tta_val_acc=0.8922
muon_lr=0.078 muon_momentum=0.6 bias_lr=13 head_lr=170 -> tta_val_acc=0.8846
muon_lr=0.047 muon_momentum=0.6 bias_lr=13 head_lr=99 -> tta_val_acc=0.8952
muon_lr=0.047 muon_momentum=0.6 bias_lr=13 head_lr=60 -> tta_val_acc=0.8945
muon_lr=0.047 muon_momentum=0.6 bias_lr=13 head_lr=280 -> tta_val_acc=0.8945
search_path step=0 muon_lr=0.047 muon_momentum=0.6 bias_lr=2.8 head_lr=280 tta_val_acc=0.8944
search_path step=1 muon_lr=0.047 muon_momentum=0.6 bias_lr=2.8 head_lr=170 tta_val_acc=0.8952
search_path step=2 muon_lr=0.047 muon_momentum=0.6 bias_lr=13 head_lr=170 tta_val_acc=0.8956
main hparams: muon_lr=0.22 muon_momentum=0.5 bias_lr=1 head_lr=1 main=0.7653, best_cooldown=0.8957
muon_lr=0.047 muon_momentum=0.5 bias_lr=13 head_lr=170 -> tta_val_acc=0.8957
muon_lr=0.028 muon_momentum=0.5 bias_lr=13 head_lr=170 -> tta_val_acc=0.892
muon_lr=0.078 muon_momentum=0.5 bias_lr=13 head_lr=170 -> tta_val_acc=0.889
search_path step=0 muon_lr=0.047 muon_momentum=0.5 bias_lr=13 head_lr=170 tta_val_acc=0.8957
main hparams: muon_lr=0.22 muon_momentum=0.4 bias_lr=1 head_lr=1 main=0.7762, best_cooldown=0.8928
muon_lr=0.047 muon_momentum=0.4 bias_lr=13 head_lr=170 -> tta_val_acc=0.8928
muon_lr=0.028 muon_momentum=0.4 bias_lr=13 head_lr=170 -> tta_val_acc=0.8882
muon_lr=0.078 muon_momentum=0.4 bias_lr=13 head_lr=170 -> tta_val_acc=0.89
search_path step=0 muon_lr=0.047 muon_momentum=0.4 bias_lr=13 head_lr=170 tta_val_acc=0.8928
main hparams: muon_lr=0.22 muon_momentum=0.5 bias_lr=1 head_lr=1 main=0.7653, best_cooldown=0.8965
muon_lr=0.047 muon_momentum=0.5 bias_lr=13 head_lr=170 -> tta_val_acc=0.8957
muon_lr=0.028 muon_momentum=0.5 bias_lr=13 head_lr=170 -> tta_val_acc=0.892
muon_lr=0.078 muon_momentum=0.5 bias_lr=13 head_lr=170 -> tta_val_acc=0.889
muon_lr=0.047 muon_momentum=0.5 bias_lr=7.7 head_lr=170 -> tta_val_acc=0.8952
muon_lr=0.047 muon_momentum=0.5 bias_lr=21 head_lr=170 -> tta_val_acc=0.8952
muon_lr=0.047 muon_momentum=0.5 bias_lr=13 head_lr=99 -> tta_val_acc=0.896
muon_lr=0.047 muon_momentum=0.5 bias_lr=13 head_lr=60 -> tta_val_acc=0.8949
muon_lr=0.028 muon_momentum=0.5 bias_lr=13 head_lr=99 -> tta_val_acc=0.891
muon_lr=0.078 muon_momentum=0.5 bias_lr=13 head_lr=99 -> tta_val_acc=0.89
muon_lr=0.047 muon_momentum=0.5 bias_lr=7.7 head_lr=99 -> tta_val_acc=0.8955
muon_lr=0.047 muon_momentum=0.5 bias_lr=4.6 head_lr=99 -> tta_val_acc=0.8965
muon_lr=0.047 muon_momentum=0.5 bias_lr=2.8 head_lr=99 -> tta_val_acc=0.894
muon_lr=0.028 muon_momentum=0.5 bias_lr=4.6 head_lr=99 -> tta_val_acc=0.8913
muon_lr=0.078 muon_momentum=0.5 bias_lr=4.6 head_lr=99 -> tta_val_acc=0.8883
muon_lr=0.047 muon_momentum=0.5 bias_lr=4.6 head_lr=60 -> tta_val_acc=0.8939
muon_lr=0.047 muon_momentum=0.5 bias_lr=4.6 head_lr=170 -> tta_val_acc=0.8957
search_path step=0 muon_lr=0.047 muon_momentum=0.5 bias_lr=13 head_lr=170 tta_val_acc=0.8957
search_path step=1 muon_lr=0.047 muon_momentum=0.5 bias_lr=13 head_lr=99 tta_val_acc=0.896
search_path step=2 muon_lr=0.047 muon_momentum=0.5 bias_lr=4.6 head_lr=99 tta_val_acc=0.8965
main hparams: muon_lr=0.13 muon_momentum=0.5 bias_lr=1 head_lr=1 main=0.7971, best_cooldown=0.8918
muon_lr=0.047 muon_momentum=0.5 bias_lr=4.6 head_lr=99 -> tta_val_acc=0.8897
muon_lr=0.028 muon_momentum=0.5 bias_lr=4.6 head_lr=99 -> tta_val_acc=0.8918
muon_lr=0.017 muon_momentum=0.5 bias_lr=4.6 head_lr=99 -> tta_val_acc=0.8844
search_path step=0 muon_lr=0.047 muon_momentum=0.5 bias_lr=4.6 head_lr=99 tta_val_acc=0.8897
search_path step=1 muon_lr=0.028 muon_momentum=0.5 bias_lr=4.6 head_lr=99 tta_val_acc=0.8918
main hparams: muon_lr=0.36 muon_momentum=0.5 bias_lr=1 head_lr=1 main=0.6855, best_cooldown=0.8886
muon_lr=0.047 muon_momentum=0.5 bias_lr=4.6 head_lr=99 -> tta_val_acc=0.8886
muon_lr=0.028 muon_momentum=0.5 bias_lr=4.6 head_lr=99 -> tta_val_acc=0.8776
muon_lr=0.078 muon_momentum=0.5 bias_lr=4.6 head_lr=99 -> tta_val_acc=0.8852
search_path step=0 muon_lr=0.047 muon_momentum=0.5 bias_lr=4.6 head_lr=99 tta_val_acc=0.8886
main hparams: muon_lr=0.22 muon_momentum=0.5 bias_lr=0.6 head_lr=1 main=0.7805, best_cooldown=0.8947
muon_lr=0.047 muon_momentum=0.5 bias_lr=4.6 head_lr=99 -> tta_val_acc=0.8947
muon_lr=0.047 muon_momentum=0.5 bias_lr=2.8 head_lr=99 -> tta_val_acc=0.8933
muon_lr=0.047 muon_momentum=0.5 bias_lr=7.7 head_lr=99 -> tta_val_acc=0.8946
muon_lr=0.047 muon_momentum=0.5 bias_lr=13 head_lr=99 -> tta_val_acc=0.8942
search_path step=0 muon_lr=0.047 muon_momentum=0.5 bias_lr=4.6 head_lr=99 tta_val_acc=0.8947
main hparams: muon_lr=0.22 muon_momentum=0.5 bias_lr=1.7 head_lr=1 main=0.782, best_cooldown=0.8978
muon_lr=0.047 muon_momentum=0.5 bias_lr=4.6 head_lr=99 -> tta_val_acc=0.8968
muon_lr=0.047 muon_momentum=0.5 bias_lr=2.8 head_lr=99 -> tta_val_acc=0.8966
muon_lr=0.047 muon_momentum=0.5 bias_lr=1.7 head_lr=99 -> tta_val_acc=0.8951
muon_lr=0.047 muon_momentum=0.5 bias_lr=7.7 head_lr=99 -> tta_val_acc=0.8969
muon_lr=0.047 muon_momentum=0.5 bias_lr=13 head_lr=99 -> tta_val_acc=0.8965
muon_lr=0.047 muon_momentum=0.5 bias_lr=21 head_lr=99 -> tta_val_acc=0.8972
muon_lr=0.047 muon_momentum=0.5 bias_lr=36 head_lr=99 -> tta_val_acc=0.8978
muon_lr=0.047 muon_momentum=0.5 bias_lr=60 head_lr=99 -> tta_val_acc=0.8948
search_path step=0 muon_lr=0.047 muon_momentum=0.5 bias_lr=4.6 head_lr=99 tta_val_acc=0.8968
search_path step=1 muon_lr=0.047 muon_momentum=0.5 bias_lr=36 head_lr=99 tta_val_acc=0.8978
main hparams: muon_lr=0.22 muon_momentum=0.5 bias_lr=2.8 head_lr=1 main=0.7724, best_cooldown=0.8953
muon_lr=0.047 muon_momentum=0.5 bias_lr=4.6 head_lr=99 -> tta_val_acc=0.8949
muon_lr=0.047 muon_momentum=0.5 bias_lr=2.8 head_lr=99 -> tta_val_acc=0.8946
muon_lr=0.047 muon_momentum=0.5 bias_lr=1.7 head_lr=99 -> tta_val_acc=0.8953
muon_lr=0.047 muon_momentum=0.5 bias_lr=1 head_lr=99 -> tta_val_acc=0.8941
search_path step=0 muon_lr=0.047 muon_momentum=0.5 bias_lr=4.6 head_lr=99 tta_val_acc=0.8949
search_path step=1 muon_lr=0.047 muon_momentum=0.5 bias_lr=1.7 head_lr=99 tta_val_acc=0.8953
main hparams: muon_lr=0.22 muon_momentum=0.5 bias_lr=1.7 head_lr=1 main=0.782, best_cooldown=0.8978
muon_lr=0.047 muon_momentum=0.5 bias_lr=4.6 head_lr=99 -> tta_val_acc=0.8968
muon_lr=0.047 muon_momentum=0.5 bias_lr=2.8 head_lr=99 -> tta_val_acc=0.8966
muon_lr=0.047 muon_momentum=0.5 bias_lr=1.7 head_lr=99 -> tta_val_acc=0.8951
muon_lr=0.047 muon_momentum=0.5 bias_lr=7.7 head_lr=99 -> tta_val_acc=0.8969
muon_lr=0.047 muon_momentum=0.5 bias_lr=13 head_lr=99 -> tta_val_acc=0.8965
muon_lr=0.047 muon_momentum=0.5 bias_lr=21 head_lr=99 -> tta_val_acc=0.8972
muon_lr=0.047 muon_momentum=0.5 bias_lr=36 head_lr=99 -> tta_val_acc=0.8978
muon_lr=0.047 muon_momentum=0.5 bias_lr=60 head_lr=99 -> tta_val_acc=0.8948
muon_lr=0.028 muon_momentum=0.5 bias_lr=36 head_lr=99 -> tta_val_acc=0.8913
muon_lr=0.078 muon_momentum=0.5 bias_lr=36 head_lr=99 -> tta_val_acc=0.8917
muon_lr=0.047 muon_momentum=0.5 bias_lr=36 head_lr=60 -> tta_val_acc=0.8963
muon_lr=0.047 muon_momentum=0.5 bias_lr=36 head_lr=170 -> tta_val_acc=0.8968
search_path step=0 muon_lr=0.047 muon_momentum=0.5 bias_lr=36 head_lr=99 tta_val_acc=0.8978
main hparams: muon_lr=0.13 muon_momentum=0.5 bias_lr=1.7 head_lr=1 main=0.7945, best_cooldown=0.8902
muon_lr=0.047 muon_momentum=0.5 bias_lr=36 head_lr=99 -> tta_val_acc=0.8902
muon_lr=0.028 muon_momentum=0.5 bias_lr=36 head_lr=99 -> tta_val_acc=0.8888
muon_lr=0.078 muon_momentum=0.5 bias_lr=36 head_lr=99 -> tta_val_acc=0.8823
search_path step=0 muon_lr=0.047 muon_momentum=0.5 bias_lr=36 head_lr=99 tta_val_acc=0.8902
main hparams: muon_lr=0.36 muon_momentum=0.5 bias_lr=1.7 head_lr=1 main=0.69, best_cooldown=0.8881
muon_lr=0.047 muon_momentum=0.5 bias_lr=36 head_lr=99 -> tta_val_acc=0.8881
muon_lr=0.028 muon_momentum=0.5 bias_lr=36 head_lr=99 -> tta_val_acc=0.8788
muon_lr=0.078 muon_momentum=0.5 bias_lr=36 head_lr=99 -> tta_val_acc=0.8865
search_path step=0 muon_lr=0.047 muon_momentum=0.5 bias_lr=36 head_lr=99 tta_val_acc=0.8881
main hparams: muon_lr=0.22 muon_momentum=0.4 bias_lr=1.7 head_lr=1 main=0.7742, best_cooldown=0.8975
muon_lr=0.047 muon_momentum=0.4 bias_lr=36 head_lr=99 -> tta_val_acc=0.8975
muon_lr=0.028 muon_momentum=0.4 bias_lr=36 head_lr=99 -> tta_val_acc=0.8918
muon_lr=0.078 muon_momentum=0.4 bias_lr=36 head_lr=99 -> tta_val_acc=0.8922
search_path step=0 muon_lr=0.047 muon_momentum=0.4 bias_lr=36 head_lr=99 tta_val_acc=0.8975
main hparams: muon_lr=0.22 muon_momentum=0.3 bias_lr=1.7 head_lr=1 main=0.7678, best_cooldown=0.8924
muon_lr=0.047 muon_momentum=0.3 bias_lr=36 head_lr=99 -> tta_val_acc=0.8924
muon_lr=0.028 muon_momentum=0.3 bias_lr=36 head_lr=99 -> tta_val_acc=0.8876
muon_lr=0.078 muon_momentum=0.3 bias_lr=36 head_lr=99 -> tta_val_acc=0.8857
search_path step=0 muon_lr=0.047 muon_momentum=0.3 bias_lr=36 head_lr=99 tta_val_acc=0.8924
main hparams: muon_lr=0.22 muon_momentum=0.6 bias_lr=1.7 head_lr=1 main=0.765, best_cooldown=0.8959
muon_lr=0.047 muon_momentum=0.6 bias_lr=36 head_lr=99 -> tta_val_acc=0.8947
muon_lr=0.028 muon_momentum=0.6 bias_lr=36 head_lr=99 -> tta_val_acc=0.8959
muon_lr=0.017 muon_momentum=0.6 bias_lr=36 head_lr=99 -> tta_val_acc=0.8861
search_path step=0 muon_lr=0.047 muon_momentum=0.6 bias_lr=36 head_lr=99 tta_val_acc=0.8947
search_path step=1 muon_lr=0.028 muon_momentum=0.6 bias_lr=36 head_lr=99 tta_val_acc=0.8959
main hparams: muon_lr=0.22 muon_momentum=0.5 bias_lr=1.7 head_lr=0.6 main=0.7707, best_cooldown=0.8963
muon_lr=0.047 muon_momentum=0.5 bias_lr=36 head_lr=99 -> tta_val_acc=0.8962
muon_lr=0.047 muon_momentum=0.5 bias_lr=36 head_lr=60 -> tta_val_acc=0.8944
muon_lr=0.047 muon_momentum=0.5 bias_lr=36 head_lr=170 -> tta_val_acc=0.8963
muon_lr=0.047 muon_momentum=0.5 bias_lr=36 head_lr=280 -> tta_val_acc=0.8957
search_path step=0 muon_lr=0.047 muon_momentum=0.5 bias_lr=36 head_lr=99 tta_val_acc=0.8962
search_path step=1 muon_lr=0.047 muon_momentum=0.5 bias_lr=36 head_lr=170 tta_val_acc=0.8963
main hparams: muon_lr=0.22 muon_momentum=0.5 bias_lr=1.7 head_lr=1.7 main=0.7798, best_cooldown=0.8982
muon_lr=0.047 muon_momentum=0.5 bias_lr=36 head_lr=99 -> tta_val_acc=0.8975
muon_lr=0.047 muon_momentum=0.5 bias_lr=36 head_lr=60 -> tta_val_acc=0.8967
muon_lr=0.047 muon_momentum=0.5 bias_lr=36 head_lr=170 -> tta_val_acc=0.8976
muon_lr=0.047 muon_momentum=0.5 bias_lr=36 head_lr=280 -> tta_val_acc=0.8982
muon_lr=0.047 muon_momentum=0.5 bias_lr=36 head_lr=460 -> tta_val_acc=0.8963
search_path step=0 muon_lr=0.047 muon_momentum=0.5 bias_lr=36 head_lr=99 tta_val_acc=0.8975
search_path step=1 muon_lr=0.047 muon_momentum=0.5 bias_lr=36 head_lr=280 tta_val_acc=0.8982
main hparams: muon_lr=0.22 muon_momentum=0.5 bias_lr=1.7 head_lr=2.8 main=0.7713, best_cooldown=0.9014
muon_lr=0.047 muon_momentum=0.5 bias_lr=36 head_lr=99 -> tta_val_acc=0.9014
muon_lr=0.047 muon_momentum=0.5 bias_lr=36 head_lr=60 -> tta_val_acc=0.8999
muon_lr=0.047 muon_momentum=0.5 bias_lr=36 head_lr=170 -> tta_val_acc=0.9007
search_path step=0 muon_lr=0.047 muon_momentum=0.5 bias_lr=36 head_lr=99 tta_val_acc=0.9014
main hparams: muon_lr=0.22 muon_momentum=0.5 bias_lr=1.7 head_lr=4.6 main=0.7713, best_cooldown=0.8994
muon_lr=0.047 muon_momentum=0.5 bias_lr=36 head_lr=99 -> tta_val_acc=0.8994
muon_lr=0.047 muon_momentum=0.5 bias_lr=36 head_lr=60 -> tta_val_acc=0.8987
muon_lr=0.047 muon_momentum=0.5 bias_lr=36 head_lr=170 -> tta_val_acc=0.8991
muon_lr=0.047 muon_momentum=0.5 bias_lr=36 head_lr=280 -> tta_val_acc=0.8987
search_path step=0 muon_lr=0.047 muon_momentum=0.5 bias_lr=36 head_lr=99 tta_val_acc=0.8994
main hparams: muon_lr=0.22 muon_momentum=0.5 bias_lr=1.7 head_lr=2.8 main=0.7713, best_cooldown=0.9014
muon_lr=0.047 muon_momentum=0.5 bias_lr=36 head_lr=99 -> tta_val_acc=0.9014
muon_lr=0.047 muon_momentum=0.5 bias_lr=36 head_lr=60 -> tta_val_acc=0.8999
muon_lr=0.047 muon_momentum=0.5 bias_lr=36 head_lr=170 -> tta_val_acc=0.9007
muon_lr=0.028 muon_momentum=0.5 bias_lr=36 head_lr=99 -> tta_val_acc=0.8958
muon_lr=0.078 muon_momentum=0.5 bias_lr=36 head_lr=99 -> tta_val_acc=0.8921
muon_lr=0.047 muon_momentum=0.5 bias_lr=21 head_lr=99 -> tta_val_acc=0.9006
muon_lr=0.047 muon_momentum=0.5 bias_lr=60 head_lr=99 -> tta_val_acc=0.8973
search_path step=0 muon_lr=0.047 muon_momentum=0.5 bias_lr=36 head_lr=99 tta_val_acc=0.9014
main hparams: muon_lr=0.13 muon_momentum=0.5 bias_lr=1.7 head_lr=2.8 main=0.8078, best_cooldown=0.8904
muon_lr=0.047 muon_momentum=0.5 bias_lr=36 head_lr=99 -> tta_val_acc=0.8904
muon_lr=0.028 muon_momentum=0.5 bias_lr=36 head_lr=99 -> tta_val_acc=0.8891
muon_lr=0.078 muon_momentum=0.5 bias_lr=36 head_lr=99 -> tta_val_acc=0.8795
search_path step=0 muon_lr=0.047 muon_momentum=0.5 bias_lr=36 head_lr=99 tta_val_acc=0.8904
main hparams: muon_lr=0.36 muon_momentum=0.5 bias_lr=1.7 head_lr=2.8 main=0.7044, best_cooldown=0.8842
muon_lr=0.047 muon_momentum=0.5 bias_lr=36 head_lr=99 -> tta_val_acc=0.8842
muon_lr=0.028 muon_momentum=0.5 bias_lr=36 head_lr=99 -> tta_val_acc=0.8782
muon_lr=0.078 muon_momentum=0.5 bias_lr=36 head_lr=99 -> tta_val_acc=0.8784
search_path step=0 muon_lr=0.047 muon_momentum=0.5 bias_lr=36 head_lr=99 tta_val_acc=0.8842
main hparams: muon_lr=0.22 muon_momentum=0.4 bias_lr=1.7 head_lr=2.8 main=0.7879, best_cooldown=0.8932
muon_lr=0.047 muon_momentum=0.4 bias_lr=36 head_lr=99 -> tta_val_acc=0.8932
muon_lr=0.028 muon_momentum=0.4 bias_lr=36 head_lr=99 -> tta_val_acc=0.891
muon_lr=0.078 muon_momentum=0.4 bias_lr=36 head_lr=99 -> tta_val_acc=0.8868
search_path step=0 muon_lr=0.047 muon_momentum=0.4 bias_lr=36 head_lr=99 tta_val_acc=0.8932
main hparams: muon_lr=0.22 muon_momentum=0.6 bias_lr=1.7 head_lr=2.8 main=0.7616, best_cooldown=0.8943
muon_lr=0.047 muon_momentum=0.6 bias_lr=36 head_lr=99 -> tta_val_acc=0.8943
muon_lr=0.028 muon_momentum=0.6 bias_lr=36 head_lr=99 -> tta_val_acc=0.8925
muon_lr=0.078 muon_momentum=0.6 bias_lr=36 head_lr=99 -> tta_val_acc=0.8844
search_path step=0 muon_lr=0.047 muon_momentum=0.6 bias_lr=36 head_lr=99 tta_val_acc=0.8943
main hparams: muon_lr=0.22 muon_momentum=0.5 bias_lr=1 head_lr=2.8 main=0.7622, best_cooldown=0.8978
muon_lr=0.047 muon_momentum=0.5 bias_lr=36 head_lr=99 -> tta_val_acc=0.8961
muon_lr=0.047 muon_momentum=0.5 bias_lr=21 head_lr=99 -> tta_val_acc=0.8961
muon_lr=0.047 muon_momentum=0.5 bias_lr=13 head_lr=99 -> tta_val_acc=0.8969
muon_lr=0.047 muon_momentum=0.5 bias_lr=7.7 head_lr=99 -> tta_val_acc=0.8978
muon_lr=0.047 muon_momentum=0.5 bias_lr=4.6 head_lr=99 -> tta_val_acc=0.8972
search_path step=0 muon_lr=0.047 muon_momentum=0.5 bias_lr=36 head_lr=99 tta_val_acc=0.8961
search_path step=1 muon_lr=0.047 muon_momentum=0.5 bias_lr=7.7 head_lr=99 tta_val_acc=0.8978
main hparams: muon_lr=0.22 muon_momentum=0.5 bias_lr=2.8 head_lr=2.8 main=0.7805, best_cooldown=0.8974
muon_lr=0.047 muon_momentum=0.5 bias_lr=36 head_lr=99 -> tta_val_acc=0.8951
muon_lr=0.047 muon_momentum=0.5 bias_lr=21 head_lr=99 -> tta_val_acc=0.8958
muon_lr=0.047 muon_momentum=0.5 bias_lr=13 head_lr=99 -> tta_val_acc=0.8966
muon_lr=0.047 muon_momentum=0.5 bias_lr=7.7 head_lr=99 -> tta_val_acc=0.8974
muon_lr=0.047 muon_momentum=0.5 bias_lr=4.6 head_lr=99 -> tta_val_acc=0.8967
search_path step=0 muon_lr=0.047 muon_momentum=0.5 bias_lr=36 head_lr=99 tta_val_acc=0.8951
search_path step=1 muon_lr=0.047 muon_momentum=0.5 bias_lr=7.7 head_lr=99 tta_val_acc=0.8974
search_path step=0 muon_lr=1 muon_momentum=0.6 bias_lr=1 head_lr=1 tta_val_acc=0.8664
search_path step=1 muon_lr=0.22 muon_momentum=0.6 bias_lr=1 head_lr=1 tta_val_acc=0.8956
search_path step=2 muon_lr=0.22 muon_momentum=0.5 bias_lr=1 head_lr=1 tta_val_acc=0.8965
search_path step=3 muon_lr=0.22 muon_momentum=0.5 bias_lr=1.7 head_lr=1 tta_val_acc=0.8978
search_path step=4 muon_lr=0.22 muon_momentum=0.5 bias_lr=1.7 head_lr=2.8 tta_val_acc=0.9014
train_hparams run=0 interval=0 start_step=0 completed_steps=40 total_steps=200 muon_lr=0.22 muon_momentum=0.5 bias_lr=1.7 head_lr=2.8 muon_nesterov=False
train_loss run=0 interval=0 step=1 loss=2.31009
train_loss run=0 interval=0 step=2 loss=2.22773
train_loss run=0 interval=0 step=3 loss=2.16195
train_loss run=0 interval=0 step=4 loss=2.10971
train_loss run=0 interval=0 step=5 loss=2.0618
train_loss run=0 interval=0 step=6 loss=2.01021
train_loss run=0 interval=0 step=7 loss=1.96722
train_loss run=0 interval=0 step=8 loss=1.94841
train_loss run=0 interval=0 step=9 loss=1.88526
train_loss run=0 interval=0 step=10 loss=1.86809
train_loss run=0 interval=0 step=11 loss=1.88998
train_loss run=0 interval=0 step=12 loss=1.83555
train_loss run=0 interval=0 step=13 loss=1.79883
train_loss run=0 interval=0 step=14 loss=1.77018
train_loss run=0 interval=0 step=15 loss=1.75507
train_loss run=0 interval=0 step=16 loss=1.74519
train_loss run=0 interval=0 step=17 loss=1.74161
train_loss run=0 interval=0 step=18 loss=1.7199
train_loss run=0 interval=0 step=19 loss=1.67523
train_loss run=0 interval=0 step=20 loss=1.66543
train_loss run=0 interval=0 step=21 loss=1.6451
train_loss run=0 interval=0 step=22 loss=1.63083
train_loss run=0 interval=0 step=23 loss=1.64093
train_loss run=0 interval=0 step=24 loss=1.61416
train_loss run=0 interval=0 step=25 loss=1.60309
train_loss run=0 interval=0 step=26 loss=1.59455
train_loss run=0 interval=0 step=27 loss=1.59006
train_loss run=0 interval=0 step=28 loss=1.57864
train_loss run=0 interval=0 step=29 loss=1.59179
train_loss run=0 interval=0 step=30 loss=1.5729
train_loss run=0 interval=0 step=31 loss=1.55754
train_loss run=0 interval=0 step=32 loss=1.53999
train_loss run=0 interval=0 step=33 loss=1.56045
train_loss run=0 interval=0 step=34 loss=1.51357
train_loss run=0 interval=0 step=35 loss=1.53581
train_loss run=0 interval=0 step=36 loss=1.53288
train_loss run=0 interval=0 step=37 loss=1.50694
train_loss run=0 interval=0 step=38 loss=1.50458
train_loss run=0 interval=0 step=39 loss=1.4965
train_loss run=0 interval=0 step=40 loss=1.52018
interval_boundary_eval run=0 interval=0 step=40 total_steps=200 tta_val_acc=0.7713
main hparams: muon_lr=0.22 muon_momentum=0.5 bias_lr=1.7 head_lr=2.8 main=0.8069, best_cooldown=0.9082
muon_lr=0.047 muon_momentum=0.5 bias_lr=36 head_lr=99 -> tta_val_acc=0.9065
muon_lr=0.028 muon_momentum=0.5 bias_lr=36 head_lr=99 -> tta_val_acc=0.9064
muon_lr=0.017 muon_momentum=0.5 bias_lr=36 head_lr=99 -> tta_val_acc=0.9005
muon_lr=0.078 muon_momentum=0.5 bias_lr=36 head_lr=99 -> tta_val_acc=0.8999
muon_lr=0.047 muon_momentum=0.5 bias_lr=21 head_lr=99 -> tta_val_acc=0.9071
muon_lr=0.047 muon_momentum=0.5 bias_lr=13 head_lr=99 -> tta_val_acc=0.9071
muon_lr=0.047 muon_momentum=0.5 bias_lr=7.7 head_lr=99 -> tta_val_acc=0.9082
muon_lr=0.047 muon_momentum=0.5 bias_lr=4.6 head_lr=99 -> tta_val_acc=0.9071
muon_lr=0.028 muon_momentum=0.5 bias_lr=7.7 head_lr=99 -> tta_val_acc=0.9073
muon_lr=0.078 muon_momentum=0.5 bias_lr=7.7 head_lr=99 -> tta_val_acc=0.8998
muon_lr=0.047 muon_momentum=0.5 bias_lr=7.7 head_lr=60 -> tta_val_acc=0.9066
muon_lr=0.047 muon_momentum=0.5 bias_lr=7.7 head_lr=170 -> tta_val_acc=0.9069
search_path step=0 muon_lr=0.047 muon_momentum=0.5 bias_lr=36 head_lr=99 tta_val_acc=0.9065
search_path step=1 muon_lr=0.047 muon_momentum=0.5 bias_lr=7.7 head_lr=99 tta_val_acc=0.9082
main hparams: muon_lr=0.13 muon_momentum=0.5 bias_lr=1.7 head_lr=2.8 main=0.8477, best_cooldown=0.9142
muon_lr=0.047 muon_momentum=0.5 bias_lr=7.7 head_lr=99 -> tta_val_acc=0.9115
muon_lr=0.028 muon_momentum=0.5 bias_lr=7.7 head_lr=99 -> tta_val_acc=0.9142
muon_lr=0.017 muon_momentum=0.5 bias_lr=7.7 head_lr=99 -> tta_val_acc=0.9139
muon_lr=0.01 muon_momentum=0.5 bias_lr=7.7 head_lr=99 -> tta_val_acc=0.9103
search_path step=0 muon_lr=0.047 muon_momentum=0.5 bias_lr=7.7 head_lr=99 tta_val_acc=0.9115
search_path step=1 muon_lr=0.028 muon_momentum=0.5 bias_lr=7.7 head_lr=99 tta_val_acc=0.9142
main hparams: muon_lr=0.078 muon_momentum=0.5 bias_lr=1.7 head_lr=2.8 main=0.8766, best_cooldown=0.9157
muon_lr=0.047 muon_momentum=0.5 bias_lr=7.7 head_lr=99 -> tta_val_acc=0.9086
muon_lr=0.028 muon_momentum=0.5 bias_lr=7.7 head_lr=99 -> tta_val_acc=0.9157
muon_lr=0.017 muon_momentum=0.5 bias_lr=7.7 head_lr=99 -> tta_val_acc=0.9147
search_path step=0 muon_lr=0.047 muon_momentum=0.5 bias_lr=7.7 head_lr=99 tta_val_acc=0.9086
search_path step=1 muon_lr=0.028 muon_momentum=0.5 bias_lr=7.7 head_lr=99 tta_val_acc=0.9157
main hparams: muon_lr=0.047 muon_momentum=0.5 bias_lr=1.7 head_lr=2.8 main=0.8879, best_cooldown=0.9135
muon_lr=0.047 muon_momentum=0.5 bias_lr=7.7 head_lr=99 -> tta_val_acc=0.9092
muon_lr=0.028 muon_momentum=0.5 bias_lr=7.7 head_lr=99 -> tta_val_acc=0.9135
muon_lr=0.017 muon_momentum=0.5 bias_lr=7.7 head_lr=99 -> tta_val_acc=0.9114
search_path step=0 muon_lr=0.047 muon_momentum=0.5 bias_lr=7.7 head_lr=99 tta_val_acc=0.9092
search_path step=1 muon_lr=0.028 muon_momentum=0.5 bias_lr=7.7 head_lr=99 tta_val_acc=0.9135
main hparams: muon_lr=0.078 muon_momentum=0.5 bias_lr=1.7 head_lr=2.8 main=0.8766, best_cooldown=0.9167
muon_lr=0.047 muon_momentum=0.5 bias_lr=7.7 head_lr=99 -> tta_val_acc=0.9086
muon_lr=0.028 muon_momentum=0.5 bias_lr=7.7 head_lr=99 -> tta_val_acc=0.9157
muon_lr=0.017 muon_momentum=0.5 bias_lr=7.7 head_lr=99 -> tta_val_acc=0.9147
muon_lr=0.028 muon_momentum=0.5 bias_lr=4.6 head_lr=99 -> tta_val_acc=0.9144
muon_lr=0.028 muon_momentum=0.5 bias_lr=13 head_lr=99 -> tta_val_acc=0.915
muon_lr=0.028 muon_momentum=0.5 bias_lr=7.7 head_lr=60 -> tta_val_acc=0.9152
muon_lr=0.028 muon_momentum=0.5 bias_lr=7.7 head_lr=36 -> tta_val_acc=0.914
muon_lr=0.028 muon_momentum=0.5 bias_lr=7.7 head_lr=170 -> tta_val_acc=0.9163
muon_lr=0.028 muon_momentum=0.5 bias_lr=7.7 head_lr=280 -> tta_val_acc=0.9158
muon_lr=0.017 muon_momentum=0.5 bias_lr=7.7 head_lr=170 -> tta_val_acc=0.9152
muon_lr=0.047 muon_momentum=0.5 bias_lr=7.7 head_lr=170 -> tta_val_acc=0.9106
muon_lr=0.028 muon_momentum=0.5 bias_lr=4.6 head_lr=170 -> tta_val_acc=0.9162
muon_lr=0.028 muon_momentum=0.5 bias_lr=2.8 head_lr=170 -> tta_val_acc=0.9158
muon_lr=0.028 muon_momentum=0.5 bias_lr=13 head_lr=170 -> tta_val_acc=0.9164
muon_lr=0.028 muon_momentum=0.5 bias_lr=21 head_lr=170 -> tta_val_acc=0.9161
muon_lr=0.028 muon_momentum=0.5 bias_lr=36 head_lr=170 -> tta_val_acc=0.9154
muon_lr=0.017 muon_momentum=0.5 bias_lr=13 head_lr=170 -> tta_val_acc=0.9155
muon_lr=0.047 muon_momentum=0.5 bias_lr=13 head_lr=170 -> tta_val_acc=0.9108
muon_lr=0.028 muon_momentum=0.5 bias_lr=13 head_lr=280 -> tta_val_acc=0.9167
muon_lr=0.028 muon_momentum=0.5 bias_lr=13 head_lr=460 -> tta_val_acc=0.9165
muon_lr=0.028 muon_momentum=0.5 bias_lr=13 head_lr=770 -> tta_val_acc=0.9147
muon_lr=0.017 muon_momentum=0.5 bias_lr=13 head_lr=280 -> tta_val_acc=0.9149
muon_lr=0.047 muon_momentum=0.5 bias_lr=13 head_lr=280 -> tta_val_acc=0.9105
muon_lr=0.028 muon_momentum=0.5 bias_lr=21 head_lr=280 -> tta_val_acc=0.9165
muon_lr=0.028 muon_momentum=0.5 bias_lr=36 head_lr=280 -> tta_val_acc=0.9158
search_path step=0 muon_lr=0.028 muon_momentum=0.5 bias_lr=7.7 head_lr=99 tta_val_acc=0.9157
search_path step=1 muon_lr=0.028 muon_momentum=0.5 bias_lr=7.7 head_lr=170 tta_val_acc=0.9163
search_path step=2 muon_lr=0.028 muon_momentum=0.5 bias_lr=13 head_lr=170 tta_val_acc=0.9164
search_path step=3 muon_lr=0.028 muon_momentum=0.5 bias_lr=13 head_lr=280 tta_val_acc=0.9167
main hparams: muon_lr=0.078 muon_momentum=0.4 bias_lr=1.7 head_lr=2.8 main=0.8757, best_cooldown=0.9146
muon_lr=0.028 muon_momentum=0.4 bias_lr=13 head_lr=280 -> tta_val_acc=0.9146
muon_lr=0.017 muon_momentum=0.4 bias_lr=13 head_lr=280 -> tta_val_acc=0.9125
muon_lr=0.047 muon_momentum=0.4 bias_lr=13 head_lr=280 -> tta_val_acc=0.9103
search_path step=0 muon_lr=0.028 muon_momentum=0.4 bias_lr=13 head_lr=280 tta_val_acc=0.9146
main hparams: muon_lr=0.078 muon_momentum=0.6 bias_lr=1.7 head_lr=2.8 main=0.8769, best_cooldown=0.9178
muon_lr=0.028 muon_momentum=0.6 bias_lr=13 head_lr=280 -> tta_val_acc=0.9154
muon_lr=0.017 muon_momentum=0.6 bias_lr=13 head_lr=280 -> tta_val_acc=0.9178
muon_lr=0.01 muon_momentum=0.6 bias_lr=13 head_lr=280 -> tta_val_acc=0.9157
search_path step=0 muon_lr=0.028 muon_momentum=0.6 bias_lr=13 head_lr=280 tta_val_acc=0.9154
search_path step=1 muon_lr=0.017 muon_momentum=0.6 bias_lr=13 head_lr=280 tta_val_acc=0.9178
main hparams: muon_lr=0.078 muon_momentum=0.7 bias_lr=1.7 head_lr=2.8 main=0.8776, best_cooldown=0.9154
muon_lr=0.028 muon_momentum=0.7 bias_lr=13 head_lr=280 -> tta_val_acc=0.9136
muon_lr=0.017 muon_momentum=0.7 bias_lr=13 head_lr=280 -> tta_val_acc=0.9154
muon_lr=0.01 muon_momentum=0.7 bias_lr=13 head_lr=280 -> tta_val_acc=0.9148
search_path step=0 muon_lr=0.028 muon_momentum=0.7 bias_lr=13 head_lr=280 tta_val_acc=0.9136
search_path step=1 muon_lr=0.017 muon_momentum=0.7 bias_lr=13 head_lr=280 tta_val_acc=0.9154
main hparams: muon_lr=0.078 muon_momentum=0.6 bias_lr=1.7 head_lr=2.8 main=0.8769, best_cooldown=0.9178
muon_lr=0.028 muon_momentum=0.6 bias_lr=13 head_lr=280 -> tta_val_acc=0.9154
muon_lr=0.017 muon_momentum=0.6 bias_lr=13 head_lr=280 -> tta_val_acc=0.9178
muon_lr=0.01 muon_momentum=0.6 bias_lr=13 head_lr=280 -> tta_val_acc=0.9157
muon_lr=0.017 muon_momentum=0.6 bias_lr=7.7 head_lr=280 -> tta_val_acc=0.9174
muon_lr=0.017 muon_momentum=0.6 bias_lr=4.6 head_lr=280 -> tta_val_acc=0.9171
muon_lr=0.017 muon_momentum=0.6 bias_lr=21 head_lr=280 -> tta_val_acc=0.9177
muon_lr=0.017 muon_momentum=0.6 bias_lr=36 head_lr=280 -> tta_val_acc=0.9162
muon_lr=0.017 muon_momentum=0.6 bias_lr=13 head_lr=170 -> tta_val_acc=0.9177
muon_lr=0.017 muon_momentum=0.6 bias_lr=13 head_lr=99 -> tta_val_acc=0.9177
muon_lr=0.017 muon_momentum=0.6 bias_lr=13 head_lr=60 -> tta_val_acc=0.9177
muon_lr=0.017 muon_momentum=0.6 bias_lr=13 head_lr=460 -> tta_val_acc=0.9177
muon_lr=0.017 muon_momentum=0.6 bias_lr=13 head_lr=770 -> tta_val_acc=0.9171
search_path step=0 muon_lr=0.017 muon_momentum=0.6 bias_lr=13 head_lr=280 tta_val_acc=0.9178
main hparams: muon_lr=0.047 muon_momentum=0.6 bias_lr=1.7 head_lr=2.8 main=0.8889, best_cooldown=0.9148
muon_lr=0.017 muon_momentum=0.6 bias_lr=13 head_lr=280 -> tta_val_acc=0.9136
muon_lr=0.01 muon_momentum=0.6 bias_lr=13 head_lr=280 -> tta_val_acc=0.912
muon_lr=0.028 muon_momentum=0.6 bias_lr=13 head_lr=280 -> tta_val_acc=0.9148
muon_lr=0.047 muon_momentum=0.6 bias_lr=13 head_lr=280 -> tta_val_acc=0.9092
search_path step=0 muon_lr=0.017 muon_momentum=0.6 bias_lr=13 head_lr=280 tta_val_acc=0.9136
search_path step=1 muon_lr=0.028 muon_momentum=0.6 bias_lr=13 head_lr=280 tta_val_acc=0.9148
main hparams: muon_lr=0.13 muon_momentum=0.6 bias_lr=1.7 head_lr=2.8 main=0.8568, best_cooldown=0.914
muon_lr=0.017 muon_momentum=0.6 bias_lr=13 head_lr=280 -> tta_val_acc=0.914
muon_lr=0.01 muon_momentum=0.6 bias_lr=13 head_lr=280 -> tta_val_acc=0.9108
muon_lr=0.028 muon_momentum=0.6 bias_lr=13 head_lr=280 -> tta_val_acc=0.9134
search_path step=0 muon_lr=0.017 muon_momentum=0.6 bias_lr=13 head_lr=280 tta_val_acc=0.914
main hparams: muon_lr=0.078 muon_momentum=0.6 bias_lr=1 head_lr=2.8 main=0.8772, best_cooldown=0.9166
muon_lr=0.017 muon_momentum=0.6 bias_lr=13 head_lr=280 -> tta_val_acc=0.9166
muon_lr=0.017 muon_momentum=0.6 bias_lr=7.7 head_lr=280 -> tta_val_acc=0.9163
muon_lr=0.017 muon_momentum=0.6 bias_lr=4.6 head_lr=280 -> tta_val_acc=0.9158
muon_lr=0.017 muon_momentum=0.6 bias_lr=21 head_lr=280 -> tta_val_acc=0.9158
search_path step=0 muon_lr=0.017 muon_momentum=0.6 bias_lr=13 head_lr=280 tta_val_acc=0.9166
main hparams: muon_lr=0.078 muon_momentum=0.6 bias_lr=2.8 head_lr=2.8 main=0.8784, best_cooldown=0.9175
muon_lr=0.017 muon_momentum=0.6 bias_lr=13 head_lr=280 -> tta_val_acc=0.9171
muon_lr=0.017 muon_momentum=0.6 bias_lr=7.7 head_lr=280 -> tta_val_acc=0.9175
muon_lr=0.017 muon_momentum=0.6 bias_lr=4.6 head_lr=280 -> tta_val_acc=0.9172
muon_lr=0.017 muon_momentum=0.6 bias_lr=2.8 head_lr=280 -> tta_val_acc=0.917
muon_lr=0.017 muon_momentum=0.6 bias_lr=1.7 head_lr=280 -> tta_val_acc=0.9168
muon_lr=0.017 muon_momentum=0.6 bias_lr=21 head_lr=280 -> tta_val_acc=0.9157
search_path step=0 muon_lr=0.017 muon_momentum=0.6 bias_lr=13 head_lr=280 tta_val_acc=0.9171
search_path step=1 muon_lr=0.017 muon_momentum=0.6 bias_lr=7.7 head_lr=280 tta_val_acc=0.9175
main hparams: muon_lr=0.078 muon_momentum=0.6 bias_lr=4.6 head_lr=2.8 main=0.8797, best_cooldown=0.9191
muon_lr=0.017 muon_momentum=0.6 bias_lr=13 head_lr=280 -> tta_val_acc=0.9179
muon_lr=0.017 muon_momentum=0.6 bias_lr=7.7 head_lr=280 -> tta_val_acc=0.9191
muon_lr=0.017 muon_momentum=0.6 bias_lr=4.6 head_lr=280 -> tta_val_acc=0.9187
muon_lr=0.017 muon_momentum=0.6 bias_lr=2.8 head_lr=280 -> tta_val_acc=0.9182
search_path step=0 muon_lr=0.017 muon_momentum=0.6 bias_lr=13 head_lr=280 tta_val_acc=0.9179
search_path step=1 muon_lr=0.017 muon_momentum=0.6 bias_lr=7.7 head_lr=280 tta_val_acc=0.9191
main hparams: muon_lr=0.078 muon_momentum=0.6 bias_lr=7.7 head_lr=2.8 main=0.8797, best_cooldown=0.9183
muon_lr=0.017 muon_momentum=0.6 bias_lr=13 head_lr=280 -> tta_val_acc=0.9178
muon_lr=0.017 muon_momentum=0.6 bias_lr=7.7 head_lr=280 -> tta_val_acc=0.9183
muon_lr=0.017 muon_momentum=0.6 bias_lr=4.6 head_lr=280 -> tta_val_acc=0.9181
muon_lr=0.017 muon_momentum=0.6 bias_lr=2.8 head_lr=280 -> tta_val_acc=0.9182
muon_lr=0.017 muon_momentum=0.6 bias_lr=1.7 head_lr=280 -> tta_val_acc=0.9179
search_path step=0 muon_lr=0.017 muon_momentum=0.6 bias_lr=13 head_lr=280 tta_val_acc=0.9178
search_path step=1 muon_lr=0.017 muon_momentum=0.6 bias_lr=7.7 head_lr=280 tta_val_acc=0.9183
main hparams: muon_lr=0.078 muon_momentum=0.6 bias_lr=4.6 head_lr=2.8 main=0.8797, best_cooldown=0.9191
muon_lr=0.017 muon_momentum=0.6 bias_lr=13 head_lr=280 -> tta_val_acc=0.9179
muon_lr=0.017 muon_momentum=0.6 bias_lr=7.7 head_lr=280 -> tta_val_acc=0.9191
muon_lr=0.017 muon_momentum=0.6 bias_lr=4.6 head_lr=280 -> tta_val_acc=0.9187
muon_lr=0.017 muon_momentum=0.6 bias_lr=2.8 head_lr=280 -> tta_val_acc=0.9182
muon_lr=0.01 muon_momentum=0.6 bias_lr=7.7 head_lr=280 -> tta_val_acc=0.9153
muon_lr=0.028 muon_momentum=0.6 bias_lr=7.7 head_lr=280 -> tta_val_acc=0.9182
muon_lr=0.017 muon_momentum=0.6 bias_lr=7.7 head_lr=170 -> tta_val_acc=0.9187
muon_lr=0.017 muon_momentum=0.6 bias_lr=7.7 head_lr=99 -> tta_val_acc=0.9184
muon_lr=0.017 muon_momentum=0.6 bias_lr=7.7 head_lr=460 -> tta_val_acc=0.9184
search_path step=0 muon_lr=0.017 muon_momentum=0.6 bias_lr=7.7 head_lr=280 tta_val_acc=0.9191
main hparams: muon_lr=0.047 muon_momentum=0.6 bias_lr=4.6 head_lr=2.8 main=0.8903, best_cooldown=0.9153
muon_lr=0.017 muon_momentum=0.6 bias_lr=7.7 head_lr=280 -> tta_val_acc=0.9135
muon_lr=0.01 muon_momentum=0.6 bias_lr=7.7 head_lr=280 -> tta_val_acc=0.9132
muon_lr=0.006 muon_momentum=0.6 bias_lr=7.7 head_lr=280 -> tta_val_acc=0.9117
muon_lr=0.028 muon_momentum=0.6 bias_lr=7.7 head_lr=280 -> tta_val_acc=0.9153
muon_lr=0.047 muon_momentum=0.6 bias_lr=7.7 head_lr=280 -> tta_val_acc=0.9082
search_path step=0 muon_lr=0.017 muon_momentum=0.6 bias_lr=7.7 head_lr=280 tta_val_acc=0.9135
search_path step=1 muon_lr=0.028 muon_momentum=0.6 bias_lr=7.7 head_lr=280 tta_val_acc=0.9153
main hparams: muon_lr=0.13 muon_momentum=0.6 bias_lr=4.6 head_lr=2.8 main=0.8529, best_cooldown=0.9155
muon_lr=0.017 muon_momentum=0.6 bias_lr=7.7 head_lr=280 -> tta_val_acc=0.9155
muon_lr=0.01 muon_momentum=0.6 bias_lr=7.7 head_lr=280 -> tta_val_acc=0.9121
muon_lr=0.028 muon_momentum=0.6 bias_lr=7.7 head_lr=280 -> tta_val_acc=0.9153
muon_lr=0.047 muon_momentum=0.6 bias_lr=7.7 head_lr=280 -> tta_val_acc=0.9103
search_path step=0 muon_lr=0.017 muon_momentum=0.6 bias_lr=7.7 head_lr=280 tta_val_acc=0.9155
main hparams: muon_lr=0.078 muon_momentum=0.5 bias_lr=4.6 head_lr=2.8 main=0.8783, best_cooldown=0.9171
muon_lr=0.017 muon_momentum=0.5 bias_lr=7.7 head_lr=280 -> tta_val_acc=0.9165
muon_lr=0.01 muon_momentum=0.5 bias_lr=7.7 head_lr=280 -> tta_val_acc=0.9141
muon_lr=0.028 muon_momentum=0.5 bias_lr=7.7 head_lr=280 -> tta_val_acc=0.9171
muon_lr=0.047 muon_momentum=0.5 bias_lr=7.7 head_lr=280 -> tta_val_acc=0.911
search_path step=0 muon_lr=0.017 muon_momentum=0.5 bias_lr=7.7 head_lr=280 tta_val_acc=0.9165
search_path step=1 muon_lr=0.028 muon_momentum=0.5 bias_lr=7.7 head_lr=280 tta_val_acc=0.9171
main hparams: muon_lr=0.078 muon_momentum=0.7 bias_lr=4.6 head_lr=2.8 main=0.8795, best_cooldown=0.9165
muon_lr=0.017 muon_momentum=0.7 bias_lr=7.7 head_lr=280 -> tta_val_acc=0.9165
muon_lr=0.01 muon_momentum=0.7 bias_lr=7.7 head_lr=280 -> tta_val_acc=0.9153
muon_lr=0.028 muon_momentum=0.7 bias_lr=7.7 head_lr=280 -> tta_val_acc=0.9137
search_path step=0 muon_lr=0.017 muon_momentum=0.7 bias_lr=7.7 head_lr=280 tta_val_acc=0.9165
main hparams: muon_lr=0.078 muon_momentum=0.6 bias_lr=4.6 head_lr=1.7 main=0.8787, best_cooldown=0.9189
muon_lr=0.017 muon_momentum=0.6 bias_lr=7.7 head_lr=280 -> tta_val_acc=0.9182
muon_lr=0.017 muon_momentum=0.6 bias_lr=7.7 head_lr=170 -> tta_val_acc=0.9189
muon_lr=0.017 muon_momentum=0.6 bias_lr=7.7 head_lr=99 -> tta_val_acc=0.9187
muon_lr=0.017 muon_momentum=0.6 bias_lr=7.7 head_lr=60 -> tta_val_acc=0.918
search_path step=0 muon_lr=0.017 muon_momentum=0.6 bias_lr=7.7 head_lr=280 tta_val_acc=0.9182
search_path step=1 muon_lr=0.017 muon_momentum=0.6 bias_lr=7.7 head_lr=170 tta_val_acc=0.9189
main hparams: muon_lr=0.078 muon_momentum=0.6 bias_lr=4.6 head_lr=1 main=0.8778, best_cooldown=0.918
muon_lr=0.017 muon_momentum=0.6 bias_lr=7.7 head_lr=280 -> tta_val_acc=0.917
muon_lr=0.017 muon_momentum=0.6 bias_lr=7.7 head_lr=170 -> tta_val_acc=0.9179
muon_lr=0.017 muon_momentum=0.6 bias_lr=7.7 head_lr=99 -> tta_val_acc=0.918
muon_lr=0.017 muon_momentum=0.6 bias_lr=7.7 head_lr=60 -> tta_val_acc=0.9167
search_path step=0 muon_lr=0.017 muon_momentum=0.6 bias_lr=7.7 head_lr=280 tta_val_acc=0.917
search_path step=1 muon_lr=0.017 muon_momentum=0.6 bias_lr=7.7 head_lr=99 tta_val_acc=0.918
main hparams: muon_lr=0.078 muon_momentum=0.6 bias_lr=4.6 head_lr=4.6 main=0.8819, best_cooldown=0.9199
muon_lr=0.017 muon_momentum=0.6 bias_lr=7.7 head_lr=280 -> tta_val_acc=0.9195
muon_lr=0.017 muon_momentum=0.6 bias_lr=7.7 head_lr=170 -> tta_val_acc=0.9196
muon_lr=0.017 muon_momentum=0.6 bias_lr=7.7 head_lr=99 -> tta_val_acc=0.9196
muon_lr=0.017 muon_momentum=0.6 bias_lr=7.7 head_lr=60 -> tta_val_acc=0.9185
muon_lr=0.017 muon_momentum=0.6 bias_lr=7.7 head_lr=460 -> tta_val_acc=0.9199
muon_lr=0.017 muon_momentum=0.6 bias_lr=7.7 head_lr=770 -> tta_val_acc=0.9183
search_path step=0 muon_lr=0.017 muon_momentum=0.6 bias_lr=7.7 head_lr=280 tta_val_acc=0.9195
search_path step=1 muon_lr=0.017 muon_momentum=0.6 bias_lr=7.7 head_lr=99 tta_val_acc=0.9196
search_path step=2 muon_lr=0.017 muon_momentum=0.6 bias_lr=7.7 head_lr=460 tta_val_acc=0.9199
main hparams: muon_lr=0.078 muon_momentum=0.6 bias_lr=4.6 head_lr=7.7 main=0.8802, best_cooldown=0.9199
muon_lr=0.017 muon_momentum=0.6 bias_lr=7.7 head_lr=280 -> tta_val_acc=0.9185
muon_lr=0.017 muon_momentum=0.6 bias_lr=7.7 head_lr=170 -> tta_val_acc=0.9189
muon_lr=0.017 muon_momentum=0.6 bias_lr=7.7 head_lr=99 -> tta_val_acc=0.9189
muon_lr=0.017 muon_momentum=0.6 bias_lr=7.7 head_lr=60 -> tta_val_acc=0.9183
muon_lr=0.017 muon_momentum=0.6 bias_lr=7.7 head_lr=460 -> tta_val_acc=0.9188
muon_lr=0.017 muon_momentum=0.6 bias_lr=7.7 head_lr=770 -> tta_val_acc=0.9199
muon_lr=0.017 muon_momentum=0.6 bias_lr=7.7 head_lr=1300 -> tta_val_acc=0.9188
search_path step=0 muon_lr=0.017 muon_momentum=0.6 bias_lr=7.7 head_lr=280 tta_val_acc=0.9185
search_path step=1 muon_lr=0.017 muon_momentum=0.6 bias_lr=7.7 head_lr=99 tta_val_acc=0.9189
search_path step=2 muon_lr=0.017 muon_momentum=0.6 bias_lr=7.7 head_lr=770 tta_val_acc=0.9199
main hparams: muon_lr=0.078 muon_momentum=0.6 bias_lr=4.6 head_lr=13 main=0.8827, best_cooldown=0.9214
muon_lr=0.017 muon_momentum=0.6 bias_lr=7.7 head_lr=280 -> tta_val_acc=0.9204
muon_lr=0.017 muon_momentum=0.6 bias_lr=7.7 head_lr=170 -> tta_val_acc=0.9207
muon_lr=0.017 muon_momentum=0.6 bias_lr=7.7 head_lr=99 -> tta_val_acc=0.9195
muon_lr=0.017 muon_momentum=0.6 bias_lr=7.7 head_lr=460 -> tta_val_acc=0.9212
muon_lr=0.017 muon_momentum=0.6 bias_lr=7.7 head_lr=770 -> tta_val_acc=0.9214
muon_lr=0.017 muon_momentum=0.6 bias_lr=7.7 head_lr=1300 -> tta_val_acc=0.921
muon_lr=0.017 muon_momentum=0.6 bias_lr=7.7 head_lr=2100 -> tta_val_acc=0.9184
search_path step=0 muon_lr=0.017 muon_momentum=0.6 bias_lr=7.7 head_lr=280 tta_val_acc=0.9204
search_path step=1 muon_lr=0.017 muon_momentum=0.6 bias_lr=7.7 head_lr=170 tta_val_acc=0.9207
search_path step=2 muon_lr=0.017 muon_momentum=0.6 bias_lr=7.7 head_lr=770 tta_val_acc=0.9214
main hparams: muon_lr=0.078 muon_momentum=0.6 bias_lr=4.6 head_lr=21 main=0.8832, best_cooldown=0.9225
muon_lr=0.017 muon_momentum=0.6 bias_lr=7.7 head_lr=280 -> tta_val_acc=0.9213
muon_lr=0.017 muon_momentum=0.6 bias_lr=7.7 head_lr=170 -> tta_val_acc=0.9217
muon_lr=0.017 muon_momentum=0.6 bias_lr=7.7 head_lr=99 -> tta_val_acc=0.9212
muon_lr=0.017 muon_momentum=0.6 bias_lr=7.7 head_lr=460 -> tta_val_acc=0.9218
muon_lr=0.017 muon_momentum=0.6 bias_lr=7.7 head_lr=770 -> tta_val_acc=0.9225
muon_lr=0.017 muon_momentum=0.6 bias_lr=7.7 head_lr=1300 -> tta_val_acc=0.9213
search_path step=0 muon_lr=0.017 muon_momentum=0.6 bias_lr=7.7 head_lr=280 tta_val_acc=0.9213
search_path step=1 muon_lr=0.017 muon_momentum=0.6 bias_lr=7.7 head_lr=170 tta_val_acc=0.9217
search_path step=2 muon_lr=0.017 muon_momentum=0.6 bias_lr=7.7 head_lr=770 tta_val_acc=0.9225
main hparams: muon_lr=0.078 muon_momentum=0.6 bias_lr=4.6 head_lr=36 main=0.8847, best_cooldown=0.9207
muon_lr=0.017 muon_momentum=0.6 bias_lr=7.7 head_lr=280 -> tta_val_acc=0.9199
muon_lr=0.017 muon_momentum=0.6 bias_lr=7.7 head_lr=170 -> tta_val_acc=0.9198
muon_lr=0.017 muon_momentum=0.6 bias_lr=7.7 head_lr=99 -> tta_val_acc=0.9207
muon_lr=0.017 muon_momentum=0.6 bias_lr=7.7 head_lr=60 -> tta_val_acc=0.9206
muon_lr=0.017 muon_momentum=0.6 bias_lr=7.7 head_lr=36 -> tta_val_acc=0.9203
muon_lr=0.017 muon_momentum=0.6 bias_lr=7.7 head_lr=21 -> tta_val_acc=0.9202
search_path step=0 muon_lr=0.017 muon_momentum=0.6 bias_lr=7.7 head_lr=280 tta_val_acc=0.9199
search_path step=1 muon_lr=0.017 muon_momentum=0.6 bias_lr=7.7 head_lr=99 tta_val_acc=0.9207
main hparams: muon_lr=0.078 muon_momentum=0.6 bias_lr=4.6 head_lr=21 main=0.8832, best_cooldown=0.9225
muon_lr=0.017 muon_momentum=0.6 bias_lr=7.7 head_lr=280 -> tta_val_acc=0.9213
muon_lr=0.017 muon_momentum=0.6 bias_lr=7.7 head_lr=170 -> tta_val_acc=0.9217
muon_lr=0.017 muon_momentum=0.6 bias_lr=7.7 head_lr=99 -> tta_val_acc=0.9212
muon_lr=0.017 muon_momentum=0.6 bias_lr=7.7 head_lr=460 -> tta_val_acc=0.9218
muon_lr=0.017 muon_momentum=0.6 bias_lr=7.7 head_lr=770 -> tta_val_acc=0.9225
muon_lr=0.017 muon_momentum=0.6 bias_lr=7.7 head_lr=1300 -> tta_val_acc=0.9213
muon_lr=0.01 muon_momentum=0.6 bias_lr=7.7 head_lr=770 -> tta_val_acc=0.9202
muon_lr=0.028 muon_momentum=0.6 bias_lr=7.7 head_lr=770 -> tta_val_acc=0.9191
muon_lr=0.017 muon_momentum=0.6 bias_lr=4.6 head_lr=770 -> tta_val_acc=0.9213
muon_lr=0.017 muon_momentum=0.6 bias_lr=13 head_lr=770 -> tta_val_acc=0.921
search_path step=0 muon_lr=0.017 muon_momentum=0.6 bias_lr=7.7 head_lr=770 tta_val_acc=0.9225
main hparams: muon_lr=0.047 muon_momentum=0.6 bias_lr=4.6 head_lr=21 main=0.898, best_cooldown=0.9153
muon_lr=0.017 muon_momentum=0.6 bias_lr=7.7 head_lr=770 -> tta_val_acc=0.9152
muon_lr=0.01 muon_momentum=0.6 bias_lr=7.7 head_lr=770 -> tta_val_acc=0.914
muon_lr=0.028 muon_momentum=0.6 bias_lr=7.7 head_lr=770 -> tta_val_acc=0.9153
muon_lr=0.047 muon_momentum=0.6 bias_lr=7.7 head_lr=770 -> tta_val_acc=0.9086
search_path step=0 muon_lr=0.017 muon_momentum=0.6 bias_lr=7.7 head_lr=770 tta_val_acc=0.9152
search_path step=1 muon_lr=0.028 muon_momentum=0.6 bias_lr=7.7 head_lr=770 tta_val_acc=0.9153
main hparams: muon_lr=0.13 muon_momentum=0.6 bias_lr=4.6 head_lr=21 main=0.8528, best_cooldown=0.9165
muon_lr=0.017 muon_momentum=0.6 bias_lr=7.7 head_lr=770 -> tta_val_acc=0.9165
muon_lr=0.01 muon_momentum=0.6 bias_lr=7.7 head_lr=770 -> tta_val_acc=0.9132
muon_lr=0.028 muon_momentum=0.6 bias_lr=7.7 head_lr=770 -> tta_val_acc=0.916
search_path step=0 muon_lr=0.017 muon_momentum=0.6 bias_lr=7.7 head_lr=770 tta_val_acc=0.9165
main hparams: muon_lr=0.078 muon_momentum=0.5 bias_lr=4.6 head_lr=21 main=0.8873, best_cooldown=0.9185
muon_lr=0.017 muon_momentum=0.5 bias_lr=7.7 head_lr=770 -> tta_val_acc=0.9185
muon_lr=0.01 muon_momentum=0.5 bias_lr=7.7 head_lr=770 -> tta_val_acc=0.9179
muon_lr=0.028 muon_momentum=0.5 bias_lr=7.7 head_lr=770 -> tta_val_acc=0.9173
search_path step=0 muon_lr=0.017 muon_momentum=0.5 bias_lr=7.7 head_lr=770 tta_val_acc=0.9185
main hparams: muon_lr=0.078 muon_momentum=0.7 bias_lr=4.6 head_lr=21 main=0.883, best_cooldown=0.9207
muon_lr=0.017 muon_momentum=0.7 bias_lr=7.7 head_lr=770 -> tta_val_acc=0.9207
muon_lr=0.01 muon_momentum=0.7 bias_lr=7.7 head_lr=770 -> tta_val_acc=0.9187
muon_lr=0.028 muon_momentum=0.7 bias_lr=7.7 head_lr=770 -> tta_val_acc=0.9159
search_path step=0 muon_lr=0.017 muon_momentum=0.7 bias_lr=7.7 head_lr=770 tta_val_acc=0.9207
main hparams: muon_lr=0.078 muon_momentum=0.6 bias_lr=2.8 head_lr=21 main=0.8854, best_cooldown=0.9212
muon_lr=0.017 muon_momentum=0.6 bias_lr=7.7 head_lr=770 -> tta_val_acc=0.9205
muon_lr=0.017 muon_momentum=0.6 bias_lr=4.6 head_lr=770 -> tta_val_acc=0.9209
muon_lr=0.017 muon_momentum=0.6 bias_lr=2.8 head_lr=770 -> tta_val_acc=0.921
muon_lr=0.017 muon_momentum=0.6 bias_lr=1.7 head_lr=770 -> tta_val_acc=0.9207
muon_lr=0.017 muon_momentum=0.6 bias_lr=1 head_lr=770 -> tta_val_acc=0.9212
muon_lr=0.017 muon_momentum=0.6 bias_lr=0.6 head_lr=770 -> tta_val_acc=0.9211
muon_lr=0.017 muon_momentum=0.6 bias_lr=0.36 head_lr=770 -> tta_val_acc=0.9207
search_path step=0 muon_lr=0.017 muon_momentum=0.6 bias_lr=7.7 head_lr=770 tta_val_acc=0.9205
search_path step=1 muon_lr=0.017 muon_momentum=0.6 bias_lr=1 head_lr=770 tta_val_acc=0.9212
main hparams: muon_lr=0.078 muon_momentum=0.6 bias_lr=7.7 head_lr=21 main=0.8861, best_cooldown=0.9221
muon_lr=0.017 muon_momentum=0.6 bias_lr=7.7 head_lr=770 -> tta_val_acc=0.9214
muon_lr=0.017 muon_momentum=0.6 bias_lr=4.6 head_lr=770 -> tta_val_acc=0.9215
muon_lr=0.017 muon_momentum=0.6 bias_lr=2.8 head_lr=770 -> tta_val_acc=0.9214
muon_lr=0.017 muon_momentum=0.6 bias_lr=1.7 head_lr=770 -> tta_val_acc=0.9215
muon_lr=0.017 muon_momentum=0.6 bias_lr=1 head_lr=770 -> tta_val_acc=0.9221
muon_lr=0.017 muon_momentum=0.6 bias_lr=0.6 head_lr=770 -> tta_val_acc=0.9213
search_path step=0 muon_lr=0.017 muon_momentum=0.6 bias_lr=7.7 head_lr=770 tta_val_acc=0.9214
search_path step=1 muon_lr=0.017 muon_momentum=0.6 bias_lr=1 head_lr=770 tta_val_acc=0.9221
main hparams: muon_lr=0.078 muon_momentum=0.6 bias_lr=13 head_lr=21 main=0.8859, best_cooldown=0.9205
muon_lr=0.017 muon_momentum=0.6 bias_lr=7.7 head_lr=770 -> tta_val_acc=0.9205
muon_lr=0.017 muon_momentum=0.6 bias_lr=4.6 head_lr=770 -> tta_val_acc=0.9203
muon_lr=0.017 muon_momentum=0.6 bias_lr=2.8 head_lr=770 -> tta_val_acc=0.9199
muon_lr=0.017 muon_momentum=0.6 bias_lr=13 head_lr=770 -> tta_val_acc=0.9203
muon_lr=0.017 muon_momentum=0.6 bias_lr=21 head_lr=770 -> tta_val_acc=0.9191
search_path step=0 muon_lr=0.017 muon_momentum=0.6 bias_lr=7.7 head_lr=770 tta_val_acc=0.9205
search_path step=0 muon_lr=0.22 muon_momentum=0.5 bias_lr=1.7 head_lr=2.8 tta_val_acc=0.9082
search_path step=1 muon_lr=0.078 muon_momentum=0.5 bias_lr=1.7 head_lr=2.8 tta_val_acc=0.9167
search_path step=2 muon_lr=0.078 muon_momentum=0.6 bias_lr=1.7 head_lr=2.8 tta_val_acc=0.9178
search_path step=3 muon_lr=0.078 muon_momentum=0.6 bias_lr=4.6 head_lr=2.8 tta_val_acc=0.9191
search_path step=4 muon_lr=0.078 muon_momentum=0.6 bias_lr=4.6 head_lr=21 tta_val_acc=0.9225
train_hparams run=0 interval=1 start_step=40 completed_steps=40 total_steps=200 muon_lr=0.078 muon_momentum=0.6 bias_lr=4.6 head_lr=21 muon_nesterov=False
train_loss run=0 interval=1 step=41 loss=1.50669
train_loss run=0 interval=1 step=42 loss=1.4384
train_loss run=0 interval=1 step=43 loss=1.37436
train_loss run=0 interval=1 step=44 loss=1.36822
train_loss run=0 interval=1 step=45 loss=1.32957
train_loss run=0 interval=1 step=46 loss=1.3261
train_loss run=0 interval=1 step=47 loss=1.29418
train_loss run=0 interval=1 step=48 loss=1.29049
train_loss run=0 interval=1 step=49 loss=1.27356
train_loss run=0 interval=1 step=50 loss=1.27047
train_loss run=0 interval=1 step=51 loss=1.23414
train_loss run=0 interval=1 step=52 loss=1.24011
train_loss run=0 interval=1 step=53 loss=1.22142
train_loss run=0 interval=1 step=54 loss=1.22286
train_loss run=0 interval=1 step=55 loss=1.2229
train_loss run=0 interval=1 step=56 loss=1.21817
train_loss run=0 interval=1 step=57 loss=1.19575
train_loss run=0 interval=1 step=58 loss=1.19513
train_loss run=0 interval=1 step=59 loss=1.18697
train_loss run=0 interval=1 step=60 loss=1.18311
train_loss run=0 interval=1 step=61 loss=1.17375
train_loss run=0 interval=1 step=62 loss=1.1776
train_loss run=0 interval=1 step=63 loss=1.16674
train_loss run=0 interval=1 step=64 loss=1.16842
train_loss run=0 interval=1 step=65 loss=1.16087
train_loss run=0 interval=1 step=66 loss=1.18033
train_loss run=0 interval=1 step=67 loss=1.15501
train_loss run=0 interval=1 step=68 loss=1.15932
train_loss run=0 interval=1 step=69 loss=1.1683
train_loss run=0 interval=1 step=70 loss=1.15777
train_loss run=0 interval=1 step=71 loss=1.16859
train_loss run=0 interval=1 step=72 loss=1.14951
train_loss run=0 interval=1 step=73 loss=1.16583
train_loss run=0 interval=1 step=74 loss=1.14424
train_loss run=0 interval=1 step=75 loss=1.16186
train_loss run=0 interval=1 step=76 loss=1.11554
train_loss run=0 interval=1 step=77 loss=1.13559
train_loss run=0 interval=1 step=78 loss=1.11168
train_loss run=0 interval=1 step=79 loss=1.12965
train_loss run=0 interval=1 step=80 loss=1.11077
interval_boundary_eval run=0 interval=1 step=80 total_steps=200 tta_val_acc=0.8832
main hparams: muon_lr=0.078 muon_momentum=0.6 bias_lr=4.6 head_lr=21 main=0.8944, best_cooldown=0.9262
muon_lr=0.017 muon_momentum=0.6 bias_lr=7.7 head_lr=770 -> tta_val_acc=0.9249
muon_lr=0.01 muon_momentum=0.6 bias_lr=7.7 head_lr=770 -> tta_val_acc=0.9251
muon_lr=0.006 muon_momentum=0.6 bias_lr=7.7 head_lr=770 -> tta_val_acc=0.9232
muon_lr=0.028 muon_momentum=0.6 bias_lr=7.7 head_lr=770 -> tta_val_acc=0.9222
muon_lr=0.01 muon_momentum=0.6 bias_lr=4.6 head_lr=770 -> tta_val_acc=0.9254
muon_lr=0.01 muon_momentum=0.6 bias_lr=2.8 head_lr=770 -> tta_val_acc=0.925
muon_lr=0.01 muon_momentum=0.6 bias_lr=1.7 head_lr=770 -> tta_val_acc=0.9248
muon_lr=0.006 muon_momentum=0.6 bias_lr=4.6 head_lr=770 -> tta_val_acc=0.923
muon_lr=0.017 muon_momentum=0.6 bias_lr=4.6 head_lr=770 -> tta_val_acc=0.9248
muon_lr=0.01 muon_momentum=0.6 bias_lr=13 head_lr=770 -> tta_val_acc=0.9252
muon_lr=0.01 muon_momentum=0.6 bias_lr=21 head_lr=770 -> tta_val_acc=0.9235
muon_lr=0.01 muon_momentum=0.6 bias_lr=4.6 head_lr=460 -> tta_val_acc=0.9254
muon_lr=0.01 muon_momentum=0.6 bias_lr=4.6 head_lr=280 -> tta_val_acc=0.9253
muon_lr=0.01 muon_momentum=0.6 bias_lr=4.6 head_lr=170 -> tta_val_acc=0.9262
muon_lr=0.01 muon_momentum=0.6 bias_lr=4.6 head_lr=99 -> tta_val_acc=0.9257
muon_lr=0.006 muon_momentum=0.6 bias_lr=4.6 head_lr=170 -> tta_val_acc=0.9243
muon_lr=0.017 muon_momentum=0.6 bias_lr=4.6 head_lr=170 -> tta_val_acc=0.925
muon_lr=0.01 muon_momentum=0.6 bias_lr=2.8 head_lr=170 -> tta_val_acc=0.9257
muon_lr=0.01 muon_momentum=0.6 bias_lr=7.7 head_lr=170 -> tta_val_acc=0.9254
search_path step=0 muon_lr=0.017 muon_momentum=0.6 bias_lr=7.7 head_lr=770 tta_val_acc=0.9249
search_path step=1 muon_lr=0.01 muon_momentum=0.6 bias_lr=7.7 head_lr=770 tta_val_acc=0.9251
search_path step=2 muon_lr=0.01 muon_momentum=0.6 bias_lr=4.6 head_lr=770 tta_val_acc=0.9254
search_path step=3 muon_lr=0.01 muon_momentum=0.6 bias_lr=4.6 head_lr=170 tta_val_acc=0.9262
main hparams: muon_lr=0.047 muon_momentum=0.6 bias_lr=4.6 head_lr=21 main=0.9091, best_cooldown=0.9266
muon_lr=0.01 muon_momentum=0.6 bias_lr=4.6 head_lr=170 -> tta_val_acc=0.9262
muon_lr=0.006 muon_momentum=0.6 bias_lr=4.6 head_lr=170 -> tta_val_acc=0.9266
muon_lr=0.0036 muon_momentum=0.6 bias_lr=4.6 head_lr=170 -> tta_val_acc=0.9266
muon_lr=0.0022 muon_momentum=0.6 bias_lr=4.6 head_lr=170 -> tta_val_acc=0.9245
muon_lr=0.017 muon_momentum=0.6 bias_lr=4.6 head_lr=170 -> tta_val_acc=0.9257
search_path step=0 muon_lr=0.01 muon_momentum=0.6 bias_lr=4.6 head_lr=170 tta_val_acc=0.9262
search_path step=1 muon_lr=0.006 muon_momentum=0.6 bias_lr=4.6 head_lr=170 tta_val_acc=0.9266
main hparams: muon_lr=0.028 muon_momentum=0.6 bias_lr=4.6 head_lr=21 main=0.9167, best_cooldown=0.9285
muon_lr=0.01 muon_momentum=0.6 bias_lr=4.6 head_lr=170 -> tta_val_acc=0.9276
muon_lr=0.006 muon_momentum=0.6 bias_lr=4.6 head_lr=170 -> tta_val_acc=0.9285
muon_lr=0.0036 muon_momentum=0.6 bias_lr=4.6 head_lr=170 -> tta_val_acc=0.9271
search_path step=0 muon_lr=0.01 muon_momentum=0.6 bias_lr=4.6 head_lr=170 tta_val_acc=0.9276
search_path step=1 muon_lr=0.006 muon_momentum=0.6 bias_lr=4.6 head_lr=170 tta_val_acc=0.9285
main hparams: muon_lr=0.017 muon_momentum=0.6 bias_lr=4.6 head_lr=21 main=0.9208, best_cooldown=0.9264
muon_lr=0.01 muon_momentum=0.6 bias_lr=4.6 head_lr=170 -> tta_val_acc=0.9264
muon_lr=0.006 muon_momentum=0.6 bias_lr=4.6 head_lr=170 -> tta_val_acc=0.925
muon_lr=0.017 muon_momentum=0.6 bias_lr=4.6 head_lr=170 -> tta_val_acc=0.9249
search_path step=0 muon_lr=0.01 muon_momentum=0.6 bias_lr=4.6 head_lr=170 tta_val_acc=0.9264
main hparams: muon_lr=0.028 muon_momentum=0.6 bias_lr=4.6 head_lr=21 main=0.9167, best_cooldown=0.9287
muon_lr=0.01 muon_momentum=0.6 bias_lr=4.6 head_lr=170 -> tta_val_acc=0.9276
muon_lr=0.006 muon_momentum=0.6 bias_lr=4.6 head_lr=170 -> tta_val_acc=0.9285
muon_lr=0.0036 muon_momentum=0.6 bias_lr=4.6 head_lr=170 -> tta_val_acc=0.9271
muon_lr=0.006 muon_momentum=0.6 bias_lr=2.8 head_lr=170 -> tta_val_acc=0.9283
muon_lr=0.006 muon_momentum=0.6 bias_lr=1.7 head_lr=170 -> tta_val_acc=0.928
muon_lr=0.006 muon_momentum=0.6 bias_lr=7.7 head_lr=170 -> tta_val_acc=0.9284
muon_lr=0.006 muon_momentum=0.6 bias_lr=13 head_lr=170 -> tta_val_acc=0.9272
muon_lr=0.006 muon_momentum=0.6 bias_lr=4.6 head_lr=99 -> tta_val_acc=0.9287
muon_lr=0.006 muon_momentum=0.6 bias_lr=4.6 head_lr=60 -> tta_val_acc=0.9282
muon_lr=0.0036 muon_momentum=0.6 bias_lr=4.6 head_lr=99 -> tta_val_acc=0.9268
muon_lr=0.01 muon_momentum=0.6 bias_lr=4.6 head_lr=99 -> tta_val_acc=0.9271
muon_lr=0.006 muon_momentum=0.6 bias_lr=2.8 head_lr=99 -> tta_val_acc=0.9282
muon_lr=0.006 muon_momentum=0.6 bias_lr=7.7 head_lr=99 -> tta_val_acc=0.928
muon_lr=0.006 muon_momentum=0.6 bias_lr=4.6 head_lr=280 -> tta_val_acc=0.9282
search_path step=0 muon_lr=0.006 muon_momentum=0.6 bias_lr=4.6 head_lr=170 tta_val_acc=0.9285
search_path step=1 muon_lr=0.006 muon_momentum=0.6 bias_lr=4.6 head_lr=99 tta_val_acc=0.9287
main hparams: muon_lr=0.028 muon_momentum=0.5 bias_lr=4.6 head_lr=21 main=0.917, best_cooldown=0.9272
muon_lr=0.006 muon_momentum=0.5 bias_lr=4.6 head_lr=99 -> tta_val_acc=0.9272
muon_lr=0.0036 muon_momentum=0.5 bias_lr=4.6 head_lr=99 -> tta_val_acc=0.9264
muon_lr=0.01 muon_momentum=0.5 bias_lr=4.6 head_lr=99 -> tta_val_acc=0.9268
muon_lr=0.017 muon_momentum=0.5 bias_lr=4.6 head_lr=99 -> tta_val_acc=0.9261
search_path step=0 muon_lr=0.006 muon_momentum=0.5 bias_lr=4.6 head_lr=99 tta_val_acc=0.9272
main hparams: muon_lr=0.028 muon_momentum=0.7 bias_lr=4.6 head_lr=21 main=0.9164, best_cooldown=0.9283
muon_lr=0.006 muon_momentum=0.7 bias_lr=4.6 head_lr=99 -> tta_val_acc=0.9283
muon_lr=0.0036 muon_momentum=0.7 bias_lr=4.6 head_lr=99 -> tta_val_acc=0.9263
muon_lr=0.01 muon_momentum=0.7 bias_lr=4.6 head_lr=99 -> tta_val_acc=0.9264
search_path step=0 muon_lr=0.006 muon_momentum=0.7 bias_lr=4.6 head_lr=99 tta_val_acc=0.9283
main hparams: muon_lr=0.028 muon_momentum=0.8 bias_lr=4.6 head_lr=21 main=0.9154, best_cooldown=0.9278
muon_lr=0.006 muon_momentum=0.8 bias_lr=4.6 head_lr=99 -> tta_val_acc=0.9278
muon_lr=0.0036 muon_momentum=0.8 bias_lr=4.6 head_lr=99 -> tta_val_acc=0.9271
muon_lr=0.01 muon_momentum=0.8 bias_lr=4.6 head_lr=99 -> tta_val_acc=0.9265
search_path step=0 muon_lr=0.006 muon_momentum=0.8 bias_lr=4.6 head_lr=99 tta_val_acc=0.9278
main hparams: muon_lr=0.028 muon_momentum=0.6 bias_lr=2.8 head_lr=21 main=0.916, best_cooldown=0.9285
muon_lr=0.006 muon_momentum=0.6 bias_lr=4.6 head_lr=99 -> tta_val_acc=0.928
muon_lr=0.006 muon_momentum=0.6 bias_lr=2.8 head_lr=99 -> tta_val_acc=0.9279
muon_lr=0.006 muon_momentum=0.6 bias_lr=1.7 head_lr=99 -> tta_val_acc=0.9279
muon_lr=0.006 muon_momentum=0.6 bias_lr=1 head_lr=99 -> tta_val_acc=0.9281
muon_lr=0.006 muon_momentum=0.6 bias_lr=0.6 head_lr=99 -> tta_val_acc=0.9281
muon_lr=0.006 muon_momentum=0.6 bias_lr=0.36 head_lr=99 -> tta_val_acc=0.928
muon_lr=0.006 muon_momentum=0.6 bias_lr=0.22 head_lr=99 -> tta_val_acc=0.928
muon_lr=0.006 muon_momentum=0.6 bias_lr=7.7 head_lr=99 -> tta_val_acc=0.9285
muon_lr=0.006 muon_momentum=0.6 bias_lr=13 head_lr=99 -> tta_val_acc=0.9279
search_path step=0 muon_lr=0.006 muon_momentum=0.6 bias_lr=4.6 head_lr=99 tta_val_acc=0.928
search_path step=1 muon_lr=0.006 muon_momentum=0.6 bias_lr=1 head_lr=99 tta_val_acc=0.9281
search_path step=2 muon_lr=0.006 muon_momentum=0.6 bias_lr=7.7 head_lr=99 tta_val_acc=0.9285
main hparams: muon_lr=0.028 muon_momentum=0.6 bias_lr=1.7 head_lr=21 main=0.9163, best_cooldown=0.9283
muon_lr=0.006 muon_momentum=0.6 bias_lr=4.6 head_lr=99 -> tta_val_acc=0.9283
muon_lr=0.006 muon_momentum=0.6 bias_lr=2.8 head_lr=99 -> tta_val_acc=0.9283
muon_lr=0.006 muon_momentum=0.6 bias_lr=1.7 head_lr=99 -> tta_val_acc=0.9281
muon_lr=0.006 muon_momentum=0.6 bias_lr=1 head_lr=99 -> tta_val_acc=0.9279
muon_lr=0.006 muon_momentum=0.6 bias_lr=7.7 head_lr=99 -> tta_val_acc=0.9279
muon_lr=0.006 muon_momentum=0.6 bias_lr=13 head_lr=99 -> tta_val_acc=0.9272
search_path step=0 muon_lr=0.006 muon_momentum=0.6 bias_lr=4.6 head_lr=99 tta_val_acc=0.9283
main hparams: muon_lr=0.028 muon_momentum=0.6 bias_lr=1 head_lr=21 main=0.9159, best_cooldown=0.9281
muon_lr=0.006 muon_momentum=0.6 bias_lr=4.6 head_lr=99 -> tta_val_acc=0.9279
muon_lr=0.006 muon_momentum=0.6 bias_lr=2.8 head_lr=99 -> tta_val_acc=0.9278
muon_lr=0.006 muon_momentum=0.6 bias_lr=1.7 head_lr=99 -> tta_val_acc=0.9281
muon_lr=0.006 muon_momentum=0.6 bias_lr=1 head_lr=99 -> tta_val_acc=0.9278
muon_lr=0.006 muon_momentum=0.6 bias_lr=0.6 head_lr=99 -> tta_val_acc=0.9278
muon_lr=0.006 muon_momentum=0.6 bias_lr=0.36 head_lr=99 -> tta_val_acc=0.9277
muon_lr=0.006 muon_momentum=0.6 bias_lr=7.7 head_lr=99 -> tta_val_acc=0.9277
muon_lr=0.006 muon_momentum=0.6 bias_lr=13 head_lr=99 -> tta_val_acc=0.9276
search_path step=0 muon_lr=0.006 muon_momentum=0.6 bias_lr=4.6 head_lr=99 tta_val_acc=0.9279
search_path step=1 muon_lr=0.006 muon_momentum=0.6 bias_lr=1.7 head_lr=99 tta_val_acc=0.9281
main hparams: muon_lr=0.028 muon_momentum=0.6 bias_lr=7.7 head_lr=21 main=0.9162, best_cooldown=0.9281
muon_lr=0.006 muon_momentum=0.6 bias_lr=4.6 head_lr=99 -> tta_val_acc=0.9278
muon_lr=0.006 muon_momentum=0.6 bias_lr=2.8 head_lr=99 -> tta_val_acc=0.9274
muon_lr=0.006 muon_momentum=0.6 bias_lr=1.7 head_lr=99 -> tta_val_acc=0.9279
muon_lr=0.006 muon_momentum=0.6 bias_lr=1 head_lr=99 -> tta_val_acc=0.9278
muon_lr=0.006 muon_momentum=0.6 bias_lr=0.6 head_lr=99 -> tta_val_acc=0.9277
muon_lr=0.006 muon_momentum=0.6 bias_lr=0.36 head_lr=99 -> tta_val_acc=0.9278
muon_lr=0.006 muon_momentum=0.6 bias_lr=7.7 head_lr=99 -> tta_val_acc=0.9281
muon_lr=0.006 muon_momentum=0.6 bias_lr=13 head_lr=99 -> tta_val_acc=0.9277
muon_lr=0.006 muon_momentum=0.6 bias_lr=21 head_lr=99 -> tta_val_acc=0.9258
search_path step=0 muon_lr=0.006 muon_momentum=0.6 bias_lr=4.6 head_lr=99 tta_val_acc=0.9278
search_path step=1 muon_lr=0.006 muon_momentum=0.6 bias_lr=1.7 head_lr=99 tta_val_acc=0.9279
search_path step=2 muon_lr=0.006 muon_momentum=0.6 bias_lr=7.7 head_lr=99 tta_val_acc=0.9281
main hparams: muon_lr=0.028 muon_momentum=0.6 bias_lr=4.6 head_lr=13 main=0.9161, best_cooldown=0.928
muon_lr=0.006 muon_momentum=0.6 bias_lr=4.6 head_lr=99 -> tta_val_acc=0.9275
muon_lr=0.006 muon_momentum=0.6 bias_lr=4.6 head_lr=60 -> tta_val_acc=0.9273
muon_lr=0.006 muon_momentum=0.6 bias_lr=4.6 head_lr=36 -> tta_val_acc=0.9276
muon_lr=0.006 muon_momentum=0.6 bias_lr=4.6 head_lr=21 -> tta_val_acc=0.9267
muon_lr=0.006 muon_momentum=0.6 bias_lr=4.6 head_lr=170 -> tta_val_acc=0.9277
muon_lr=0.006 muon_momentum=0.6 bias_lr=4.6 head_lr=280 -> tta_val_acc=0.9278
muon_lr=0.006 muon_momentum=0.6 bias_lr=4.6 head_lr=460 -> tta_val_acc=0.928
muon_lr=0.006 muon_momentum=0.6 bias_lr=4.6 head_lr=770 -> tta_val_acc=0.9279
muon_lr=0.006 muon_momentum=0.6 bias_lr=4.6 head_lr=1300 -> tta_val_acc=0.9274
search_path step=0 muon_lr=0.006 muon_momentum=0.6 bias_lr=4.6 head_lr=99 tta_val_acc=0.9275
search_path step=1 muon_lr=0.006 muon_momentum=0.6 bias_lr=4.6 head_lr=36 tta_val_acc=0.9276
search_path step=2 muon_lr=0.006 muon_momentum=0.6 bias_lr=4.6 head_lr=460 tta_val_acc=0.928
main hparams: muon_lr=0.028 muon_momentum=0.6 bias_lr=4.6 head_lr=36 main=0.9173, best_cooldown=0.9286
muon_lr=0.006 muon_momentum=0.6 bias_lr=4.6 head_lr=99 -> tta_val_acc=0.9273
muon_lr=0.006 muon_momentum=0.6 bias_lr=4.6 head_lr=60 -> tta_val_acc=0.9272
muon_lr=0.006 muon_momentum=0.6 bias_lr=4.6 head_lr=36 -> tta_val_acc=0.9272
muon_lr=0.006 muon_momentum=0.6 bias_lr=4.6 head_lr=21 -> tta_val_acc=0.9273
muon_lr=0.006 muon_momentum=0.6 bias_lr=4.6 head_lr=170 -> tta_val_acc=0.9274
muon_lr=0.006 muon_momentum=0.6 bias_lr=4.6 head_lr=280 -> tta_val_acc=0.9277
muon_lr=0.006 muon_momentum=0.6 bias_lr=4.6 head_lr=460 -> tta_val_acc=0.9286
muon_lr=0.006 muon_momentum=0.6 bias_lr=4.6 head_lr=770 -> tta_val_acc=0.9282
muon_lr=0.006 muon_momentum=0.6 bias_lr=4.6 head_lr=1300 -> tta_val_acc=0.9273
search_path step=0 muon_lr=0.006 muon_momentum=0.6 bias_lr=4.6 head_lr=99 tta_val_acc=0.9273
search_path step=1 muon_lr=0.006 muon_momentum=0.6 bias_lr=4.6 head_lr=460 tta_val_acc=0.9286
main hparams: muon_lr=0.028 muon_momentum=0.6 bias_lr=4.6 head_lr=60 main=0.9166, best_cooldown=0.9286
muon_lr=0.006 muon_momentum=0.6 bias_lr=4.6 head_lr=99 -> tta_val_acc=0.928
muon_lr=0.006 muon_momentum=0.6 bias_lr=4.6 head_lr=60 -> tta_val_acc=0.928
muon_lr=0.006 muon_momentum=0.6 bias_lr=4.6 head_lr=36 -> tta_val_acc=0.9278
muon_lr=0.006 muon_momentum=0.6 bias_lr=4.6 head_lr=21 -> tta_val_acc=0.9277
muon_lr=0.006 muon_momentum=0.6 bias_lr=4.6 head_lr=170 -> tta_val_acc=0.9282
muon_lr=0.006 muon_momentum=0.6 bias_lr=4.6 head_lr=280 -> tta_val_acc=0.9282
muon_lr=0.006 muon_momentum=0.6 bias_lr=4.6 head_lr=460 -> tta_val_acc=0.928
muon_lr=0.006 muon_momentum=0.6 bias_lr=4.6 head_lr=770 -> tta_val_acc=0.9286
muon_lr=0.006 muon_momentum=0.6 bias_lr=4.6 head_lr=1300 -> tta_val_acc=0.9274
search_path step=0 muon_lr=0.006 muon_momentum=0.6 bias_lr=4.6 head_lr=99 tta_val_acc=0.928
search_path step=1 muon_lr=0.006 muon_momentum=0.6 bias_lr=4.6 head_lr=770 tta_val_acc=0.9286
main hparams: muon_lr=0.028 muon_momentum=0.6 bias_lr=4.6 head_lr=99 main=0.9176, best_cooldown=0.9281
muon_lr=0.006 muon_momentum=0.6 bias_lr=4.6 head_lr=99 -> tta_val_acc=0.9278
muon_lr=0.006 muon_momentum=0.6 bias_lr=4.6 head_lr=60 -> tta_val_acc=0.9279
muon_lr=0.006 muon_momentum=0.6 bias_lr=4.6 head_lr=36 -> tta_val_acc=0.9276
muon_lr=0.006 muon_momentum=0.6 bias_lr=4.6 head_lr=21 -> tta_val_acc=0.9272
muon_lr=0.006 muon_momentum=0.6 bias_lr=4.6 head_lr=170 -> tta_val_acc=0.9281
muon_lr=0.006 muon_momentum=0.6 bias_lr=4.6 head_lr=280 -> tta_val_acc=0.9277
muon_lr=0.006 muon_momentum=0.6 bias_lr=4.6 head_lr=460 -> tta_val_acc=0.9277
muon_lr=0.006 muon_momentum=0.6 bias_lr=4.6 head_lr=770 -> tta_val_acc=0.9277
muon_lr=0.006 muon_momentum=0.6 bias_lr=4.6 head_lr=1300 -> tta_val_acc=0.9281
muon_lr=0.006 muon_momentum=0.6 bias_lr=4.6 head_lr=2100 -> tta_val_acc=0.9259
search_path step=0 muon_lr=0.006 muon_momentum=0.6 bias_lr=4.6 head_lr=99 tta_val_acc=0.9278
search_path step=1 muon_lr=0.006 muon_momentum=0.6 bias_lr=4.6 head_lr=60 tta_val_acc=0.9279
search_path step=2 muon_lr=0.006 muon_momentum=0.6 bias_lr=4.6 head_lr=170 tta_val_acc=0.9281
search_path step=0 muon_lr=0.078 muon_momentum=0.6 bias_lr=4.6 head_lr=21 tta_val_acc=0.9262
search_path step=1 muon_lr=0.028 muon_momentum=0.6 bias_lr=4.6 head_lr=21 tta_val_acc=0.9287
train_hparams run=0 interval=2 start_step=80 completed_steps=40 total_steps=200 muon_lr=0.028 muon_momentum=0.6 bias_lr=4.6 head_lr=21 muon_nesterov=False
train_loss run=0 interval=2 step=81 loss=1.12169
train_loss run=0 interval=2 step=82 loss=1.10917
train_loss run=0 interval=2 step=83 loss=1.10083
train_loss run=0 interval=2 step=84 loss=1.09847
train_loss run=0 interval=2 step=85 loss=1.09794
train_loss run=0 interval=2 step=86 loss=1.08089
train_loss run=0 interval=2 step=87 loss=1.07676
train_loss run=0 interval=2 step=88 loss=1.08615
train_loss run=0 interval=2 step=89 loss=1.05994
train_loss run=0 interval=2 step=90 loss=1.07324
train_loss run=0 interval=2 step=91 loss=1.06766
train_loss run=0 interval=2 step=92 loss=1.07824
train_loss run=0 interval=2 step=93 loss=1.06508
train_loss run=0 interval=2 step=94 loss=1.07993
train_loss run=0 interval=2 step=95 loss=1.07783
train_loss run=0 interval=2 step=96 loss=1.06307
train_loss run=0 interval=2 step=97 loss=1.06183
train_loss run=0 interval=2 step=98 loss=1.0698
train_loss run=0 interval=2 step=99 loss=1.06604
train_loss run=0 interval=2 step=100 loss=1.0734
train_loss run=0 interval=2 step=101 loss=1.02418
train_loss run=0 interval=2 step=102 loss=1.03555
train_loss run=0 interval=2 step=103 loss=1.02976
train_loss run=0 interval=2 step=104 loss=1.0383
train_loss run=0 interval=2 step=105 loss=1.0175
train_loss run=0 interval=2 step=106 loss=1.0419
train_loss run=0 interval=2 step=107 loss=1.02722
train_loss run=0 interval=2 step=108 loss=1.02358
train_loss run=0 interval=2 step=109 loss=1.02749
train_loss run=0 interval=2 step=110 loss=1.0272
train_loss run=0 interval=2 step=111 loss=1.02881
train_loss run=0 interval=2 step=112 loss=1.01312
train_loss run=0 interval=2 step=113 loss=1.03765
train_loss run=0 interval=2 step=114 loss=1.02705
train_loss run=0 interval=2 step=115 loss=1.02129
train_loss run=0 interval=2 step=116 loss=1.02159
train_loss run=0 interval=2 step=117 loss=1.01844
train_loss run=0 interval=2 step=118 loss=1.00884
train_loss run=0 interval=2 step=119 loss=1.02093
train_loss run=0 interval=2 step=120 loss=1.01369
interval_boundary_eval run=0 interval=2 step=120 total_steps=200 tta_val_acc=0.9167
main hparams: muon_lr=0.028 muon_momentum=0.6 bias_lr=4.6 head_lr=21 main=0.9194, best_cooldown=0.9325
muon_lr=0.006 muon_momentum=0.6 bias_lr=4.6 head_lr=99 -> tta_val_acc=0.9323
muon_lr=0.0036 muon_momentum=0.6 bias_lr=4.6 head_lr=99 -> tta_val_acc=0.9303
muon_lr=0.01 muon_momentum=0.6 bias_lr=4.6 head_lr=99 -> tta_val_acc=0.9314
muon_lr=0.006 muon_momentum=0.6 bias_lr=2.8 head_lr=99 -> tta_val_acc=0.9317
muon_lr=0.006 muon_momentum=0.6 bias_lr=7.7 head_lr=99 -> tta_val_acc=0.9322
muon_lr=0.006 muon_momentum=0.6 bias_lr=13 head_lr=99 -> tta_val_acc=0.9325
muon_lr=0.006 muon_momentum=0.6 bias_lr=21 head_lr=99 -> tta_val_acc=0.9322
muon_lr=0.006 muon_momentum=0.6 bias_lr=36 head_lr=99 -> tta_val_acc=0.931
muon_lr=0.0036 muon_momentum=0.6 bias_lr=13 head_lr=99 -> tta_val_acc=0.931
muon_lr=0.01 muon_momentum=0.6 bias_lr=13 head_lr=99 -> tta_val_acc=0.9322
muon_lr=0.017 muon_momentum=0.6 bias_lr=13 head_lr=99 -> tta_val_acc=0.931
muon_lr=0.006 muon_momentum=0.6 bias_lr=13 head_lr=60 -> tta_val_acc=0.9324
muon_lr=0.006 muon_momentum=0.6 bias_lr=13 head_lr=36 -> tta_val_acc=0.9318
muon_lr=0.006 muon_momentum=0.6 bias_lr=13 head_lr=170 -> tta_val_acc=0.9322
muon_lr=0.006 muon_momentum=0.6 bias_lr=13 head_lr=280 -> tta_val_acc=0.9319
search_path step=0 muon_lr=0.006 muon_momentum=0.6 bias_lr=4.6 head_lr=99 tta_val_acc=0.9323
search_path step=1 muon_lr=0.006 muon_momentum=0.6 bias_lr=13 head_lr=99 tta_val_acc=0.9325
main hparams: muon_lr=0.017 muon_momentum=0.6 bias_lr=4.6 head_lr=21 main=0.9247, best_cooldown=0.9304
muon_lr=0.006 muon_momentum=0.6 bias_lr=13 head_lr=99 -> tta_val_acc=0.9304
muon_lr=0.0036 muon_momentum=0.6 bias_lr=13 head_lr=99 -> tta_val_acc=0.9303
muon_lr=0.0022 muon_momentum=0.6 bias_lr=13 head_lr=99 -> tta_val_acc=0.9294
muon_lr=0.01 muon_momentum=0.6 bias_lr=13 head_lr=99 -> tta_val_acc=0.9303
muon_lr=0.017 muon_momentum=0.6 bias_lr=13 head_lr=99 -> tta_val_acc=0.9291
search_path step=0 muon_lr=0.006 muon_momentum=0.6 bias_lr=13 head_lr=99 tta_val_acc=0.9304
main hparams: muon_lr=0.047 muon_momentum=0.6 bias_lr=4.6 head_lr=21 main=0.9183, best_cooldown=0.9314
muon_lr=0.006 muon_momentum=0.6 bias_lr=13 head_lr=99 -> tta_val_acc=0.9304
muon_lr=0.0036 muon_momentum=0.6 bias_lr=13 head_lr=99 -> tta_val_acc=0.9289
muon_lr=0.01 muon_momentum=0.6 bias_lr=13 head_lr=99 -> tta_val_acc=0.9314
muon_lr=0.017 muon_momentum=0.6 bias_lr=13 head_lr=99 -> tta_val_acc=0.9313
muon_lr=0.028 muon_momentum=0.6 bias_lr=13 head_lr=99 -> tta_val_acc=0.9276
search_path step=0 muon_lr=0.006 muon_momentum=0.6 bias_lr=13 head_lr=99 tta_val_acc=0.9304
search_path step=1 muon_lr=0.01 muon_momentum=0.6 bias_lr=13 head_lr=99 tta_val_acc=0.9314
main hparams: muon_lr=0.028 muon_momentum=0.5 bias_lr=4.6 head_lr=21 main=0.9209, best_cooldown=0.9315
muon_lr=0.006 muon_momentum=0.5 bias_lr=13 head_lr=99 -> tta_val_acc=0.9315
muon_lr=0.0036 muon_momentum=0.5 bias_lr=13 head_lr=99 -> tta_val_acc=0.93
muon_lr=0.01 muon_momentum=0.5 bias_lr=13 head_lr=99 -> tta_val_acc=0.9312
muon_lr=0.017 muon_momentum=0.5 bias_lr=13 head_lr=99 -> tta_val_acc=0.9294
search_path step=0 muon_lr=0.006 muon_momentum=0.5 bias_lr=13 head_lr=99 tta_val_acc=0.9315
main hparams: muon_lr=0.028 muon_momentum=0.7 bias_lr=4.6 head_lr=21 main=0.9186, best_cooldown=0.9339
muon_lr=0.006 muon_momentum=0.7 bias_lr=13 head_lr=99 -> tta_val_acc=0.932
muon_lr=0.0036 muon_momentum=0.7 bias_lr=13 head_lr=99 -> tta_val_acc=0.9308
muon_lr=0.01 muon_momentum=0.7 bias_lr=13 head_lr=99 -> tta_val_acc=0.9339
muon_lr=0.017 muon_momentum=0.7 bias_lr=13 head_lr=99 -> tta_val_acc=0.9322
search_path step=0 muon_lr=0.006 muon_momentum=0.7 bias_lr=13 head_lr=99 tta_val_acc=0.932
search_path step=1 muon_lr=0.01 muon_momentum=0.7 bias_lr=13 head_lr=99 tta_val_acc=0.9339
main hparams: muon_lr=0.028 muon_momentum=0.8 bias_lr=4.6 head_lr=21 main=0.917, best_cooldown=0.9335
muon_lr=0.006 muon_momentum=0.8 bias_lr=13 head_lr=99 -> tta_val_acc=0.933
muon_lr=0.0036 muon_momentum=0.8 bias_lr=13 head_lr=99 -> tta_val_acc=0.9306
muon_lr=0.01 muon_momentum=0.8 bias_lr=13 head_lr=99 -> tta_val_acc=0.9335
muon_lr=0.017 muon_momentum=0.8 bias_lr=13 head_lr=99 -> tta_val_acc=0.931
search_path step=0 muon_lr=0.006 muon_momentum=0.8 bias_lr=13 head_lr=99 tta_val_acc=0.933
search_path step=1 muon_lr=0.01 muon_momentum=0.8 bias_lr=13 head_lr=99 tta_val_acc=0.9335
main hparams: muon_lr=0.028 muon_momentum=0.9 bias_lr=4.6 head_lr=21 main=0.9157, best_cooldown=0.931
muon_lr=0.006 muon_momentum=0.9 bias_lr=13 head_lr=99 -> tta_val_acc=0.9309
muon_lr=0.0036 muon_momentum=0.9 bias_lr=13 head_lr=99 -> tta_val_acc=0.9302
muon_lr=0.01 muon_momentum=0.9 bias_lr=13 head_lr=99 -> tta_val_acc=0.931
muon_lr=0.017 muon_momentum=0.9 bias_lr=13 head_lr=99 -> tta_val_acc=0.9268
search_path step=0 muon_lr=0.006 muon_momentum=0.9 bias_lr=13 head_lr=99 tta_val_acc=0.9309
search_path step=1 muon_lr=0.01 muon_momentum=0.9 bias_lr=13 head_lr=99 tta_val_acc=0.931
main hparams: muon_lr=0.028 muon_momentum=0.7 bias_lr=4.6 head_lr=21 main=0.9186, best_cooldown=0.934
muon_lr=0.006 muon_momentum=0.7 bias_lr=13 head_lr=99 -> tta_val_acc=0.932
muon_lr=0.0036 muon_momentum=0.7 bias_lr=13 head_lr=99 -> tta_val_acc=0.9308
muon_lr=0.01 muon_momentum=0.7 bias_lr=13 head_lr=99 -> tta_val_acc=0.9339
muon_lr=0.017 muon_momentum=0.7 bias_lr=13 head_lr=99 -> tta_val_acc=0.9322
muon_lr=0.01 muon_momentum=0.7 bias_lr=7.7 head_lr=99 -> tta_val_acc=0.9336
muon_lr=0.01 muon_momentum=0.7 bias_lr=4.6 head_lr=99 -> tta_val_acc=0.933
muon_lr=0.01 muon_momentum=0.7 bias_lr=21 head_lr=99 -> tta_val_acc=0.9336
muon_lr=0.01 muon_momentum=0.7 bias_lr=36 head_lr=99 -> tta_val_acc=0.9317
muon_lr=0.01 muon_momentum=0.7 bias_lr=13 head_lr=60 -> tta_val_acc=0.934
muon_lr=0.01 muon_momentum=0.7 bias_lr=13 head_lr=36 -> tta_val_acc=0.9337
muon_lr=0.01 muon_momentum=0.7 bias_lr=13 head_lr=21 -> tta_val_acc=0.934
muon_lr=0.01 muon_momentum=0.7 bias_lr=13 head_lr=13 -> tta_val_acc=0.9338
muon_lr=0.01 muon_momentum=0.7 bias_lr=13 head_lr=7.7 -> tta_val_acc=0.9335
muon_lr=0.01 muon_momentum=0.7 bias_lr=13 head_lr=4.6 -> tta_val_acc=0.9331
muon_lr=0.006 muon_momentum=0.7 bias_lr=13 head_lr=21 -> tta_val_acc=0.932
muon_lr=0.017 muon_momentum=0.7 bias_lr=13 head_lr=21 -> tta_val_acc=0.931
muon_lr=0.01 muon_momentum=0.7 bias_lr=7.7 head_lr=21 -> tta_val_acc=0.9329
muon_lr=0.01 muon_momentum=0.7 bias_lr=21 head_lr=21 -> tta_val_acc=0.9328
muon_lr=0.01 muon_momentum=0.7 bias_lr=13 head_lr=170 -> tta_val_acc=0.9339
muon_lr=0.01 muon_momentum=0.7 bias_lr=13 head_lr=280 -> tta_val_acc=0.9336
muon_lr=0.01 muon_momentum=0.7 bias_lr=13 head_lr=460 -> tta_val_acc=0.9336
muon_lr=0.01 muon_momentum=0.7 bias_lr=13 head_lr=770 -> tta_val_acc=0.9337
muon_lr=0.01 muon_momentum=0.7 bias_lr=13 head_lr=1300 -> tta_val_acc=0.9338
muon_lr=0.01 muon_momentum=0.7 bias_lr=13 head_lr=2100 -> tta_val_acc=0.9322
search_path step=0 muon_lr=0.01 muon_momentum=0.7 bias_lr=13 head_lr=99 tta_val_acc=0.9339
search_path step=1 muon_lr=0.01 muon_momentum=0.7 bias_lr=13 head_lr=21 tta_val_acc=0.934
main hparams: muon_lr=0.017 muon_momentum=0.7 bias_lr=4.6 head_lr=21 main=0.9237, best_cooldown=0.9317
muon_lr=0.01 muon_momentum=0.7 bias_lr=13 head_lr=21 -> tta_val_acc=0.931
muon_lr=0.006 muon_momentum=0.7 bias_lr=13 head_lr=21 -> tta_val_acc=0.9317
muon_lr=0.0036 muon_momentum=0.7 bias_lr=13 head_lr=21 -> tta_val_acc=0.9306
search_path step=0 muon_lr=0.01 muon_momentum=0.7 bias_lr=13 head_lr=21 tta_val_acc=0.931
search_path step=1 muon_lr=0.006 muon_momentum=0.7 bias_lr=13 head_lr=21 tta_val_acc=0.9317
main hparams: muon_lr=0.047 muon_momentum=0.7 bias_lr=4.6 head_lr=21 main=0.9104, best_cooldown=0.9315
muon_lr=0.01 muon_momentum=0.7 bias_lr=13 head_lr=21 -> tta_val_acc=0.9315
muon_lr=0.006 muon_momentum=0.7 bias_lr=13 head_lr=21 -> tta_val_acc=0.9303
muon_lr=0.017 muon_momentum=0.7 bias_lr=13 head_lr=21 -> tta_val_acc=0.9308
search_path step=0 muon_lr=0.01 muon_momentum=0.7 bias_lr=13 head_lr=21 tta_val_acc=0.9315
main hparams: muon_lr=0.028 muon_momentum=0.7 bias_lr=2.8 head_lr=21 main=0.9187, best_cooldown=0.9332
muon_lr=0.01 muon_momentum=0.7 bias_lr=13 head_lr=21 -> tta_val_acc=0.9324
muon_lr=0.01 muon_momentum=0.7 bias_lr=7.7 head_lr=21 -> tta_val_acc=0.9325
muon_lr=0.01 muon_momentum=0.7 bias_lr=4.6 head_lr=21 -> tta_val_acc=0.9326
muon_lr=0.01 muon_momentum=0.7 bias_lr=2.8 head_lr=21 -> tta_val_acc=0.9326
muon_lr=0.01 muon_momentum=0.7 bias_lr=1.7 head_lr=21 -> tta_val_acc=0.9329
muon_lr=0.01 muon_momentum=0.7 bias_lr=1 head_lr=21 -> tta_val_acc=0.9329
muon_lr=0.01 muon_momentum=0.7 bias_lr=0.6 head_lr=21 -> tta_val_acc=0.933
muon_lr=0.01 muon_momentum=0.7 bias_lr=0.36 head_lr=21 -> tta_val_acc=0.9329
muon_lr=0.01 muon_momentum=0.7 bias_lr=0.22 head_lr=21 -> tta_val_acc=0.9332
muon_lr=0.01 muon_momentum=0.7 bias_lr=0.13 head_lr=21 -> tta_val_acc=0.9329
muon_lr=0.01 muon_momentum=0.7 bias_lr=0.078 head_lr=21 -> tta_val_acc=0.9327
search_path step=0 muon_lr=0.01 muon_momentum=0.7 bias_lr=13 head_lr=21 tta_val_acc=0.9324
search_path step=1 muon_lr=0.01 muon_momentum=0.7 bias_lr=0.22 head_lr=21 tta_val_acc=0.9332
main hparams: muon_lr=0.028 muon_momentum=0.7 bias_lr=7.7 head_lr=21 main=0.9192, best_cooldown=0.933
muon_lr=0.01 muon_momentum=0.7 bias_lr=13 head_lr=21 -> tta_val_acc=0.9328
muon_lr=0.01 muon_momentum=0.7 bias_lr=7.7 head_lr=21 -> tta_val_acc=0.9326
muon_lr=0.01 muon_momentum=0.7 bias_lr=4.6 head_lr=21 -> tta_val_acc=0.933
muon_lr=0.01 muon_momentum=0.7 bias_lr=2.8 head_lr=21 -> tta_val_acc=0.9329
muon_lr=0.01 muon_momentum=0.7 bias_lr=1.7 head_lr=21 -> tta_val_acc=0.933
muon_lr=0.01 muon_momentum=0.7 bias_lr=1 head_lr=21 -> tta_val_acc=0.9328
muon_lr=0.01 muon_momentum=0.7 bias_lr=0.6 head_lr=21 -> tta_val_acc=0.9329
muon_lr=0.01 muon_momentum=0.7 bias_lr=0.36 head_lr=21 -> tta_val_acc=0.9327
muon_lr=0.01 muon_momentum=0.7 bias_lr=21 head_lr=21 -> tta_val_acc=0.9327
muon_lr=0.01 muon_momentum=0.7 bias_lr=36 head_lr=21 -> tta_val_acc=0.9316
search_path step=0 muon_lr=0.01 muon_momentum=0.7 bias_lr=13 head_lr=21 tta_val_acc=0.9328
search_path step=1 muon_lr=0.01 muon_momentum=0.7 bias_lr=1.7 head_lr=21 tta_val_acc=0.933
main hparams: muon_lr=0.028 muon_momentum=0.7 bias_lr=4.6 head_lr=13 main=0.9184, best_cooldown=0.9332
muon_lr=0.01 muon_momentum=0.7 bias_lr=13 head_lr=21 -> tta_val_acc=0.9327
muon_lr=0.01 muon_momentum=0.7 bias_lr=13 head_lr=13 -> tta_val_acc=0.9325
muon_lr=0.01 muon_momentum=0.7 bias_lr=13 head_lr=7.7 -> tta_val_acc=0.9326
muon_lr=0.01 muon_momentum=0.7 bias_lr=13 head_lr=4.6 -> tta_val_acc=0.9324
muon_lr=0.01 muon_momentum=0.7 bias_lr=13 head_lr=36 -> tta_val_acc=0.9325
muon_lr=0.01 muon_momentum=0.7 bias_lr=13 head_lr=60 -> tta_val_acc=0.9328
muon_lr=0.01 muon_momentum=0.7 bias_lr=13 head_lr=99 -> tta_val_acc=0.9332
muon_lr=0.01 muon_momentum=0.7 bias_lr=13 head_lr=170 -> tta_val_acc=0.9331
muon_lr=0.01 muon_momentum=0.7 bias_lr=13 head_lr=280 -> tta_val_acc=0.9332
muon_lr=0.01 muon_momentum=0.7 bias_lr=13 head_lr=460 -> tta_val_acc=0.9329
muon_lr=0.01 muon_momentum=0.7 bias_lr=13 head_lr=770 -> tta_val_acc=0.9323
search_path step=0 muon_lr=0.01 muon_momentum=0.7 bias_lr=13 head_lr=21 tta_val_acc=0.9327
search_path step=1 muon_lr=0.01 muon_momentum=0.7 bias_lr=13 head_lr=99 tta_val_acc=0.9332
main hparams: muon_lr=0.028 muon_momentum=0.7 bias_lr=4.6 head_lr=36 main=0.9189, best_cooldown=0.9339
muon_lr=0.01 muon_momentum=0.7 bias_lr=13 head_lr=21 -> tta_val_acc=0.9334
muon_lr=0.01 muon_momentum=0.7 bias_lr=13 head_lr=13 -> tta_val_acc=0.9331
muon_lr=0.01 muon_momentum=0.7 bias_lr=13 head_lr=7.7 -> tta_val_acc=0.9332
muon_lr=0.01 muon_momentum=0.7 bias_lr=13 head_lr=4.6 -> tta_val_acc=0.9331
muon_lr=0.01 muon_momentum=0.7 bias_lr=13 head_lr=36 -> tta_val_acc=0.9339
muon_lr=0.01 muon_momentum=0.7 bias_lr=13 head_lr=60 -> tta_val_acc=0.9332
search_path step=0 muon_lr=0.01 muon_momentum=0.7 bias_lr=13 head_lr=21 tta_val_acc=0.9334
search_path step=1 muon_lr=0.01 muon_momentum=0.7 bias_lr=13 head_lr=36 tta_val_acc=0.9339
main hparams: muon_lr=0.028 muon_momentum=0.7 bias_lr=4.6 head_lr=60 main=0.9191, best_cooldown=0.9328
muon_lr=0.01 muon_momentum=0.7 bias_lr=13 head_lr=21 -> tta_val_acc=0.9328
muon_lr=0.01 muon_momentum=0.7 bias_lr=13 head_lr=13 -> tta_val_acc=0.9326
muon_lr=0.01 muon_momentum=0.7 bias_lr=13 head_lr=7.7 -> tta_val_acc=0.9326
muon_lr=0.01 muon_momentum=0.7 bias_lr=13 head_lr=4.6 -> tta_val_acc=0.9324
muon_lr=0.01 muon_momentum=0.7 bias_lr=13 head_lr=36 -> tta_val_acc=0.9326
muon_lr=0.01 muon_momentum=0.7 bias_lr=13 head_lr=60 -> tta_val_acc=0.9327
muon_lr=0.01 muon_momentum=0.7 bias_lr=13 head_lr=99 -> tta_val_acc=0.9324
muon_lr=0.01 muon_momentum=0.7 bias_lr=13 head_lr=170 -> tta_val_acc=0.9323
search_path step=0 muon_lr=0.01 muon_momentum=0.7 bias_lr=13 head_lr=21 tta_val_acc=0.9328
search_path step=0 muon_lr=0.028 muon_momentum=0.6 bias_lr=4.6 head_lr=21 tta_val_acc=0.9325
search_path step=1 muon_lr=0.028 muon_momentum=0.7 bias_lr=4.6 head_lr=21 tta_val_acc=0.934
train_hparams run=0 interval=3 start_step=120 completed_steps=40 total_steps=200 muon_lr=0.028 muon_momentum=0.7 bias_lr=4.6 head_lr=21 muon_nesterov=False
train_loss run=0 interval=3 step=121 loss=1.02103
train_loss run=0 interval=3 step=122 loss=1.02354
train_loss run=0 interval=3 step=123 loss=1.01723
train_loss run=0 interval=3 step=124 loss=1.04659
train_loss run=0 interval=3 step=125 loss=1.01074
train_loss run=0 interval=3 step=126 loss=1.01522
train_loss run=0 interval=3 step=127 loss=1.00219
train_loss run=0 interval=3 step=128 loss=1.00932
train_loss run=0 interval=3 step=129 loss=1.01524
train_loss run=0 interval=3 step=130 loss=1.01033
train_loss run=0 interval=3 step=131 loss=1.01036
train_loss run=0 interval=3 step=132 loss=1.01175
train_loss run=0 interval=3 step=133 loss=1.02181
train_loss run=0 interval=3 step=134 loss=0.997426
train_loss run=0 interval=3 step=135 loss=1.01262
train_loss run=0 interval=3 step=136 loss=1.01478
train_loss run=0 interval=3 step=137 loss=1.00946
train_loss run=0 interval=3 step=138 loss=0.994753
train_loss run=0 interval=3 step=139 loss=1.00732
train_loss run=0 interval=3 step=140 loss=1.0091
train_loss run=0 interval=3 step=141 loss=1.01068
train_loss run=0 interval=3 step=142 loss=1.01898
train_loss run=0 interval=3 step=143 loss=1.01226
train_loss run=0 interval=3 step=144 loss=1.00157
train_loss run=0 interval=3 step=145 loss=1.02399
train_loss run=0 interval=3 step=146 loss=1.01507
train_loss run=0 interval=3 step=147 loss=1.00572
train_loss run=0 interval=3 step=148 loss=1.00071
train_loss run=0 interval=3 step=149 loss=1.01252
train_loss run=0 interval=3 step=150 loss=1.01622
train_loss run=0 interval=3 step=151 loss=0.987985
train_loss run=0 interval=3 step=152 loss=0.987232
train_loss run=0 interval=3 step=153 loss=0.991826
train_loss run=0 interval=3 step=154 loss=0.976676
train_loss run=0 interval=3 step=155 loss=0.995026
train_loss run=0 interval=3 step=156 loss=0.992336
train_loss run=0 interval=3 step=157 loss=0.978993
train_loss run=0 interval=3 step=158 loss=0.98374
train_loss run=0 interval=3 step=159 loss=1.00182
train_loss run=0 interval=3 step=160 loss=0.976873
interval_boundary_eval run=0 interval=3 step=160 total_steps=200 tta_val_acc=0.9186
main hparams: muon_lr=0.028 muon_momentum=0.7 bias_lr=4.6 head_lr=21 main=0.9252
main hparams: muon_lr=0.017 muon_momentum=0.7 bias_lr=4.6 head_lr=21 main=0.931
main hparams: muon_lr=0.01 muon_momentum=0.7 bias_lr=4.6 head_lr=21 main=0.9331
main hparams: muon_lr=0.006 muon_momentum=0.7 bias_lr=4.6 head_lr=21 main=0.9316
main hparams: muon_lr=0.01 muon_momentum=0.6 bias_lr=4.6 head_lr=21 main=0.9311
main hparams: muon_lr=0.01 muon_momentum=0.8 bias_lr=4.6 head_lr=21 main=0.9328
main hparams: muon_lr=0.01 muon_momentum=0.9 bias_lr=4.6 head_lr=21 main=0.9318
main hparams: muon_lr=0.01 muon_momentum=0.7 bias_lr=2.8 head_lr=21 main=0.9329
main hparams: muon_lr=0.01 muon_momentum=0.7 bias_lr=1.7 head_lr=21 main=0.9324
main hparams: muon_lr=0.01 muon_momentum=0.7 bias_lr=7.7 head_lr=21 main=0.9329
main hparams: muon_lr=0.01 muon_momentum=0.7 bias_lr=13 head_lr=21 main=0.934
main hparams: muon_lr=0.01 muon_momentum=0.7 bias_lr=21 head_lr=21 main=0.9328
main hparams: muon_lr=0.006 muon_momentum=0.7 bias_lr=13 head_lr=21 main=0.932
main hparams: muon_lr=0.017 muon_momentum=0.7 bias_lr=13 head_lr=21 main=0.931
main hparams: muon_lr=0.01 muon_momentum=0.6 bias_lr=13 head_lr=21 main=0.9323
main hparams: muon_lr=0.01 muon_momentum=0.8 bias_lr=13 head_lr=21 main=0.9328
main hparams: muon_lr=0.01 muon_momentum=0.7 bias_lr=13 head_lr=13 main=0.9338
main hparams: muon_lr=0.01 muon_momentum=0.7 bias_lr=13 head_lr=7.7 main=0.9335
main hparams: muon_lr=0.01 muon_momentum=0.7 bias_lr=13 head_lr=4.6 main=0.9331
main hparams: muon_lr=0.01 muon_momentum=0.7 bias_lr=13 head_lr=36 main=0.9337
main hparams: muon_lr=0.01 muon_momentum=0.7 bias_lr=13 head_lr=60 main=0.934
main hparams: muon_lr=0.01 muon_momentum=0.7 bias_lr=13 head_lr=99 main=0.9339
main hparams: muon_lr=0.01 muon_momentum=0.7 bias_lr=13 head_lr=170 main=0.9339
main hparams: muon_lr=0.01 muon_momentum=0.7 bias_lr=13 head_lr=280 main=0.9336
main hparams: muon_lr=0.01 muon_momentum=0.7 bias_lr=13 head_lr=460 main=0.9336
main hparams: muon_lr=0.01 muon_momentum=0.7 bias_lr=13 head_lr=770 main=0.9337
main hparams: muon_lr=0.01 muon_momentum=0.7 bias_lr=13 head_lr=1300 main=0.9338
main hparams: muon_lr=0.01 muon_momentum=0.7 bias_lr=13 head_lr=2100 main=0.9322
search_path step=0 muon_lr=0.028 muon_momentum=0.7 bias_lr=4.6 head_lr=21 tta_val_acc=0.9252
search_path step=1 muon_lr=0.01 muon_momentum=0.7 bias_lr=4.6 head_lr=21 tta_val_acc=0.9331
search_path step=2 muon_lr=0.01 muon_momentum=0.7 bias_lr=13 head_lr=21 tta_val_acc=0.934
train_hparams run=0 interval=4 start_step=160 completed_steps=40 total_steps=200 muon_lr=0.01 muon_momentum=0.7 bias_lr=13 head_lr=21 muon_nesterov=False
train_loss run=0 interval=4 step=161 loss=0.983984
train_loss run=0 interval=4 step=162 loss=0.982724
train_loss run=0 interval=4 step=163 loss=0.975066
train_loss run=0 interval=4 step=164 loss=0.973536
train_loss run=0 interval=4 step=165 loss=0.982467
train_loss run=0 interval=4 step=166 loss=0.977004
train_loss run=0 interval=4 step=167 loss=0.976075
train_loss run=0 interval=4 step=168 loss=0.983068
train_loss run=0 interval=4 step=169 loss=0.981124
train_loss run=0 interval=4 step=170 loss=0.96775
train_loss run=0 interval=4 step=171 loss=0.97653
train_loss run=0 interval=4 step=172 loss=0.977632
train_loss run=0 interval=4 step=173 loss=0.979718
train_loss run=0 interval=4 step=174 loss=0.971328
train_loss run=0 interval=4 step=175 loss=0.962419
train_loss run=0 interval=4 step=176 loss=0.949525
train_loss run=0 interval=4 step=177 loss=0.949718
train_loss run=0 interval=4 step=178 loss=0.952352
train_loss run=0 interval=4 step=179 loss=0.953573
train_loss run=0 interval=4 step=180 loss=0.947305
train_loss run=0 interval=4 step=181 loss=0.948129
train_loss run=0 interval=4 step=182 loss=0.951191
train_loss run=0 interval=4 step=183 loss=0.945412
train_loss run=0 interval=4 step=184 loss=0.95347
train_loss run=0 interval=4 step=185 loss=0.944545
train_loss run=0 interval=4 step=186 loss=0.948215
train_loss run=0 interval=4 step=187 loss=0.946073
train_loss run=0 interval=4 step=188 loss=0.949382
train_loss run=0 interval=4 step=189 loss=0.948685
train_loss run=0 interval=4 step=190 loss=0.945979
train_loss run=0 interval=4 step=191 loss=0.95226
train_loss run=0 interval=4 step=192 loss=0.940396
train_loss run=0 interval=4 step=193 loss=0.946226
train_loss run=0 interval=4 step=194 loss=0.949118
train_loss run=0 interval=4 step=195 loss=0.948373
train_loss run=0 interval=4 step=196 loss=0.950392
train_loss run=0 interval=4 step=197 loss=0.951454
train_loss run=0 interval=4 step=198 loss=0.946269
train_loss run=0 interval=4 step=199 loss=0.940534
train_loss run=0 interval=4 step=200 loss=0.947839
Batch size:          2000
Train epochs:        8
Train steps:         200
N steps:             40
M cooldown steps:    40
Search hparams:      muon_lr,muon_momentum,bias_lr,head_lr
Cooldown hparams:    muon_lr,bias_lr,head_lr
Muon nesterov:       False
Val acc:             0.9213
TTA val acc:         0.9340
Run seconds:         1692.634
