cifar_search_start time=20260624_191238_260069 output=20260624_191238_260069/cifar_search_extension.log
cifar_search_simple run=0 batch_size=2000 train_epochs=8 n_steps=40 m_steps=40 search_hparams=muon_lr,muon_momentum,bias_lr,head_lr cooldown_search_hparams=muon_lr,bias_lr,head_lr muon_nesterov=False initial_muon_lr=0.2 initial_muon_momentum=0.6 initial_muon_momentum_index=6 initial_bias_lr=104 initial_head_lr=1340
candidate_eval muon_lr=0.2 muon_momentum=0.6 bias_lr=100 head_lr=1300 tta_val_acc=0.8284
candidate_eval muon_lr=0.12 muon_momentum=0.6 bias_lr=100 head_lr=1300 tta_val_acc=0.8588
candidate_eval muon_lr=0.33 muon_momentum=0.6 bias_lr=100 head_lr=1300 blocked=True
candidate_eval muon_lr=0.2 muon_momentum=0.6 bias_lr=62 head_lr=1300 tta_val_acc=0.8227
candidate_eval muon_lr=0.2 muon_momentum=0.6 bias_lr=170 head_lr=1300 tta_val_acc=0.802
candidate_eval muon_lr=0.2 muon_momentum=0.6 bias_lr=100 head_lr=800 tta_val_acc=0.8182
candidate_eval muon_lr=0.2 muon_momentum=0.6 bias_lr=100 head_lr=2200 tta_val_acc=0.8205
candidate_eval muon_lr=0.072 muon_momentum=0.6 bias_lr=100 head_lr=1300 tta_val_acc=0.8904
candidate_eval muon_lr=0.12 muon_momentum=0.6 bias_lr=62 head_lr=1300 tta_val_acc=0.8751
candidate_eval muon_lr=0.12 muon_momentum=0.6 bias_lr=170 head_lr=1300 blocked=True
candidate_eval muon_lr=0.12 muon_momentum=0.6 bias_lr=100 head_lr=800 tta_val_acc=0.8654
candidate_eval muon_lr=0.12 muon_momentum=0.6 bias_lr=100 head_lr=2200 blocked=True
candidate_eval muon_lr=0.043 muon_momentum=0.6 bias_lr=100 head_lr=1300 tta_val_acc=0.9019
candidate_eval muon_lr=0.072 muon_momentum=0.6 bias_lr=62 head_lr=1300 tta_val_acc=0.898
candidate_eval muon_lr=0.072 muon_momentum=0.6 bias_lr=170 head_lr=1300 blocked=True
candidate_eval muon_lr=0.072 muon_momentum=0.6 bias_lr=100 head_lr=800 tta_val_acc=0.8943
candidate_eval muon_lr=0.072 muon_momentum=0.6 bias_lr=100 head_lr=2200 blocked=True
candidate_eval muon_lr=0.026 muon_momentum=0.6 bias_lr=100 head_lr=1300 tta_val_acc=0.9011
candidate_eval muon_lr=0.043 muon_momentum=0.6 bias_lr=62 head_lr=1300 tta_val_acc=0.9071
candidate_eval muon_lr=0.043 muon_momentum=0.6 bias_lr=170 head_lr=1300 blocked=True
candidate_eval muon_lr=0.043 muon_momentum=0.6 bias_lr=100 head_lr=800 tta_val_acc=0.9033
candidate_eval muon_lr=0.043 muon_momentum=0.6 bias_lr=100 head_lr=2200 blocked=True
candidate_eval muon_lr=0.026 muon_momentum=0.6 bias_lr=62 head_lr=1300 tta_val_acc=0.9037
candidate_eval muon_lr=0.043 muon_momentum=0.6 bias_lr=37 head_lr=1300 tta_val_acc=0.909
candidate_eval muon_lr=0.043 muon_momentum=0.6 bias_lr=62 head_lr=800 tta_val_acc=0.9076
candidate_eval muon_lr=0.043 muon_momentum=0.6 bias_lr=62 head_lr=2200 blocked=True
candidate_eval muon_lr=0.026 muon_momentum=0.6 bias_lr=37 head_lr=1300 tta_val_acc=0.9046
candidate_eval muon_lr=0.072 muon_momentum=0.6 bias_lr=37 head_lr=1300 tta_val_acc=0.9033
candidate_eval muon_lr=0.043 muon_momentum=0.6 bias_lr=22 head_lr=1300 tta_val_acc=0.9106
candidate_eval muon_lr=0.043 muon_momentum=0.6 bias_lr=37 head_lr=800 tta_val_acc=0.909
candidate_eval muon_lr=0.043 muon_momentum=0.6 bias_lr=37 head_lr=2200 tta_val_acc=0.9093
candidate_eval muon_lr=0.026 muon_momentum=0.6 bias_lr=22 head_lr=1300 tta_val_acc=0.9043
candidate_eval muon_lr=0.072 muon_momentum=0.6 bias_lr=22 head_lr=1300 tta_val_acc=0.9011
candidate_eval muon_lr=0.043 muon_momentum=0.6 bias_lr=13 head_lr=1300 tta_val_acc=0.9104
candidate_eval muon_lr=0.043 muon_momentum=0.6 bias_lr=22 head_lr=800 tta_val_acc=0.9106
candidate_eval muon_lr=0.043 muon_momentum=0.6 bias_lr=22 head_lr=2200 tta_val_acc=0.9104
search_path search=run0_bs2000_N40_M40_interval0_step0_cooldown_for_lr0_m0.6_nFalse step=0 muon_lr=0.2 muon_momentum=0.6 bias_lr=100 head_lr=1300 blocked=False tta_val_acc=0.8284
search_path search=run0_bs2000_N40_M40_interval0_step0_cooldown_for_lr0_m0.6_nFalse step=1 muon_lr=0.12 muon_momentum=0.6 bias_lr=100 head_lr=1300 blocked=False tta_val_acc=0.8588
search_path search=run0_bs2000_N40_M40_interval0_step0_cooldown_for_lr0_m0.6_nFalse step=2 muon_lr=0.072 muon_momentum=0.6 bias_lr=100 head_lr=1300 blocked=False tta_val_acc=0.8904
search_path search=run0_bs2000_N40_M40_interval0_step0_cooldown_for_lr0_m0.6_nFalse step=3 muon_lr=0.043 muon_momentum=0.6 bias_lr=100 head_lr=1300 blocked=False tta_val_acc=0.9019
search_path search=run0_bs2000_N40_M40_interval0_step0_cooldown_for_lr0_m0.6_nFalse step=4 muon_lr=0.043 muon_momentum=0.6 bias_lr=62 head_lr=1300 blocked=False tta_val_acc=0.9071
search_path search=run0_bs2000_N40_M40_interval0_step0_cooldown_for_lr0_m0.6_nFalse step=5 muon_lr=0.043 muon_momentum=0.6 bias_lr=37 head_lr=1300 blocked=False tta_val_acc=0.909
search_path search=run0_bs2000_N40_M40_interval0_step0_cooldown_for_lr0_m0.6_nFalse step=6 muon_lr=0.043 muon_momentum=0.6 bias_lr=22 head_lr=1300 blocked=False tta_val_acc=0.9106
candidate_eval muon_lr=0.2 muon_momentum=0.6 bias_lr=100 head_lr=1300 main_tta_val_acc=0.7934 best_cooldown_tta_val_acc=0.9106 tta_val_acc=0.9106
candidate_eval muon_lr=0.043 muon_momentum=0.6 bias_lr=22 head_lr=1300 tta_val_acc=0.9098
candidate_eval muon_lr=0.026 muon_momentum=0.6 bias_lr=22 head_lr=1300 tta_val_acc=0.9083
candidate_eval muon_lr=0.072 muon_momentum=0.6 bias_lr=22 head_lr=1300 tta_val_acc=0.899
candidate_eval muon_lr=0.043 muon_momentum=0.6 bias_lr=13 head_lr=1300 tta_val_acc=0.9095
candidate_eval muon_lr=0.043 muon_momentum=0.6 bias_lr=37 head_lr=1300 tta_val_acc=0.9097
candidate_eval muon_lr=0.043 muon_momentum=0.6 bias_lr=22 head_lr=800 tta_val_acc=0.9099
candidate_eval muon_lr=0.043 muon_momentum=0.6 bias_lr=22 head_lr=2200 blocked=True
candidate_eval muon_lr=0.026 muon_momentum=0.6 bias_lr=22 head_lr=800 tta_val_acc=0.9088
candidate_eval muon_lr=0.072 muon_momentum=0.6 bias_lr=22 head_lr=800 tta_val_acc=0.9019
candidate_eval muon_lr=0.043 muon_momentum=0.6 bias_lr=13 head_lr=800 tta_val_acc=0.9104
candidate_eval muon_lr=0.043 muon_momentum=0.6 bias_lr=37 head_lr=800 blocked=True
candidate_eval muon_lr=0.043 muon_momentum=0.6 bias_lr=22 head_lr=480 tta_val_acc=0.91
candidate_eval muon_lr=0.026 muon_momentum=0.6 bias_lr=13 head_lr=800 tta_val_acc=0.9088
candidate_eval muon_lr=0.072 muon_momentum=0.6 bias_lr=13 head_lr=800 tta_val_acc=0.8989
candidate_eval muon_lr=0.043 muon_momentum=0.6 bias_lr=8.1 head_lr=800 tta_val_acc=0.9098
candidate_eval muon_lr=0.043 muon_momentum=0.6 bias_lr=13 head_lr=480 tta_val_acc=0.9115
candidate_eval muon_lr=0.026 muon_momentum=0.6 bias_lr=13 head_lr=480 tta_val_acc=0.9087
candidate_eval muon_lr=0.072 muon_momentum=0.6 bias_lr=13 head_lr=480 tta_val_acc=0.8991
candidate_eval muon_lr=0.043 muon_momentum=0.6 bias_lr=8.1 head_lr=480 tta_val_acc=0.9107
candidate_eval muon_lr=0.043 muon_momentum=0.6 bias_lr=13 head_lr=290 tta_val_acc=0.9094
search_path search=run0_bs2000_N40_M40_interval0_step0_cooldown_for_lr1_m0.6_nFalse step=0 muon_lr=0.043 muon_momentum=0.6 bias_lr=22 head_lr=1300 blocked=False tta_val_acc=0.9098
search_path search=run0_bs2000_N40_M40_interval0_step0_cooldown_for_lr1_m0.6_nFalse step=1 muon_lr=0.043 muon_momentum=0.6 bias_lr=22 head_lr=800 blocked=False tta_val_acc=0.9099
search_path search=run0_bs2000_N40_M40_interval0_step0_cooldown_for_lr1_m0.6_nFalse step=2 muon_lr=0.043 muon_momentum=0.6 bias_lr=13 head_lr=800 blocked=False tta_val_acc=0.9104
search_path search=run0_bs2000_N40_M40_interval0_step0_cooldown_for_lr1_m0.6_nFalse step=3 muon_lr=0.043 muon_momentum=0.6 bias_lr=13 head_lr=480 blocked=False tta_val_acc=0.9115
candidate_eval muon_lr=0.12 muon_momentum=0.6 bias_lr=100 head_lr=1300 main_tta_val_acc=0.8372 best_cooldown_tta_val_acc=0.9115 tta_val_acc=0.9115
candidate_eval muon_lr=0.33 muon_momentum=0.6 bias_lr=100 head_lr=1300 blocked=True
candidate_eval muon_lr=0.043 muon_momentum=0.5 bias_lr=22 head_lr=1300 tta_val_acc=0.9076
candidate_eval muon_lr=0.026 muon_momentum=0.5 bias_lr=22 head_lr=1300 tta_val_acc=0.9021
candidate_eval muon_lr=0.072 muon_momentum=0.5 bias_lr=22 head_lr=1300 tta_val_acc=0.9024
candidate_eval muon_lr=0.043 muon_momentum=0.5 bias_lr=13 head_lr=1300 tta_val_acc=0.9076
candidate_eval muon_lr=0.043 muon_momentum=0.5 bias_lr=37 head_lr=1300 tta_val_acc=0.9059
candidate_eval muon_lr=0.043 muon_momentum=0.5 bias_lr=22 head_lr=800 tta_val_acc=0.9067
candidate_eval muon_lr=0.043 muon_momentum=0.5 bias_lr=22 head_lr=2200 tta_val_acc=0.9059
search_path search=run0_bs2000_N40_M40_interval0_step0_cooldown_for_lr0_m0.5_nFalse step=0 muon_lr=0.043 muon_momentum=0.5 bias_lr=22 head_lr=1300 blocked=False tta_val_acc=0.9076
candidate_eval muon_lr=0.2 muon_momentum=0.5 bias_lr=100 head_lr=1300 main_tta_val_acc=0.7931 best_cooldown_tta_val_acc=0.9076 tta_val_acc=0.9076
candidate_eval muon_lr=0.043 muon_momentum=0.7 bias_lr=22 head_lr=1300 tta_val_acc=0.9048
candidate_eval muon_lr=0.026 muon_momentum=0.7 bias_lr=22 head_lr=1300 tta_val_acc=0.9027
candidate_eval muon_lr=0.072 muon_momentum=0.7 bias_lr=22 head_lr=1300 tta_val_acc=0.8993
candidate_eval muon_lr=0.043 muon_momentum=0.7 bias_lr=13 head_lr=1300 tta_val_acc=0.9057
candidate_eval muon_lr=0.043 muon_momentum=0.7 bias_lr=37 head_lr=1300 blocked=True
candidate_eval muon_lr=0.043 muon_momentum=0.7 bias_lr=22 head_lr=800 tta_val_acc=0.9054
candidate_eval muon_lr=0.043 muon_momentum=0.7 bias_lr=22 head_lr=2200 blocked=True
candidate_eval muon_lr=0.026 muon_momentum=0.7 bias_lr=13 head_lr=1300 tta_val_acc=0.903
candidate_eval muon_lr=0.072 muon_momentum=0.7 bias_lr=13 head_lr=1300 tta_val_acc=0.8984
candidate_eval muon_lr=0.043 muon_momentum=0.7 bias_lr=8.1 head_lr=1300 tta_val_acc=0.9068
candidate_eval muon_lr=0.043 muon_momentum=0.7 bias_lr=13 head_lr=800 tta_val_acc=0.9053
candidate_eval muon_lr=0.043 muon_momentum=0.7 bias_lr=13 head_lr=2200 tta_val_acc=0.9063
candidate_eval muon_lr=0.026 muon_momentum=0.7 bias_lr=8.1 head_lr=1300 tta_val_acc=0.9036
candidate_eval muon_lr=0.072 muon_momentum=0.7 bias_lr=8.1 head_lr=1300 tta_val_acc=0.8961
candidate_eval muon_lr=0.043 muon_momentum=0.7 bias_lr=4.9 head_lr=1300 tta_val_acc=0.9056
candidate_eval muon_lr=0.043 muon_momentum=0.7 bias_lr=8.1 head_lr=800 tta_val_acc=0.9053
candidate_eval muon_lr=0.043 muon_momentum=0.7 bias_lr=8.1 head_lr=2200 tta_val_acc=0.9082
candidate_eval muon_lr=0.026 muon_momentum=0.7 bias_lr=8.1 head_lr=2200 tta_val_acc=0.9038
candidate_eval muon_lr=0.072 muon_momentum=0.7 bias_lr=8.1 head_lr=2200 tta_val_acc=0.8935
candidate_eval muon_lr=0.043 muon_momentum=0.7 bias_lr=4.9 head_lr=2200 tta_val_acc=0.9055
candidate_eval muon_lr=0.043 muon_momentum=0.7 bias_lr=8.1 head_lr=3700 tta_val_acc=0.905
search_path search=run0_bs2000_N40_M40_interval0_step0_cooldown_for_lr0_m0.7_nFalse step=0 muon_lr=0.043 muon_momentum=0.7 bias_lr=22 head_lr=1300 blocked=False tta_val_acc=0.9048
search_path search=run0_bs2000_N40_M40_interval0_step0_cooldown_for_lr0_m0.7_nFalse step=1 muon_lr=0.043 muon_momentum=0.7 bias_lr=13 head_lr=1300 blocked=False tta_val_acc=0.9057
search_path search=run0_bs2000_N40_M40_interval0_step0_cooldown_for_lr0_m0.7_nFalse step=2 muon_lr=0.043 muon_momentum=0.7 bias_lr=8.1 head_lr=1300 blocked=False tta_val_acc=0.9068
search_path search=run0_bs2000_N40_M40_interval0_step0_cooldown_for_lr0_m0.7_nFalse step=3 muon_lr=0.043 muon_momentum=0.7 bias_lr=8.1 head_lr=2200 blocked=False tta_val_acc=0.9082
candidate_eval muon_lr=0.2 muon_momentum=0.7 bias_lr=100 head_lr=1300 main_tta_val_acc=0.8141 best_cooldown_tta_val_acc=0.9082 tta_val_acc=0.9082
candidate_eval muon_lr=0.043 muon_momentum=0.6 bias_lr=22 head_lr=1300 tta_val_acc=0.9088
candidate_eval muon_lr=0.026 muon_momentum=0.6 bias_lr=22 head_lr=1300 tta_val_acc=0.9023
candidate_eval muon_lr=0.072 muon_momentum=0.6 bias_lr=22 head_lr=1300 tta_val_acc=0.9014
candidate_eval muon_lr=0.043 muon_momentum=0.6 bias_lr=13 head_lr=1300 tta_val_acc=0.9073
candidate_eval muon_lr=0.043 muon_momentum=0.6 bias_lr=37 head_lr=1300 tta_val_acc=0.908
candidate_eval muon_lr=0.043 muon_momentum=0.6 bias_lr=22 head_lr=800 tta_val_acc=0.9079
candidate_eval muon_lr=0.043 muon_momentum=0.6 bias_lr=22 head_lr=2200 tta_val_acc=0.9084
search_path search=run0_bs2000_N40_M40_interval0_step0_cooldown_for_lr0_m0.6_nFalse step=0 muon_lr=0.043 muon_momentum=0.6 bias_lr=22 head_lr=1300 blocked=False tta_val_acc=0.9088
candidate_eval muon_lr=0.2 muon_momentum=0.6 bias_lr=62 head_lr=1300 main_tta_val_acc=0.81 best_cooldown_tta_val_acc=0.9088 tta_val_acc=0.9088
candidate_eval muon_lr=0.043 muon_momentum=0.6 bias_lr=22 head_lr=1300 tta_val_acc=0.9089
candidate_eval muon_lr=0.026 muon_momentum=0.6 bias_lr=22 head_lr=1300 tta_val_acc=0.9065
candidate_eval muon_lr=0.072 muon_momentum=0.6 bias_lr=22 head_lr=1300 tta_val_acc=0.9052
candidate_eval muon_lr=0.043 muon_momentum=0.6 bias_lr=13 head_lr=1300 tta_val_acc=0.9076
candidate_eval muon_lr=0.043 muon_momentum=0.6 bias_lr=37 head_lr=1300 tta_val_acc=0.9084
candidate_eval muon_lr=0.043 muon_momentum=0.6 bias_lr=22 head_lr=800 tta_val_acc=0.9082
candidate_eval muon_lr=0.043 muon_momentum=0.6 bias_lr=22 head_lr=2200 tta_val_acc=0.9087
search_path search=run0_bs2000_N40_M40_interval0_step0_cooldown_for_lr0_m0.6_nFalse step=0 muon_lr=0.043 muon_momentum=0.6 bias_lr=22 head_lr=1300 blocked=False tta_val_acc=0.9089
candidate_eval muon_lr=0.2 muon_momentum=0.6 bias_lr=170 head_lr=1300 main_tta_val_acc=0.7804 best_cooldown_tta_val_acc=0.9089 tta_val_acc=0.9089
candidate_eval muon_lr=0.043 muon_momentum=0.6 bias_lr=22 head_lr=1300 tta_val_acc=0.9101
candidate_eval muon_lr=0.026 muon_momentum=0.6 bias_lr=22 head_lr=1300 tta_val_acc=0.9053
candidate_eval muon_lr=0.072 muon_momentum=0.6 bias_lr=22 head_lr=1300 tta_val_acc=0.9006
candidate_eval muon_lr=0.043 muon_momentum=0.6 bias_lr=13 head_lr=1300 tta_val_acc=0.9104
candidate_eval muon_lr=0.043 muon_momentum=0.6 bias_lr=37 head_lr=1300 blocked=True
candidate_eval muon_lr=0.043 muon_momentum=0.6 bias_lr=22 head_lr=800 tta_val_acc=0.9099
candidate_eval muon_lr=0.043 muon_momentum=0.6 bias_lr=22 head_lr=2200 tta_val_acc=0.9103
candidate_eval muon_lr=0.026 muon_momentum=0.6 bias_lr=13 head_lr=1300 tta_val_acc=0.9058
candidate_eval muon_lr=0.072 muon_momentum=0.6 bias_lr=13 head_lr=1300 tta_val_acc=0.8995
candidate_eval muon_lr=0.043 muon_momentum=0.6 bias_lr=8.1 head_lr=1300 tta_val_acc=0.9106
candidate_eval muon_lr=0.043 muon_momentum=0.6 bias_lr=13 head_lr=800 tta_val_acc=0.9114
candidate_eval muon_lr=0.043 muon_momentum=0.6 bias_lr=13 head_lr=2200 blocked=True
candidate_eval muon_lr=0.026 muon_momentum=0.6 bias_lr=13 head_lr=800 tta_val_acc=0.9061
candidate_eval muon_lr=0.072 muon_momentum=0.6 bias_lr=13 head_lr=800 tta_val_acc=0.8999
candidate_eval muon_lr=0.043 muon_momentum=0.6 bias_lr=8.1 head_lr=800 tta_val_acc=0.9113
candidate_eval muon_lr=0.043 muon_momentum=0.6 bias_lr=13 head_lr=480 tta_val_acc=0.9101
search_path search=run0_bs2000_N40_M40_interval0_step0_cooldown_for_lr0_m0.6_nFalse step=0 muon_lr=0.043 muon_momentum=0.6 bias_lr=22 head_lr=1300 blocked=False tta_val_acc=0.9101
search_path search=run0_bs2000_N40_M40_interval0_step0_cooldown_for_lr0_m0.6_nFalse step=1 muon_lr=0.043 muon_momentum=0.6 bias_lr=13 head_lr=1300 blocked=False tta_val_acc=0.9104
search_path search=run0_bs2000_N40_M40_interval0_step0_cooldown_for_lr0_m0.6_nFalse step=2 muon_lr=0.043 muon_momentum=0.6 bias_lr=13 head_lr=800 blocked=False tta_val_acc=0.9114
candidate_eval muon_lr=0.2 muon_momentum=0.6 bias_lr=100 head_lr=800 main_tta_val_acc=0.8043 best_cooldown_tta_val_acc=0.9114 tta_val_acc=0.9114
candidate_eval muon_lr=0.2 muon_momentum=0.6 bias_lr=100 head_lr=2200 blocked=True
candidate_eval muon_lr=0.043 muon_momentum=0.6 bias_lr=13 head_lr=480 tta_val_acc=0.903
candidate_eval muon_lr=0.026 muon_momentum=0.6 bias_lr=13 head_lr=480 tta_val_acc=0.9007
candidate_eval muon_lr=0.072 muon_momentum=0.6 bias_lr=13 head_lr=480 tta_val_acc=0.8928
candidate_eval muon_lr=0.043 muon_momentum=0.6 bias_lr=8.1 head_lr=480 tta_val_acc=0.9045
candidate_eval muon_lr=0.043 muon_momentum=0.6 bias_lr=22 head_lr=480 blocked=True
candidate_eval muon_lr=0.043 muon_momentum=0.6 bias_lr=13 head_lr=290 tta_val_acc=0.9048
candidate_eval muon_lr=0.043 muon_momentum=0.6 bias_lr=13 head_lr=800 blocked=True
candidate_eval muon_lr=0.026 muon_momentum=0.6 bias_lr=13 head_lr=290 tta_val_acc=0.9005
candidate_eval muon_lr=0.072 muon_momentum=0.6 bias_lr=13 head_lr=290 tta_val_acc=0.8901
candidate_eval muon_lr=0.043 muon_momentum=0.6 bias_lr=8.1 head_lr=290 tta_val_acc=0.9041
candidate_eval muon_lr=0.043 muon_momentum=0.6 bias_lr=22 head_lr=290 tta_val_acc=0.9033
candidate_eval muon_lr=0.043 muon_momentum=0.6 bias_lr=13 head_lr=170 tta_val_acc=0.9024
search_path search=run0_bs2000_N40_M40_interval0_step0_cooldown_for_lr2_m0.6_nFalse step=0 muon_lr=0.043 muon_momentum=0.6 bias_lr=13 head_lr=480 blocked=False tta_val_acc=0.903
search_path search=run0_bs2000_N40_M40_interval0_step0_cooldown_for_lr2_m0.6_nFalse step=1 muon_lr=0.043 muon_momentum=0.6 bias_lr=13 head_lr=290 blocked=False tta_val_acc=0.9048
candidate_eval muon_lr=0.072 muon_momentum=0.6 bias_lr=100 head_lr=1300 main_tta_val_acc=0.8402 best_cooldown_tta_val_acc=0.9048 tta_val_acc=0.9048
candidate_eval muon_lr=0.043 muon_momentum=0.5 bias_lr=13 head_lr=480 tta_val_acc=0.9046
candidate_eval muon_lr=0.026 muon_momentum=0.5 bias_lr=13 head_lr=480 tta_val_acc=0.9055
candidate_eval muon_lr=0.072 muon_momentum=0.5 bias_lr=13 head_lr=480 blocked=True
candidate_eval muon_lr=0.043 muon_momentum=0.5 bias_lr=8.1 head_lr=480 tta_val_acc=0.9059
candidate_eval muon_lr=0.043 muon_momentum=0.5 bias_lr=22 head_lr=480 blocked=True
candidate_eval muon_lr=0.043 muon_momentum=0.5 bias_lr=13 head_lr=290 tta_val_acc=0.9057
candidate_eval muon_lr=0.043 muon_momentum=0.5 bias_lr=13 head_lr=800 blocked=True
candidate_eval muon_lr=0.026 muon_momentum=0.5 bias_lr=8.1 head_lr=480 tta_val_acc=0.9058
candidate_eval muon_lr=0.072 muon_momentum=0.5 bias_lr=8.1 head_lr=480 tta_val_acc=0.8982
candidate_eval muon_lr=0.043 muon_momentum=0.5 bias_lr=4.9 head_lr=480 tta_val_acc=0.9056
candidate_eval muon_lr=0.043 muon_momentum=0.5 bias_lr=8.1 head_lr=290 tta_val_acc=0.9055
candidate_eval muon_lr=0.043 muon_momentum=0.5 bias_lr=8.1 head_lr=800 tta_val_acc=0.9057
search_path search=run0_bs2000_N40_M40_interval0_step0_cooldown_for_lr1_m0.5_nFalse step=0 muon_lr=0.043 muon_momentum=0.5 bias_lr=13 head_lr=480 blocked=False tta_val_acc=0.9046
search_path search=run0_bs2000_N40_M40_interval0_step0_cooldown_for_lr1_m0.5_nFalse step=1 muon_lr=0.043 muon_momentum=0.5 bias_lr=8.1 head_lr=480 blocked=False tta_val_acc=0.9059
candidate_eval muon_lr=0.12 muon_momentum=0.5 bias_lr=100 head_lr=1300 main_tta_val_acc=0.8436 best_cooldown_tta_val_acc=0.9059 tta_val_acc=0.9059
candidate_eval muon_lr=0.043 muon_momentum=0.7 bias_lr=13 head_lr=480 tta_val_acc=0.9089
candidate_eval muon_lr=0.026 muon_momentum=0.7 bias_lr=13 head_lr=480 tta_val_acc=0.9087
candidate_eval muon_lr=0.072 muon_momentum=0.7 bias_lr=13 head_lr=480 tta_val_acc=0.8986
candidate_eval muon_lr=0.043 muon_momentum=0.7 bias_lr=8.1 head_lr=480 tta_val_acc=0.9074
candidate_eval muon_lr=0.043 muon_momentum=0.7 bias_lr=22 head_lr=480 tta_val_acc=0.906
candidate_eval muon_lr=0.043 muon_momentum=0.7 bias_lr=13 head_lr=290 tta_val_acc=0.908
candidate_eval muon_lr=0.043 muon_momentum=0.7 bias_lr=13 head_lr=800 tta_val_acc=0.9072
search_path search=run0_bs2000_N40_M40_interval0_step0_cooldown_for_lr1_m0.7_nFalse step=0 muon_lr=0.043 muon_momentum=0.7 bias_lr=13 head_lr=480 blocked=False tta_val_acc=0.9089
candidate_eval muon_lr=0.12 muon_momentum=0.7 bias_lr=100 head_lr=1300 main_tta_val_acc=0.8459 best_cooldown_tta_val_acc=0.9089 tta_val_acc=0.9089
candidate_eval muon_lr=0.043 muon_momentum=0.6 bias_lr=13 head_lr=480 tta_val_acc=0.9122
candidate_eval muon_lr=0.026 muon_momentum=0.6 bias_lr=13 head_lr=480 tta_val_acc=0.9094
candidate_eval muon_lr=0.072 muon_momentum=0.6 bias_lr=13 head_lr=480 tta_val_acc=0.8988
candidate_eval muon_lr=0.043 muon_momentum=0.6 bias_lr=8.1 head_lr=480 tta_val_acc=0.9109
candidate_eval muon_lr=0.043 muon_momentum=0.6 bias_lr=22 head_lr=480 tta_val_acc=0.9104
candidate_eval muon_lr=0.043 muon_momentum=0.6 bias_lr=13 head_lr=290 tta_val_acc=0.9108
candidate_eval muon_lr=0.043 muon_momentum=0.6 bias_lr=13 head_lr=800 tta_val_acc=0.9123
candidate_eval muon_lr=0.026 muon_momentum=0.6 bias_lr=13 head_lr=800 tta_val_acc=0.9088
candidate_eval muon_lr=0.072 muon_momentum=0.6 bias_lr=13 head_lr=800 tta_val_acc=0.8993
candidate_eval muon_lr=0.043 muon_momentum=0.6 bias_lr=8.1 head_lr=800 tta_val_acc=0.9112
candidate_eval muon_lr=0.043 muon_momentum=0.6 bias_lr=22 head_lr=800 tta_val_acc=0.9102
candidate_eval muon_lr=0.043 muon_momentum=0.6 bias_lr=13 head_lr=1300 tta_val_acc=0.912
search_path search=run0_bs2000_N40_M40_interval0_step0_cooldown_for_lr1_m0.6_nFalse step=0 muon_lr=0.043 muon_momentum=0.6 bias_lr=13 head_lr=480 blocked=False tta_val_acc=0.9122
search_path search=run0_bs2000_N40_M40_interval0_step0_cooldown_for_lr1_m0.6_nFalse step=1 muon_lr=0.043 muon_momentum=0.6 bias_lr=13 head_lr=800 blocked=False tta_val_acc=0.9123
candidate_eval muon_lr=0.12 muon_momentum=0.6 bias_lr=62 head_lr=1300 main_tta_val_acc=0.8432 best_cooldown_tta_val_acc=0.9123 tta_val_acc=0.9123
candidate_eval muon_lr=0.12 muon_momentum=0.6 bias_lr=170 head_lr=1300 blocked=True
candidate_eval muon_lr=0.043 muon_momentum=0.6 bias_lr=13 head_lr=480 tta_val_acc=0.9084
candidate_eval muon_lr=0.026 muon_momentum=0.6 bias_lr=13 head_lr=480 tta_val_acc=0.9078
candidate_eval muon_lr=0.072 muon_momentum=0.6 bias_lr=13 head_lr=480 tta_val_acc=0.8986
candidate_eval muon_lr=0.043 muon_momentum=0.6 bias_lr=8.1 head_lr=480 tta_val_acc=0.9096
candidate_eval muon_lr=0.043 muon_momentum=0.6 bias_lr=22 head_lr=480 blocked=True
candidate_eval muon_lr=0.043 muon_momentum=0.6 bias_lr=13 head_lr=290 tta_val_acc=0.9082
candidate_eval muon_lr=0.043 muon_momentum=0.6 bias_lr=13 head_lr=800 tta_val_acc=0.9086
candidate_eval muon_lr=0.026 muon_momentum=0.6 bias_lr=8.1 head_lr=480 tta_val_acc=0.9068
candidate_eval muon_lr=0.072 muon_momentum=0.6 bias_lr=8.1 head_lr=480 tta_val_acc=0.8983
candidate_eval muon_lr=0.043 muon_momentum=0.6 bias_lr=4.9 head_lr=480 tta_val_acc=0.9095
candidate_eval muon_lr=0.043 muon_momentum=0.6 bias_lr=8.1 head_lr=290 tta_val_acc=0.9093
candidate_eval muon_lr=0.043 muon_momentum=0.6 bias_lr=8.1 head_lr=800 tta_val_acc=0.9101
candidate_eval muon_lr=0.026 muon_momentum=0.6 bias_lr=8.1 head_lr=800 tta_val_acc=0.9075
candidate_eval muon_lr=0.072 muon_momentum=0.6 bias_lr=8.1 head_lr=800 tta_val_acc=0.8977
candidate_eval muon_lr=0.043 muon_momentum=0.6 bias_lr=4.9 head_lr=800 tta_val_acc=0.9092
candidate_eval muon_lr=0.043 muon_momentum=0.6 bias_lr=8.1 head_lr=1300 tta_val_acc=0.9105
candidate_eval muon_lr=0.026 muon_momentum=0.6 bias_lr=8.1 head_lr=1300 tta_val_acc=0.9069
candidate_eval muon_lr=0.072 muon_momentum=0.6 bias_lr=8.1 head_lr=1300 tta_val_acc=0.897
candidate_eval muon_lr=0.043 muon_momentum=0.6 bias_lr=4.9 head_lr=1300 tta_val_acc=0.9095
candidate_eval muon_lr=0.043 muon_momentum=0.6 bias_lr=13 head_lr=1300 tta_val_acc=0.9091
candidate_eval muon_lr=0.043 muon_momentum=0.6 bias_lr=8.1 head_lr=2200 tta_val_acc=0.9079
search_path search=run0_bs2000_N40_M40_interval0_step0_cooldown_for_lr1_m0.6_nFalse step=0 muon_lr=0.043 muon_momentum=0.6 bias_lr=13 head_lr=480 blocked=False tta_val_acc=0.9084
search_path search=run0_bs2000_N40_M40_interval0_step0_cooldown_for_lr1_m0.6_nFalse step=1 muon_lr=0.043 muon_momentum=0.6 bias_lr=8.1 head_lr=480 blocked=False tta_val_acc=0.9096
search_path search=run0_bs2000_N40_M40_interval0_step0_cooldown_for_lr1_m0.6_nFalse step=2 muon_lr=0.043 muon_momentum=0.6 bias_lr=8.1 head_lr=800 blocked=False tta_val_acc=0.9101
search_path search=run0_bs2000_N40_M40_interval0_step0_cooldown_for_lr1_m0.6_nFalse step=3 muon_lr=0.043 muon_momentum=0.6 bias_lr=8.1 head_lr=1300 blocked=False tta_val_acc=0.9105
candidate_eval muon_lr=0.12 muon_momentum=0.6 bias_lr=100 head_lr=800 main_tta_val_acc=0.8503 best_cooldown_tta_val_acc=0.9105 tta_val_acc=0.9105
candidate_eval muon_lr=0.043 muon_momentum=0.6 bias_lr=13 head_lr=480 tta_val_acc=0.9085
candidate_eval muon_lr=0.026 muon_momentum=0.6 bias_lr=13 head_lr=480 tta_val_acc=0.9065
candidate_eval muon_lr=0.072 muon_momentum=0.6 bias_lr=13 head_lr=480 tta_val_acc=0.898
candidate_eval muon_lr=0.043 muon_momentum=0.6 bias_lr=8.1 head_lr=480 tta_val_acc=0.9078
candidate_eval muon_lr=0.043 muon_momentum=0.6 bias_lr=22 head_lr=480 tta_val_acc=0.9084
candidate_eval muon_lr=0.043 muon_momentum=0.6 bias_lr=13 head_lr=290 tta_val_acc=0.9074
candidate_eval muon_lr=0.043 muon_momentum=0.6 bias_lr=13 head_lr=800 tta_val_acc=0.9085
candidate_eval muon_lr=0.026 muon_momentum=0.6 bias_lr=13 head_lr=800 tta_val_acc=0.9065
candidate_eval muon_lr=0.072 muon_momentum=0.6 bias_lr=13 head_lr=800 tta_val_acc=0.8998
candidate_eval muon_lr=0.043 muon_momentum=0.6 bias_lr=8.1 head_lr=800 tta_val_acc=0.9078
candidate_eval muon_lr=0.043 muon_momentum=0.6 bias_lr=22 head_lr=800 tta_val_acc=0.9088
candidate_eval muon_lr=0.043 muon_momentum=0.6 bias_lr=13 head_lr=1300 tta_val_acc=0.9077
candidate_eval muon_lr=0.026 muon_momentum=0.6 bias_lr=22 head_lr=800 tta_val_acc=0.9063
candidate_eval muon_lr=0.072 muon_momentum=0.6 bias_lr=22 head_lr=800 tta_val_acc=0.8998
candidate_eval muon_lr=0.043 muon_momentum=0.6 bias_lr=37 head_lr=800 tta_val_acc=0.9088
candidate_eval muon_lr=0.043 muon_momentum=0.6 bias_lr=22 head_lr=1300 tta_val_acc=0.9074
candidate_eval muon_lr=0.026 muon_momentum=0.6 bias_lr=37 head_lr=800 tta_val_acc=0.908
candidate_eval muon_lr=0.072 muon_momentum=0.6 bias_lr=37 head_lr=800 tta_val_acc=0.8977
candidate_eval muon_lr=0.043 muon_momentum=0.6 bias_lr=62 head_lr=800 tta_val_acc=0.9065
candidate_eval muon_lr=0.043 muon_momentum=0.6 bias_lr=37 head_lr=480 tta_val_acc=0.9059
candidate_eval muon_lr=0.043 muon_momentum=0.6 bias_lr=37 head_lr=1300 tta_val_acc=0.9075
search_path search=run0_bs2000_N40_M40_interval0_step0_cooldown_for_lr1_m0.6_nFalse step=0 muon_lr=0.043 muon_momentum=0.6 bias_lr=13 head_lr=480 blocked=False tta_val_acc=0.9085
search_path search=run0_bs2000_N40_M40_interval0_step0_cooldown_for_lr1_m0.6_nFalse step=1 muon_lr=0.043 muon_momentum=0.6 bias_lr=13 head_lr=800 blocked=False tta_val_acc=0.9085
search_path search=run0_bs2000_N40_M40_interval0_step0_cooldown_for_lr1_m0.6_nFalse step=2 muon_lr=0.043 muon_momentum=0.6 bias_lr=22 head_lr=800 blocked=False tta_val_acc=0.9088
search_path search=run0_bs2000_N40_M40_interval0_step0_cooldown_for_lr1_m0.6_nFalse step=3 muon_lr=0.043 muon_momentum=0.6 bias_lr=37 head_lr=800 blocked=False tta_val_acc=0.9088
candidate_eval muon_lr=0.12 muon_momentum=0.6 bias_lr=100 head_lr=2200 main_tta_val_acc=0.819 best_cooldown_tta_val_acc=0.9088 tta_val_acc=0.9088
candidate_eval muon_lr=0.043 muon_momentum=0.6 bias_lr=13 head_lr=800 tta_val_acc=0.8999
candidate_eval muon_lr=0.026 muon_momentum=0.6 bias_lr=13 head_lr=800 tta_val_acc=0.9019
candidate_eval muon_lr=0.072 muon_momentum=0.6 bias_lr=13 head_lr=800 blocked=True
candidate_eval muon_lr=0.043 muon_momentum=0.6 bias_lr=8.1 head_lr=800 tta_val_acc=0.8996
candidate_eval muon_lr=0.043 muon_momentum=0.6 bias_lr=22 head_lr=800 tta_val_acc=0.8998
candidate_eval muon_lr=0.043 muon_momentum=0.6 bias_lr=13 head_lr=480 tta_val_acc=0.8996
candidate_eval muon_lr=0.043 muon_momentum=0.6 bias_lr=13 head_lr=1300 tta_val_acc=0.9003
candidate_eval muon_lr=0.016 muon_momentum=0.6 bias_lr=13 head_lr=800 tta_val_acc=0.8986
candidate_eval muon_lr=0.026 muon_momentum=0.6 bias_lr=8.1 head_lr=800 tta_val_acc=0.9013
candidate_eval muon_lr=0.026 muon_momentum=0.6 bias_lr=22 head_lr=800 tta_val_acc=0.9017
candidate_eval muon_lr=0.026 muon_momentum=0.6 bias_lr=13 head_lr=480 tta_val_acc=0.9017
candidate_eval muon_lr=0.026 muon_momentum=0.6 bias_lr=13 head_lr=1300 tta_val_acc=0.9026
candidate_eval muon_lr=0.016 muon_momentum=0.6 bias_lr=13 head_lr=1300 tta_val_acc=0.8978
candidate_eval muon_lr=0.026 muon_momentum=0.6 bias_lr=8.1 head_lr=1300 tta_val_acc=0.9023
candidate_eval muon_lr=0.026 muon_momentum=0.6 bias_lr=22 head_lr=1300 tta_val_acc=0.902
candidate_eval muon_lr=0.026 muon_momentum=0.6 bias_lr=13 head_lr=2200 tta_val_acc=0.9021
search_path search=run0_bs2000_N40_M40_interval0_step0_cooldown_for_lr2_m0.6_nFalse step=0 muon_lr=0.043 muon_momentum=0.6 bias_lr=13 head_lr=800 blocked=False tta_val_acc=0.8999
search_path search=run0_bs2000_N40_M40_interval0_step0_cooldown_for_lr2_m0.6_nFalse step=1 muon_lr=0.026 muon_momentum=0.6 bias_lr=13 head_lr=800 blocked=False tta_val_acc=0.9019
search_path search=run0_bs2000_N40_M40_interval0_step0_cooldown_for_lr2_m0.6_nFalse step=2 muon_lr=0.026 muon_momentum=0.6 bias_lr=13 head_lr=1300 blocked=False tta_val_acc=0.9026
candidate_eval muon_lr=0.072 muon_momentum=0.6 bias_lr=62 head_lr=1300 main_tta_val_acc=0.8437 best_cooldown_tta_val_acc=0.9026 tta_val_acc=0.9026
candidate_eval muon_lr=0.043 muon_momentum=0.5 bias_lr=13 head_lr=800 tta_val_acc=0.9043
candidate_eval muon_lr=0.026 muon_momentum=0.5 bias_lr=13 head_lr=800 tta_val_acc=0.9026
candidate_eval muon_lr=0.072 muon_momentum=0.5 bias_lr=13 head_lr=800 tta_val_acc=0.897
candidate_eval muon_lr=0.043 muon_momentum=0.5 bias_lr=8.1 head_lr=800 tta_val_acc=0.9055
candidate_eval muon_lr=0.043 muon_momentum=0.5 bias_lr=22 head_lr=800 blocked=True
candidate_eval muon_lr=0.043 muon_momentum=0.5 bias_lr=13 head_lr=480 tta_val_acc=0.9055
candidate_eval muon_lr=0.043 muon_momentum=0.5 bias_lr=13 head_lr=1300 blocked=True
candidate_eval muon_lr=0.026 muon_momentum=0.5 bias_lr=8.1 head_lr=800 tta_val_acc=0.9035
candidate_eval muon_lr=0.072 muon_momentum=0.5 bias_lr=8.1 head_lr=800 tta_val_acc=0.8946
candidate_eval muon_lr=0.043 muon_momentum=0.5 bias_lr=4.9 head_lr=800 tta_val_acc=0.9044
candidate_eval muon_lr=0.043 muon_momentum=0.5 bias_lr=8.1 head_lr=480 tta_val_acc=0.9063
candidate_eval muon_lr=0.043 muon_momentum=0.5 bias_lr=8.1 head_lr=1300 blocked=True
candidate_eval muon_lr=0.026 muon_momentum=0.5 bias_lr=8.1 head_lr=480 tta_val_acc=0.9035
candidate_eval muon_lr=0.072 muon_momentum=0.5 bias_lr=8.1 head_lr=480 tta_val_acc=0.8946
candidate_eval muon_lr=0.043 muon_momentum=0.5 bias_lr=4.9 head_lr=480 tta_val_acc=0.9051
candidate_eval muon_lr=0.043 muon_momentum=0.5 bias_lr=8.1 head_lr=290 tta_val_acc=0.9055
search_path search=run0_bs2000_N40_M40_interval0_step0_cooldown_for_lr1_m0.5_nFalse step=0 muon_lr=0.043 muon_momentum=0.5 bias_lr=13 head_lr=800 blocked=False tta_val_acc=0.9043
search_path search=run0_bs2000_N40_M40_interval0_step0_cooldown_for_lr1_m0.5_nFalse step=1 muon_lr=0.043 muon_momentum=0.5 bias_lr=8.1 head_lr=800 blocked=False tta_val_acc=0.9055
search_path search=run0_bs2000_N40_M40_interval0_step0_cooldown_for_lr1_m0.5_nFalse step=2 muon_lr=0.043 muon_momentum=0.5 bias_lr=8.1 head_lr=480 blocked=False tta_val_acc=0.9063
candidate_eval muon_lr=0.12 muon_momentum=0.5 bias_lr=62 head_lr=1300 main_tta_val_acc=0.8458 best_cooldown_tta_val_acc=0.9063 tta_val_acc=0.9063
candidate_eval muon_lr=0.043 muon_momentum=0.7 bias_lr=13 head_lr=800 tta_val_acc=0.9078
candidate_eval muon_lr=0.026 muon_momentum=0.7 bias_lr=13 head_lr=800 tta_val_acc=0.9074
candidate_eval muon_lr=0.072 muon_momentum=0.7 bias_lr=13 head_lr=800 tta_val_acc=0.8995
candidate_eval muon_lr=0.043 muon_momentum=0.7 bias_lr=8.1 head_lr=800 tta_val_acc=0.9078
candidate_eval muon_lr=0.043 muon_momentum=0.7 bias_lr=22 head_lr=800 tta_val_acc=0.9075
candidate_eval muon_lr=0.043 muon_momentum=0.7 bias_lr=13 head_lr=480 tta_val_acc=0.9065
candidate_eval muon_lr=0.043 muon_momentum=0.7 bias_lr=13 head_lr=1300 tta_val_acc=0.9081
candidate_eval muon_lr=0.026 muon_momentum=0.7 bias_lr=13 head_lr=1300 tta_val_acc=0.9072
candidate_eval muon_lr=0.072 muon_momentum=0.7 bias_lr=13 head_lr=1300 tta_val_acc=0.8974
candidate_eval muon_lr=0.043 muon_momentum=0.7 bias_lr=8.1 head_lr=1300 tta_val_acc=0.9072
candidate_eval muon_lr=0.043 muon_momentum=0.7 bias_lr=22 head_lr=1300 tta_val_acc=0.9084
candidate_eval muon_lr=0.043 muon_momentum=0.7 bias_lr=13 head_lr=2200 tta_val_acc=0.9077
candidate_eval muon_lr=0.026 muon_momentum=0.7 bias_lr=22 head_lr=1300 tta_val_acc=0.9066
candidate_eval muon_lr=0.072 muon_momentum=0.7 bias_lr=22 head_lr=1300 tta_val_acc=0.8978
candidate_eval muon_lr=0.043 muon_momentum=0.7 bias_lr=37 head_lr=1300 tta_val_acc=0.9082
candidate_eval muon_lr=0.043 muon_momentum=0.7 bias_lr=22 head_lr=2200 tta_val_acc=0.9077
search_path search=run0_bs2000_N40_M40_interval0_step0_cooldown_for_lr1_m0.7_nFalse step=0 muon_lr=0.043 muon_momentum=0.7 bias_lr=13 head_lr=800 blocked=False tta_val_acc=0.9078
search_path search=run0_bs2000_N40_M40_interval0_step0_cooldown_for_lr1_m0.7_nFalse step=1 muon_lr=0.043 muon_momentum=0.7 bias_lr=13 head_lr=1300 blocked=False tta_val_acc=0.9081
search_path search=run0_bs2000_N40_M40_interval0_step0_cooldown_for_lr1_m0.7_nFalse step=2 muon_lr=0.043 muon_momentum=0.7 bias_lr=22 head_lr=1300 blocked=False tta_val_acc=0.9084
candidate_eval muon_lr=0.12 muon_momentum=0.7 bias_lr=62 head_lr=1300 main_tta_val_acc=0.843 best_cooldown_tta_val_acc=0.9084 tta_val_acc=0.9084
candidate_eval muon_lr=0.043 muon_momentum=0.6 bias_lr=13 head_lr=800 tta_val_acc=0.9071
candidate_eval muon_lr=0.026 muon_momentum=0.6 bias_lr=13 head_lr=800 tta_val_acc=0.9061
candidate_eval muon_lr=0.072 muon_momentum=0.6 bias_lr=13 head_lr=800 tta_val_acc=0.8954
candidate_eval muon_lr=0.043 muon_momentum=0.6 bias_lr=8.1 head_lr=800 tta_val_acc=0.9092
candidate_eval muon_lr=0.043 muon_momentum=0.6 bias_lr=22 head_lr=800 blocked=True
candidate_eval muon_lr=0.043 muon_momentum=0.6 bias_lr=13 head_lr=480 tta_val_acc=0.9075
candidate_eval muon_lr=0.043 muon_momentum=0.6 bias_lr=13 head_lr=1300 blocked=True
candidate_eval muon_lr=0.026 muon_momentum=0.6 bias_lr=8.1 head_lr=800 tta_val_acc=0.9067
candidate_eval muon_lr=0.072 muon_momentum=0.6 bias_lr=8.1 head_lr=800 tta_val_acc=0.8975
candidate_eval muon_lr=0.043 muon_momentum=0.6 bias_lr=4.9 head_lr=800 tta_val_acc=0.908
candidate_eval muon_lr=0.043 muon_momentum=0.6 bias_lr=8.1 head_lr=480 tta_val_acc=0.9091
candidate_eval muon_lr=0.043 muon_momentum=0.6 bias_lr=8.1 head_lr=1300 tta_val_acc=0.9096
candidate_eval muon_lr=0.026 muon_momentum=0.6 bias_lr=8.1 head_lr=1300 tta_val_acc=0.9073
candidate_eval muon_lr=0.072 muon_momentum=0.6 bias_lr=8.1 head_lr=1300 tta_val_acc=0.8956
candidate_eval muon_lr=0.043 muon_momentum=0.6 bias_lr=4.9 head_lr=1300 tta_val_acc=0.9085
candidate_eval muon_lr=0.043 muon_momentum=0.6 bias_lr=8.1 head_lr=2200 tta_val_acc=0.9082
search_path search=run0_bs2000_N40_M40_interval0_step0_cooldown_for_lr1_m0.6_nFalse step=0 muon_lr=0.043 muon_momentum=0.6 bias_lr=13 head_lr=800 blocked=False tta_val_acc=0.9071
search_path search=run0_bs2000_N40_M40_interval0_step0_cooldown_for_lr1_m0.6_nFalse step=1 muon_lr=0.043 muon_momentum=0.6 bias_lr=8.1 head_lr=800 blocked=False tta_val_acc=0.9092
search_path search=run0_bs2000_N40_M40_interval0_step0_cooldown_for_lr1_m0.6_nFalse step=2 muon_lr=0.043 muon_momentum=0.6 bias_lr=8.1 head_lr=1300 blocked=False tta_val_acc=0.9096
candidate_eval muon_lr=0.12 muon_momentum=0.6 bias_lr=37 head_lr=1300 main_tta_val_acc=0.8369 best_cooldown_tta_val_acc=0.9096 tta_val_acc=0.9096
candidate_eval muon_lr=0.043 muon_momentum=0.6 bias_lr=13 head_lr=800 tta_val_acc=0.9094
candidate_eval muon_lr=0.026 muon_momentum=0.6 bias_lr=13 head_lr=800 tta_val_acc=0.9102
candidate_eval muon_lr=0.072 muon_momentum=0.6 bias_lr=13 head_lr=800 blocked=True
candidate_eval muon_lr=0.043 muon_momentum=0.6 bias_lr=8.1 head_lr=800 tta_val_acc=0.9094
candidate_eval muon_lr=0.043 muon_momentum=0.6 bias_lr=22 head_lr=800 tta_val_acc=0.908
candidate_eval muon_lr=0.043 muon_momentum=0.6 bias_lr=13 head_lr=480 tta_val_acc=0.9092
candidate_eval muon_lr=0.043 muon_momentum=0.6 bias_lr=13 head_lr=1300 tta_val_acc=0.908
candidate_eval muon_lr=0.016 muon_momentum=0.6 bias_lr=13 head_lr=800 tta_val_acc=0.9036
candidate_eval muon_lr=0.026 muon_momentum=0.6 bias_lr=8.1 head_lr=800 tta_val_acc=0.9104
candidate_eval muon_lr=0.026 muon_momentum=0.6 bias_lr=22 head_lr=800 blocked=True
candidate_eval muon_lr=0.026 muon_momentum=0.6 bias_lr=13 head_lr=480 tta_val_acc=0.9106
candidate_eval muon_lr=0.026 muon_momentum=0.6 bias_lr=13 head_lr=1300 blocked=True
candidate_eval muon_lr=0.016 muon_momentum=0.6 bias_lr=13 head_lr=480 tta_val_acc=0.9034
candidate_eval muon_lr=0.026 muon_momentum=0.6 bias_lr=8.1 head_lr=480 tta_val_acc=0.9098
candidate_eval muon_lr=0.026 muon_momentum=0.6 bias_lr=22 head_lr=480 tta_val_acc=0.9097
candidate_eval muon_lr=0.026 muon_momentum=0.6 bias_lr=13 head_lr=290 tta_val_acc=0.9089
search_path search=run0_bs2000_N40_M40_interval0_step0_cooldown_for_lr1_m0.6_nFalse step=0 muon_lr=0.043 muon_momentum=0.6 bias_lr=13 head_lr=800 blocked=False tta_val_acc=0.9094
search_path search=run0_bs2000_N40_M40_interval0_step0_cooldown_for_lr1_m0.6_nFalse step=1 muon_lr=0.026 muon_momentum=0.6 bias_lr=13 head_lr=800 blocked=False tta_val_acc=0.9102
search_path search=run0_bs2000_N40_M40_interval0_step0_cooldown_for_lr1_m0.6_nFalse step=2 muon_lr=0.026 muon_momentum=0.6 bias_lr=13 head_lr=480 blocked=False tta_val_acc=0.9106
candidate_eval muon_lr=0.12 muon_momentum=0.6 bias_lr=62 head_lr=800 main_tta_val_acc=0.8416 best_cooldown_tta_val_acc=0.9106 tta_val_acc=0.9106
candidate_eval muon_lr=0.043 muon_momentum=0.6 bias_lr=13 head_lr=800 tta_val_acc=0.9047
candidate_eval muon_lr=0.026 muon_momentum=0.6 bias_lr=13 head_lr=800 tta_val_acc=0.9041
candidate_eval muon_lr=0.072 muon_momentum=0.6 bias_lr=13 head_lr=800 tta_val_acc=0.8988
candidate_eval muon_lr=0.043 muon_momentum=0.6 bias_lr=8.1 head_lr=800 tta_val_acc=0.9065
candidate_eval muon_lr=0.043 muon_momentum=0.6 bias_lr=22 head_lr=800 blocked=True
candidate_eval muon_lr=0.043 muon_momentum=0.6 bias_lr=13 head_lr=480 tta_val_acc=0.9064
candidate_eval muon_lr=0.043 muon_momentum=0.6 bias_lr=13 head_lr=1300 blocked=True
candidate_eval muon_lr=0.026 muon_momentum=0.6 bias_lr=8.1 head_lr=800 tta_val_acc=0.9047
candidate_eval muon_lr=0.072 muon_momentum=0.6 bias_lr=8.1 head_lr=800 tta_val_acc=0.8986
