round=0 search_hparam=center k=0 muon_lr=0.19 bias_lr=104 head_lr=1340 -> tta_val_acc=0.9379
round=0 search_hparam=muon_lr k=-2 muon_lr=0.3 bias_lr=104 head_lr=1340 -> tta_val_acc=0.9364
round=0 search_hparam=muon_lr k=-1 muon_lr=0.24 bias_lr=104 head_lr=1340 -> tta_val_acc=0.9387
round=0 search_hparam=muon_lr k=1 muon_lr=0.15 bias_lr=104 head_lr=1340 -> tta_val_acc=0.9383
round=0 search_hparam=muon_lr k=2 muon_lr=0.12 bias_lr=104 head_lr=1340 -> tta_val_acc=0.9334
round=0 search_hparam=bias_lr k=-2 muon_lr=0.19 bias_lr=160 head_lr=1340 -> tta_val_acc=0.9392
round=0 search_hparam=bias_lr k=-1 muon_lr=0.19 bias_lr=130 head_lr=1340 -> tta_val_acc=0.9404
round=0 search_hparam=bias_lr k=1 muon_lr=0.19 bias_lr=83 head_lr=1340 -> tta_val_acc=0.9388
round=0 search_hparam=bias_lr k=2 muon_lr=0.19 bias_lr=67 head_lr=1340 -> tta_val_acc=0.938
round=0 search_hparam=head_lr k=-2 muon_lr=0.19 bias_lr=104 head_lr=2100 -> tta_val_acc=0.9363
round=0 search_hparam=head_lr k=-1 muon_lr=0.19 bias_lr=104 head_lr=1700 -> tta_val_acc=0.9366
round=0 search_hparam=head_lr k=1 muon_lr=0.19 bias_lr=104 head_lr=1100 -> tta_val_acc=0.938
round=0 search_hparam=head_lr k=2 muon_lr=0.19 bias_lr=104 head_lr=860 -> tta_val_acc=0.9395
round=1 search_hparam=center k=0 muon_lr=0.19 bias_lr=130 head_lr=1340 -> tta_val_acc=0.9404
round=1 search_hparam=muon_lr k=-2 muon_lr=0.3 bias_lr=130 head_lr=1340 -> tta_val_acc=0.9378
round=1 search_hparam=muon_lr k=-1 muon_lr=0.24 bias_lr=130 head_lr=1340 -> tta_val_acc=0.939
round=1 search_hparam=muon_lr k=1 muon_lr=0.15 bias_lr=130 head_lr=1340 -> tta_val_acc=0.9392
round=1 search_hparam=muon_lr k=2 muon_lr=0.12 bias_lr=130 head_lr=1340 -> tta_val_acc=0.9326
round=1 search_hparam=bias_lr k=-2 muon_lr=0.19 bias_lr=200 head_lr=1340 -> tta_val_acc=0.9377
round=1 search_hparam=bias_lr k=-1 muon_lr=0.19 bias_lr=160 head_lr=1340 -> tta_val_acc=0.9392
round=1 search_hparam=bias_lr k=1 muon_lr=0.19 bias_lr=100 head_lr=1340 -> tta_val_acc=0.9403
round=1 search_hparam=bias_lr k=2 muon_lr=0.19 bias_lr=83 head_lr=1340 -> tta_val_acc=0.9388
round=1 search_hparam=head_lr k=-2 muon_lr=0.19 bias_lr=130 head_lr=2100 -> tta_val_acc=0.9371
round=1 search_hparam=head_lr k=-1 muon_lr=0.19 bias_lr=130 head_lr=1700 -> tta_val_acc=0.9377
round=1 search_hparam=head_lr k=1 muon_lr=0.19 bias_lr=130 head_lr=1100 -> tta_val_acc=0.9394
round=1 search_hparam=head_lr k=2 muon_lr=0.19 bias_lr=130 head_lr=860 -> tta_val_acc=0.9397
