cifar_search_start time=20260624_192340_953342 output=20260624_192340_953342/cifar_search_extension.log
cifar_search_simple run=0 batch_size=2000 train_epochs=8 n_steps=40 m_steps=40 search_hparams=muon_lr,muon_momentum,bias_lr,head_lr cooldown_search_hparams=muon_lr,bias_lr,head_lr muon_nesterov=False initial_muon_lr=0.2 initial_muon_momentum=0.6 initial_muon_momentum_index=6 initial_bias_lr=104 initial_head_lr=1340
main hparams: muon_lr=0.2 muon_momentum=0.6 bias_lr=100 head_lr=1300 main=0.7934, best_cooldown=0.9106
search_path muon_lr=0.2 muon_momentum=0.6 bias_lr=100 head_lr=1300 -> tta_val_acc=0.8284
search_path muon_lr=0.12 muon_momentum=0.6 bias_lr=100 head_lr=1300 -> tta_val_acc=0.8588
search_path muon_lr=0.33 muon_momentum=0.6 bias_lr=100 head_lr=1300 -> blocked
search_path muon_lr=0.2 muon_momentum=0.6 bias_lr=62 head_lr=1300 -> tta_val_acc=0.8227
search_path muon_lr=0.2 muon_momentum=0.6 bias_lr=170 head_lr=1300 -> tta_val_acc=0.802
search_path muon_lr=0.2 muon_momentum=0.6 bias_lr=100 head_lr=800 -> tta_val_acc=0.8182
search_path muon_lr=0.2 muon_momentum=0.6 bias_lr=100 head_lr=2200 -> tta_val_acc=0.8205
search_path muon_lr=0.072 muon_momentum=0.6 bias_lr=100 head_lr=1300 -> tta_val_acc=0.8904
search_path muon_lr=0.12 muon_momentum=0.6 bias_lr=62 head_lr=1300 -> tta_val_acc=0.8751
search_path muon_lr=0.12 muon_momentum=0.6 bias_lr=170 head_lr=1300 -> blocked
search_path muon_lr=0.12 muon_momentum=0.6 bias_lr=100 head_lr=800 -> tta_val_acc=0.8654
search_path muon_lr=0.12 muon_momentum=0.6 bias_lr=100 head_lr=2200 -> blocked
search_path muon_lr=0.043 muon_momentum=0.6 bias_lr=100 head_lr=1300 -> tta_val_acc=0.9019
search_path muon_lr=0.072 muon_momentum=0.6 bias_lr=62 head_lr=1300 -> tta_val_acc=0.898
search_path muon_lr=0.072 muon_momentum=0.6 bias_lr=170 head_lr=1300 -> blocked
search_path muon_lr=0.072 muon_momentum=0.6 bias_lr=100 head_lr=800 -> tta_val_acc=0.8943
search_path muon_lr=0.072 muon_momentum=0.6 bias_lr=100 head_lr=2200 -> blocked
search_path muon_lr=0.026 muon_momentum=0.6 bias_lr=100 head_lr=1300 -> tta_val_acc=0.9011
search_path muon_lr=0.043 muon_momentum=0.6 bias_lr=62 head_lr=1300 -> tta_val_acc=0.9071
search_path muon_lr=0.043 muon_momentum=0.6 bias_lr=170 head_lr=1300 -> blocked
search_path muon_lr=0.043 muon_momentum=0.6 bias_lr=100 head_lr=800 -> tta_val_acc=0.9033
search_path muon_lr=0.043 muon_momentum=0.6 bias_lr=100 head_lr=2200 -> blocked
search_path muon_lr=0.026 muon_momentum=0.6 bias_lr=62 head_lr=1300 -> tta_val_acc=0.9037
search_path muon_lr=0.043 muon_momentum=0.6 bias_lr=37 head_lr=1300 -> tta_val_acc=0.909
search_path muon_lr=0.043 muon_momentum=0.6 bias_lr=62 head_lr=800 -> tta_val_acc=0.9076
search_path muon_lr=0.043 muon_momentum=0.6 bias_lr=62 head_lr=2200 -> blocked
search_path muon_lr=0.026 muon_momentum=0.6 bias_lr=37 head_lr=1300 -> tta_val_acc=0.9046
search_path muon_lr=0.072 muon_momentum=0.6 bias_lr=37 head_lr=1300 -> tta_val_acc=0.9033
search_path muon_lr=0.043 muon_momentum=0.6 bias_lr=22 head_lr=1300 -> tta_val_acc=0.9106
search_path muon_lr=0.043 muon_momentum=0.6 bias_lr=37 head_lr=800 -> tta_val_acc=0.909
search_path muon_lr=0.043 muon_momentum=0.6 bias_lr=37 head_lr=2200 -> tta_val_acc=0.9093
search_path muon_lr=0.026 muon_momentum=0.6 bias_lr=22 head_lr=1300 -> tta_val_acc=0.9043
search_path muon_lr=0.072 muon_momentum=0.6 bias_lr=22 head_lr=1300 -> tta_val_acc=0.9011
search_path muon_lr=0.043 muon_momentum=0.6 bias_lr=13 head_lr=1300 -> tta_val_acc=0.9104
search_path muon_lr=0.043 muon_momentum=0.6 bias_lr=22 head_lr=800 -> tta_val_acc=0.9106
search_path muon_lr=0.043 muon_momentum=0.6 bias_lr=22 head_lr=2200 -> tta_val_acc=0.9104
main hparams: muon_lr=0.12 muon_momentum=0.6 bias_lr=100 head_lr=1300 main=0.8372, best_cooldown=0.9115
search_path muon_lr=0.043 muon_momentum=0.6 bias_lr=22 head_lr=1300 -> tta_val_acc=0.9098
search_path muon_lr=0.026 muon_momentum=0.6 bias_lr=22 head_lr=1300 -> tta_val_acc=0.9083
search_path muon_lr=0.072 muon_momentum=0.6 bias_lr=22 head_lr=1300 -> tta_val_acc=0.899
search_path muon_lr=0.043 muon_momentum=0.6 bias_lr=13 head_lr=1300 -> tta_val_acc=0.9095
search_path muon_lr=0.043 muon_momentum=0.6 bias_lr=37 head_lr=1300 -> tta_val_acc=0.9097
search_path muon_lr=0.043 muon_momentum=0.6 bias_lr=22 head_lr=800 -> tta_val_acc=0.9099
search_path muon_lr=0.043 muon_momentum=0.6 bias_lr=22 head_lr=2200 -> blocked
search_path muon_lr=0.026 muon_momentum=0.6 bias_lr=22 head_lr=800 -> tta_val_acc=0.9088
search_path muon_lr=0.072 muon_momentum=0.6 bias_lr=22 head_lr=800 -> tta_val_acc=0.9019
search_path muon_lr=0.043 muon_momentum=0.6 bias_lr=13 head_lr=800 -> tta_val_acc=0.9104
search_path muon_lr=0.043 muon_momentum=0.6 bias_lr=37 head_lr=800 -> blocked
search_path muon_lr=0.043 muon_momentum=0.6 bias_lr=22 head_lr=480 -> tta_val_acc=0.91
search_path muon_lr=0.026 muon_momentum=0.6 bias_lr=13 head_lr=800 -> tta_val_acc=0.9088
search_path muon_lr=0.072 muon_momentum=0.6 bias_lr=13 head_lr=800 -> tta_val_acc=0.8989
search_path muon_lr=0.043 muon_momentum=0.6 bias_lr=8.1 head_lr=800 -> tta_val_acc=0.9098
search_path muon_lr=0.043 muon_momentum=0.6 bias_lr=13 head_lr=480 -> tta_val_acc=0.9115
search_path muon_lr=0.026 muon_momentum=0.6 bias_lr=13 head_lr=480 -> tta_val_acc=0.9087
search_path muon_lr=0.072 muon_momentum=0.6 bias_lr=13 head_lr=480 -> tta_val_acc=0.8991
search_path muon_lr=0.043 muon_momentum=0.6 bias_lr=8.1 head_lr=480 -> tta_val_acc=0.9107
search_path muon_lr=0.043 muon_momentum=0.6 bias_lr=13 head_lr=290 -> tta_val_acc=0.9094
main hparams: muon_lr=0.33 muon_momentum=0.6 bias_lr=100 head_lr=1300 -> blocked
main hparams: muon_lr=0.2 muon_momentum=0.5 bias_lr=100 head_lr=1300 main=0.7931, best_cooldown=0.9076
search_path muon_lr=0.043 muon_momentum=0.5 bias_lr=22 head_lr=1300 -> tta_val_acc=0.9076
search_path muon_lr=0.026 muon_momentum=0.5 bias_lr=22 head_lr=1300 -> tta_val_acc=0.9021
search_path muon_lr=0.072 muon_momentum=0.5 bias_lr=22 head_lr=1300 -> tta_val_acc=0.9024
search_path muon_lr=0.043 muon_momentum=0.5 bias_lr=13 head_lr=1300 -> tta_val_acc=0.9076
search_path muon_lr=0.043 muon_momentum=0.5 bias_lr=37 head_lr=1300 -> tta_val_acc=0.9059
search_path muon_lr=0.043 muon_momentum=0.5 bias_lr=22 head_lr=800 -> tta_val_acc=0.9067
search_path muon_lr=0.043 muon_momentum=0.5 bias_lr=22 head_lr=2200 -> tta_val_acc=0.9059
