cifar_search_simple run=0 batch_size=2000 train_epochs=8 n_steps=40 m_steps=40 search_hparams=muon_lr,muon_momentum,bias_lr,head_lr cooldown_search_hparams=muon_lr,bias_lr,head_lr muon_nesterov=False initial_muon_lr=1 initial_muon_momentum=0.6 initial_muon_momentum_index=6 initial_bias_lr=1 initial_head_lr=1
main hparams: muon_lr=1 muon_momentum=0.6 bias_lr=1 head_lr=1 main=0.5097
main hparams: muon_lr=0.6 muon_momentum=0.6 bias_lr=1 head_lr=1 main=0.629
main hparams: muon_lr=0.36 muon_momentum=0.6 bias_lr=1 head_lr=1 main=0.6875
main hparams: muon_lr=0.22 muon_momentum=0.6 bias_lr=1 head_lr=1 main=0.7931
main hparams: muon_lr=0.13 muon_momentum=0.6 bias_lr=1 head_lr=1 main=0.8207
main hparams: muon_lr=0.078 muon_momentum=0.6 bias_lr=1 head_lr=1 main=0.8071
main hparams: muon_lr=0.13 muon_momentum=0.5 bias_lr=1 head_lr=1 main=0.8068
main hparams: muon_lr=0.13 muon_momentum=0.7 bias_lr=1 head_lr=1 main=0.8052
main hparams: muon_lr=0.13 muon_momentum=0.6 bias_lr=0.6 head_lr=1 main=0.809
main hparams: muon_lr=0.13 muon_momentum=0.6 bias_lr=1.7 head_lr=1 main=0.8019
main hparams: muon_lr=0.13 muon_momentum=0.6 bias_lr=1 head_lr=0.6 main=0.805
main hparams: muon_lr=0.13 muon_momentum=0.6 bias_lr=1 head_lr=1.7 main=0.813
search_path step=0 muon_lr=1 muon_momentum=0.6 bias_lr=1 head_lr=1 tta_val_acc=0.5097
search_path step=1 muon_lr=0.13 muon_momentum=0.6 bias_lr=1 head_lr=1 tta_val_acc=0.8207
main hparams: muon_lr=0.13 muon_momentum=0.6 bias_lr=1 head_lr=1 main=0.8207, best_cooldown=0.8959
muon_lr=0.13 muon_momentum=0.6 bias_lr=1 head_lr=1 -> tta_val_acc=0.8429
muon_lr=0.078 muon_momentum=0.6 bias_lr=1 head_lr=1 -> tta_val_acc=0.8609
muon_lr=0.047 muon_momentum=0.6 bias_lr=1 head_lr=1 -> tta_val_acc=0.8736
muon_lr=0.028 muon_momentum=0.6 bias_lr=1 head_lr=1 -> tta_val_acc=0.8786
muon_lr=0.017 muon_momentum=0.6 bias_lr=1 head_lr=1 -> tta_val_acc=0.8741
muon_lr=0.028 muon_momentum=0.6 bias_lr=0.6 head_lr=1 -> tta_val_acc=0.8785
muon_lr=0.028 muon_momentum=0.6 bias_lr=1.7 head_lr=1 -> tta_val_acc=0.8794
muon_lr=0.028 muon_momentum=0.6 bias_lr=2.8 head_lr=1 -> tta_val_acc=0.8797
muon_lr=0.028 muon_momentum=0.6 bias_lr=4.6 head_lr=1 -> tta_val_acc=0.8805
muon_lr=0.028 muon_momentum=0.6 bias_lr=7.7 head_lr=1 -> tta_val_acc=0.8809
muon_lr=0.028 muon_momentum=0.6 bias_lr=13 head_lr=1 -> tta_val_acc=0.8808
muon_lr=0.017 muon_momentum=0.6 bias_lr=7.7 head_lr=1 -> tta_val_acc=0.8744
muon_lr=0.047 muon_momentum=0.6 bias_lr=7.7 head_lr=1 -> tta_val_acc=0.877
muon_lr=0.028 muon_momentum=0.6 bias_lr=7.7 head_lr=0.6 -> tta_val_acc=0.88
muon_lr=0.028 muon_momentum=0.6 bias_lr=7.7 head_lr=1.7 -> tta_val_acc=0.8817
muon_lr=0.028 muon_momentum=0.6 bias_lr=7.7 head_lr=2.8 -> tta_val_acc=0.8824
muon_lr=0.028 muon_momentum=0.6 bias_lr=7.7 head_lr=4.6 -> tta_val_acc=0.8837
muon_lr=0.028 muon_momentum=0.6 bias_lr=7.7 head_lr=7.7 -> tta_val_acc=0.8854
muon_lr=0.028 muon_momentum=0.6 bias_lr=7.7 head_lr=13 -> tta_val_acc=0.888
muon_lr=0.028 muon_momentum=0.6 bias_lr=7.7 head_lr=21 -> tta_val_acc=0.8901
muon_lr=0.028 muon_momentum=0.6 bias_lr=7.7 head_lr=36 -> tta_val_acc=0.8921
muon_lr=0.028 muon_momentum=0.6 bias_lr=7.7 head_lr=60 -> tta_val_acc=0.8935
muon_lr=0.028 muon_momentum=0.6 bias_lr=7.7 head_lr=99 -> tta_val_acc=0.895
muon_lr=0.028 muon_momentum=0.6 bias_lr=7.7 head_lr=170 -> tta_val_acc=0.8939
muon_lr=0.017 muon_momentum=0.6 bias_lr=7.7 head_lr=99 -> tta_val_acc=0.887
muon_lr=0.047 muon_momentum=0.6 bias_lr=7.7 head_lr=99 -> tta_val_acc=0.8945
muon_lr=0.028 muon_momentum=0.6 bias_lr=4.6 head_lr=99 -> tta_val_acc=0.8939
muon_lr=0.028 muon_momentum=0.6 bias_lr=13 head_lr=99 -> tta_val_acc=0.8959
muon_lr=0.028 muon_momentum=0.6 bias_lr=21 head_lr=99 -> tta_val_acc=0.8944
muon_lr=0.017 muon_momentum=0.6 bias_lr=13 head_lr=99 -> tta_val_acc=0.8869
muon_lr=0.047 muon_momentum=0.6 bias_lr=13 head_lr=99 -> tta_val_acc=0.8945
muon_lr=0.028 muon_momentum=0.6 bias_lr=13 head_lr=60 -> tta_val_acc=0.894
muon_lr=0.028 muon_momentum=0.6 bias_lr=13 head_lr=170 -> tta_val_acc=0.8945
search_path step=0 muon_lr=0.13 muon_momentum=0.6 bias_lr=1 head_lr=1 tta_val_acc=0.8429
search_path step=1 muon_lr=0.028 muon_momentum=0.6 bias_lr=1 head_lr=1 tta_val_acc=0.8786
search_path step=2 muon_lr=0.028 muon_momentum=0.6 bias_lr=7.7 head_lr=1 tta_val_acc=0.8809
search_path step=3 muon_lr=0.028 muon_momentum=0.6 bias_lr=7.7 head_lr=99 tta_val_acc=0.895
search_path step=4 muon_lr=0.028 muon_momentum=0.6 bias_lr=13 head_lr=99 tta_val_acc=0.8959
main hparams: muon_lr=0.13 muon_momentum=0.6 bias_lr=1 head_lr=1 main=0.8207, best_cooldown=0.8959
main hparams: muon_lr=0.078 muon_momentum=0.6 bias_lr=1 head_lr=1 main=0.8071, best_cooldown=0.8828
main hparams: muon_lr=0.22 muon_momentum=0.6 bias_lr=1 head_lr=1 main=0.7931, best_cooldown=0.8918
main hparams: muon_lr=0.13 muon_momentum=0.5 bias_lr=1 head_lr=1 main=0.8068, best_cooldown=0.8908
main hparams: muon_lr=0.13 muon_momentum=0.7 bias_lr=1 head_lr=1 main=0.8052, best_cooldown=0.8926
main hparams: muon_lr=0.13 muon_momentum=0.6 bias_lr=0.6 head_lr=1 main=0.809, best_cooldown=0.8942
main hparams: muon_lr=0.13 muon_momentum=0.6 bias_lr=1.7 head_lr=1 main=0.8019, best_cooldown=0.8945
main hparams: muon_lr=0.13 muon_momentum=0.6 bias_lr=1 head_lr=0.6 main=0.805, best_cooldown=0.8939
main hparams: muon_lr=0.13 muon_momentum=0.6 bias_lr=1 head_lr=1.7 main=0.813, best_cooldown=0.8938
search_path step=0 muon_lr=0.13 muon_momentum=0.6 bias_lr=1 head_lr=1 tta_val_acc=0.8959
train_hparams run=0 interval=0 start_step=0 completed_steps=40 total_steps=200 muon_lr=0.13 muon_momentum=0.6 bias_lr=1 head_lr=1 muon_nesterov=False
train_loss run=0 interval=0 step=1 loss=2.31009
train_loss run=0 interval=0 step=2 loss=2.23417
train_loss run=0 interval=0 step=3 loss=2.17924
train_loss run=0 interval=0 step=4 loss=2.12575
train_loss run=0 interval=0 step=5 loss=2.07358
train_loss run=0 interval=0 step=6 loss=2.01918
train_loss run=0 interval=0 step=7 loss=1.97494
train_loss run=0 interval=0 step=8 loss=1.96158
train_loss run=0 interval=0 step=9 loss=1.91312
train_loss run=0 interval=0 step=10 loss=1.88812
train_loss run=0 interval=0 step=11 loss=1.87773
train_loss run=0 interval=0 step=12 loss=1.84601
train_loss run=0 interval=0 step=13 loss=1.80753
train_loss run=0 interval=0 step=14 loss=1.78382
train_loss run=0 interval=0 step=15 loss=1.76643
train_loss run=0 interval=0 step=16 loss=1.75412
train_loss run=0 interval=0 step=17 loss=1.7383
train_loss run=0 interval=0 step=18 loss=1.71676
train_loss run=0 interval=0 step=19 loss=1.69458
train_loss run=0 interval=0 step=20 loss=1.67936
train_loss run=0 interval=0 step=21 loss=1.65797
train_loss run=0 interval=0 step=22 loss=1.64178
train_loss run=0 interval=0 step=23 loss=1.64582
train_loss run=0 interval=0 step=24 loss=1.62468
train_loss run=0 interval=0 step=25 loss=1.60529
train_loss run=0 interval=0 step=26 loss=1.59998
train_loss run=0 interval=0 step=27 loss=1.5798
train_loss run=0 interval=0 step=28 loss=1.5828
train_loss run=0 interval=0 step=29 loss=1.58293
train_loss run=0 interval=0 step=30 loss=1.56124
train_loss run=0 interval=0 step=31 loss=1.55742
train_loss run=0 interval=0 step=32 loss=1.55869
train_loss run=0 interval=0 step=33 loss=1.5458
train_loss run=0 interval=0 step=34 loss=1.51936
train_loss run=0 interval=0 step=35 loss=1.54204
train_loss run=0 interval=0 step=36 loss=1.52978
train_loss run=0 interval=0 step=37 loss=1.50724
train_loss run=0 interval=0 step=38 loss=1.4937
train_loss run=0 interval=0 step=39 loss=1.49555
train_loss run=0 interval=0 step=40 loss=1.48536
interval_boundary_eval run=0 interval=0 step=40 total_steps=200 tta_val_acc=0.8207
main hparams: muon_lr=0.13 muon_momentum=0.6 bias_lr=1 head_lr=1 main=0.8429, best_cooldown=0.9119
muon_lr=0.028 muon_momentum=0.6 bias_lr=13 head_lr=99 -> tta_val_acc=0.9104
muon_lr=0.017 muon_momentum=0.6 bias_lr=13 head_lr=99 -> tta_val_acc=0.911
muon_lr=0.01 muon_momentum=0.6 bias_lr=13 head_lr=99 -> tta_val_acc=0.9054
muon_lr=0.017 muon_momentum=0.6 bias_lr=7.7 head_lr=99 -> tta_val_acc=0.9119
muon_lr=0.017 muon_momentum=0.6 bias_lr=4.6 head_lr=99 -> tta_val_acc=0.911
muon_lr=0.01 muon_momentum=0.6 bias_lr=7.7 head_lr=99 -> tta_val_acc=0.905
muon_lr=0.028 muon_momentum=0.6 bias_lr=7.7 head_lr=99 -> tta_val_acc=0.9109
muon_lr=0.017 muon_momentum=0.6 bias_lr=7.7 head_lr=60 -> tta_val_acc=0.9114
muon_lr=0.017 muon_momentum=0.6 bias_lr=7.7 head_lr=170 -> tta_val_acc=0.9116
search_path step=0 muon_lr=0.028 muon_momentum=0.6 bias_lr=13 head_lr=99 tta_val_acc=0.9104
search_path step=1 muon_lr=0.017 muon_momentum=0.6 bias_lr=13 head_lr=99 tta_val_acc=0.911
search_path step=2 muon_lr=0.017 muon_momentum=0.6 bias_lr=7.7 head_lr=99 tta_val_acc=0.9119
main hparams: muon_lr=0.13 muon_momentum=0.6 bias_lr=1 head_lr=1 main=0.8429, best_cooldown=0.9119
main hparams: muon_lr=0.078 muon_momentum=0.6 bias_lr=1 head_lr=1 main=0.8609, best_cooldown=0.9115
main hparams: muon_lr=0.22 muon_momentum=0.6 bias_lr=1 head_lr=1 main=0.759, best_cooldown=0.8975
main hparams: muon_lr=0.13 muon_momentum=0.5 bias_lr=1 head_lr=1 main=0.8391, best_cooldown=0.9109
main hparams: muon_lr=0.13 muon_momentum=0.7 bias_lr=1 head_lr=1 main=0.839, best_cooldown=0.9086
main hparams: muon_lr=0.13 muon_momentum=0.6 bias_lr=0.6 head_lr=1 main=0.8355, best_cooldown=0.9098
main hparams: muon_lr=0.13 muon_momentum=0.6 bias_lr=1.7 head_lr=1 main=0.8474, best_cooldown=0.9114
main hparams: muon_lr=0.13 muon_momentum=0.6 bias_lr=1 head_lr=0.6 main=0.8408, best_cooldown=0.9105
main hparams: muon_lr=0.13 muon_momentum=0.6 bias_lr=1 head_lr=1.7 main=0.8381, best_cooldown=0.911
search_path step=0 muon_lr=0.13 muon_momentum=0.6 bias_lr=1 head_lr=1 tta_val_acc=0.9119
train_hparams run=0 interval=1 start_step=40 completed_steps=40 total_steps=200 muon_lr=0.13 muon_momentum=0.6 bias_lr=1 head_lr=1 muon_nesterov=False
train_loss run=0 interval=1 step=41 loss=1.48495
train_loss run=0 interval=1 step=42 loss=1.49352
train_loss run=0 interval=1 step=43 loss=1.45806
train_loss run=0 interval=1 step=44 loss=1.47074
train_loss run=0 interval=1 step=45 loss=1.45941
train_loss run=0 interval=1 step=46 loss=1.47652
train_loss run=0 interval=1 step=47 loss=1.45232
train_loss run=0 interval=1 step=48 loss=1.45838
train_loss run=0 interval=1 step=49 loss=1.46014
train_loss run=0 interval=1 step=50 loss=1.445
train_loss run=0 interval=1 step=51 loss=1.43476
train_loss run=0 interval=1 step=52 loss=1.44085
train_loss run=0 interval=1 step=53 loss=1.43678
train_loss run=0 interval=1 step=54 loss=1.42162
train_loss run=0 interval=1 step=55 loss=1.43391
train_loss run=0 interval=1 step=56 loss=1.44359
train_loss run=0 interval=1 step=57 loss=1.40834
train_loss run=0 interval=1 step=58 loss=1.42028
train_loss run=0 interval=1 step=59 loss=1.39616
train_loss run=0 interval=1 step=60 loss=1.40841
train_loss run=0 interval=1 step=61 loss=1.40574
train_loss run=0 interval=1 step=62 loss=1.40269
train_loss run=0 interval=1 step=63 loss=1.38939
train_loss run=0 interval=1 step=64 loss=1.38893
train_loss run=0 interval=1 step=65 loss=1.38553
train_loss run=0 interval=1 step=66 loss=1.40799
train_loss run=0 interval=1 step=67 loss=1.39104
train_loss run=0 interval=1 step=68 loss=1.38375
train_loss run=0 interval=1 step=69 loss=1.38826
train_loss run=0 interval=1 step=70 loss=1.39668
train_loss run=0 interval=1 step=71 loss=1.38991
train_loss run=0 interval=1 step=72 loss=1.3773
train_loss run=0 interval=1 step=73 loss=1.39775
train_loss run=0 interval=1 step=74 loss=1.38288
train_loss run=0 interval=1 step=75 loss=1.39423
train_loss run=0 interval=1 step=76 loss=1.35453
train_loss run=0 interval=1 step=77 loss=1.36899
train_loss run=0 interval=1 step=78 loss=1.35836
train_loss run=0 interval=1 step=79 loss=1.35603
train_loss run=0 interval=1 step=80 loss=1.34359
interval_boundary_eval run=0 interval=1 step=80 total_steps=200 tta_val_acc=0.8429
main hparams: muon_lr=0.13 muon_momentum=0.6 bias_lr=1 head_lr=1 main=0.8474, best_cooldown=0.9148
muon_lr=0.017 muon_momentum=0.6 bias_lr=7.7 head_lr=99 -> tta_val_acc=0.9146
muon_lr=0.01 muon_momentum=0.6 bias_lr=7.7 head_lr=99 -> tta_val_acc=0.911
muon_lr=0.028 muon_momentum=0.6 bias_lr=7.7 head_lr=99 -> tta_val_acc=0.9139
muon_lr=0.017 muon_momentum=0.6 bias_lr=4.6 head_lr=99 -> tta_val_acc=0.9147
muon_lr=0.017 muon_momentum=0.6 bias_lr=2.8 head_lr=99 -> tta_val_acc=0.9145
muon_lr=0.01 muon_momentum=0.6 bias_lr=4.6 head_lr=99 -> tta_val_acc=0.9096
muon_lr=0.028 muon_momentum=0.6 bias_lr=4.6 head_lr=99 -> tta_val_acc=0.9148
muon_lr=0.047 muon_momentum=0.6 bias_lr=4.6 head_lr=99 -> tta_val_acc=0.9093
muon_lr=0.028 muon_momentum=0.6 bias_lr=2.8 head_lr=99 -> tta_val_acc=0.9143
muon_lr=0.028 muon_momentum=0.6 bias_lr=4.6 head_lr=60 -> tta_val_acc=0.9146
muon_lr=0.028 muon_momentum=0.6 bias_lr=4.6 head_lr=170 -> tta_val_acc=0.9146
search_path step=0 muon_lr=0.017 muon_momentum=0.6 bias_lr=7.7 head_lr=99 tta_val_acc=0.9146
search_path step=1 muon_lr=0.017 muon_momentum=0.6 bias_lr=4.6 head_lr=99 tta_val_acc=0.9147
search_path step=2 muon_lr=0.028 muon_momentum=0.6 bias_lr=4.6 head_lr=99 tta_val_acc=0.9148
main hparams: muon_lr=0.13 muon_momentum=0.6 bias_lr=1 head_lr=1 main=0.8474, best_cooldown=0.9148
main hparams: muon_lr=0.078 muon_momentum=0.6 bias_lr=1 head_lr=1 main=0.8826, best_cooldown=0.9185
main hparams: muon_lr=0.047 muon_momentum=0.6 bias_lr=1 head_lr=1 main=0.9007, best_cooldown=0.9139
main hparams: muon_lr=0.078 muon_momentum=0.5 bias_lr=1 head_lr=1 main=0.8873, best_cooldown=0.9184
main hparams: muon_lr=0.078 muon_momentum=0.7 bias_lr=1 head_lr=1 main=0.8804, best_cooldown=0.9161
main hparams: muon_lr=0.078 muon_momentum=0.6 bias_lr=0.6 head_lr=1 main=0.8846, best_cooldown=0.9163
main hparams: muon_lr=0.078 muon_momentum=0.6 bias_lr=1.7 head_lr=1 main=0.8862, best_cooldown=0.9187
main hparams: muon_lr=0.078 muon_momentum=0.6 bias_lr=2.8 head_lr=1 main=0.8839, best_cooldown=0.9183
main hparams: muon_lr=0.047 muon_momentum=0.6 bias_lr=1.7 head_lr=1 main=0.9004, best_cooldown=0.9163
main hparams: muon_lr=0.13 muon_momentum=0.6 bias_lr=1.7 head_lr=1 main=0.8517, best_cooldown=0.9165
main hparams: muon_lr=0.078 muon_momentum=0.5 bias_lr=1.7 head_lr=1 main=0.8898, best_cooldown=0.9182
main hparams: muon_lr=0.078 muon_momentum=0.7 bias_lr=1.7 head_lr=1 main=0.8809, best_cooldown=0.9164
main hparams: muon_lr=0.078 muon_momentum=0.6 bias_lr=1.7 head_lr=0.6 main=0.886, best_cooldown=0.9185
main hparams: muon_lr=0.078 muon_momentum=0.6 bias_lr=1.7 head_lr=1.7 main=0.8851, best_cooldown=0.9179
search_path step=0 muon_lr=0.13 muon_momentum=0.6 bias_lr=1 head_lr=1 tta_val_acc=0.9148
search_path step=1 muon_lr=0.078 muon_momentum=0.6 bias_lr=1 head_lr=1 tta_val_acc=0.9185
search_path step=2 muon_lr=0.078 muon_momentum=0.6 bias_lr=1.7 head_lr=1 tta_val_acc=0.9187
main hparams: muon_lr=0.078 muon_momentum=0.6 bias_lr=1.7 head_lr=1 main=0.8862, best_cooldown=0.9216
muon_lr=0.028 muon_momentum=0.6 bias_lr=4.6 head_lr=99 -> tta_val_acc=0.9187
muon_lr=0.017 muon_momentum=0.6 bias_lr=4.6 head_lr=99 -> tta_val_acc=0.9216
muon_lr=0.01 muon_momentum=0.6 bias_lr=4.6 head_lr=99 -> tta_val_acc=0.9208
muon_lr=0.017 muon_momentum=0.6 bias_lr=2.8 head_lr=99 -> tta_val_acc=0.9211
muon_lr=0.017 muon_momentum=0.6 bias_lr=7.7 head_lr=99 -> tta_val_acc=0.9207
muon_lr=0.017 muon_momentum=0.6 bias_lr=4.6 head_lr=60 -> tta_val_acc=0.921
muon_lr=0.017 muon_momentum=0.6 bias_lr=4.6 head_lr=170 -> tta_val_acc=0.9211
search_path step=0 muon_lr=0.028 muon_momentum=0.6 bias_lr=4.6 head_lr=99 tta_val_acc=0.9187
search_path step=1 muon_lr=0.017 muon_momentum=0.6 bias_lr=4.6 head_lr=99 tta_val_acc=0.9216
main hparams: muon_lr=0.078 muon_momentum=0.6 bias_lr=1.7 head_lr=1 main=0.8862, best_cooldown=0.9216
main hparams: muon_lr=0.047 muon_momentum=0.6 bias_lr=1.7 head_lr=1 main=0.9004, best_cooldown=0.9222
main hparams: muon_lr=0.028 muon_momentum=0.6 bias_lr=1.7 head_lr=1 main=0.9042, best_cooldown=0.9205
main hparams: muon_lr=0.047 muon_momentum=0.5 bias_lr=1.7 head_lr=1 main=0.9017, best_cooldown=0.9218
main hparams: muon_lr=0.047 muon_momentum=0.7 bias_lr=1.7 head_lr=1 main=0.8976, best_cooldown=0.923
main hparams: muon_lr=0.047 muon_momentum=0.8 bias_lr=1.7 head_lr=1 main=0.8931, best_cooldown=0.9218
main hparams: muon_lr=0.028 muon_momentum=0.7 bias_lr=1.7 head_lr=1 main=0.9042, best_cooldown=0.9203
main hparams: muon_lr=0.078 muon_momentum=0.7 bias_lr=1.7 head_lr=1 main=0.8809, best_cooldown=0.9211
main hparams: muon_lr=0.047 muon_momentum=0.7 bias_lr=1 head_lr=1 main=0.896, best_cooldown=0.9231
main hparams: muon_lr=0.047 muon_momentum=0.7 bias_lr=0.6 head_lr=1 main=0.8963, best_cooldown=0.9231
main hparams: muon_lr=0.047 muon_momentum=0.7 bias_lr=0.36 head_lr=1 main=0.8968, best_cooldown=0.9223
main hparams: muon_lr=0.028 muon_momentum=0.7 bias_lr=1 head_lr=1 main=0.9043, best_cooldown=0.9209
main hparams: muon_lr=0.078 muon_momentum=0.7 bias_lr=1 head_lr=1 main=0.8804, best_cooldown=0.9198
main hparams: muon_lr=0.047 muon_momentum=0.6 bias_lr=1 head_lr=1 main=0.9007, best_cooldown=0.9219
main hparams: muon_lr=0.047 muon_momentum=0.8 bias_lr=1 head_lr=1 main=0.8917, best_cooldown=0.923
main hparams: muon_lr=0.047 muon_momentum=0.7 bias_lr=1 head_lr=0.6 main=0.8947, best_cooldown=0.9227
main hparams: muon_lr=0.047 muon_momentum=0.7 bias_lr=1 head_lr=1.7 main=0.8965, best_cooldown=0.9225
search_path step=0 muon_lr=0.078 muon_momentum=0.6 bias_lr=1.7 head_lr=1 tta_val_acc=0.9216
search_path step=1 muon_lr=0.047 muon_momentum=0.6 bias_lr=1.7 head_lr=1 tta_val_acc=0.9222
search_path step=2 muon_lr=0.047 muon_momentum=0.7 bias_lr=1.7 head_lr=1 tta_val_acc=0.923
search_path step=3 muon_lr=0.047 muon_momentum=0.7 bias_lr=1 head_lr=1 tta_val_acc=0.9231
main hparams: muon_lr=0.047 muon_momentum=0.7 bias_lr=1 head_lr=1 main=0.896, best_cooldown=0.9237
muon_lr=0.017 muon_momentum=0.7 bias_lr=4.6 head_lr=99 -> tta_val_acc=0.9231
muon_lr=0.01 muon_momentum=0.7 bias_lr=4.6 head_lr=99 -> tta_val_acc=0.9236
muon_lr=0.006 muon_momentum=0.7 bias_lr=4.6 head_lr=99 -> tta_val_acc=0.9212
muon_lr=0.01 muon_momentum=0.7 bias_lr=2.8 head_lr=99 -> tta_val_acc=0.9237
muon_lr=0.01 muon_momentum=0.7 bias_lr=1.7 head_lr=99 -> tta_val_acc=0.9227
muon_lr=0.006 muon_momentum=0.7 bias_lr=2.8 head_lr=99 -> tta_val_acc=0.9206
muon_lr=0.017 muon_momentum=0.7 bias_lr=2.8 head_lr=99 -> tta_val_acc=0.9232
muon_lr=0.01 muon_momentum=0.7 bias_lr=2.8 head_lr=60 -> tta_val_acc=0.9234
muon_lr=0.01 muon_momentum=0.7 bias_lr=2.8 head_lr=170 -> tta_val_acc=0.9231
search_path step=0 muon_lr=0.017 muon_momentum=0.7 bias_lr=4.6 head_lr=99 tta_val_acc=0.9231
search_path step=1 muon_lr=0.01 muon_momentum=0.7 bias_lr=4.6 head_lr=99 tta_val_acc=0.9236
search_path step=2 muon_lr=0.01 muon_momentum=0.7 bias_lr=2.8 head_lr=99 tta_val_acc=0.9237
main hparams: muon_lr=0.047 muon_momentum=0.7 bias_lr=1 head_lr=1 main=0.896, best_cooldown=0.9237
main hparams: muon_lr=0.028 muon_momentum=0.7 bias_lr=1 head_lr=1 main=0.9043, best_cooldown=0.9191
main hparams: muon_lr=0.078 muon_momentum=0.7 bias_lr=1 head_lr=1 main=0.8804, best_cooldown=0.9179
main hparams: muon_lr=0.047 muon_momentum=0.6 bias_lr=1 head_lr=1 main=0.9007, best_cooldown=0.9215
main hparams: muon_lr=0.047 muon_momentum=0.8 bias_lr=1 head_lr=1 main=0.8917, best_cooldown=0.9224
main hparams: muon_lr=0.047 muon_momentum=0.7 bias_lr=0.6 head_lr=1 main=0.8963, best_cooldown=0.9226
main hparams: muon_lr=0.047 muon_momentum=0.7 bias_lr=1.7 head_lr=1 main=0.8976, best_cooldown=0.9234
main hparams: muon_lr=0.047 muon_momentum=0.7 bias_lr=1 head_lr=0.6 main=0.8947, best_cooldown=0.9231
main hparams: muon_lr=0.047 muon_momentum=0.7 bias_lr=1 head_lr=1.7 main=0.8965, best_cooldown=0.9233
search_path step=0 muon_lr=0.047 muon_momentum=0.7 bias_lr=1 head_lr=1 tta_val_acc=0.9237
train_hparams run=0 interval=2 start_step=80 completed_steps=40 total_steps=200 muon_lr=0.047 muon_momentum=0.7 bias_lr=1 head_lr=1 muon_nesterov=False
train_loss run=0 interval=2 step=81 loss=1.36228
train_loss run=0 interval=2 step=82 loss=1.32308
train_loss run=0 interval=2 step=83 loss=1.30834
train_loss run=0 interval=2 step=84 loss=1.31613
train_loss run=0 interval=2 step=85 loss=1.30135
train_loss run=0 interval=2 step=86 loss=1.2823
train_loss run=0 interval=2 step=87 loss=1.28318
train_loss run=0 interval=2 step=88 loss=1.277
train_loss run=0 interval=2 step=89 loss=1.26226
train_loss run=0 interval=2 step=90 loss=1.27138
train_loss run=0 interval=2 step=91 loss=1.2551
train_loss run=0 interval=2 step=92 loss=1.26776
train_loss run=0 interval=2 step=93 loss=1.25753
train_loss run=0 interval=2 step=94 loss=1.26697
train_loss run=0 interval=2 step=95 loss=1.2634
train_loss run=0 interval=2 step=96 loss=1.24559
train_loss run=0 interval=2 step=97 loss=1.24771
train_loss run=0 interval=2 step=98 loss=1.2555
train_loss run=0 interval=2 step=99 loss=1.24861
train_loss run=0 interval=2 step=100 loss=1.2526
train_loss run=0 interval=2 step=101 loss=1.21864
train_loss run=0 interval=2 step=102 loss=1.22585
train_loss run=0 interval=2 step=103 loss=1.22334
train_loss run=0 interval=2 step=104 loss=1.22285
train_loss run=0 interval=2 step=105 loss=1.21472
train_loss run=0 interval=2 step=106 loss=1.22561
train_loss run=0 interval=2 step=107 loss=1.21481
train_loss run=0 interval=2 step=108 loss=1.2157
train_loss run=0 interval=2 step=109 loss=1.21977
train_loss run=0 interval=2 step=110 loss=1.21863
train_loss run=0 interval=2 step=111 loss=1.22029
train_loss run=0 interval=2 step=112 loss=1.2011
train_loss run=0 interval=2 step=113 loss=1.2295
train_loss run=0 interval=2 step=114 loss=1.20871
train_loss run=0 interval=2 step=115 loss=1.2058
train_loss run=0 interval=2 step=116 loss=1.20534
train_loss run=0 interval=2 step=117 loss=1.20645
train_loss run=0 interval=2 step=118 loss=1.19774
train_loss run=0 interval=2 step=119 loss=1.2065
train_loss run=0 interval=2 step=120 loss=1.19076
interval_boundary_eval run=0 interval=2 step=120 total_steps=200 tta_val_acc=0.896
main hparams: muon_lr=0.047 muon_momentum=0.7 bias_lr=1 head_lr=1 main=0.9016, best_cooldown=0.9263
muon_lr=0.01 muon_momentum=0.7 bias_lr=2.8 head_lr=99 -> tta_val_acc=0.9263
muon_lr=0.006 muon_momentum=0.7 bias_lr=2.8 head_lr=99 -> tta_val_acc=0.9261
muon_lr=0.017 muon_momentum=0.7 bias_lr=2.8 head_lr=99 -> tta_val_acc=0.926
muon_lr=0.01 muon_momentum=0.7 bias_lr=1.7 head_lr=99 -> tta_val_acc=0.9263
muon_lr=0.01 muon_momentum=0.7 bias_lr=1 head_lr=99 -> tta_val_acc=0.9257
muon_lr=0.01 muon_momentum=0.7 bias_lr=4.6 head_lr=99 -> tta_val_acc=0.9262
muon_lr=0.01 muon_momentum=0.7 bias_lr=2.8 head_lr=60 -> tta_val_acc=0.9261
muon_lr=0.01 muon_momentum=0.7 bias_lr=2.8 head_lr=170 -> tta_val_acc=0.9262
search_path step=0 muon_lr=0.01 muon_momentum=0.7 bias_lr=2.8 head_lr=99 tta_val_acc=0.9263
main hparams: muon_lr=0.047 muon_momentum=0.7 bias_lr=1 head_lr=1 main=0.9016, best_cooldown=0.9263
main hparams: muon_lr=0.028 muon_momentum=0.7 bias_lr=1 head_lr=1 main=0.9118, best_cooldown=0.9278
main hparams: muon_lr=0.017 muon_momentum=0.7 bias_lr=1 head_lr=1 main=0.9169, best_cooldown=0.927
main hparams: muon_lr=0.028 muon_momentum=0.6 bias_lr=1 head_lr=1 main=0.9153, best_cooldown=0.9277
main hparams: muon_lr=0.028 muon_momentum=0.8 bias_lr=1 head_lr=1 main=0.9086, best_cooldown=0.9283
main hparams: muon_lr=0.028 muon_momentum=0.9 bias_lr=1 head_lr=1 main=0.9033, best_cooldown=0.9262
main hparams: muon_lr=0.017 muon_momentum=0.8 bias_lr=1 head_lr=1 main=0.9154, best_cooldown=0.9283
main hparams: muon_lr=0.01 muon_momentum=0.8 bias_lr=1 head_lr=1 main=0.9164, best_cooldown=0.9266
main hparams: muon_lr=0.047 muon_momentum=0.8 bias_lr=1 head_lr=1 main=0.899, best_cooldown=0.9277
main hparams: muon_lr=0.028 muon_momentum=0.8 bias_lr=0.6 head_lr=1 main=0.9079, best_cooldown=0.9284
main hparams: muon_lr=0.028 muon_momentum=0.8 bias_lr=0.36 head_lr=1 main=0.9079, best_cooldown=0.9285
main hparams: muon_lr=0.028 muon_momentum=0.8 bias_lr=0.22 head_lr=1 main=0.9074, best_cooldown=0.9275
main hparams: muon_lr=0.017 muon_momentum=0.8 bias_lr=0.36 head_lr=1 main=0.9149, best_cooldown=0.9278
main hparams: muon_lr=0.047 muon_momentum=0.8 bias_lr=0.36 head_lr=1 main=0.8964, best_cooldown=0.9276
main hparams: muon_lr=0.028 muon_momentum=0.7 bias_lr=0.36 head_lr=1 main=0.9121, best_cooldown=0.9271
main hparams: muon_lr=0.028 muon_momentum=0.9 bias_lr=0.36 head_lr=1 main=0.9034, best_cooldown=0.926
main hparams: muon_lr=0.028 muon_momentum=0.8 bias_lr=0.36 head_lr=0.6 main=0.9075, best_cooldown=0.9286
main hparams: muon_lr=0.028 muon_momentum=0.8 bias_lr=0.36 head_lr=0.36 main=0.9079, best_cooldown=0.9276
main hparams: muon_lr=0.017 muon_momentum=0.8 bias_lr=0.36 head_lr=0.6 main=0.9148, best_cooldown=0.9278
main hparams: muon_lr=0.047 muon_momentum=0.8 bias_lr=0.36 head_lr=0.6 main=0.897, best_cooldown=0.9271
main hparams: muon_lr=0.028 muon_momentum=0.7 bias_lr=0.36 head_lr=0.6 main=0.9118, best_cooldown=0.9278
main hparams: muon_lr=0.028 muon_momentum=0.9 bias_lr=0.36 head_lr=0.6 main=0.9032, best_cooldown=0.926
main hparams: muon_lr=0.028 muon_momentum=0.8 bias_lr=0.22 head_lr=0.6 main=0.9083, best_cooldown=0.9276
main hparams: muon_lr=0.028 muon_momentum=0.8 bias_lr=0.6 head_lr=0.6 main=0.9072, best_cooldown=0.9287
main hparams: muon_lr=0.028 muon_momentum=0.8 bias_lr=1 head_lr=0.6 main=0.9086, best_cooldown=0.9281
main hparams: muon_lr=0.017 muon_momentum=0.8 bias_lr=0.6 head_lr=0.6 main=0.9149, best_cooldown=0.9283
main hparams: muon_lr=0.047 muon_momentum=0.8 bias_lr=0.6 head_lr=0.6 main=0.8971, best_cooldown=0.9266
main hparams: muon_lr=0.028 muon_momentum=0.7 bias_lr=0.6 head_lr=0.6 main=0.9119, best_cooldown=0.9271
main hparams: muon_lr=0.028 muon_momentum=0.9 bias_lr=0.6 head_lr=0.6 main=0.9031, best_cooldown=0.9256
main hparams: muon_lr=0.028 muon_momentum=0.8 bias_lr=0.6 head_lr=0.36 main=0.9077, best_cooldown=0.9284
search_path step=0 muon_lr=0.047 muon_momentum=0.7 bias_lr=1 head_lr=1 tta_val_acc=0.9263
search_path step=1 muon_lr=0.028 muon_momentum=0.7 bias_lr=1 head_lr=1 tta_val_acc=0.9278
search_path step=2 muon_lr=0.028 muon_momentum=0.8 bias_lr=1 head_lr=1 tta_val_acc=0.9283
search_path step=3 muon_lr=0.028 muon_momentum=0.8 bias_lr=0.36 head_lr=1 tta_val_acc=0.9285
search_path step=4 muon_lr=0.028 muon_momentum=0.8 bias_lr=0.36 head_lr=0.6 tta_val_acc=0.9286
search_path step=5 muon_lr=0.028 muon_momentum=0.8 bias_lr=0.6 head_lr=0.6 tta_val_acc=0.9287
main hparams: muon_lr=0.028 muon_momentum=0.8 bias_lr=0.6 head_lr=0.6 main=0.9072, best_cooldown=0.9288
muon_lr=0.01 muon_momentum=0.8 bias_lr=2.8 head_lr=99 -> tta_val_acc=0.9287
muon_lr=0.006 muon_momentum=0.8 bias_lr=2.8 head_lr=99 -> tta_val_acc=0.9271
muon_lr=0.017 muon_momentum=0.8 bias_lr=2.8 head_lr=99 -> tta_val_acc=0.9263
muon_lr=0.01 muon_momentum=0.8 bias_lr=1.7 head_lr=99 -> tta_val_acc=0.9288
muon_lr=0.01 muon_momentum=0.8 bias_lr=1 head_lr=99 -> tta_val_acc=0.9285
muon_lr=0.006 muon_momentum=0.8 bias_lr=1.7 head_lr=99 -> tta_val_acc=0.927
muon_lr=0.017 muon_momentum=0.8 bias_lr=1.7 head_lr=99 -> tta_val_acc=0.926
muon_lr=0.01 muon_momentum=0.8 bias_lr=1.7 head_lr=60 -> tta_val_acc=0.9277
muon_lr=0.01 muon_momentum=0.8 bias_lr=1.7 head_lr=170 -> tta_val_acc=0.9283
search_path step=0 muon_lr=0.01 muon_momentum=0.8 bias_lr=2.8 head_lr=99 tta_val_acc=0.9287
search_path step=1 muon_lr=0.01 muon_momentum=0.8 bias_lr=1.7 head_lr=99 tta_val_acc=0.9288
main hparams: muon_lr=0.028 muon_momentum=0.8 bias_lr=0.6 head_lr=0.6 main=0.9072, best_cooldown=0.9288
main hparams: muon_lr=0.017 muon_momentum=0.8 bias_lr=0.6 head_lr=0.6 main=0.9149, best_cooldown=0.9281
main hparams: muon_lr=0.047 muon_momentum=0.8 bias_lr=0.6 head_lr=0.6 main=0.8971, best_cooldown=0.9262
main hparams: muon_lr=0.028 muon_momentum=0.7 bias_lr=0.6 head_lr=0.6 main=0.9119, best_cooldown=0.9275
main hparams: muon_lr=0.028 muon_momentum=0.9 bias_lr=0.6 head_lr=0.6 main=0.9031, best_cooldown=0.9259
main hparams: muon_lr=0.028 muon_momentum=0.8 bias_lr=0.36 head_lr=0.6 main=0.9075, best_cooldown=0.928
main hparams: muon_lr=0.028 muon_momentum=0.8 bias_lr=1 head_lr=0.6 main=0.9086, best_cooldown=0.9281
main hparams: muon_lr=0.028 muon_momentum=0.8 bias_lr=0.6 head_lr=0.36 main=0.9077, best_cooldown=0.9287
main hparams: muon_lr=0.028 muon_momentum=0.8 bias_lr=0.6 head_lr=1 main=0.9079, best_cooldown=0.9282
search_path step=0 muon_lr=0.028 muon_momentum=0.8 bias_lr=0.6 head_lr=0.6 tta_val_acc=0.9288
train_hparams run=0 interval=3 start_step=120 completed_steps=40 total_steps=200 muon_lr=0.028 muon_momentum=0.8 bias_lr=0.6 head_lr=0.6 muon_nesterov=False
train_loss run=0 interval=3 step=121 loss=1.20416
train_loss run=0 interval=3 step=122 loss=1.19984
train_loss run=0 interval=3 step=123 loss=1.18751
train_loss run=0 interval=3 step=124 loss=1.20566
train_loss run=0 interval=3 step=125 loss=1.18286
train_loss run=0 interval=3 step=126 loss=1.17487
train_loss run=0 interval=3 step=127 loss=1.1627
train_loss run=0 interval=3 step=128 loss=1.16973
train_loss run=0 interval=3 step=129 loss=1.16728
train_loss run=0 interval=3 step=130 loss=1.16844
train_loss run=0 interval=3 step=131 loss=1.17409
train_loss run=0 interval=3 step=132 loss=1.16253
train_loss run=0 interval=3 step=133 loss=1.17096
train_loss run=0 interval=3 step=134 loss=1.14921
train_loss run=0 interval=3 step=135 loss=1.15829
train_loss run=0 interval=3 step=136 loss=1.16823
train_loss run=0 interval=3 step=137 loss=1.16167
train_loss run=0 interval=3 step=138 loss=1.1487
train_loss run=0 interval=3 step=139 loss=1.15895
train_loss run=0 interval=3 step=140 loss=1.15436
train_loss run=0 interval=3 step=141 loss=1.15202
train_loss run=0 interval=3 step=142 loss=1.16137
train_loss run=0 interval=3 step=143 loss=1.16192
train_loss run=0 interval=3 step=144 loss=1.15243
train_loss run=0 interval=3 step=145 loss=1.16568
train_loss run=0 interval=3 step=146 loss=1.15302
train_loss run=0 interval=3 step=147 loss=1.15069
train_loss run=0 interval=3 step=148 loss=1.14962
train_loss run=0 interval=3 step=149 loss=1.14989
train_loss run=0 interval=3 step=150 loss=1.16246
train_loss run=0 interval=3 step=151 loss=1.13653
train_loss run=0 interval=3 step=152 loss=1.128
train_loss run=0 interval=3 step=153 loss=1.14318
train_loss run=0 interval=3 step=154 loss=1.1191
train_loss run=0 interval=3 step=155 loss=1.14849
train_loss run=0 interval=3 step=156 loss=1.13735
train_loss run=0 interval=3 step=157 loss=1.13197
train_loss run=0 interval=3 step=158 loss=1.12702
train_loss run=0 interval=3 step=159 loss=1.14859
train_loss run=0 interval=3 step=160 loss=1.12251
interval_boundary_eval run=0 interval=3 step=160 total_steps=200 tta_val_acc=0.9072
main hparams: muon_lr=0.028 muon_momentum=0.8 bias_lr=0.6 head_lr=0.6 main=0.9157
main hparams: muon_lr=0.017 muon_momentum=0.8 bias_lr=0.6 head_lr=0.6 main=0.9205
main hparams: muon_lr=0.01 muon_momentum=0.8 bias_lr=0.6 head_lr=0.6 main=0.9228
main hparams: muon_lr=0.006 muon_momentum=0.8 bias_lr=0.6 head_lr=0.6 main=0.9231
main hparams: muon_lr=0.0036 muon_momentum=0.8 bias_lr=0.6 head_lr=0.6 main=0.9221
main hparams: muon_lr=0.006 muon_momentum=0.7 bias_lr=0.6 head_lr=0.6 main=0.9233
main hparams: muon_lr=0.006 muon_momentum=0.6 bias_lr=0.6 head_lr=0.6 main=0.9236
main hparams: muon_lr=0.006 muon_momentum=0.5 bias_lr=0.6 head_lr=0.6 main=0.9232
main hparams: muon_lr=0.0036 muon_momentum=0.6 bias_lr=0.6 head_lr=0.6 main=0.9224
main hparams: muon_lr=0.01 muon_momentum=0.6 bias_lr=0.6 head_lr=0.6 main=0.9233
main hparams: muon_lr=0.006 muon_momentum=0.6 bias_lr=0.36 head_lr=0.6 main=0.9236
main hparams: muon_lr=0.006 muon_momentum=0.6 bias_lr=0.22 head_lr=0.6 main=0.9235
main hparams: muon_lr=0.006 muon_momentum=0.6 bias_lr=1 head_lr=0.6 main=0.9237
main hparams: muon_lr=0.006 muon_momentum=0.6 bias_lr=1.7 head_lr=0.6 main=0.9237
main hparams: muon_lr=0.006 muon_momentum=0.6 bias_lr=2.8 head_lr=0.6 main=0.9238
main hparams: muon_lr=0.006 muon_momentum=0.6 bias_lr=4.6 head_lr=0.6 main=0.9238
main hparams: muon_lr=0.006 muon_momentum=0.6 bias_lr=7.7 head_lr=0.6 main=0.9245
main hparams: muon_lr=0.006 muon_momentum=0.6 bias_lr=13 head_lr=0.6 main=0.9252
main hparams: muon_lr=0.006 muon_momentum=0.6 bias_lr=21 head_lr=0.6 main=0.9251
main hparams: muon_lr=0.0036 muon_momentum=0.6 bias_lr=13 head_lr=0.6 main=0.9234
main hparams: muon_lr=0.01 muon_momentum=0.6 bias_lr=13 head_lr=0.6 main=0.9244
main hparams: muon_lr=0.006 muon_momentum=0.5 bias_lr=13 head_lr=0.6 main=0.9249
main hparams: muon_lr=0.006 muon_momentum=0.7 bias_lr=13 head_lr=0.6 main=0.9249
main hparams: muon_lr=0.006 muon_momentum=0.6 bias_lr=13 head_lr=0.36 main=0.9249
main hparams: muon_lr=0.006 muon_momentum=0.6 bias_lr=13 head_lr=1 main=0.9258
main hparams: muon_lr=0.006 muon_momentum=0.6 bias_lr=13 head_lr=1.7 main=0.926
main hparams: muon_lr=0.006 muon_momentum=0.6 bias_lr=13 head_lr=2.8 main=0.9253
main hparams: muon_lr=0.0036 muon_momentum=0.6 bias_lr=13 head_lr=1.7 main=0.9241
main hparams: muon_lr=0.01 muon_momentum=0.6 bias_lr=13 head_lr=1.7 main=0.9248
main hparams: muon_lr=0.006 muon_momentum=0.5 bias_lr=13 head_lr=1.7 main=0.9254
main hparams: muon_lr=0.006 muon_momentum=0.7 bias_lr=13 head_lr=1.7 main=0.9247
main hparams: muon_lr=0.006 muon_momentum=0.6 bias_lr=7.7 head_lr=1.7 main=0.9247
main hparams: muon_lr=0.006 muon_momentum=0.6 bias_lr=21 head_lr=1.7 main=0.925
search_path step=0 muon_lr=0.028 muon_momentum=0.8 bias_lr=0.6 head_lr=0.6 tta_val_acc=0.9157
search_path step=1 muon_lr=0.006 muon_momentum=0.8 bias_lr=0.6 head_lr=0.6 tta_val_acc=0.9231
search_path step=2 muon_lr=0.006 muon_momentum=0.6 bias_lr=0.6 head_lr=0.6 tta_val_acc=0.9236
search_path step=3 muon_lr=0.006 muon_momentum=0.6 bias_lr=13 head_lr=0.6 tta_val_acc=0.9252
search_path step=4 muon_lr=0.006 muon_momentum=0.6 bias_lr=13 head_lr=1.7 tta_val_acc=0.926
train_hparams run=0 interval=4 start_step=160 completed_steps=40 total_steps=200 muon_lr=0.006 muon_momentum=0.6 bias_lr=13 head_lr=1.7 muon_nesterov=False
train_loss run=0 interval=4 step=161 loss=1.12671
train_loss run=0 interval=4 step=162 loss=1.13047
train_loss run=0 interval=4 step=163 loss=1.1115
train_loss run=0 interval=4 step=164 loss=1.11245
train_loss run=0 interval=4 step=165 loss=1.10674
train_loss run=0 interval=4 step=166 loss=1.11106
train_loss run=0 interval=4 step=167 loss=1.10236
train_loss run=0 interval=4 step=168 loss=1.10933
train_loss run=0 interval=4 step=169 loss=1.10353
train_loss run=0 interval=4 step=170 loss=1.09341
train_loss run=0 interval=4 step=171 loss=1.10346
train_loss run=0 interval=4 step=172 loss=1.09524
train_loss run=0 interval=4 step=173 loss=1.09484
train_loss run=0 interval=4 step=174 loss=1.09294
train_loss run=0 interval=4 step=175 loss=1.08009
train_loss run=0 interval=4 step=176 loss=1.06037
train_loss run=0 interval=4 step=177 loss=1.05922
train_loss run=0 interval=4 step=178 loss=1.06239
train_loss run=0 interval=4 step=179 loss=1.05858
train_loss run=0 interval=4 step=180 loss=1.05779
train_loss run=0 interval=4 step=181 loss=1.05706
train_loss run=0 interval=4 step=182 loss=1.05433
train_loss run=0 interval=4 step=183 loss=1.05503
train_loss run=0 interval=4 step=184 loss=1.04939
train_loss run=0 interval=4 step=185 loss=1.05752
train_loss run=0 interval=4 step=186 loss=1.04948
train_loss run=0 interval=4 step=187 loss=1.05908
train_loss run=0 interval=4 step=188 loss=1.04206
train_loss run=0 interval=4 step=189 loss=1.04557
train_loss run=0 interval=4 step=190 loss=1.04544
train_loss run=0 interval=4 step=191 loss=1.04812
train_loss run=0 interval=4 step=192 loss=1.03683
train_loss run=0 interval=4 step=193 loss=1.04045
train_loss run=0 interval=4 step=194 loss=1.03448
train_loss run=0 interval=4 step=195 loss=1.03593
train_loss run=0 interval=4 step=196 loss=1.04306
train_loss run=0 interval=4 step=197 loss=1.04198
train_loss run=0 interval=4 step=198 loss=1.03333
train_loss run=0 interval=4 step=199 loss=1.0292
train_loss run=0 interval=4 step=200 loss=1.03485
Batch size:          2000
Train epochs:        8
Train steps:         200
N steps:             40
M cooldown steps:    40
Search hparams:      muon_lr,muon_momentum,bias_lr,head_lr
Cooldown hparams:    muon_lr,bias_lr,head_lr
Muon nesterov:       False
Val acc:             0.9143
TTA val acc:         0.9260
Run seconds:         737.581
