"""
airbench94_muon.py
Runs in 2.59 seconds on a 400W NVIDIA A100 using torch==2.4.1
Attains 94.01 mean accuracy (n=200 trials)
Descends from https://github.com/tysam-code/hlb-CIFAR10/blob/main/main.py
"""

#############################################
#                  Setup                    #
#############################################

import copy
import json
import os
import sys
import time
from bisect import bisect_left, bisect_right
from datetime import datetime, timezone
from itertools import product
from math import ceil, isfinite, log

if __name__ == "__main__":
    os.makedirs("logs", exist_ok=True)
    timestamp = datetime.now(timezone.utc).strftime("%Y%m%d_%H%M%S_%fZ")
    log_path = os.path.join("logs", f"cifar_baseline_{timestamp}_{os.getpid()}.log")
    log_file = open(log_path, "x", encoding="utf-8", buffering=1)
    sys.stdout = sys.stderr = log_file
    with open(__file__, encoding="utf-8") as source_file:
        print(source_file.read(), end="")
    print("\n\n# Run output\n", flush=True)

import torch
from torch import nn
import torch.nn.functional as F
import torchvision
import torchvision.transforms as T


def _cuda_capability():
    if not torch.cuda.is_available():
        return (0, 0)
    return torch.cuda.get_device_capability(0)


CUDA_CAPABILITY = _cuda_capability()
IS_AMPERE_OR_NEWER = CUDA_CAPABILITY[0] >= 8
USE_CUDNN_BENCHMARK = False
USE_TF32 = IS_AMPERE_OR_NEWER

torch.backends.cudnn.benchmark = USE_CUDNN_BENCHMARK
torch.backends.cudnn.allow_tf32 = USE_TF32
torch.backends.cuda.matmul.allow_tf32 = USE_TF32

USE_COMPILED_MUON = False
MUON_DTYPE = torch.bfloat16
TRAINING_SEED = 0


def set_training_seed():
    torch.manual_seed(TRAINING_SEED)
    if torch.cuda.is_available():
        torch.cuda.manual_seed_all(TRAINING_SEED)


def round_hparam(value):
    """Round numeric hyperparameters to two significant figures, preserving types."""
    if isinstance(value, bool) or not isinstance(value, (int, float)):
        return value
    rounded = float(f"{value:.2g}")
    return int(rounded) if isinstance(value, int) else rounded


#############################################
#                Optimizer                  #
#############################################


def zeropower_via_newtonschulz5(G, steps, eps):
    r"""
    Newton-Schulz iteration to compute the zeroth power / orthogonalization of G. We opt to use a
    quintic iteration whose coefficients are selected to maximize the slope at zero. For the purpose
    of minimizing steps, it turns out to be empirically effective to keep increasing the slope at
    zero even beyond the point where the iteration no longer converges all the way to one everywhere
    on the interval. This iteration therefore does not produce UV^T but rather something like US'V^T
    where S' is diagonal with S_{ii}' \sim Uniform(0.5, 1.5), which turns out not to hurt model
    performance at all relative to UV^T, where USV^T = G is the SVD.
    """
    assert len(G.shape) == 2
    a, b, c = (3.4445, -4.7750, 2.0315)
    X = G.to(MUON_DTYPE)
    X /= X.norm() + eps  # ensure top singular value <= 1
    if G.size(0) > G.size(1):
        X = X.T
    for _ in range(steps):
        A = X @ X.T
        B = b * A + c * A @ A
        X = a * X + B @ X
    if G.size(0) > G.size(1):
        X = X.T
    return X


if USE_COMPILED_MUON:
    zeropower_via_newtonschulz5 = torch.compile(zeropower_via_newtonschulz5)


INPUT_CONDITIONER_FIELDS = {
    "svd_mean_percentage_damping",
    "input_conditioner_momentum",
}
ALGORITHM_FIELDS = {
    "sgd": set(),
    "muon": {"ns_steps", "ns_eps"},
    "sgdh": {"normalization_eps"},
    "input_conditioned": INPUT_CONDITIONER_FIELDS,
}


def require_fields(values, required, label):
    missing, extra = required - values.keys(), values.keys() - required
    if missing or extra:
        raise ValueError(
            f"{label}: missing fields {sorted(missing)}; unexpected fields {sorted(extra)}"
        )


def input_conditioner_options(group):
    options = {}
    for name in INPUT_CONDITIONER_FIELDS:
        if name not in group:
            raise ValueError(f"input_conditioned: missing required field {name}")
        value = group[name]
        if (
            isinstance(value, bool)
            or not isinstance(value, (int, float))
            or not isfinite(value)
        ):
            raise ValueError(f"{name} must be a finite number")
        value = round_hparam(value)
        if name == "input_conditioner_momentum" and not 0 <= value < 1:
            raise ValueError("input_conditioner_momentum must be in [0, 1)")
        if value < 0:
            raise ValueError(f"{name} must be nonnegative")
        options[name] = value
    return options


class GroupOptimizer(torch.optim.Optimizer):
    """Apply SGD, Muon, SGDH, or an input-conditioned update per group."""

    def __init__(self, param_groups):
        for group in param_groups:
            self.validate_group(group, runtime=True)
        super().__init__(param_groups, defaults={})
        self._input_covariances = {}
        for group in self.param_groups:
            group["lr"] = round_hparam(group["lr"])
            group["momentum"] = round_hparam(group["momentum"])
            name = group["name"]
            if group["algorithm"] not in ("sgd", "muon", "sgdh", "input_conditioned"):
                raise ValueError(f"{name}: unknown algorithm {group['algorithm']!r}")
            if group["lr"] < 0:
                raise ValueError(f"{name}: learning rate must be nonnegative")
            if group["momentum"] < 0:
                raise ValueError(f"{name}: momentum must be nonnegative")
            if (
                group["algorithm"] in ("sgd", "input_conditioned")
                and group["nesterov"]
                and group["momentum"] <= 0
            ):
                raise ValueError(f"{name}: Nesterov requires positive momentum")
            if group["algorithm"] in ("muon", "sgdh") and any(
                p.ndim < 2 for p in group["params"]
            ):
                raise ValueError(
                    f"{name}: {group['algorithm']} requires parameters with at least 2 dimensions"
                )
            if group["algorithm"] == "input_conditioned" and any(
                p.ndim != 2 for p in group["params"]
            ):
                raise ValueError(
                    f"{name}: input_conditioned currently supports linear weight matrices"
                )
            if group["algorithm"] == "input_conditioned":
                group.update(input_conditioner_options(group))

    @staticmethod
    def validate_group(group, runtime):
        if "algorithm" not in group or group["algorithm"] not in ALGORITHM_FIELDS:
            raise ValueError("Optimizer group requires a known algorithm")
        required = {"algorithm", "momentum", "nesterov"} | ALGORITHM_FIELDS[
            group["algorithm"]
        ]
        required |= {"name", "params", "lr"} if runtime else {"lr_scheduler"}
        require_fields(group, required, f"{group['algorithm']} group")
        if not isinstance(group["nesterov"], bool):
            raise ValueError("nesterov must be a boolean")
        if (
            group["algorithm"] in ("sgd", "input_conditioned")
            and group["nesterov"]
            and group["momentum"] == 0
        ):
            raise ValueError("Nesterov requires positive momentum")
        fields = ({"lr", "momentum"} if runtime else {"momentum"}) | (
            ALGORITHM_FIELDS[group["algorithm"]] - {"ns_steps"}
        )
        for field in fields:
            value = group[field]
            if (
                isinstance(value, bool)
                or not isinstance(value, (int, float))
                or not isfinite(value)
                or value < 0
            ):
                raise ValueError(f"{field} must be a nonnegative finite number")
        if group["algorithm"] == "muon":
            steps = group["ns_steps"]
            if isinstance(steps, bool) or not isinstance(steps, int) or steps <= 0:
                raise ValueError("ns_steps must be a positive integer")
        if group["algorithm"] == "sgdh" and group["normalization_eps"] <= 0:
            raise ValueError("normalization_eps must be positive")
        if group["algorithm"] == "input_conditioned":
            input_conditioner_options(group)

    @torch.no_grad()
    def record_input(self, parameter, inputs):
        """Record X.T @ X / N for a weight matrix stored as [outputs, inputs]."""
        if (
            inputs.ndim != 2
            or inputs.shape[0] == 0
            or inputs.shape[1] != parameter.shape[1]
        ):
            raise ValueError(
                "input_conditioned expects a nonempty N x D input matching the weight's input dimension"
            )
        dtype = torch.float64 if inputs.dtype == torch.float64 else torch.float32
        with torch.autocast(device_type=inputs.device.type, enabled=False):
            x = inputs.detach().to(dtype)
            self._input_covariances[parameter] = (x.T @ x) / len(x)

    def bind_input_layers(self, model):
        """Attach input capture to selected Linear weights; replace hooks from earlier runs."""
        for handle in getattr(model, "_input_conditioned_hooks", []):
            handle.remove()
        model._input_conditioned_hooks = []
        modules = {
            module.weight: module
            for module in model.modules()
            if isinstance(module, nn.Linear)
        }
        selected = [
            p
            for group in self.param_groups
            if group["algorithm"] == "input_conditioned"
            for p in group["params"]
        ]
        if any(p not in modules for p in selected):
            raise ValueError(
                "input_conditioned input capture currently supports nn.Linear weights only"
            )

        def capture(module, args):
            # Validation also uses model.train(), so check autograd as well.
            if module.training and torch.is_grad_enabled():
                self.record_input(module.weight, args[0])

        for parameter in selected:
            model._input_conditioned_hooks.append(
                modules[parameter].register_forward_pre_hook(capture)
            )

    def zero_grad(self, set_to_none):
        super().zero_grad(set_to_none=set_to_none)
        self._input_covariances.clear()

    def load_state_dict(self, state_dict):
        for group in state_dict["param_groups"]:
            self.validate_group(group, runtime=True)
        result = super().load_state_dict(state_dict)
        # Optimizer loading casts floating state to the parameter dtype. Restore
        # the covariance EMA separately to preserve FP32 with FP16 weights, and
        # give it independent storage so updates cannot modify the checkpoint.
        for group, saved_group in zip(self.param_groups, state_dict["param_groups"]):
            for parameter, index in zip(group["params"], saved_group["params"]):
                covariance = state_dict["state"].get(index, {}).get("input_covariance")
                if covariance is not None:
                    self.state[parameter]["input_covariance"] = covariance.to(
                        parameter.device
                    ).clone()
        # The current batch's covariance is transient; only its EMA is checkpointed.
        self._input_covariances.clear()
        return result

    @torch.no_grad()
    def step(self):
        for group in self.param_groups:
            lr = group["lr"] = round_hparam(group["lr"])
            momentum = group["momentum"]
            if group["algorithm"] == "input_conditioned":
                group.update(input_conditioner_options(group))
            for p in group["params"]:
                g = p.grad
                if g is None:
                    continue
                covariance = None
                if group["algorithm"] == "input_conditioned":
                    covariance = self._input_covariances.pop(p, None)
                    if lr != 0 and covariance is None:
                        raise RuntimeError(
                            "input_conditioned needs inputs from the current training forward"
                        )
                    if covariance is not None:
                        state = self.state[p]
                        if "input_covariance" not in state:
                            state["input_covariance"] = covariance.clone()
                        else:
                            beta = group["input_conditioner_momentum"]
                            state["input_covariance"].mul_(beta).add_(
                                covariance, alpha=1 - beta
                            )
                        covariance = state["input_covariance"]
                if momentum or group["algorithm"] in ("muon", "sgdh"):
                    state = self.state[p]
                    if "momentum_buffer" not in state:
                        state["momentum_buffer"] = g.clone()
                    elif momentum == 0:
                        # Zero momentum uses the raw gradient and clears old history.
                        state["momentum_buffer"].copy_(g)
                    else:
                        state["momentum_buffer"].mul_(momentum).add_(g)
                    buf = state["momentum_buffer"]
                    g = (
                        g.add(buf, alpha=momentum)
                        if group["nesterov"] and momentum
                        else buf
                    )

                # A zero learning rate must leave weights unchanged for every algorithm.
                if lr == 0:
                    self._input_covariances.pop(p, None)
                    continue
                if group["algorithm"] == "muon":
                    p.mul_(len(p) ** 0.5 / p.norm())  # normalize the weight
                    g = zeropower_via_newtonschulz5(
                        g.reshape(len(g), -1),
                        steps=group["ns_steps"],
                        eps=group["ns_eps"],
                    ).view(g.shape)  # whiten the update
                elif group["algorithm"] == "sgdh":
                    # Without Nesterov (or at zero momentum), g aliases the buffer.
                    # Normalize a working copy so future steps retain raw momentum.
                    if g is self.state[p]["momentum_buffer"]:
                        g = g.clone()
                    channel_dims = tuple(range(1, p.ndim))
                    p.div_(
                        p.norm(p=2, dim=channel_dims, keepdim=True).clamp_min_(
                            group["normalization_eps"]
                        )
                    )
                    g.div_(
                        g.norm(p=2, dim=channel_dims, keepdim=True).clamp_min_(
                            group["normalization_eps"]
                        )
                    )
                elif group["algorithm"] == "input_conditioned":
                    with torch.autocast(device_type=p.device.type, enabled=False):
                        alpha = group["svd_mean_percentage_damping"]
                        if alpha == 0:
                            # Explicitly disabling damping retains the pseudoinverse.
                            g = (
                                g.to(covariance.dtype)
                                @ torch.linalg.pinv(covariance, hermitian=True)
                            ).to(g.dtype)
                        else:
                            # alpha is a fraction of the mean covariance eigenvalue.
                            damping = alpha * covariance.diagonal().mean()
                            if damping > 0:
                                damped = covariance.clone()
                                damped.diagonal().add_(damping)
                                g = torch.linalg.solve(
                                    damped, g.to(covariance.dtype).T
                                ).T.to(g.dtype)
                            else:
                                # Zero inputs give zero covariance and zero pseudoinverse.
                                g = torch.zeros_like(g)
                p.add_(g, alpha=-lr)


#############################################
#                DataLoader                 #
#############################################

CIFAR_MEAN = torch.tensor((0.4914, 0.4822, 0.4465))
CIFAR_STD = torch.tensor((0.2470, 0.2435, 0.2616))


def batch_flip_lr(inputs):
    flip_mask = (torch.rand(len(inputs), device=inputs.device) < 0.5).view(-1, 1, 1, 1)
    return torch.where(flip_mask, inputs.flip(-1), inputs)


def batch_crop(images, crop_size):
    r = (images.size(-1) - crop_size) // 2
    shifts = torch.randint(-r, r + 1, size=(len(images), 2), device=images.device)
    y = torch.arange(crop_size, device=images.device).view(1, crop_size, 1)
    x = torch.arange(crop_size, device=images.device).view(1, 1, crop_size)
    y_idx = y + (r + shifts[:, 0]).view(-1, 1, 1)
    x_idx = x + (r + shifts[:, 1]).view(-1, 1, 1)
    gathered_rows = images.gather(
        2, y_idx[:, None, :, :].expand(-1, images.size(1), -1, images.size(-1))
    )
    return gathered_rows.gather(
        3, x_idx[:, None, :, :].expand(-1, images.size(1), crop_size, crop_size)
    )


class CifarLoader:
    def __init__(self, path, train, batch_size, aug):
        data_path = os.path.join(path, "train.pt" if train else "test.pt")
        if not os.path.exists(data_path):
            dset = torchvision.datasets.CIFAR10(path, download=True, train=train)
            images = torch.tensor(dset.data)
            labels = torch.tensor(dset.targets)
            torch.save(
                {"images": images, "labels": labels, "classes": dset.classes}, data_path
            )

        data = torch.load(data_path, map_location=torch.device("cuda"))
        self.images, self.labels, self.classes = (
            data["images"],
            data["labels"],
            data["classes"],
        )
        # It's faster to load+process uint8 data than to load preprocessed data
        self.images = (
            (self.images.float() / 255)
            .permute(0, 3, 1, 2)
            .to(memory_format=torch.channels_last)
        )

        self.normalize = T.Normalize(CIFAR_MEAN, CIFAR_STD)
        self.proc_images = {}  # Saved results of image processing to be done on the first epoch
        self.epoch = 0

        require_fields(aug, {"flip", "translate"}, "augmentation")
        self.aug = aug

        self.batch_size = batch_size
        self.drop_last = train
        self.shuffle = train

    def _ensure_proc_images(self):
        if "norm" in self.proc_images:
            return
        images = self.proc_images["norm"] = self.normalize(self.images)
        if self.aug["flip"]:
            images = self.proc_images["flip"] = batch_flip_lr(images)
        pad = self.aug["translate"]
        if pad > 0:
            self.proc_images["pad"] = F.pad(images, (pad,) * 4, "reflect")

    def normalized_images(self):
        self._ensure_proc_images()
        return self.proc_images["norm"]

    def __len__(self):
        return (
            len(self.images) // self.batch_size
            if self.drop_last
            else ceil(len(self.images) / self.batch_size)
        )

    def prepare_epoch(self):
        if self.epoch == 0:
            self._ensure_proc_images()

        if self.aug["translate"] > 0:
            images = batch_crop(self.proc_images["pad"], self.images.shape[-2])
        elif self.aug["flip"]:
            images = self.proc_images["flip"]
        else:
            images = self.proc_images["norm"]
        # Flip all images together every other epoch. This increases diversity relative to random flipping
        if self.aug["flip"]:
            if self.epoch % 2 == 1:
                images = images.flip(-1)

        self.epoch += 1

        return images

    def epoch_indices(self, images):
        return (torch.randperm if self.shuffle else torch.arange)(
            len(images), device=images.device
        )

    def __iter__(self):
        images = self.prepare_epoch()
        indices = self.epoch_indices(images)
        for i in range(len(self)):
            idxs = indices[i * self.batch_size : (i + 1) * self.batch_size]
            yield (images[idxs], self.labels[idxs])


class TrainingBatchStream:
    """A replayable batch cursor; epoch tensors are immutable and shared by snapshots."""

    def __init__(self, loader, fixed_batch):
        self.loader = loader
        self.fixed_batch = fixed_batch
        self.images = self.indices = None
        self.batch_index = 0

    def next_batch(self):
        if self.fixed_batch is not None:
            return self.fixed_batch
        if self.images is None or self.batch_index == len(self.loader):
            self.images = self.loader.prepare_epoch()
            self.indices = self.loader.epoch_indices(self.images)
            self.batch_index = 0
        start = self.batch_index * self.loader.batch_size
        indices = self.indices[start : start + self.loader.batch_size]
        self.batch_index += 1
        return self.images[indices], self.loader.labels[indices]

    def state_dict(self):
        return self.images, self.indices, self.batch_index, self.loader.epoch

    def load_state_dict(self, state):
        self.images, self.indices, self.batch_index, self.loader.epoch = state


#############################################
#            Network Definition             #
#############################################


# note the use of low BatchNorm stats momentum
class BatchNorm(nn.BatchNorm2d):
    def __init__(self, num_features, momentum, eps):
        super().__init__(num_features, eps=eps, momentum=1 - momentum)
        # Note that PyTorch already initializes the weights to one and bias to zero


class Conv(nn.Conv2d):
    def __init__(self, in_channels, out_channels):
        super().__init__(
            in_channels, out_channels, kernel_size=3, padding="same", bias=False
        )

    def reset_parameters(self):
        super().reset_parameters()
        w = self.weight.data
        torch.nn.init.dirac_(w[: w.size(1)])


class ConvGroup(nn.Module):
    def __init__(self, channels_in, channels_out):
        super().__init__()
        self.conv1 = Conv(channels_in, channels_out)
        self.pool = nn.MaxPool2d(2)
        self.norm1 = BatchNorm(channels_out, momentum=0.6, eps=1e-12)
        self.conv2 = Conv(channels_out, channels_out)
        self.norm2 = BatchNorm(channels_out, momentum=0.6, eps=1e-12)
        self.activ = nn.GELU()

    def forward(self, x):
        x = self.conv1(x)
        x = self.pool(x)
        x = self.norm1(x)
        x = self.activ(x)
        x = self.conv2(x)
        x = self.norm2(x)
        x = self.activ(x)
        return x


class CifarNet(nn.Module):
    def __init__(self):
        super().__init__()
        widths = dict(block1=64, block2=256, block3=256)
        whiten_kernel_size = 2
        whiten_width = 2 * 3 * whiten_kernel_size**2
        self.whiten = nn.Conv2d(
            3, whiten_width, whiten_kernel_size, padding=0, bias=True
        )
        self.layers = nn.Sequential(
            nn.GELU(),
            ConvGroup(whiten_width, widths["block1"]),
            ConvGroup(widths["block1"], widths["block2"]),
            ConvGroup(widths["block2"], widths["block3"]),
            nn.MaxPool2d(3),
        )
        self.head = nn.Linear(widths["block3"], 10, bias=False)
        for mod in self.modules():
            mod.float()

    def reset(self):
        for m in self.modules():
            if type(m) in (nn.Conv2d, Conv, BatchNorm, nn.Linear):
                m.reset_parameters()
        w = self.head.weight.data
        w *= 1 / w.std()

    def init_whiten(self, train_images, eps):
        c, (h, w) = train_images.shape[1], self.whiten.weight.shape[2:]
        patches = (
            train_images.unfold(2, h, 1)
            .unfold(3, w, 1)
            .transpose(1, 3)
            .reshape(-1, c, h, w)
            .float()
        )
        patches_flat = patches.view(len(patches), -1)
        est_patch_covariance = (patches_flat.T @ patches_flat) / len(patches_flat)
        eigenvalues, eigenvectors = torch.linalg.eigh(est_patch_covariance, UPLO="U")
        eigenvectors_scaled = eigenvectors.T.reshape(-1, c, h, w) / torch.sqrt(
            eigenvalues.view(-1, 1, 1, 1) + eps
        )
        self.whiten.weight.data[:] = torch.cat(
            (eigenvectors_scaled, -eigenvectors_scaled)
        )

    def forward(self, x):
        x = self.whiten(x)
        x = self.layers(x)
        x = x.view(len(x), -1)
        return self.head(x) / x.size(-1)


############################################
#                 Logging                  #
############################################


def log_config(run, config, label):
    def compact_json(value):
        return json.dumps(value)

    entries = []
    for name, value in config.items():
        if (
            name in ("param_groups", "hparam_tuning")
            and isinstance(value, dict)
            and value
        ):
            rows = [
                f"    {json.dumps(key)}: {compact_json(item)}"
                for key, item in value.items()
            ]
            formatted = "{\n" + ",\n".join(rows) + "\n  }"
        else:
            formatted = compact_json(value)
        entries.append(f"  {json.dumps(name)}: {formatted}")
    print(f"{label} run={run}", flush=True)
    print("{\n" + ",\n".join(entries) + "\n}", flush=True)


def format_log_value(value):
    if isinstance(value, float):
        return f"{value:.6g}"
    if isinstance(value, (dict, list, tuple, bool)) or value is None:
        return json.dumps(value)
    return str(value)


def log_event(event, **fields):
    print(
        " ".join(
            [
                event,
                *(f"{key}={format_log_value(value)}" for key, value in fields.items()),
            ]
        ),
        flush=True,
    )


def hparam_text(values):
    return " ".join(
        f"{name}={format_log_value(value)}" for name, value in values.items()
    )


def flatten_config(config):
    """Readable group paths, with complete segment lists for scheduler changes."""
    plain = json.loads(json.dumps(config))
    values = {}

    def visit(value, path):
        if isinstance(value, dict) and value:
            for name, item in value.items():
                visit(item, f"{path}.{name}" if path else name)
        else:
            name = path.removeprefix("param_groups.").replace(".lr_scheduler.", ".")
            values[name] = value

    visit(plain, "")
    return values


def log_changes(label, base, current):
    changes = {
        name: (base.get(name, "<unset>"), value)
        for name, value in current.items()
        if base.get(name, "<unset>") != value
    }
    print(f"  {label}:" if changes else f"  {label}: (none)", flush=True)
    for name, (old, new) in changes.items():
        print(
            f"    {name}: {format_log_value(old)} -> {format_log_value(new)}",
            flush=True,
        )


def log_config_diff(run, base_run, base, config):
    log_event("config_diff", run=run, base_run=base_run)
    log_changes("changes", flatten_config(base), flatten_config(config))


def log_final_eval(val_acc, tta_val_acc, seconds):
    print(
        f"val_acc={val_acc:.4f} tta_val_acc={tta_val_acc:.4f} seconds={seconds:.4f}",
        flush=True,
    )


############################################
#               Evaluation                 #
############################################


def infer(model, loader, tta_level):

    # Test-time augmentation strategy (for tta_level=2):
    # 1. Flip/mirror the image left-to-right (50% of the time).
    # 2. Translate the image by one pixel either up-and-left or down-and-right (50% of the time,
    #    i.e. both happen 25% of the time).
    #
    # This creates 6 views per image (left/right times the two translations and no-translation),
    # which we evaluate and then weight according to the given probabilities.

    def infer_basic(inputs, net):
        return net(inputs).clone()

    def infer_mirror(inputs, net):
        return 0.5 * net(inputs) + 0.5 * net(inputs.flip(-1))

    def infer_mirror_translate(inputs, net):
        logits = infer_mirror(inputs, net)
        pad = 1
        padded_inputs = F.pad(inputs, (pad,) * 4, "reflect")
        inputs_translate_list = [
            padded_inputs[:, :, 0:32, 0:32],
            padded_inputs[:, :, 2:34, 2:34],
        ]
        logits_translate_list = [
            infer_mirror(inputs_translate, net)
            for inputs_translate in inputs_translate_list
        ]
        logits_translate = torch.stack(logits_translate_list).mean(0)
        return 0.5 * logits + 0.5 * logits_translate

    model.train()
    test_images = loader.normalized_images()
    infer_fn = [infer_basic, infer_mirror, infer_mirror_translate][tta_level]
    with torch.inference_mode():
        return torch.cat(
            [infer_fn(inputs, model) for inputs in test_images.split(2000)]
        )


def evaluate(model, loader, tta_level):
    logits = infer(model, loader, tta_level)
    return (logits.argmax(1) == loader.labels).float().mean().item()


############################################
#                Training                  #
############################################


def normalize_schedule(lines, total_steps, name):
    """Validate durations without rounding them; round only segment values."""
    if not isinstance(lines, (list, tuple)) or not lines:
        raise ValueError(f"{name}: expected a nonempty list of segments")
    result = []
    for line in lines:
        if not isinstance(line, (list, tuple)) or len(line) not in (2, 3):
            raise ValueError(
                f"{name}: segments must be (num_steps, value) or (num_steps, start, end)"
            )
        steps, *values = line
        if isinstance(steps, bool) or not isinstance(steps, int) or steps <= 0:
            raise ValueError(f"{name}: num_steps must be a positive integer")
        if any(
            isinstance(value, bool)
            or not isinstance(value, (int, float))
            or not isfinite(value)
            or value < 0
            for value in values
        ):
            raise ValueError(
                f"{name}: segment values must be nonnegative finite numbers"
            )
        result.append((steps, *(round_hparam(value) for value in values)))
    duration = sum(line[0] for line in result)
    if total_steps is not None and duration != total_steps:
        raise ValueError(
            f"{name}: segment num_steps sum to {duration}, expected total_steps={total_steps}"
        )
    return result


def hparam_at_step(lines, step):
    """Interpolate a piecewise linear schedule, rounding each applied value."""
    for line in lines:
        steps, start = line[:2]
        if 0 <= step < steps:
            if len(line) == 2:
                return round_hparam(start)
            # Linear endpoints are inclusive; a one-step line uses its end.
            if steps == 1:
                return round_hparam(line[2])
            fraction = step / (steps - 1)
            return round_hparam(start * (1 - fraction) + line[2] * fraction)
        step -= steps
    raise ValueError("Step is outside the hyperparameter schedule")


def configured_hparam_schedules(param_groups, total_steps):
    """Every LR and momentum schedule covers the complete run."""
    schedules = {}
    for name, group in param_groups.items():
        schedules[f"{name}.initial_lr"] = normalize_schedule(
            group["lr_scheduler"], total_steps, f"{name}.lr_scheduler"
        )
        for field in (
            "momentum",
            "nesterov",
            *sorted(ALGORITHM_FIELDS[group["algorithm"]]),
        ):
            schedules[f"{name}.{field}"] = [(total_steps, group[field])]
    return schedules


def slice_schedule(lines, start_step, end_step):
    """Copy a window as duration-based segments; end_step is exclusive."""
    result = []
    offset = 0
    for line in lines:
        steps = line[0]
        start, end = max(start_step, offset), min(end_step, offset + steps)
        if start < end:
            if len(line) == 2:
                result.append((end - start, line[1]))
            else:
                result.append(
                    (
                        end - start,
                        hparam_at_step([line], start - offset),
                        hparam_at_step([line], end - offset - 1),
                    )
                )
        offset += steps
    return result


def scale_lr_schedule(lines, initial):
    """Change the LR amplitude while retaining the explicitly configured shape."""
    previous = lines[0][1]
    if previous:
        return [
            (line[0], *(round_hparam(v * initial / previous) for v in line[1:]))
            for line in lines
        ]
    result = copy.deepcopy(lines)
    result[0] = (result[0][0], initial, *result[0][2:])
    return result


def lr_decay_schedule(steps, initial, decay):
    if decay == "constant":
        return [(steps, initial)]
    if decay == "linear_decay":
        return [(steps, initial, 0.0)]
    raise ValueError(f"Unknown LR decay: {decay!r}")


def segment_hparam_schedules(base_schedules, values, start_step, steps, global_search):
    """Expand search parameters into complete schedules, preserving unsearched fields."""
    schedules = copy.deepcopy(base_schedules)
    for path, lines in schedules.items():
        decay_path = path.removesuffix("initial_lr") + "decay"
        if (
            global_search
            and path.endswith(".initial_lr")
            and (path in values or decay_path in values)
        ):
            if start_step != 0 or steps != sum(line[0] for line in lines):
                raise ValueError("global_neighbour requires one full-run interval")
            initial = values[path] if path in values else lines[0][1]
            schedules[path] = (
                lr_decay_schedule(steps, initial, values[decay_path])
                if decay_path in values
                else scale_lr_schedule(lines, initial)
            )
            continue
        if path in values:
            total_steps = sum(line[0] for line in lines)
            if start_step < 0 or steps <= 0 or start_step + steps > total_steps:
                raise ValueError("Search interval is outside the configured schedule")
            value = round_hparam(values[path])
            line = (steps, value)
            schedules[path] = (
                slice_schedule(lines, 0, start_step)
                + [line]
                + slice_schedule(lines, start_step + steps, total_steps)
            )
    return schedules


def apply_hparam_schedules(optimizer, schedules, step):
    for group in optimizer.param_groups:
        name = group["name"]
        group["lr"] = hparam_at_step(schedules[f"{name}.initial_lr"], step)
        for field in (
            "momentum",
            "nesterov",
            *sorted(ALGORITHM_FIELDS[group["algorithm"]]),
        ):
            group[field] = hparam_at_step(schedules[f"{name}.{field}"], step)


# Set hparam_tuning to, for example:
# dict(algorithm="grid", metric="tta_val_acc", params={
#     "conv.initial_lr": dict(initial=0.04, choices=[0.04, 0.06, 0.08]),
#     "conv.momentum": dict(initial=0.6, choices=[0.6, 0.7, 0.8]),
# })
# Use algorithm="coordinate" to tune parameters in order, revisiting them
# whenever another parameter changes. Specify the selection metric explicitly.
# None runs the config once without tuning. Batch sizes are kept exact.
# For online search, use:
# dict(algorithm="interval", metric="tta_val_acc", max_side_steps=20,
#      initial_dropoff_margin=0.02, interval_steps=40, cooldown_steps=40, params={
#     "conv.initial_lr": dict(initial=1.0, choices=None, mult=0.8),
#     "conv.momentum": dict(initial=0.6, choices=[0.0, 0.1, 0.3, 0.6, 0.9, 0.95, 0.99]),
# })
# Each params entry contains a tuning-only initial value and its choices.
# Every entry must specify initial and choices. Grid evaluates choices exhaustively;
# Coordinate searches start at initial, even when it is not a listed choice.
# Multiplicative LR entries must specify mult; grids use round2(mult**k).
# Multiplicative LR starts snap to k = round(log(initial) / log(mult)).
# Explicit choice lists do not take mult. The legacy parameters shorthand is rejected.
# Interval search holds searched LRs constant within each segment; unsearched
# groups keep their configured schedules. Explicit lists also work for LR choices.
# Use algorithm="global_neighbour" with the same params mapping for one
# full-run interval. LR exposes initial_lr and decay (constant or linear_decay).
# Scalar hyperparameters stay constant throughout the run.
# Unsearched parameters always retain their configured schedules in every algorithm.
# It takes no interval_steps/cooldown_steps and skips the initial LR margin search.
# All schedulers use [(num_steps, value), (num_steps, start, end), ...].
# Linear endpoints include the first and last update; one-step lines use the end.
# Durations must sum to num_epochs * (50000 // batch_size), or num_epochs in overfit mode.
# Change the segment durations when changing the batch size or run length.
# input_conditioned groups accept svd_mean_percentage_damping (0.01 = 1% damping)
# and input_conditioner_momentum (covariance EMA beta; 0 = current batch).
# Both are required. Muon requires ns_steps/ns_eps; SGDH requires normalization_eps.
# Conditioner settings can be searched using explicit choices in hparam_tuning.params.
run_type = "global_neighbour"  # "baseline", "interval", or "global_neighbour"

# Parameter groups and tuning starts use the best TTA candidates in
# logs/cifar_baseline_20260925_062517_263845Z_68746.log.
BASE_RUN_CONFIGS = [
    dict(
        batch_size=125,
        num_epochs=8,
        overfit=False,
        hparam_tuning=dict(
            algorithm="interval",
            metric="tta_val_acc",
            max_side_steps=20,
            initial_dropoff_margin=0.02,
            interval_steps=640,
            cooldown_steps=640,
            params={
                "conv.initial_lr": dict(initial=0.047, choices=None, mult=0.6),
                "conv.momentum": dict(
                    initial=0.5,
                    choices=[
                        0.0,
                        0.1,
                        0.2,
                        0.3,
                        0.4,
                        0.5,
                        0.6,
                        0.7,
                        0.8,
                        0.9,
                        0.95,
                        0.99,
                    ],
                ),
            },
        ),
        param_groups=dict(
            whiten_weight=dict(
                algorithm="sgd",
                lr_scheduler=[(3200, 0.0)],
                momentum=0.85,
                nesterov=True,
            ),
            norm_weight=dict(
                algorithm="sgd",
                lr_scheduler=[(3200, 0.0)],
                momentum=0.85,
                nesterov=True,
            ),
            whiten_bias=dict(
                algorithm="sgd",
                lr_scheduler=[(1200, 6.5, 0.0), (2000, 0.0)],
                momentum=0.85,
                nesterov=True,
            ),
            norm_bias=dict(
                algorithm="sgd",
                lr_scheduler=[(3200, 4.6, 0.0)],
                momentum=0.85,
                nesterov=True,
            ),
            head=dict(
                algorithm="sgd",
                lr_scheduler=[(3200, 170, 0.0)],
                momentum=0.85,
                nesterov=True,
            ),
            conv=dict(
                algorithm="muon",
                ns_steps=3,
                ns_eps=0.0,
                lr_scheduler=[(3200, 0.047, 0.0)],
                momentum=0.5,
                nesterov=True,
            ),
        ),
    ),
    dict(
        batch_size=500,
        num_epochs=8,
        overfit=False,
        hparam_tuning=dict(
            algorithm="interval",
            metric="tta_val_acc",
            max_side_steps=20,
            initial_dropoff_margin=0.02,
            interval_steps=160,
            cooldown_steps=160,
            params={
                "conv.initial_lr": dict(initial=0.078, choices=None, mult=0.6),
                "conv.momentum": dict(
                    initial=0.6,
                    choices=[
                        0.0,
                        0.1,
                        0.2,
                        0.3,
                        0.4,
                        0.5,
                        0.6,
                        0.7,
                        0.8,
                        0.9,
                        0.95,
                        0.99,
                    ],
                ),
            },
        ),
        param_groups=dict(
            whiten_weight=dict(
                algorithm="sgd",
                lr_scheduler=[(800, 0.0)],
                momentum=0.85,
                nesterov=True,
            ),
            norm_weight=dict(
                algorithm="sgd",
                lr_scheduler=[(800, 0.0)],
                momentum=0.85,
                nesterov=True,
            ),
            whiten_bias=dict(
                algorithm="sgd",
                lr_scheduler=[(300, 26, 0.0), (500, 0.0)],
                momentum=0.85,
                nesterov=True,
            ),
            norm_bias=dict(
                algorithm="sgd",
                lr_scheduler=[(800, 21, 0.0)],
                momentum=0.85,
                nesterov=True,
            ),
            head=dict(
                algorithm="sgd",
                lr_scheduler=[(800, 280, 0.0)],
                momentum=0.85,
                nesterov=True,
            ),
            conv=dict(
                algorithm="muon",
                ns_steps=3,
                ns_eps=0.0,
                lr_scheduler=[(800, 0.078, 0.0)],
                momentum=0.6,
                nesterov=True,
            ),
        ),
    ),
    dict(
        batch_size=2000,
        num_epochs=8,
        overfit=False,
        hparam_tuning=dict(
            algorithm="interval",
            metric="tta_val_acc",
            max_side_steps=20,
            initial_dropoff_margin=0.02,
            interval_steps=40,
            cooldown_steps=40,
            params={
                "conv.initial_lr": dict(initial=0.22, choices=None, mult=0.6),
                "conv.momentum": dict(
                    initial=0.7,
                    choices=[
                        0.0,
                        0.1,
                        0.2,
                        0.3,
                        0.4,
                        0.5,
                        0.6,
                        0.7,
                        0.8,
                        0.9,
                        0.95,
                        0.99,
                    ],
                ),
            },
        ),
        param_groups=dict(
            whiten_weight=dict(
                algorithm="sgd",
                lr_scheduler=[(200, 0.0)],
                momentum=0.85,
                nesterov=True,
            ),
            norm_weight=dict(
                algorithm="sgd",
                lr_scheduler=[(200, 0.0)],
                momentum=0.85,
                nesterov=True,
            ),
            whiten_bias=dict(
                algorithm="sgd",
                lr_scheduler=[(75, 100, 0.0), (125, 0.0)],
                momentum=0.85,
                nesterov=True,
            ),
            norm_bias=dict(
                algorithm="sgd",
                lr_scheduler=[(200, 99, 0.0)],
                momentum=0.85,
                nesterov=True,
            ),
            head=dict(
                algorithm="sgd",
                lr_scheduler=[(200, 1300, 0.0)],
                momentum=0.85,
                nesterov=True,
            ),
            conv=dict(
                algorithm="muon",
                ns_steps=3,
                ns_eps=0.0,
                lr_scheduler=[(200, 0.22, 0.0)],
                momentum=0.7,
                nesterov=True,
            ),
        ),
    ),
]

BASELINE_RUN_CONFIGS = copy.deepcopy(BASE_RUN_CONFIGS)
for config in BASELINE_RUN_CONFIGS:
    config["hparam_tuning"] = None

# Compare the current interval search with shorter cooldowns and shorter intervals.
INTERVAL_RUN_CONFIGS = []
for base_config in BASE_RUN_CONFIGS:
    if base_config["batch_size"] not in (500, 125):
        continue
    for interval_divisor, cooldown_divisor in ((1, 1), (1, 4), (4, 4)):
        config = copy.deepcopy(base_config)
        config["hparam_tuning"]["interval_steps"] //= interval_divisor
        config["hparam_tuning"]["cooldown_steps"] //= cooldown_divisor
        INTERVAL_RUN_CONFIGS.append(config)

MOMENTUM_CHOICES = [0.0, 0.1, 0.2, 0.3, 0.4, 0.5, 0.6, 0.7, 0.8, 0.9, 0.95, 0.99]
GLOBAL_NEIGHBOUR_RUN_CONFIGS = []
for base_config in BASE_RUN_CONFIGS:
    config = copy.deepcopy(base_config)
    config["hparam_tuning"] = dict(
        algorithm="global_neighbour",
        metric="tta_val_acc",
        max_side_steps=20,
        params={
            "conv.initial_lr": copy.deepcopy(
                base_config["hparam_tuning"]["params"]["conv.initial_lr"]
            ),
            "conv.momentum": copy.deepcopy(
                base_config["hparam_tuning"]["params"]["conv.momentum"]
            ),
            "head.initial_lr": dict(
                initial={125: 170, 500: 280, 2000: 1300}[base_config["batch_size"]],
                choices=None,
                mult=0.6,
            ),
            "head.momentum": dict(initial=0.85, choices=list(MOMENTUM_CHOICES[1:])),
            "norm_bias.initial_lr": dict(
                initial={125: 4.6, 500: 21, 2000: 99}[base_config["batch_size"]],
                choices=None,
                mult=0.6,
            ),
            "norm_bias.momentum": dict(
                initial=0.85, choices=list(MOMENTUM_CHOICES[1:])
            ),
        },
    )
    GLOBAL_NEIGHBOUR_RUN_CONFIGS.append(config)

# Both requested experiments use the bs=2000 baseline. Nesterov stays fixed.
EXPERIMENT_RUN_CONFIGS = {}
config = copy.deepcopy(BASE_RUN_CONFIGS[2])
config["param_groups"]["conv"] = dict(
    algorithm="sgdh",
    lr_scheduler=[(200, 0.22, 0.0)],
    momentum=0.7,
    nesterov=True,
    normalization_eps=1e-6,
)
config["hparam_tuning"] = dict(
    algorithm="global_neighbour",
    metric="tta_val_acc",
    max_side_steps=20,
    params={
        "conv.initial_lr": dict(initial=0.22, choices=None, mult=0.6),
        "conv.decay": dict(
            initial="linear_decay", choices=["constant", "linear_decay"]
        ),
        "conv.momentum": dict(initial=0.7, choices=list(MOMENTUM_CHOICES)),
        "head.initial_lr": dict(initial=1300, choices=None, mult=0.6),
        "head.decay": dict(
            initial="linear_decay", choices=["constant", "linear_decay"]
        ),
        "head.momentum": dict(initial=0.85, choices=list(MOMENTUM_CHOICES)),
    },
)
EXPERIMENT_RUN_CONFIGS["exp1"] = config

config = copy.deepcopy(BASE_RUN_CONFIGS[2])
config["param_groups"]["head"] = dict(
    algorithm="input_conditioned",
    lr_scheduler=[(200, 1300, 0.0)],
    momentum=0.85,
    nesterov=True,
    svd_mean_percentage_damping=0.01,
    input_conditioner_momentum=0.0,
)
config["hparam_tuning"] = dict(
    algorithm="global_neighbour",
    metric="tta_val_acc",
    max_side_steps=20,
    params={
        "head.initial_lr": dict(initial=1300, choices=None, mult=0.6),
        "head.decay": dict(
            initial="linear_decay", choices=["constant", "linear_decay"]
        ),
        "head.momentum": dict(initial=0.85, choices=list(MOMENTUM_CHOICES)),
        "head.svd_mean_percentage_damping": dict(
            initial=0.01, choices=[0, 0.001, 0.01, 0.1, 1]
        ),
        "head.input_conditioner_momentum": dict(
            initial=0.0, choices=list(MOMENTUM_CHOICES)
        ),
    },
)
EXPERIMENT_RUN_CONFIGS["exp2"] = config

experiments_to_run = ["exp1", "exp2"]
RUNS = (
    [(name, EXPERIMENT_RUN_CONFIGS[name]) for name in experiments_to_run]
    if run_type == "global_neighbour"
    else list(
        enumerate(
            {"baseline": BASELINE_RUN_CONFIGS, "interval": INTERVAL_RUN_CONFIGS}[
                run_type
            ]
        )
    )
)
RUN_CONFIGS = [config for _, config in RUNS]


def normalize_config(value, key):
    """Round hyperparameter values, keeping batch sizes and step counts exact."""
    if key in (
        "batch_size",
        "num_epochs",
        "interval_steps",
        "cooldown_steps",
        "max_side_steps",
        "ns_steps",
    ):
        return copy.deepcopy(value)
    if key == "lr_scheduler":
        return normalize_schedule(value, total_steps=None, name="lr_scheduler")
    if isinstance(value, dict):
        return {name: normalize_config(item, name) for name, item in value.items()}
    if isinstance(value, (list, tuple)):
        return [normalize_config(item, key=None) for item in value]
    return round_hparam(value)


def make_optimizer(model, param_groups):
    for group in param_groups.values():
        GroupOptimizer.validate_group(group, runtime=False)
    parameters = dict(
        whiten_bias=[model.whiten.bias],
        norm_bias=[m.bias for m in model.modules() if isinstance(m, BatchNorm)],
        head=[model.head.weight],
        whiten_weight=[model.whiten.weight],
        norm_weight=[m.weight for m in model.modules() if isinstance(m, BatchNorm)],
        conv=[
            p
            for p in model.parameters()
            if p.ndim == 4 and p.requires_grad and p is not model.whiten.weight
        ],
    )
    require_fields(param_groups, set(parameters), "param_groups")
    optimizer = GroupOptimizer(
        [
            dict(
                name=name,
                params=params,
                lr=hparam_at_step(param_groups[name]["lr_scheduler"], 0),
                **{
                    key: value
                    for key, value in param_groups[name].items()
                    if key != "lr_scheduler"
                },
            )
            for name, params in parameters.items()
        ]
    )
    optimizer.bind_input_layers(model)
    return optimizer


def get_hparam(config, path):
    """Read a run setting or a group option such as conv.initial_lr."""
    if path in ("batch_size", "num_epochs", "overfit"):
        return config[path]
    parts = path.split(".")
    if len(parts) == 2 and parts[0] in config["param_groups"]:
        group = config["param_groups"][parts[0]]
        field = parts[1]
        if field in group and field != "lr_scheduler":
            return group[field]
        if field == "initial_lr":
            return group["lr_scheduler"][0][1]
        if field == "decay":
            lines = group["lr_scheduler"]
            if all(len(line) == 2 and line[1] == lines[0][1] for line in lines):
                return "constant"
            if len(lines) == 1 and len(lines[0]) == 3 and lines[0][2] == 0:
                return "linear_decay"
            raise ValueError(
                f"{path}: decay search requires a constant or single linear-to-zero schedule"
            )
    raise ValueError(f"Unknown hyperparameter: {path!r}")


def with_hparam(config, path, value):
    get_hparam(config, path)  # Validate the path before modifying anything.
    updated = copy.deepcopy(config)
    value = value if path in ("batch_size", "num_epochs") else round_hparam(value)
    if "." not in path:
        updated[path] = value
    else:
        name, field = path.split(".")
        group = updated["param_groups"][name]
        if field in group:
            group[field] = value
        elif field == "decay":
            lines = group["lr_scheduler"]
            group["lr_scheduler"] = lr_decay_schedule(
                sum(line[0] for line in lines), lines[0][1], value
            )
        else:
            group["lr_scheduler"] = scale_lr_schedule(group["lr_scheduler"], value)
    return updated


def validate_tuning_config(tuning):
    if "algorithm" not in tuning or tuning["algorithm"] not in (
        "grid",
        "coordinate",
        "interval",
        "global_neighbour",
    ):
        raise ValueError("hparam_tuning requires a known algorithm")
    required = {"algorithm", "metric", "params"}
    if tuning["algorithm"] in ("interval", "global_neighbour"):
        required.add("max_side_steps")
    if tuning["algorithm"] == "interval":
        required |= {"interval_steps", "cooldown_steps", "initial_dropoff_margin"}
    require_fields(tuning, required, "hparam_tuning")


def tuning_params(config):
    """Read explicit search specs without changing the baseline parameter groups."""
    tuning = config["hparam_tuning"]
    if "params" not in tuning or "parameters" in tuning:
        raise ValueError(
            "hparam_tuning requires params with explicit initial/choices entries"
        )
    parameters = tuning["params"]
    if not isinstance(parameters, dict) or not parameters:
        raise ValueError("hparam_tuning.params must be a nonempty mapping")
    specs = {}
    for path, spec in parameters.items():
        get_hparam(config, path)
        if not isinstance(spec, dict):
            raise ValueError(f"{path}: specify initial and choices explicitly")
        required = {"initial", "choices"}
        if (
            path.endswith(".initial_lr")
            and "choices" in spec
            and spec["choices"] is None
        ):
            required.add("mult")
        require_fields(spec, required, path)
        if "mult" in spec:
            mult = spec["mult"]
            if (
                isinstance(mult, bool)
                or not isinstance(mult, (int, float))
                or not isfinite(mult)
                or not 0 < mult < 1
            ):
                raise ValueError(
                    f"{path}: mult must be a finite number between 0 and 1"
                )
        specs[path] = dict(spec)
    return specs


def lr_grid_index(value, mult):
    """Choose the nearest integer exponent in logarithmic LR space."""
    return round(log(value) / log(mult))


def snap_lr_to_grid(value, mult):
    return round_hparam(mult ** lr_grid_index(value, mult))


def interval_search_space(config):
    """Validate searchable fields and snap multiplicative LR starts to their grids."""
    choices, initial = {}, {}
    for path, spec in tuning_params(config).items():
        value, values = round_hparam(spec["initial"]), spec["choices"]
        parts = path.split(".")
        if len(parts) != 2:
            raise ValueError(f"Unsupported interval search parameter: {path}")
        name, field = parts
        group = config["param_groups"][name]
        if field == "decay":
            if config["hparam_tuning"]["algorithm"] != "global_neighbour":
                raise ValueError("decay search requires global_neighbour")
            allowed = ("constant", "linear_decay")
            if (
                not isinstance(values, list)
                or not values
                or any(v not in allowed for v in values)
                or value not in values
            ):
                raise ValueError(
                    f"{path}: initial and choices must specify constant or linear_decay"
                )
            choices[path], initial[path] = list(dict.fromkeys(values)), value
            continue
        if (
            field
            not in {"initial_lr", "momentum"} | ALGORITHM_FIELDS[group["algorithm"]]
        ):
            raise ValueError(f"Unsupported interval search parameter: {path}")
        if (
            isinstance(value, bool)
            or not isinstance(value, (int, float))
            or not isfinite(value)
            or value < 0
        ):
            raise ValueError(f"{path}: initial must be a nonnegative finite number")
        if values is None:
            if field != "initial_lr" or value <= 0:
                raise ValueError(
                    f"{path}: multiplicative search needs a positive initial LR"
                )
            value = snap_lr_to_grid(value, spec["mult"])
        else:
            if (
                not isinstance(values, list)
                or not values
                or any(
                    isinstance(v, bool)
                    or not isinstance(v, (int, float))
                    or not isfinite(v)
                    or v < 0
                    for v in values
                )
            ):
                raise ValueError(f"{path}: choices must be nonnegative finite numbers")
            values = sorted({round_hparam(v) for v in values})
            if (
                field == "momentum"
                and group["algorithm"] in ("sgd", "input_conditioned")
                and group["nesterov"]
            ):
                # SGD Nesterov requires positive gradient momentum. Covariance EMA
                # momentum is independent and still includes zero.
                values = [v for v in values if v > 0]
                if value == 0:
                    raise ValueError(
                        f"{path}: SGD Nesterov needs positive initial momentum"
                    )
            if not values:
                raise ValueError(
                    f"{path}: no valid choices (Nesterov needs positive momentum)"
                )
            if field != "initial_lr":
                for candidate in [value, *values]:
                    GroupOptimizer.validate_group(
                        dict(group, **{field: candidate}), runtime=False
                    )
        choices[path], initial[path] = values, value
    return choices, initial


def directional_search(
    initial,
    choices,
    score,
    *,
    initial_lr_search,
    factors,
    max_side_steps,
    dropoff_margin,
    on_event,
):
    """Snap LR starts to the fixed, unit-anchored grid and probe adjacent exponents."""
    cache = {}

    def emit(event, point, **fields):
        if on_event is not None:
            on_event(event, dict(point), **fields)

    def evaluate_point(point):
        key = tuple(point[path] for path in choices)
        if key not in cache:
            emit("candidate_start", point)
            value = score(dict(point))
            cache[key] = value if isfinite(value) else float("-inf")
            emit("candidate_result", point, score=cache[key])
        return cache[key]

    def neighbors(path, center, direction):
        values = choices[path]
        seen = {center}
        if values is None:
            mult = factors[path]

            def grid_lr(index):
                return round_hparam(1.0 * mult**index)

            index = lr_grid_index(center, mult)
        for distance in range(1, max_side_steps + 1):
            if values is None:
                value = grid_lr(index - direction * distance)
                if not isfinite(value) or value <= 0:
                    break
            else:
                # An explicit start (e.g. momentum=0.85) need not be in the choices.
                if isinstance(center, str):
                    index = values.index(center) + direction * distance
                else:
                    index = (
                        bisect_left(values, center) - distance
                        if direction < 0
                        else bisect_right(values, center) + distance - 1
                    )
                if not 0 <= index < len(values):
                    break
                value = values[index]
            if value not in seen:
                seen.add(value)
                yield value

    current = dict(initial)
    for path, values in choices.items():
        if values is None:
            current[path] = snap_lr_to_grid(current[path], factors[path])
    current_score = evaluate_point(current)
    emit("search_path", current, score=current_score, reason="initial")
    while True:
        changed = False
        for path in choices:
            is_lr = path.endswith(".initial_lr")
            if initial_lr_search and is_lr:
                probes = [(dict(current), current_score)]
                best_score = current_score
                for direction in (1, -1):
                    for value in neighbors(path, current[path], direction):
                        candidate = dict(current, **{path: value})
                        candidate_score = evaluate_point(candidate)
                        probes.append((candidate, candidate_score))
                        if (
                            not isfinite(candidate_score)
                            or candidate_score < best_score - dropoff_margin
                        ):
                            break
                        best_score = max(best_score, candidate_score)
                acceptable = [
                    (point, value)
                    for point, value in probes
                    if isfinite(value) and value >= best_score - dropoff_margin
                ]
                if acceptable:
                    previous = current
                    current, current_score = max(
                        acceptable, key=lambda item: item[0][path]
                    )
                    if current != previous:
                        emit(
                            "search_path",
                            current,
                            score=current_score,
                            parameter=path,
                            reason="largest_lr_within_margin",
                        )
                continue

            # Smaller values first; stop a direction once it gets worse.
            for direction in (-1, 1):
                best, best_score = current, current_score
                flat_steps = 0
                for value in neighbors(path, current[path], direction):
                    candidate = dict(current, **{path: value})
                    candidate_score = evaluate_point(candidate)
                    if not isfinite(candidate_score) or candidate_score < best_score:
                        break
                    if candidate_score > best_score:
                        best, best_score, flat_steps = candidate, candidate_score, 0
                    else:
                        flat_steps += 1
                        if is_lr and direction < 0 and flat_steps >= 3:
                            break
                if best_score > current_score:
                    current, current_score = best, best_score
                    emit(
                        "search_path",
                        current,
                        score=current_score,
                        parameter=path,
                        reason="improved",
                    )
                    changed = True
                    break
        if initial_lr_search or not changed:
            return current, current_score


def run_interval_search(run, model, config):
    """Choose each committed interval using replayed main/cooldown training probes.

    seconds includes setup, training probes, evaluation, checkpoint copies and logging.
    Search logs distinguish lookahead scores from committed scores.
    """
    run_start = time.perf_counter()
    config = normalize_config(config, key=None)
    tuning = config["hparam_tuning"]
    validate_tuning_config(tuning)
    if tuning["algorithm"] not in ("interval", "global_neighbour"):
        raise ValueError(f"Unknown interval algorithm: {tuning['algorithm']!r}")
    global_search = tuning["algorithm"] == "global_neighbour"
    choices, current = interval_search_space(config)
    factors = {
        path: spec["mult"]
        for path, spec in tuning_params(config).items()
        if "mult" in spec
    }
    interval_steps = None if global_search else tuning["interval_steps"]
    cooldown_steps = 0 if global_search else tuning["cooldown_steps"]
    max_side_steps = tuning["max_side_steps"]
    margin = None if global_search else tuning["initial_dropoff_margin"]
    metric = tuning["metric"]
    counts = [
        ("max_side_steps", max_side_steps, 1),
        ("num_epochs", config["num_epochs"], 1),
    ]
    if not global_search:
        counts += [
            ("interval_steps", interval_steps, 1),
            ("cooldown_steps", cooldown_steps, 0),
        ]
    for name, value, minimum in counts:
        if isinstance(value, bool) or not isinstance(value, int) or value < minimum:
            raise ValueError(f"{name} must be an integer >= {minimum}")
    if not global_search and (not isfinite(margin) or margin < 0):
        raise ValueError("initial_dropoff_margin must be nonnegative and finite")
    if metric is not None and metric not in ("val_acc", "tta_val_acc"):
        raise ValueError(f"Unknown tuning metric: {metric!r}")
    set_training_seed()
    test_loader = CifarLoader(
        "cifar10", train=False, batch_size=2000, aug=dict(flip=False, translate=0)
    )
    train_loader = CifarLoader(
        "cifar10",
        train=True,
        batch_size=config["batch_size"],
        aug=dict(flip=True, translate=2),
    )
    if len(train_loader) == 0:
        raise ValueError("batch_size must not exceed the training dataset size")
    steps_per_epoch = 1 if config["overfit"] else len(train_loader)
    total_steps = config["num_epochs"] * steps_per_epoch
    if global_search:
        interval_steps = total_steps
    # Log effective settings, including the single full-run interval in global mode.
    tuning.update(
        interval_steps=interval_steps,
        cooldown_steps=cooldown_steps,
        max_side_steps=max_side_steps,
        metric=metric,
    )
    log_config(run, config, label="base_config")
    base_schedules = configured_hparam_schedules(config["param_groups"], total_steps)
    optimizer = make_optimizer(model, config["param_groups"])
    model.reset()
    fixed_batch = next(iter(train_loader)) if config["overfit"] else None
    model.init_whiten(
        fixed_batch[0]
        if fixed_batch is not None
        else train_loader.normalized_images()[:5000],
        eps=0.0005,
    )
    stream = TrainingBatchStream(train_loader, fixed_batch)
    device = next(model.parameters()).device
    completed = 0
    history = []
    cooldown_values = {}

    def snapshot():
        return dict(
            model=copy.deepcopy(model.state_dict()),
            optimizer=copy.deepcopy(optimizer.state_dict()),
            stream=stream.state_dict(),
            rng=torch.random.get_rng_state(),
            cuda_rng=torch.cuda.get_rng_state_all() if device.type == "cuda" else None,
        )

    def restore(state):
        model.load_state_dict(state["model"])
        # load_state_dict may reuse momentum tensors: each trial needs its own copy
        # so optimizer.step() cannot mutate the saved main/cooldown checkpoint.
        optimizer.load_state_dict(copy.deepcopy(state["optimizer"]))
        optimizer.zero_grad(set_to_none=True)
        stream.load_state_dict(state["stream"])
        torch.random.set_rng_state(state["rng"])
        if state["cuda_rng"] is not None:
            torch.cuda.set_rng_state_all(state["cuda_rng"])

    def train_segment(values, steps, start_step, commit):
        nonlocal completed
        schedules = segment_hparam_schedules(
            base_schedules, values, start_step, steps, global_search=global_search
        )
        valid = True
        model.train()
        for local_step in range(steps):
            apply_hparam_schedules(optimizer, schedules, start_step + local_step)
            inputs, labels = stream.next_batch()
            loss = F.cross_entropy(
                model(inputs), labels, label_smoothing=0.2, reduction="mean"
            )
            if not isfinite(loss.item()):
                valid = False
                break
            loss.backward()
            optimizer.step()
            optimizer.zero_grad(set_to_none=True)
            if commit:
                completed += 1
        return valid

    def score():
        return evaluate(
            model, test_loader, tta_level=2 if metric == "tta_val_acc" else 0
        )

    def search(values, space, evaluate_point, phase, initial, main_values, cooldown):
        log_event("search", run=run, interval=len(history), phase=phase, metric=metric)
        if main_values is not None:
            print(f"main hparams: {hparam_text(main_values)}", flush=True)
        if cooldown is not None:
            print(f"cooldown hparams: {hparam_text(cooldown)}", flush=True)
        search_path = []

        def on_event(event, point, **fields):
            if event == "candidate_result":
                value = format_log_value(fields["score"])
                if phase == "cooldown":
                    print(f"{hparam_text(point)} -> {metric}={value}", flush=True)
                else:
                    score_name = "main" if cooldown is None else "best_cooldown"
                    print(
                        f"main hparams: {hparam_text(point)} {score_name}={value}",
                        flush=True,
                    )
            elif event == "search_path":
                search_path.append((point, fields["score"]))

        best, best_score = directional_search(
            values,
            space,
            evaluate_point,
            initial_lr_search=initial,
            factors=factors,
            max_side_steps=max_side_steps,
            dropoff_margin=margin,
            on_event=on_event,
        )
        for step, (point, value) in enumerate(search_path):
            print(
                f"search_path step={step} {hparam_text(point)} "
                f"{metric}={format_log_value(value)}",
                flush=True,
            )
        return best, best_score

    while completed < total_steps:
        start_step = completed
        main_steps = min(interval_steps, total_steps - completed)
        lookahead_steps = min(cooldown_steps, total_steps - completed - main_steps)
        start_state = snapshot()

        def main_score(values, cooldown):
            restore(start_state)
            if not train_segment(values, main_steps, start_step, commit=False):
                return float("-inf")
            if cooldown is not None and lookahead_steps:
                if not train_segment(
                    dict(values, **cooldown),
                    lookahead_steps,
                    start_step + main_steps,
                    commit=False,
                ):
                    return float("-inf")
            return score()

        if start_step == 0 or not lookahead_steps:
            current, selected_score = search(
                current,
                choices,
                lambda values: main_score(values, None),
                initial=start_step == 0 and not global_search,
                phase="main",
                main_values=None,
                cooldown=None,
            )
        else:
            current, selected_score = search(
                current,
                {},
                lambda values: main_score(values, None),
                phase="baseline",
                initial=False,
                main_values=None,
                cooldown=None,
            )
        selected_cooldown = None
        while lookahead_steps:
            restore(start_state)
            if not train_segment(current, main_steps, start_step, commit=False):
                break
            cooldown_start = snapshot()
            cooldown_choices = {
                path: values
                for path, values in choices.items()
                if path.endswith(".initial_lr")
            }
            seed = {
                path: cooldown_values.get(path, current[path])
                for path in cooldown_choices
            }

            def cooldown_score(values):
                restore(cooldown_start)
                if not train_segment(
                    dict(current, **values),
                    lookahead_steps,
                    start_step + main_steps,
                    commit=False,
                ):
                    return float("-inf")
                return score()

            candidate_cooldown, candidate_score = search(
                seed,
                cooldown_choices,
                cooldown_score,
                phase="cooldown",
                main_values=current,
                initial=False,
                cooldown=None,
            )
            if candidate_score <= selected_score:
                break
            cooldown_values = selected_cooldown = candidate_cooldown
            selected_score = candidate_score
            candidate, candidate_score = search(
                current,
                choices,
                lambda values: main_score(values, selected_cooldown),
                cooldown=selected_cooldown,
                phase="main",
                initial=False,
                main_values=None,
            )
            if candidate_score <= selected_score:
                break
            current, selected_score = candidate, candidate_score

        if not isfinite(selected_score):
            raise RuntimeError(
                f"No finite candidate found at training step {start_step}"
            )
        log_event(
            "train_hparams",
            run=run,
            interval=len(history),
            start_step=start_step,
            completed_steps=main_steps,
            total_steps=total_steps,
            **current,
        )
        selected_schedules = segment_hparam_schedules(
            base_schedules, current, start_step, main_steps, global_search=global_search
        )
        log_event("train_schedules", run=run, interval=len(history))
        for path, lines in selected_schedules.items():
            print(f"  {path}: {json.dumps(lines)}", flush=True)
        restore(start_state)
        if not train_segment(current, main_steps, start_step, commit=True):
            raise RuntimeError(
                f"Selected training interval diverged at step {start_step}"
            )
        committed_score = score()
        log_event(
            "interval_boundary_eval",
            run=run,
            interval=len(history),
            step=completed,
            total_steps=total_steps,
            **{metric: committed_score},
        )
        history.append(
            dict(
                start_step=start_step,
                steps=main_steps,
                main_hparams=dict(current),
                cooldown_hparams=selected_cooldown,
                cooldown_steps=lookahead_steps,
                score=selected_score,
                hparam_schedules=selected_schedules,
            )
        )
        base_schedules = selected_schedules

    val_acc = evaluate(model, test_loader, tta_level=0)
    tta_val_acc = evaluate(model, test_loader, tta_level=2)
    if device.type == "cuda":
        torch.cuda.synchronize(device)
    seconds = time.perf_counter() - run_start
    log_final_eval(val_acc, tta_val_acc, seconds)
    return dict(
        val_acc=val_acc,
        tta_val_acc=tta_val_acc,
        seconds=seconds,
        batch_size=config["batch_size"],
        num_epochs=config["num_epochs"],
        overfit=config["overfit"],
        intervals=history,
        hparam_schedules=base_schedules,
        **{f"{group['name']}_lr": group["lr"] for group in optimizer.param_groups},
    )


def run_experiment(run, model, config):
    """Run one config or a search; return its best config, result, and trials."""
    config = normalize_config(config, key=None)
    require_fields(
        config,
        {"batch_size", "num_epochs", "overfit", "param_groups", "hparam_tuning"},
        "run config",
    )
    for group in config["param_groups"].values():
        GroupOptimizer.validate_group(group, runtime=False)
    tuning = config["hparam_tuning"]
    if tuning is not None:
        validate_tuning_config(tuning)
    if tuning is not None and tuning["algorithm"] in ("interval", "global_neighbour"):
        result = run_interval_search(run, model, config)
        return dict(
            best_config=config,
            best_result=result,
            trials=[dict(run=run, config=config, result=result)],
        )
    trials = []
    cache = {}
    metric = None if tuning is None else tuning["metric"]
    if metric is not None and metric not in ("val_acc", "tta_val_acc"):
        raise ValueError(f"Unknown tuning metric: {metric!r}")

    def evaluate_config(candidate):
        key = json.dumps(candidate, sort_keys=True)
        if key not in cache:
            trial_run = run if tuning is None else f"{run}.{len(trials)}"
            if tuning is not None:
                log_config_diff(trial_run, run, config, candidate)
            result = main(trial_run, model, **candidate, _log_config=tuning is None)
            if metric is not None and not isfinite(result[metric]):
                raise ValueError(f"Run {trial_run}: {metric} must be finite")
            trial = dict(run=trial_run, config=candidate, result=result)
            trials.append(trial)
            cache[key] = trial
        return cache[key]

    if tuning is None:
        best = evaluate_config(config)
    else:
        algorithm = tuning["algorithm"]
        if algorithm not in ("grid", "coordinate"):
            raise ValueError(f"Unknown tuning algorithm: {algorithm!r}")
        require_fields(tuning, {"algorithm", "metric", "params"}, "hparam_tuning")
        parameters = tuning_params(config)
        choices = {}
        for path, spec in parameters.items():
            values = spec["choices"]
            if not isinstance(values, (list, tuple)) or not values:
                raise ValueError(f"{path}: choices must be a nonempty list")
            # Values that coincide after rounding represent the same candidate.
            choices[path] = list(dict.fromkeys(values))

        log_config(run, config, label="base_config")
        if algorithm == "grid":
            best = None
            for values in product(*choices.values()):
                candidate = config
                for path, value in zip(choices, values):
                    candidate = with_hparam(candidate, path, value)
                trial = evaluate_config(candidate)
                if best is None or trial["result"][metric] > best["result"][metric]:
                    best = trial
        else:
            # Start inside the search space, preferring the configured values.
            current = config
            for path, values in choices.items():
                spec = parameters[path]
                value = spec["initial"]
                current = with_hparam(current, path, value)
            best = evaluate_config(current)
            locked = set()
            while len(locked) < len(choices):
                for path, values in choices.items():
                    if path in locked:
                        continue
                    previous_value = get_hparam(best["config"], path)
                    candidate_best = best
                    for value in values:
                        candidate = with_hparam(best["config"], path, value)
                        trial = evaluate_config(candidate)
                        # Keeping the incumbent on ties prevents cycling.
                        if trial["result"][metric] > candidate_best["result"][metric]:
                            candidate_best = trial
                    best = candidate_best
                    if get_hparam(best["config"], path) != previous_value:
                        locked.clear()
                    locked.add(path)

        log_event(
            "search_best",
            run=run,
            trial=best["run"],
            **{metric: best["result"][metric]},
        )
        log_changes("changes", flatten_config(config), flatten_config(best["config"]))

    return dict(best_config=best["config"], best_result=best["result"], trials=trials)


def main(
    run,
    model,
    batch_size,
    param_groups,
    num_epochs,
    overfit,
    hparam_tuning,
    _log_config,
):
    run_start = time.perf_counter()
    config = normalize_config(
        dict(
            batch_size=batch_size,
            num_epochs=num_epochs,
            overfit=overfit,
            param_groups=param_groups,
            hparam_tuning=hparam_tuning,
        ),
        key=None,
    )
    batch_size = config["batch_size"]
    num_epochs = config["num_epochs"]
    param_groups = config["param_groups"]
    if not isinstance(num_epochs, int) or num_epochs <= 0:
        raise ValueError("num_epochs must be a positive integer")
    if _log_config:
        log_config(run, config, label="config")
    set_training_seed()

    test_loader = CifarLoader(
        "cifar10", train=False, batch_size=2000, aug=dict(flip=False, translate=0)
    )
    train_loader = CifarLoader(
        "cifar10", train=True, batch_size=batch_size, aug=dict(flip=True, translate=2)
    )
    if run == "warmup":
        # The only purpose of the first run is to warmup the compiled model, so we can use dummy data
        train_loader.labels = torch.randint(
            0, 10, size=(len(train_loader.labels),), device=train_loader.labels.device
        )
    steps_per_epoch = 1 if overfit else len(train_loader)
    total_train_steps = num_epochs * steps_per_epoch
    schedules = configured_hparam_schedules(param_groups, total_train_steps)
    initial_lrs = {
        name: hparam_at_step(config["lr_scheduler"], 0)
        for name, config in param_groups.items()
    }

    optimizer = make_optimizer(model, param_groups)

    model.reset()
    step = 0

    # Initialize the whitening layer using training images
    if overfit:
        # Cache the first augmented batch once and reuse exactly these tensors.
        train_batches = (next(iter(train_loader)),)
        train_images = train_batches[0][0]
    else:
        train_batches = train_loader
        train_images = train_loader.normalized_images()[:5000]
    model.init_whiten(train_images, eps=0.0005)

    device = next(model.parameters()).device
    for epoch in range(num_epochs):
        ####################
        #     Training     #
        ####################

        model.train()
        for inputs, labels in train_batches:
            outputs = model(inputs)
            loss = F.cross_entropy(
                outputs, labels, label_smoothing=0.2, reduction="mean"
            )
            loss.backward()
            apply_hparam_schedules(optimizer, schedules, step)
            optimizer.step()
            optimizer.zero_grad(set_to_none=True)
            step += 1
            if step >= total_train_steps:
                break

        ####################
        #    Evaluation    #
        ####################

        val_acc = evaluate(model, test_loader, tta_level=0)

    ####################
    #  TTA Evaluation  #
    ####################

    tta_val_acc = evaluate(model, test_loader, tta_level=2)
    if device.type == "cuda":
        torch.cuda.synchronize(device)
    seconds = time.perf_counter() - run_start
    log_final_eval(val_acc, tta_val_acc, seconds)

    return dict(
        val_acc=val_acc,
        tta_val_acc=tta_val_acc,
        seconds=seconds,
        batch_size=batch_size,
        num_epochs=num_epochs,
        overfit=overfit,
        **{f"{name}_lr": lr for name, lr in initial_lrs.items()},
    )


if __name__ == "__main__":
    # We re-use the compiled model between runs to save the non-data-dependent compilation time
    set_training_seed()
    model = CifarNet().cuda().to(memory_format=torch.channels_last)
    # model.compile(mode="max-autotune")

    # main("warmup", model, **RUN_CONFIGS[0])
    for run, config in RUNS:
        run_experiment(run, model, config)


# Run output

base_config run=exp1
{
  "batch_size": 2000,
  "num_epochs": 8,
  "overfit": false,
  "hparam_tuning": {
    "algorithm": "global_neighbour",
    "metric": "tta_val_acc",
    "max_side_steps": 20,
    "params": {"conv.initial_lr": {"initial": 0.22, "choices": null, "mult": 0.6}, "conv.decay": {"initial": "linear_decay", "choices": ["constant", "linear_decay"]}, "conv.momentum": {"initial": 0.7, "choices": [0.0, 0.1, 0.2, 0.3, 0.4, 0.5, 0.6, 0.7, 0.8, 0.9, 0.95, 0.99]}, "head.initial_lr": {"initial": 1300, "choices": null, "mult": 0.6}, "head.decay": {"initial": "linear_decay", "choices": ["constant", "linear_decay"]}, "head.momentum": {"initial": 0.85, "choices": [0.0, 0.1, 0.2, 0.3, 0.4, 0.5, 0.6, 0.7, 0.8, 0.9, 0.95, 0.99]}},
    "interval_steps": 200,
    "cooldown_steps": 0
  },
  "param_groups": {
    "whiten_weight": {"algorithm": "sgd", "lr_scheduler": [[200, 0.0]], "momentum": 0.85, "nesterov": true},
    "norm_weight": {"algorithm": "sgd", "lr_scheduler": [[200, 0.0]], "momentum": 0.85, "nesterov": true},
    "whiten_bias": {"algorithm": "sgd", "lr_scheduler": [[75, 100, 0.0], [125, 0.0]], "momentum": 0.85, "nesterov": true},
    "norm_bias": {"algorithm": "sgd", "lr_scheduler": [[200, 99, 0.0]], "momentum": 0.85, "nesterov": true},
    "head": {"algorithm": "sgd", "lr_scheduler": [[200, 1300, 0.0]], "momentum": 0.85, "nesterov": true},
    "conv": {"algorithm": "sgdh", "lr_scheduler": [[200, 0.22, 0.0]], "momentum": 0.7, "nesterov": true, "normalization_eps": 1e-06}
  }
}
search run=exp1 interval=0 phase=main metric=tta_val_acc
