"""
airbench94_muon.py
Runs in 2.59 seconds on a 400W NVIDIA A100 using torch==2.4.1
Attains 94.01 mean accuracy (n=200 trials)
Descends from https://github.com/tysam-code/hlb-CIFAR10/blob/main/main.py
"""

#############################################
#                  Setup                    #
#############################################

import copy
import json
import os
import sys
import time
from datetime import datetime, timezone
from itertools import product
from math import ceil, isfinite

if __name__ == "__main__":
    os.makedirs("logs", exist_ok=True)
    timestamp = datetime.now(timezone.utc).strftime("%Y%m%d_%H%M%S_%fZ")
    log_path = os.path.join("logs", f"cifar_baseline_{timestamp}_{os.getpid()}.log")
    log_file = open(log_path, "x", encoding="utf-8", buffering=1)
    sys.stdout = sys.stderr = log_file
    with open(__file__, encoding="utf-8") as source_file:
        print(source_file.read(), end="")
    print("\n\n# Run output\n", flush=True)

import torch
from torch import nn
import torch.nn.functional as F
import torchvision
import torchvision.transforms as T


def _cuda_capability():
    if not torch.cuda.is_available():
        return (0, 0)
    return torch.cuda.get_device_capability(0)


CUDA_CAPABILITY = _cuda_capability()
IS_AMPERE_OR_NEWER = CUDA_CAPABILITY[0] >= 8
USE_CUDNN_BENCHMARK = False
USE_TF32 = IS_AMPERE_OR_NEWER

torch.backends.cudnn.benchmark = USE_CUDNN_BENCHMARK
torch.backends.cudnn.allow_tf32 = USE_TF32
torch.backends.cuda.matmul.allow_tf32 = USE_TF32

USE_COMPILED_MUON = False
MUON_DTYPE = torch.bfloat16
TRAINING_SEED = 0


def set_training_seed():
    torch.manual_seed(TRAINING_SEED)
    if torch.cuda.is_available():
        torch.cuda.manual_seed_all(TRAINING_SEED)


def round_hparam(value):
    """Round numeric hyperparameters to two significant figures, preserving types."""
    if isinstance(value, bool) or not isinstance(value, (int, float)):
        return value
    rounded = float(f"{value:.2g}")
    return int(rounded) if isinstance(value, int) else rounded


#############################################
#                Optimizer                  #
#############################################


def zeropower_via_newtonschulz5(G, steps=3, eps=0):
    r"""
    Newton-Schulz iteration to compute the zeroth power / orthogonalization of G. We opt to use a
    quintic iteration whose coefficients are selected to maximize the slope at zero. For the purpose
    of minimizing steps, it turns out to be empirically effective to keep increasing the slope at
    zero even beyond the point where the iteration no longer converges all the way to one everywhere
    on the interval. This iteration therefore does not produce UV^T but rather something like US'V^T
    where S' is diagonal with S_{ii}' \sim Uniform(0.5, 1.5), which turns out not to hurt model
    performance at all relative to UV^T, where USV^T = G is the SVD.
    """
    assert len(G.shape) == 2
    a, b, c = (3.4445, -4.7750, 2.0315)
    X = G.to(MUON_DTYPE)
    X /= X.norm() + eps  # ensure top singular value <= 1
    if G.size(0) > G.size(1):
        X = X.T
    for _ in range(steps):
        A = X @ X.T
        B = b * A + c * A @ A
        X = a * X + B @ X
    if G.size(0) > G.size(1):
        X = X.T
    return X


if USE_COMPILED_MUON:
    zeropower_via_newtonschulz5 = torch.compile(zeropower_via_newtonschulz5)


class GroupOptimizer(torch.optim.Optimizer):
    """Apply each parameter group's configured SGD or Muon update."""

    def __init__(self, param_groups):
        super().__init__(param_groups, defaults={})
        for group in self.param_groups:
            group["lr"] = round_hparam(group["lr"])
            group["momentum"] = round_hparam(group["momentum"])
            name = group.get("name", "parameter group")
            if group["algorithm"] not in ("sgd", "muon"):
                raise ValueError(f"{name}: unknown algorithm {group['algorithm']!r}")
            if group["lr"] < 0:
                raise ValueError(f"{name}: learning rate must be nonnegative")
            if group["momentum"] < 0:
                raise ValueError(f"{name}: momentum must be nonnegative")
            if group["nesterov"] and group["momentum"] <= 0:
                raise ValueError(f"{name}: Nesterov requires positive momentum")
            if group["algorithm"] == "muon" and any(
                p.ndim < 2 for p in group["params"]
            ):
                raise ValueError(f"{name}: Muon requires parameters with at least 2 dimensions")

    @torch.no_grad()
    def step(self):
        for group in self.param_groups:
            lr = group["lr"] = round_hparam(group["lr"])
            momentum = group["momentum"]
            for p in group["params"]:
                g = p.grad
                if g is None:
                    continue
                if momentum or group["algorithm"] == "muon":
                    state = self.state[p]
                    if "momentum_buffer" not in state:
                        state["momentum_buffer"] = g.clone()
                    else:
                        state["momentum_buffer"].mul_(momentum).add_(g)
                    buf = state["momentum_buffer"]
                    g = g.add(buf, alpha=momentum) if group["nesterov"] else buf

                # A zero learning rate must leave weights unchanged for either algorithm.
                if lr == 0:
                    continue
                if group["algorithm"] == "muon":
                    p.mul_(len(p) ** 0.5 / p.norm())  # normalize the weight
                    g = zeropower_via_newtonschulz5(g.reshape(len(g), -1)).view(
                        g.shape
                    )  # whiten the update
                p.add_(g, alpha=-lr)


#############################################
#                DataLoader                 #
#############################################

CIFAR_MEAN = torch.tensor((0.4914, 0.4822, 0.4465))
CIFAR_STD = torch.tensor((0.2470, 0.2435, 0.2616))


def batch_flip_lr(inputs):
    flip_mask = (torch.rand(len(inputs), device=inputs.device) < 0.5).view(-1, 1, 1, 1)
    return torch.where(flip_mask, inputs.flip(-1), inputs)


def batch_crop(images, crop_size):
    r = (images.size(-1) - crop_size) // 2
    shifts = torch.randint(-r, r + 1, size=(len(images), 2), device=images.device)
    y = torch.arange(crop_size, device=images.device).view(1, crop_size, 1)
    x = torch.arange(crop_size, device=images.device).view(1, 1, crop_size)
    y_idx = y + (r + shifts[:, 0]).view(-1, 1, 1)
    x_idx = x + (r + shifts[:, 1]).view(-1, 1, 1)
    gathered_rows = images.gather(
        2, y_idx[:, None, :, :].expand(-1, images.size(1), -1, images.size(-1))
    )
    return gathered_rows.gather(
        3, x_idx[:, None, :, :].expand(-1, images.size(1), crop_size, crop_size)
    )


class CifarLoader:
    def __init__(self, path, train=True, batch_size=500, aug=None):
        data_path = os.path.join(path, "train.pt" if train else "test.pt")
        if not os.path.exists(data_path):
            dset = torchvision.datasets.CIFAR10(path, download=True, train=train)
            images = torch.tensor(dset.data)
            labels = torch.tensor(dset.targets)
            torch.save(
                {"images": images, "labels": labels, "classes": dset.classes}, data_path
            )

        data = torch.load(data_path, map_location=torch.device("cuda"))
        self.images, self.labels, self.classes = (
            data["images"],
            data["labels"],
            data["classes"],
        )
        # It's faster to load+process uint8 data than to load preprocessed data
        self.images = (
            (self.images.float() / 255)
            .permute(0, 3, 1, 2)
            .to(memory_format=torch.channels_last)
        )

        self.normalize = T.Normalize(CIFAR_MEAN, CIFAR_STD)
        self.proc_images = {}  # Saved results of image processing to be done on the first epoch
        self.epoch = 0

        self.aug = aug or {}
        for k in self.aug.keys():
            assert k in ["flip", "translate"], "Unrecognized key: %s" % k

        self.batch_size = batch_size
        self.drop_last = train
        self.shuffle = train

    def _ensure_proc_images(self):
        if "norm" in self.proc_images:
            return
        images = self.proc_images["norm"] = self.normalize(self.images)
        if self.aug.get("flip", False):
            images = self.proc_images["flip"] = batch_flip_lr(images)
        pad = self.aug.get("translate", 0)
        if pad > 0:
            self.proc_images["pad"] = F.pad(images, (pad,) * 4, "reflect")

    def normalized_images(self):
        self._ensure_proc_images()
        return self.proc_images["norm"]

    def __len__(self):
        return (
            len(self.images) // self.batch_size
            if self.drop_last
            else ceil(len(self.images) / self.batch_size)
        )

    def prepare_epoch(self):
        if self.epoch == 0:
            self._ensure_proc_images()

        if self.aug.get("translate", 0) > 0:
            images = batch_crop(self.proc_images["pad"], self.images.shape[-2])
        elif self.aug.get("flip", False):
            images = self.proc_images["flip"]
        else:
            images = self.proc_images["norm"]
        # Flip all images together every other epoch. This increases diversity relative to random flipping
        if self.aug.get("flip", False):
            if self.epoch % 2 == 1:
                images = images.flip(-1)

        self.epoch += 1

        return images

    def epoch_indices(self, images):
        return (torch.randperm if self.shuffle else torch.arange)(
            len(images), device=images.device
        )

    def __iter__(self):
        images = self.prepare_epoch()
        indices = self.epoch_indices(images)
        for i in range(len(self)):
            idxs = indices[i * self.batch_size : (i + 1) * self.batch_size]
            yield (images[idxs], self.labels[idxs])


class TrainingBatchStream:
    """A replayable batch cursor; epoch tensors are immutable and shared by snapshots."""

    def __init__(self, loader, fixed_batch=None):
        self.loader = loader
        self.fixed_batch = fixed_batch
        self.images = self.indices = None
        self.batch_index = 0

    def next_batch(self):
        if self.fixed_batch is not None:
            return self.fixed_batch
        if self.images is None or self.batch_index == len(self.loader):
            self.images = self.loader.prepare_epoch()
            self.indices = self.loader.epoch_indices(self.images)
            self.batch_index = 0
        start = self.batch_index * self.loader.batch_size
        indices = self.indices[start:start + self.loader.batch_size]
        self.batch_index += 1
        return self.images[indices], self.loader.labels[indices]

    def state_dict(self):
        return self.images, self.indices, self.batch_index, self.loader.epoch

    def load_state_dict(self, state):
        self.images, self.indices, self.batch_index, self.loader.epoch = state


#############################################
#            Network Definition             #
#############################################


# note the use of low BatchNorm stats momentum
class BatchNorm(nn.BatchNorm2d):
    def __init__(self, num_features, momentum=0.6, eps=1e-12):
        super().__init__(num_features, eps=eps, momentum=1 - momentum)
        # Note that PyTorch already initializes the weights to one and bias to zero


class Conv(nn.Conv2d):
    def __init__(self, in_channels, out_channels):
        super().__init__(
            in_channels, out_channels, kernel_size=3, padding="same", bias=False
        )

    def reset_parameters(self):
        super().reset_parameters()
        w = self.weight.data
        torch.nn.init.dirac_(w[: w.size(1)])


class ConvGroup(nn.Module):
    def __init__(self, channels_in, channels_out):
        super().__init__()
        self.conv1 = Conv(channels_in, channels_out)
        self.pool = nn.MaxPool2d(2)
        self.norm1 = BatchNorm(channels_out)
        self.conv2 = Conv(channels_out, channels_out)
        self.norm2 = BatchNorm(channels_out)
        self.activ = nn.GELU()

    def forward(self, x):
        x = self.conv1(x)
        x = self.pool(x)
        x = self.norm1(x)
        x = self.activ(x)
        x = self.conv2(x)
        x = self.norm2(x)
        x = self.activ(x)
        return x


class CifarNet(nn.Module):
    def __init__(self):
        super().__init__()
        widths = dict(block1=64, block2=256, block3=256)
        whiten_kernel_size = 2
        whiten_width = 2 * 3 * whiten_kernel_size**2
        self.whiten = nn.Conv2d(
            3, whiten_width, whiten_kernel_size, padding=0, bias=True
        )
        self.layers = nn.Sequential(
            nn.GELU(),
            ConvGroup(whiten_width, widths["block1"]),
            ConvGroup(widths["block1"], widths["block2"]),
            ConvGroup(widths["block2"], widths["block3"]),
            nn.MaxPool2d(3),
        )
        self.head = nn.Linear(widths["block3"], 10, bias=False)
        for mod in self.modules():
            mod.float()

    def reset(self):
        for m in self.modules():
            if type(m) in (nn.Conv2d, Conv, BatchNorm, nn.Linear):
                m.reset_parameters()
        w = self.head.weight.data
        w *= 1 / w.std()

    def init_whiten(self, train_images, eps=5e-4):
        c, (h, w) = train_images.shape[1], self.whiten.weight.shape[2:]
        patches = (
            train_images.unfold(2, h, 1)
            .unfold(3, w, 1)
            .transpose(1, 3)
            .reshape(-1, c, h, w)
            .float()
        )
        patches_flat = patches.view(len(patches), -1)
        est_patch_covariance = (patches_flat.T @ patches_flat) / len(patches_flat)
        eigenvalues, eigenvectors = torch.linalg.eigh(est_patch_covariance, UPLO="U")
        eigenvectors_scaled = eigenvectors.T.reshape(-1, c, h, w) / torch.sqrt(
            eigenvalues.view(-1, 1, 1, 1) + eps
        )
        self.whiten.weight.data[:] = torch.cat(
            (eigenvectors_scaled, -eigenvectors_scaled)
        )

    def forward(self, x):
        x = self.whiten(x)
        x = self.layers(x)
        x = x.view(len(x), -1)
        return self.head(x) / x.size(-1)


############################################
#                 Logging                  #
############################################


def log_config(run, config, label="config"):
    def compact_json(value):
        return json.dumps(value, default=lambda schedule: schedule.config)

    entries = []
    for name, value in config.items():
        if name in ("param_groups", "hparam_tuning") and isinstance(value, dict) and value:
            rows = [f"    {json.dumps(key)}: {compact_json(item)}"
                    for key, item in value.items()]
            formatted = "{\n" + ",\n".join(rows) + "\n  }"
        else:
            formatted = compact_json(value)
        entries.append(f"  {json.dumps(name)}: {formatted}")
    print(f"{label} run={run}", flush=True)
    print("{\n" + ",\n".join(entries) + "\n}", flush=True)


def format_log_value(value):
    if isinstance(value, float):
        return f"{value:.6g}"
    if isinstance(value, (dict, list, tuple, bool)) or value is None:
        return json.dumps(value)
    return str(value)


def log_event(event, **fields):
    print(" ".join([event, *(f"{key}={format_log_value(value)}"
                             for key, value in fields.items())]), flush=True)


def hparam_text(values):
    return " ".join(f"{name}={format_log_value(value)}" for name, value in values.items())


def flatten_config(config):
    """Readable paths, including conv.initial_lr instead of scheduler internals."""
    plain = json.loads(json.dumps(config, default=lambda schedule: schedule.config))
    values = {}

    def visit(value, path):
        if isinstance(value, dict) and value:
            for name, item in value.items():
                visit(item, f"{path}.{name}" if path else name)
        else:
            name = path.removeprefix("param_groups.").replace(".lr_scheduler.", ".")
            values[name] = value

    visit(plain, "")
    return values


def log_changes(label, base, current):
    changes = {name: (base.get(name, "<unset>"), value)
               for name, value in current.items() if base.get(name, "<unset>") != value}
    print(f"  {label}:" if changes else f"  {label}: (none)", flush=True)
    for name, (old, new) in changes.items():
        print(f"    {name}: {format_log_value(old)} -> {format_log_value(new)}", flush=True)


def log_config_diff(run, base_run, base, config):
    log_event("config_diff", run=run, base_run=base_run)
    log_changes("changes", flatten_config(base), flatten_config(config))


def log_final_eval(val_acc, tta_val_acc, seconds):
    print(
        f"val_acc={val_acc:.4f} tta_val_acc={tta_val_acc:.4f} seconds={seconds:.4f}",
        flush=True,
    )


############################################
#               Evaluation                 #
############################################


def infer(model, loader, tta_level=0):

    # Test-time augmentation strategy (for tta_level=2):
    # 1. Flip/mirror the image left-to-right (50% of the time).
    # 2. Translate the image by one pixel either up-and-left or down-and-right (50% of the time,
    #    i.e. both happen 25% of the time).
    #
    # This creates 6 views per image (left/right times the two translations and no-translation),
    # which we evaluate and then weight according to the given probabilities.

    def infer_basic(inputs, net):
        return net(inputs).clone()

    def infer_mirror(inputs, net):
        return 0.5 * net(inputs) + 0.5 * net(inputs.flip(-1))

    def infer_mirror_translate(inputs, net):
        logits = infer_mirror(inputs, net)
        pad = 1
        padded_inputs = F.pad(inputs, (pad,) * 4, "reflect")
        inputs_translate_list = [
            padded_inputs[:, :, 0:32, 0:32],
            padded_inputs[:, :, 2:34, 2:34],
        ]
        logits_translate_list = [
            infer_mirror(inputs_translate, net)
            for inputs_translate in inputs_translate_list
        ]
        logits_translate = torch.stack(logits_translate_list).mean(0)
        return 0.5 * logits + 0.5 * logits_translate

    model.eval()
    test_images = loader.normalized_images()
    infer_fn = [infer_basic, infer_mirror, infer_mirror_translate][tta_level]
    with torch.inference_mode():
        return torch.cat(
            [infer_fn(inputs, model) for inputs in test_images.split(2000)]
        )


def evaluate(model, loader, tta_level=0):
    logits = infer(model, loader, tta_level)
    return (logits.argmax(1) == loader.labels).float().mean().item()


############################################
#                Training                  #
############################################

def constant_lr_scheduler(initial_lr):
    initial_lr = round_hparam(initial_lr)

    def schedule(step, steps_per_epoch):
        return initial_lr

    schedule.config = dict(type="constant", initial_lr=initial_lr)
    return schedule


def linear_lr_scheduler(initial_lr, decay_epochs):
    """Return a scheduler(step, steps_per_epoch) that decays to zero."""
    initial_lr = round_hparam(initial_lr)
    decay_epochs = round_hparam(decay_epochs)
    if decay_epochs <= 0:
        raise ValueError("decay_epochs must be positive")

    def schedule(step, steps_per_epoch):
        return round_hparam(
            initial_lr * max(0.0, 1 - step / (decay_epochs * steps_per_epoch))
        )

    schedule.config = dict(type="linear", initial_lr=initial_lr, decay_epochs=decay_epochs)
    return schedule


# Set hparam_tuning to, for example:
# dict(algorithm="grid", metric="tta_val_acc", parameters={
#     "conv.initial_lr": [0.04, 0.06, 0.08],
#     "conv.momentum": [0.6, 0.7, 0.8],
# })
# Use algorithm="coordinate" to tune parameters in order, revisiting them
# whenever another parameter changes. Selection defaults to tta_val_acc.
# None runs the config once without tuning. Batch sizes are kept exact.
# For online search, use:
# dict(algorithm="interval", interval_steps=40, cooldown_steps=40, parameters={
#     "conv.initial_lr": None,  # multiplicative probes, factor=0.6
#     "conv.momentum": [0.1, 0.3, 0.6, 0.9, 0.95, 0.99],
#     "whiten_bias.initial_lr": None,
#     "norm_bias.initial_lr": None,
#     "head.initial_lr": None,
# })
# Interval search holds searched LRs constant within each segment; unsearched
# groups keep their configured schedules. Lists also work for interval LR choices.
RUN_CONFIGS = [
    # dict(
    #     batch_size=125,
    #     num_epochs=8,
    #     overfit=False,
    #     hparam_tuning=dict(
    #         algorithm="interval",
    #         interval_steps=40,
    #         cooldown_steps=40,
    #         parameters={
    #             "conv.initial_lr": None,
    #             "conv.momentum": [0.0, 0.1, 0.2, 0.3, 0.4, 0.5, 0.6, 0.7, 0.8, 0.9, 0.95, 0.99],
    #         },
    #     ),
    #     param_groups=dict(
    #         whiten_weight=dict(
    #             algorithm="sgd",
    #             lr_scheduler=constant_lr_scheduler(initial_lr=0.0),
    #             momentum=0.85,
    #             nesterov=True,
    #         ),
    #         norm_weight=dict(
    #             algorithm="sgd",
    #             lr_scheduler=constant_lr_scheduler(initial_lr=0.0),
    #             momentum=0.85,
    #             nesterov=True,
    #         ),
    #         whiten_bias=dict(
    #             algorithm="sgd",
    #             lr_scheduler=linear_lr_scheduler(initial_lr=6.5, decay_epochs=3),
    #             momentum=0.85,
    #             nesterov=True,
    #         ),
    #         norm_bias=dict(
    #             algorithm="sgd",
    #             lr_scheduler=linear_lr_scheduler(initial_lr=6.5, decay_epochs=8),
    #             momentum=0.85,
    #             nesterov=True,
    #         ),
    #         head=dict(
    #             algorithm="sgd",
    #             lr_scheduler=linear_lr_scheduler(initial_lr=84, decay_epochs=8),
    #             momentum=0.85,
    #             nesterov=True,
    #         ),
    #         conv=dict(
    #             algorithm="muon",
    #             lr_scheduler=linear_lr_scheduler(initial_lr=0.04, decay_epochs=8),
    #             momentum=0.6,
    #             nesterov=False,
    #         ),
    #     ),
    # ),
    # dict(
    #     batch_size=500,
    #     num_epochs=8,
    #     overfit=False,
    #     hparam_tuning=dict(
    #         algorithm="interval",
    #         interval_steps=40,
    #         cooldown_steps=40,
    #         parameters={
    #             "conv.initial_lr": None,
    #             "conv.momentum": [0.0, 0.1, 0.2, 0.3, 0.4, 0.5, 0.6, 0.7, 0.8, 0.9, 0.95, 0.99],
    #         },
    #     ),
    #     param_groups=dict(
    #         whiten_weight=dict(
    #             algorithm="sgd",
    #             lr_scheduler=constant_lr_scheduler(initial_lr=0.0),
    #             momentum=0.85,
    #             nesterov=True,
    #         ),
    #         norm_weight=dict(
    #             algorithm="sgd",
    #             lr_scheduler=constant_lr_scheduler(initial_lr=0.0),
    #             momentum=0.85,
    #             nesterov=True,
    #         ),
    #         whiten_bias=dict(
    #             algorithm="sgd",
    #             lr_scheduler=linear_lr_scheduler(initial_lr=26, decay_epochs=3),
    #             momentum=0.85,
    #             nesterov=True,
    #         ),
    #         norm_bias=dict(
    #             algorithm="sgd",
    #             lr_scheduler=linear_lr_scheduler(initial_lr=26, decay_epochs=8),
    #             momentum=0.85,
    #             nesterov=True,
    #         ),
    #         head=dict(
    #             algorithm="sgd",
    #             lr_scheduler=linear_lr_scheduler(initial_lr=340, decay_epochs=8),
    #             momentum=0.85,
    #             nesterov=True,
    #         ),
    #         conv=dict(
    #             algorithm="muon",
    #             lr_scheduler=linear_lr_scheduler(initial_lr=0.079, decay_epochs=8),
    #             momentum=0.6,
    #             nesterov=False,
    #         ),
    #     ),
    # ),
    dict(
        batch_size=2000,
        num_epochs=8,
        overfit=False,
        hparam_tuning=dict(
            algorithm="interval",
            interval_steps=40,
            cooldown_steps=40,
            parameters={
                "conv.initial_lr": None,
                "conv.momentum": [0.0, 0.1, 0.2, 0.3, 0.4, 0.5, 0.6, 0.7, 0.8, 0.9, 0.95, 0.99],
            },
        ),
        param_groups=dict(
            whiten_weight=dict(
                algorithm="sgd",
                lr_scheduler=constant_lr_scheduler(initial_lr=0.0),
                momentum=0.85,
                nesterov=True,
            ),
            norm_weight=dict(
                algorithm="sgd",
                lr_scheduler=constant_lr_scheduler(initial_lr=0.0),
                momentum=0.85,
                nesterov=True,
            ),
            whiten_bias=dict(
                algorithm="sgd",
                lr_scheduler=linear_lr_scheduler(initial_lr=100, decay_epochs=3),
                momentum=0.85,
                nesterov=True,
            ),
            norm_bias=dict(
                algorithm="sgd",
                lr_scheduler=linear_lr_scheduler(initial_lr=100, decay_epochs=8),
                momentum=0.85,
                nesterov=True,
            ),
            head=dict(
                algorithm="sgd",
                lr_scheduler=linear_lr_scheduler(initial_lr=1300, decay_epochs=8),
                momentum=0.85,
                nesterov=True,
            ),
            conv=dict(
                algorithm="muon",
                lr_scheduler=linear_lr_scheduler(initial_lr=0.19, decay_epochs=8),
                momentum=0.6,
                nesterov=False,
            ),
        ),
    ),
]


def scheduler_from_config(config):
    options = dict(config)
    kind = options.pop("type")
    if kind == "constant":
        return constant_lr_scheduler(**options)
    if kind == "linear":
        return linear_lr_scheduler(**options)
    raise ValueError(f"Unknown scheduler type: {kind!r}")


def normalize_config(value, key=None):
    """Round config values and choices, keeping batch sizes exact."""
    if key == "batch_size":
        return copy.deepcopy(value)
    if isinstance(value, dict):
        return {name: normalize_config(item, name) for name, item in value.items()}
    if isinstance(value, (list, tuple)):
        return [normalize_config(item) for item in value]
    if callable(value):
        return scheduler_from_config(normalize_config(value.config))
    return round_hparam(value)


def make_optimizer(model, param_groups, steps_per_epoch):
    parameters = dict(
        whiten_bias=[model.whiten.bias],
        norm_bias=[m.bias for m in model.modules() if isinstance(m, BatchNorm)],
        head=[model.head.weight],
        whiten_weight=[model.whiten.weight],
        norm_weight=[m.weight for m in model.modules() if isinstance(m, BatchNorm)],
        conv=[p for p in model.parameters()
              if p.ndim == 4 and p.requires_grad and p is not model.whiten.weight],
    )
    return GroupOptimizer([
        dict(name=name, params=params,
             lr=round_hparam(param_groups[name]["lr_scheduler"](0, steps_per_epoch)),
             **param_groups[name])
        for name, params in parameters.items()
    ])


def get_hparam(config, path):
    """Read a run setting or a group option such as conv.initial_lr."""
    if path in ("batch_size", "num_epochs", "overfit"):
        return config[path]
    parts = path.split(".")
    if len(parts) == 2 and parts[0] in config["param_groups"]:
        group = config["param_groups"][parts[0]]
        field = parts[1]
        if field in group and field != "lr_scheduler":
            return group[field]
        if field in group["lr_scheduler"].config:
            return group["lr_scheduler"].config[field]
    raise ValueError(f"Unknown hyperparameter: {path!r}")


def with_hparam(config, path, value):
    get_hparam(config, path)  # Validate the path before modifying anything.
    updated = copy.deepcopy(config)
    value = value if path == "batch_size" else round_hparam(value)
    if "." not in path:
        updated[path] = value
    else:
        name, field = path.split(".")
        group = updated["param_groups"][name]
        if field in group:
            group[field] = value
        else:
            options = dict(group["lr_scheduler"].config)
            options[field] = value
            group["lr_scheduler"] = scheduler_from_config(options)
    return updated


def interval_search_space(config):
    """Validate the online search space and choose an in-range starting point."""
    parameters = config["hparam_tuning"].get("parameters", {})
    if not parameters:
        raise ValueError("Interval search needs a nonempty parameters mapping")
    choices, initial = {}, {}
    for path, values in parameters.items():
        value = get_hparam(config, path)
        parts = path.split(".")
        if len(parts) != 2 or parts[1] not in ("initial_lr", "momentum"):
            raise ValueError(f"Interval search supports group.initial_lr or group.momentum: {path}")
        if values is None:
            if parts[1] != "initial_lr" or value <= 0:
                raise ValueError(f"{path}: multiplicative search needs a positive initial LR")
        else:
            if not isinstance(values, list) or not values or any(
                isinstance(v, bool) or not isinstance(v, (int, float))
                or not isfinite(v) or v < 0 for v in values
            ):
                raise ValueError(f"{path}: choices must be nonnegative finite numbers")
            values = sorted(set(values))
            if parts[1] == "momentum" and config["param_groups"][parts[0]]["nesterov"]:
                values = [v for v in values if v > 0]
            if not values:
                raise ValueError(f"{path}: no valid choices (Nesterov needs positive momentum)")
            value = min(values, key=lambda candidate: abs(candidate - value))
        choices[path], initial[path] = values, value
    return choices, initial


def directional_search(initial, choices, score, *, initial_lr_search=False,
                       factor=0.6, max_side_steps=20, dropoff_margin=0.02, on_event=None):
    """Cached coordinate sweeps with directional probes and stable ties."""
    cache = {}

    def emit(event, point, **fields):
        if on_event is not None:
            on_event(event, dict(point), **fields)

    def evaluate_point(point):
        key = tuple(point[path] for path in choices)
        if key not in cache:
            emit("candidate_start", point)
            value = score(dict(point))
            cache[key] = value if isfinite(value) else float("-inf")
            emit("candidate_result", point, score=cache[key])
        return cache[key]

    def neighbors(path, center, direction):
        values = choices[path]
        seen = {center}
        for distance in range(1, max_side_steps + 1):
            if values is None:
                value = round_hparam(center * factor ** (-direction * distance))
                if not isfinite(value) or value <= 0:
                    break
            else:
                index = values.index(center) + direction * distance
                if not 0 <= index < len(values):
                    break
                value = values[index]
            if value not in seen:
                seen.add(value)
                yield value

    current = dict(initial)
    current_score = evaluate_point(current)
    emit("search_path", current, score=current_score, reason="initial")
    while True:
        changed = False
        for path in choices:
            is_lr = path.endswith(".initial_lr")
            if initial_lr_search and is_lr:
                probes = [(dict(current), current_score)]
                best_score = current_score
                for direction in (1, -1):
                    for value in neighbors(path, current[path], direction):
                        candidate = dict(current, **{path: value})
                        candidate_score = evaluate_point(candidate)
                        probes.append((candidate, candidate_score))
                        if not isfinite(candidate_score) or candidate_score < best_score - dropoff_margin:
                            break
                        best_score = max(best_score, candidate_score)
                acceptable = [(point, value) for point, value in probes
                              if isfinite(value) and value >= best_score - dropoff_margin]
                if acceptable:
                    previous = current
                    current, current_score = max(acceptable, key=lambda item: item[0][path])
                    if current != previous:
                        emit("search_path", current, score=current_score, parameter=path,
                             reason="largest_lr_within_margin")
                continue

            # Smaller values first; stop a direction once it gets worse.
            for direction in (-1, 1):
                best, best_score = current, current_score
                flat_steps = 0
                for value in neighbors(path, current[path], direction):
                    candidate = dict(current, **{path: value})
                    candidate_score = evaluate_point(candidate)
                    if not isfinite(candidate_score) or candidate_score < best_score:
                        break
                    if candidate_score > best_score:
                        best, best_score, flat_steps = candidate, candidate_score, 0
                    else:
                        flat_steps += 1
                        if is_lr and direction < 0 and flat_steps >= 3:
                            break
                if best_score > current_score:
                    current, current_score = best, best_score
                    emit("search_path", current, score=current_score, parameter=path,
                         reason="improved")
                    changed = True
                    break
        if initial_lr_search or not changed:
            return current, current_score


def run_interval_search(run, model, config):
    """Choose each committed interval using replayed main/cooldown training probes.

    seconds includes probe and committed training, but excludes evaluation and
    checkpoint copies. Search logs distinguish lookahead scores from committed scores.
    """
    config = normalize_config(config)
    tuning = config["hparam_tuning"]
    choices, current = interval_search_space(config)
    interval_steps = tuning.get("interval_steps", 40)
    cooldown_steps = tuning.get("cooldown_steps", 40)
    max_side_steps = tuning.get("max_side_steps", 20)
    factor = tuning.get("lr_factor", 0.6)
    margin = tuning.get("initial_dropoff_margin", 0.02)
    metric = tuning.get("metric", "tta_val_acc")
    for name, value, minimum in (("interval_steps", interval_steps, 1),
                                 ("cooldown_steps", cooldown_steps, 0),
                                 ("max_side_steps", max_side_steps, 1),
                                 ("num_epochs", config["num_epochs"], 1)):
        if isinstance(value, bool) or not isinstance(value, int) or value < minimum:
            raise ValueError(f"{name} must be an integer >= {minimum}")
    if not 0 < factor < 1 or not isfinite(margin) or margin < 0:
        raise ValueError("lr_factor must be between 0 and 1; initial_dropoff_margin must be nonnegative")
    if metric not in ("val_acc", "tta_val_acc"):
        raise ValueError(f"Unknown tuning metric: {metric!r}")
    # Include effective defaults in the run log.
    tuning.update(interval_steps=interval_steps, cooldown_steps=cooldown_steps,
                  max_side_steps=max_side_steps, lr_factor=factor,
                  initial_dropoff_margin=margin, metric=metric)
    log_config(run, config, label="base_config")
    set_training_seed()
    test_loader = CifarLoader("cifar10", train=False, batch_size=2000)
    train_loader = CifarLoader("cifar10", train=True, batch_size=config["batch_size"],
                               aug=dict(flip=True, translate=2))
    if len(train_loader) == 0:
        raise ValueError("batch_size must not exceed the training dataset size")
    steps_per_epoch = 1 if config["overfit"] else len(train_loader)
    total_steps = config["num_epochs"] * steps_per_epoch
    optimizer = make_optimizer(model, config["param_groups"], steps_per_epoch)
    model.reset()
    fixed_batch = next(iter(train_loader)) if config["overfit"] else None
    model.init_whiten(fixed_batch[0] if fixed_batch is not None
                      else train_loader.normalized_images()[:5000])
    stream = TrainingBatchStream(train_loader, fixed_batch)
    device = next(model.parameters()).device
    completed, training_seconds = 0, 0.0
    history = []
    cooldown_values = {}
    last_train_loss = None
    committed_losses = []

    def synchronize():
        if device.type == "cuda":
            torch.cuda.synchronize(device)

    def snapshot():
        return dict(model=copy.deepcopy(model.state_dict()),
                    optimizer=copy.deepcopy(optimizer.state_dict()),
                    stream=stream.state_dict(), rng=torch.random.get_rng_state(),
                    cuda_rng=torch.cuda.get_rng_state_all() if device.type == "cuda" else None)

    def restore(state):
        model.load_state_dict(state["model"])
        optimizer.load_state_dict(copy.deepcopy(state["optimizer"]))
        optimizer.zero_grad(set_to_none=True)
        stream.load_state_dict(state["stream"])
        torch.random.set_rng_state(state["rng"])
        if state["cuda_rng"] is not None:
            torch.cuda.set_rng_state_all(state["cuda_rng"])

    def train_segment(values, steps, start_step, commit=False):
        nonlocal training_seconds, completed, last_train_loss
        synchronize()
        start = time.perf_counter()
        valid = True
        model.train()
        for local_step in range(steps):
            for group in optimizer.param_groups:
                name = group["name"]
                group["lr"] = round_hparam(values.get(
                    f"{name}.initial_lr", group["lr_scheduler"](start_step + local_step, steps_per_epoch)))
                group["momentum"] = round_hparam(values.get(
                    f"{name}.momentum", config["param_groups"][name]["momentum"]))
            inputs, labels = stream.next_batch()
            loss = F.cross_entropy(model(inputs), labels, label_smoothing=0.2)
            last_train_loss = loss.item()
            if not isfinite(last_train_loss):
                valid = False
                break
            loss.backward()
            optimizer.step()
            optimizer.zero_grad(set_to_none=True)
            if commit:
                completed += 1
                committed_losses.append((completed, last_train_loss))
        synchronize()
        training_seconds += time.perf_counter() - start
        return valid

    def score():
        return evaluate(model, test_loader, tta_level=2 if metric == "tta_val_acc" else 0)

    def search(values, space, evaluate_point, phase="main", initial=False,
               main_values=None, cooldown=None):
        log_event("search", run=run, interval=len(history), phase=phase, metric=metric)
        if main_values is not None:
            print(f"main hparams: {hparam_text(main_values)}", flush=True)
        if cooldown is not None:
            print(f"cooldown hparams: {hparam_text(cooldown)}", flush=True)
        search_path = []

        def on_event(event, point, **fields):
            if event == "candidate_result":
                value = format_log_value(fields["score"])
                if phase == "cooldown":
                    print(f"{hparam_text(point)} -> {metric}={value}", flush=True)
                else:
                    score_name = "main" if cooldown is None else "best_cooldown"
                    print(f"main hparams: {hparam_text(point)} {score_name}={value}", flush=True)
            elif event == "search_path":
                search_path.append((point, fields["score"]))

        best, best_score = directional_search(
            values, space, evaluate_point, initial_lr_search=initial,
            factor=factor, max_side_steps=max_side_steps, dropoff_margin=margin,
            on_event=on_event)
        for step, (point, value) in enumerate(search_path):
            print(f"search_path step={step} {hparam_text(point)} "
                  f"{metric}={format_log_value(value)}", flush=True)
        return best, best_score

    while completed < total_steps:
        start_step = completed
        main_steps = min(interval_steps, total_steps - completed)
        lookahead_steps = min(cooldown_steps, total_steps - completed - main_steps)
        start_state = snapshot()

        def main_score(values, cooldown=None):
            restore(start_state)
            if not train_segment(values, main_steps, start_step):
                return float("-inf")
            if cooldown is not None and lookahead_steps:
                if not train_segment(dict(values, **cooldown), lookahead_steps, start_step + main_steps):
                    return float("-inf")
            return score()

        if start_step == 0 or not lookahead_steps:
            current, selected_score = search(current, choices, main_score, initial=start_step == 0)
        else:
            current, selected_score = search(current, {}, main_score, phase="baseline")
        selected_cooldown = None
        while lookahead_steps:
            restore(start_state)
            if not train_segment(current, main_steps, start_step):
                break
            cooldown_start = snapshot()
            cooldown_choices = {path: values for path, values in choices.items()
                                if path.endswith(".initial_lr")}
            seed = {path: cooldown_values.get(path, current[path]) for path in cooldown_choices}

            def cooldown_score(values):
                restore(cooldown_start)
                if not train_segment(dict(current, **values), lookahead_steps, start_step + main_steps):
                    return float("-inf")
                return score()

            candidate_cooldown, candidate_score = search(
                seed, cooldown_choices, cooldown_score, phase="cooldown", main_values=current)
            if candidate_score <= selected_score:
                break
            cooldown_values = selected_cooldown = candidate_cooldown
            selected_score = candidate_score
            candidate, candidate_score = search(
                current, choices, lambda values: main_score(values, selected_cooldown),
                cooldown=selected_cooldown)
            if candidate_score <= selected_score:
                break
            current, selected_score = candidate, candidate_score

        if not isfinite(selected_score):
            raise RuntimeError(f"No finite candidate found at training step {start_step}")
        log_event("train_hparams", run=run, interval=len(history), start_step=start_step,
                  completed_steps=main_steps, total_steps=total_steps, **current)
        committed_losses.clear()
        restore(start_state)
        if not train_segment(current, main_steps, start_step, commit=True):
            raise RuntimeError(f"Selected training interval diverged at step {start_step}")
        for step, loss in committed_losses:
            log_event("train_loss", run=run, interval=len(history), step=step, loss=loss)
        committed_score = score()
        log_event("interval_boundary_eval", run=run, interval=len(history),
                  step=completed, total_steps=total_steps, **{metric: committed_score})
        history.append(dict(start_step=start_step, steps=main_steps,
                            main_hparams=dict(current), cooldown_hparams=selected_cooldown,
                            cooldown_steps=lookahead_steps, score=selected_score))

    val_acc = evaluate(model, test_loader, tta_level=0)
    tta_val_acc = evaluate(model, test_loader, tta_level=2)
    log_final_eval(val_acc, tta_val_acc, training_seconds)
    return dict(val_acc=val_acc, tta_val_acc=tta_val_acc, seconds=training_seconds,
                batch_size=config["batch_size"], num_epochs=config["num_epochs"],
                overfit=config["overfit"], intervals=history,
                **{f"{group['name']}_lr": group["lr"] for group in optimizer.param_groups})


def run_experiment(run, model, config):
    """Run one config or a search; return its best config, result, and trials."""
    config = normalize_config(config)
    tuning = config.get("hparam_tuning")
    if tuning is not None and tuning.get("algorithm") == "interval":
        result = run_interval_search(run, model, config)
        return dict(best_config=config, best_result=result,
                    trials=[dict(run=run, config=config, result=result)])
    trials = []
    cache = {}
    metric = "tta_val_acc" if tuning is None else tuning.get("metric", "tta_val_acc")
    if metric not in ("val_acc", "tta_val_acc"):
        raise ValueError(f"Unknown tuning metric: {metric!r}")

    def evaluate_config(candidate):
        key = json.dumps(candidate, sort_keys=True, default=lambda schedule: schedule.config)
        if key not in cache:
            trial_run = run if tuning is None else f"{run}.{len(trials)}"
            if tuning is not None:
                log_config_diff(trial_run, run, config, candidate)
            result = main(trial_run, model, **candidate, _log_config=tuning is None)
            if not isfinite(result[metric]):
                raise ValueError(f"Run {trial_run}: {metric} must be finite")
            trial = dict(run=trial_run, config=candidate, result=result)
            trials.append(trial)
            cache[key] = trial
        return cache[key]

    if tuning is None:
        best = evaluate_config(config)
    else:
        algorithm = tuning["algorithm"]
        if algorithm not in ("grid", "coordinate"):
            raise ValueError(f"Unknown tuning algorithm: {algorithm!r}")
        parameters = tuning["parameters"]
        if not parameters:
            raise ValueError("hparam_tuning.parameters must not be empty")
        choices = {}
        for path, values in parameters.items():
            get_hparam(config, path)
            if not isinstance(values, (list, tuple)) or not values:
                raise ValueError(f"{path}: choices must be a nonempty list")
            # Values that coincide after rounding represent the same candidate.
            choices[path] = list(dict.fromkeys(values))

        log_config(run, config, label="base_config")
        if algorithm == "grid":
            best = None
            for values in product(*choices.values()):
                candidate = config
                for path, value in zip(choices, values):
                    candidate = with_hparam(candidate, path, value)
                trial = evaluate_config(candidate)
                if best is None or trial["result"][metric] > best["result"][metric]:
                    best = trial
        else:
            # Start inside the search space, preferring the configured values.
            current = config
            for path, values in choices.items():
                if get_hparam(current, path) not in values:
                    current = with_hparam(current, path, values[0])
            best = evaluate_config(current)
            locked = set()
            while len(locked) < len(choices):
                for path, values in choices.items():
                    if path in locked:
                        continue
                    previous_value = get_hparam(best["config"], path)
                    candidate_best = best
                    for value in values:
                        candidate = with_hparam(best["config"], path, value)
                        trial = evaluate_config(candidate)
                        # Keeping the incumbent on ties prevents cycling.
                        if trial["result"][metric] > candidate_best["result"][metric]:
                            candidate_best = trial
                    best = candidate_best
                    if get_hparam(best["config"], path) != previous_value:
                        locked.clear()
                    locked.add(path)

        log_event("search_best", run=run, trial=best["run"], **{metric: best["result"][metric]})
        log_changes("changes", flatten_config(config), flatten_config(best["config"]))

    return dict(best_config=best["config"], best_result=best["result"], trials=trials)


def main(run, model, batch_size, param_groups, num_epochs=8, overfit=False,
         hparam_tuning=None, _log_config=True):
    config = normalize_config(dict(
        batch_size=batch_size,
        num_epochs=num_epochs,
        overfit=overfit,
        param_groups=param_groups,
        hparam_tuning=hparam_tuning,
    ))
    batch_size = config["batch_size"]
    num_epochs = config["num_epochs"]
    param_groups = config["param_groups"]
    if not isinstance(num_epochs, int) or num_epochs <= 0:
        raise ValueError("num_epochs must be a positive integer")
    if _log_config:
        log_config(run, config)
    set_training_seed()

    test_loader = CifarLoader("cifar10", train=False, batch_size=2000)
    train_loader = CifarLoader(
        "cifar10", train=True, batch_size=batch_size, aug=dict(flip=True, translate=2)
    )
    if run == "warmup":
        # The only purpose of the first run is to warmup the compiled model, so we can use dummy data
        train_loader.labels = torch.randint(
            0, 10, size=(len(train_loader.labels),), device=train_loader.labels.device
        )
    steps_per_epoch = 1 if overfit else len(train_loader)
    total_train_steps = num_epochs * steps_per_epoch
    initial_lrs = {
        name: round_hparam(config["lr_scheduler"](0, steps_per_epoch))
        for name, config in param_groups.items()
    }

    optimizer = make_optimizer(model, param_groups, steps_per_epoch)

    model.reset()
    step = 0

    # Initialize the whitening layer using training images
    if overfit:
        # Cache the first augmented batch once and reuse exactly these tensors.
        train_batches = (next(iter(train_loader)),)
        train_images = train_batches[0][0]
    else:
        train_batches = train_loader
        train_images = train_loader.normalized_images()[:5000]
    model.init_whiten(train_images)

    training_seconds = 0.0
    device = next(model.parameters()).device
    for epoch in range(num_epochs):
        ####################
        #     Training     #
        ####################

        # Synchronize CUDA so elapsed time includes completed training work only.
        if device.type == "cuda":
            torch.cuda.synchronize(device)
        training_start = time.perf_counter()
        model.train()
        for inputs, labels in train_batches:
            outputs = model(inputs)
            loss = F.cross_entropy(
                outputs, labels, label_smoothing=0.2, reduction="mean"
            )
            loss.backward()
            for group in optimizer.param_groups:
                group["lr"] = round_hparam(group["lr_scheduler"](step, steps_per_epoch))
            optimizer.step()
            optimizer.zero_grad(set_to_none=True)
            step += 1
            if step >= total_train_steps:
                break

        if device.type == "cuda":
            torch.cuda.synchronize(device)
        training_seconds += time.perf_counter() - training_start

        ####################
        #    Evaluation    #
        ####################

        val_acc = evaluate(model, test_loader, tta_level=0)

    ####################
    #  TTA Evaluation  #
    ####################

    tta_val_acc = evaluate(model, test_loader, tta_level=2)
    log_final_eval(val_acc, tta_val_acc, training_seconds)

    return dict(
        val_acc=val_acc,
        tta_val_acc=tta_val_acc,
        seconds=training_seconds,
        batch_size=batch_size,
        num_epochs=num_epochs,
        overfit=overfit,
        **{f"{name}_lr": lr for name, lr in initial_lrs.items()},
    )


if __name__ == "__main__":
    # We re-use the compiled model between runs to save the non-data-dependent compilation time
    set_training_seed()
    model = CifarNet().cuda().to(memory_format=torch.channels_last)
    # model.compile(mode="max-autotune")

    # main("warmup", model, **RUN_CONFIGS[0])
    for run, config in enumerate(RUN_CONFIGS):
        run_experiment(run, model, config)


# Run output

base_config run=0
{
  "batch_size": 2000,
  "num_epochs": 8,
  "overfit": false,
  "hparam_tuning": {
    "algorithm": "interval",
    "interval_steps": 40,
    "cooldown_steps": 40,
    "parameters": {"conv.initial_lr": null, "conv.momentum": [0.0, 0.1, 0.2, 0.3, 0.4, 0.5, 0.6, 0.7, 0.8, 0.9, 0.95, 0.99]},
    "max_side_steps": 20,
    "lr_factor": 0.6,
    "initial_dropoff_margin": 0.02,
    "metric": "tta_val_acc"
  },
  "param_groups": {
    "whiten_weight": {"algorithm": "sgd", "lr_scheduler": {"type": "constant", "initial_lr": 0.0}, "momentum": 0.85, "nesterov": true},
    "norm_weight": {"algorithm": "sgd", "lr_scheduler": {"type": "constant", "initial_lr": 0.0}, "momentum": 0.85, "nesterov": true},
    "whiten_bias": {"algorithm": "sgd", "lr_scheduler": {"type": "linear", "initial_lr": 100, "decay_epochs": 3}, "momentum": 0.85, "nesterov": true},
    "norm_bias": {"algorithm": "sgd", "lr_scheduler": {"type": "linear", "initial_lr": 100, "decay_epochs": 8}, "momentum": 0.85, "nesterov": true},
    "head": {"algorithm": "sgd", "lr_scheduler": {"type": "linear", "initial_lr": 1300, "decay_epochs": 8}, "momentum": 0.85, "nesterov": true},
    "conv": {"algorithm": "muon", "lr_scheduler": {"type": "linear", "initial_lr": 0.19, "decay_epochs": 8}, "momentum": 0.6, "nesterov": false}
  }
}
search run=0 interval=0 phase=main metric=tta_val_acc
main hparams: conv.initial_lr=0.19 conv.momentum=0.6 main=0.712
main hparams: conv.initial_lr=0.32 conv.momentum=0.6 main=0.491
main hparams: conv.initial_lr=0.11 conv.momentum=0.6 main=0.7889
main hparams: conv.initial_lr=0.068 conv.momentum=0.6 main=0.7925
main hparams: conv.initial_lr=0.041 conv.momentum=0.6 main=0.7405
main hparams: conv.initial_lr=0.11 conv.momentum=0.5 main=0.7693
main hparams: conv.initial_lr=0.11 conv.momentum=0.7 main=0.7646
search_path step=0 conv.initial_lr=0.19 conv.momentum=0.6 tta_val_acc=0.712
search_path step=1 conv.initial_lr=0.11 conv.momentum=0.6 tta_val_acc=0.7889
search run=0 interval=0 phase=cooldown metric=tta_val_acc
main hparams: conv.initial_lr=0.11 conv.momentum=0.6
conv.initial_lr=0.11 -> tta_val_acc=0.7891
conv.initial_lr=0.066 -> tta_val_acc=0.8656
conv.initial_lr=0.04 -> tta_val_acc=0.8872
conv.initial_lr=0.024 -> tta_val_acc=0.8975
conv.initial_lr=0.014 -> tta_val_acc=0.8943
search_path step=0 conv.initial_lr=0.11 tta_val_acc=0.7891
search_path step=1 conv.initial_lr=0.024 tta_val_acc=0.8975
search run=0 interval=0 phase=main metric=tta_val_acc
cooldown hparams: conv.initial_lr=0.024
main hparams: conv.initial_lr=0.11 conv.momentum=0.6 best_cooldown=0.8975
main hparams: conv.initial_lr=0.066 conv.momentum=0.6 best_cooldown=0.8909
main hparams: conv.initial_lr=0.18 conv.momentum=0.6 best_cooldown=0.9002
main hparams: conv.initial_lr=0.31 conv.momentum=0.6 best_cooldown=0.8795
main hparams: conv.initial_lr=0.18 conv.momentum=0.5 best_cooldown=0.8995
main hparams: conv.initial_lr=0.18 conv.momentum=0.7 best_cooldown=0.8995
main hparams: conv.initial_lr=0.3 conv.momentum=0.6 best_cooldown=0.8866
search_path step=0 conv.initial_lr=0.11 conv.momentum=0.6 tta_val_acc=0.8975
search_path step=1 conv.initial_lr=0.18 conv.momentum=0.6 tta_val_acc=0.9002
search run=0 interval=0 phase=cooldown metric=tta_val_acc
main hparams: conv.initial_lr=0.18 conv.momentum=0.6
conv.initial_lr=0.024 -> tta_val_acc=0.9002
conv.initial_lr=0.014 -> tta_val_acc=0.8952
conv.initial_lr=0.04 -> tta_val_acc=0.8937
search_path step=0 conv.initial_lr=0.024 tta_val_acc=0.9002
train_hparams run=0 interval=0 start_step=0 completed_steps=40 total_steps=200 conv.initial_lr=0.18 conv.momentum=0.6
train_loss run=0 interval=0 step=1 loss=2.30835
train_loss run=0 interval=0 step=2 loss=2.29289
train_loss run=0 interval=0 step=3 loss=2.28352
train_loss run=0 interval=0 step=4 loss=2.0811
train_loss run=0 interval=0 step=5 loss=1.95679
train_loss run=0 interval=0 step=6 loss=1.88884
train_loss run=0 interval=0 step=7 loss=1.85027
train_loss run=0 interval=0 step=8 loss=1.7466
train_loss run=0 interval=0 step=9 loss=1.68915
train_loss run=0 interval=0 step=10 loss=1.68149
train_loss run=0 interval=0 step=11 loss=1.66132
train_loss run=0 interval=0 step=12 loss=1.60701
train_loss run=0 interval=0 step=13 loss=1.58275
train_loss run=0 interval=0 step=14 loss=1.57193
train_loss run=0 interval=0 step=15 loss=1.53864
train_loss run=0 interval=0 step=16 loss=1.54546
train_loss run=0 interval=0 step=17 loss=1.5722
train_loss run=0 interval=0 step=18 loss=1.49512
train_loss run=0 interval=0 step=19 loss=1.47783
train_loss run=0 interval=0 step=20 loss=1.41046
train_loss run=0 interval=0 step=21 loss=1.41914
train_loss run=0 interval=0 step=22 loss=1.41618
train_loss run=0 interval=0 step=23 loss=1.36197
train_loss run=0 interval=0 step=24 loss=1.35771
train_loss run=0 interval=0 step=25 loss=1.37627
train_loss run=0 interval=0 step=26 loss=1.38225
train_loss run=0 interval=0 step=27 loss=1.32584
train_loss run=0 interval=0 step=28 loss=1.3405
train_loss run=0 interval=0 step=29 loss=1.35311
train_loss run=0 interval=0 step=30 loss=1.31455
train_loss run=0 interval=0 step=31 loss=1.3224
train_loss run=0 interval=0 step=32 loss=1.30353
train_loss run=0 interval=0 step=33 loss=1.33437
train_loss run=0 interval=0 step=34 loss=1.30981
train_loss run=0 interval=0 step=35 loss=1.34179
train_loss run=0 interval=0 step=36 loss=1.3227
train_loss run=0 interval=0 step=37 loss=1.30038
train_loss run=0 interval=0 step=38 loss=1.30726
train_loss run=0 interval=0 step=39 loss=1.28882
train_loss run=0 interval=0 step=40 loss=1.28875
interval_boundary_eval run=0 interval=0 step=40 total_steps=200 tta_val_acc=0.7677
search run=0 interval=1 phase=baseline metric=tta_val_acc
main hparams: conv.initial_lr=0.18 conv.momentum=0.6 main=0.7511
search_path step=0 conv.initial_lr=0.18 conv.momentum=0.6 tta_val_acc=0.7511
search run=0 interval=1 phase=cooldown metric=tta_val_acc
main hparams: conv.initial_lr=0.18 conv.momentum=0.6
conv.initial_lr=0.024 -> tta_val_acc=0.9156
conv.initial_lr=0.014 -> tta_val_acc=0.914
conv.initial_lr=0.04 -> tta_val_acc=0.9022
search_path step=0 conv.initial_lr=0.024 tta_val_acc=0.9156
search run=0 interval=1 phase=main metric=tta_val_acc
cooldown hparams: conv.initial_lr=0.024
main hparams: conv.initial_lr=0.18 conv.momentum=0.6 best_cooldown=0.9156
main hparams: conv.initial_lr=0.11 conv.momentum=0.6 best_cooldown=0.9236
main hparams: conv.initial_lr=0.065 conv.momentum=0.6 best_cooldown=0.9219
main hparams: conv.initial_lr=0.11 conv.momentum=0.5 best_cooldown=0.9235
main hparams: conv.initial_lr=0.11 conv.momentum=0.7 best_cooldown=0.9212
main hparams: conv.initial_lr=0.066 conv.momentum=0.6 best_cooldown=0.9201
search_path step=0 conv.initial_lr=0.18 conv.momentum=0.6 tta_val_acc=0.9156
search_path step=1 conv.initial_lr=0.11 conv.momentum=0.6 tta_val_acc=0.9236
search run=0 interval=1 phase=cooldown metric=tta_val_acc
main hparams: conv.initial_lr=0.11 conv.momentum=0.6
conv.initial_lr=0.024 -> tta_val_acc=0.9236
conv.initial_lr=0.014 -> tta_val_acc=0.9239
conv.initial_lr=0.0086 -> tta_val_acc=0.9217
conv.initial_lr=0.0084 -> tta_val_acc=0.9214
conv.initial_lr=0.023 -> tta_val_acc=0.9236
search_path step=0 conv.initial_lr=0.024 tta_val_acc=0.9236
search_path step=1 conv.initial_lr=0.014 tta_val_acc=0.9239
search run=0 interval=1 phase=main metric=tta_val_acc
cooldown hparams: conv.initial_lr=0.014
main hparams: conv.initial_lr=0.11 conv.momentum=0.6 best_cooldown=0.9239
main hparams: conv.initial_lr=0.066 conv.momentum=0.6 best_cooldown=0.9217
main hparams: conv.initial_lr=0.18 conv.momentum=0.6 best_cooldown=0.914
main hparams: conv.initial_lr=0.11 conv.momentum=0.5 best_cooldown=0.9222
main hparams: conv.initial_lr=0.11 conv.momentum=0.7 best_cooldown=0.9211
search_path step=0 conv.initial_lr=0.11 conv.momentum=0.6 tta_val_acc=0.9239
train_hparams run=0 interval=1 start_step=40 completed_steps=40 total_steps=200 conv.initial_lr=0.11 conv.momentum=0.6
train_loss run=0 interval=1 step=41 loss=1.28213
train_loss run=0 interval=1 step=42 loss=1.23857
train_loss run=0 interval=1 step=43 loss=1.20234
train_loss run=0 interval=1 step=44 loss=1.23294
train_loss run=0 interval=1 step=45 loss=1.19967
train_loss run=0 interval=1 step=46 loss=1.21404
train_loss run=0 interval=1 step=47 loss=1.19273
train_loss run=0 interval=1 step=48 loss=1.21077
train_loss run=0 interval=1 step=49 loss=1.20015
train_loss run=0 interval=1 step=50 loss=1.20133
train_loss run=0 interval=1 step=51 loss=1.15802
train_loss run=0 interval=1 step=52 loss=1.18716
train_loss run=0 interval=1 step=53 loss=1.17286
train_loss run=0 interval=1 step=54 loss=1.1821
train_loss run=0 interval=1 step=55 loss=1.17475
train_loss run=0 interval=1 step=56 loss=1.19106
train_loss run=0 interval=1 step=57 loss=1.14935
train_loss run=0 interval=1 step=58 loss=1.17876
train_loss run=0 interval=1 step=59 loss=1.15648
train_loss run=0 interval=1 step=60 loss=1.15466
train_loss run=0 interval=1 step=61 loss=1.15724
train_loss run=0 interval=1 step=62 loss=1.17131
train_loss run=0 interval=1 step=63 loss=1.16038
train_loss run=0 interval=1 step=64 loss=1.15865
train_loss run=0 interval=1 step=65 loss=1.1502
train_loss run=0 interval=1 step=66 loss=1.17779
train_loss run=0 interval=1 step=67 loss=1.16853
train_loss run=0 interval=1 step=68 loss=1.15663
train_loss run=0 interval=1 step=69 loss=1.16299
train_loss run=0 interval=1 step=70 loss=1.15278
train_loss run=0 interval=1 step=71 loss=1.16607
train_loss run=0 interval=1 step=72 loss=1.15306
train_loss run=0 interval=1 step=73 loss=1.17647
train_loss run=0 interval=1 step=74 loss=1.14624
train_loss run=0 interval=1 step=75 loss=1.1866
train_loss run=0 interval=1 step=76 loss=1.12165
train_loss run=0 interval=1 step=77 loss=1.12853
train_loss run=0 interval=1 step=78 loss=1.1326
train_loss run=0 interval=1 step=79 loss=1.12691
train_loss run=0 interval=1 step=80 loss=1.125
interval_boundary_eval run=0 interval=1 step=80 total_steps=200 tta_val_acc=0.7984
search run=0 interval=2 phase=baseline metric=tta_val_acc
main hparams: conv.initial_lr=0.11 conv.momentum=0.6 main=0.8256
search_path step=0 conv.initial_lr=0.11 conv.momentum=0.6 tta_val_acc=0.8256
search run=0 interval=2 phase=cooldown metric=tta_val_acc
main hparams: conv.initial_lr=0.11 conv.momentum=0.6
conv.initial_lr=0.014 -> tta_val_acc=0.9248
conv.initial_lr=0.0084 -> tta_val_acc=0.9233
conv.initial_lr=0.023 -> tta_val_acc=0.9254
conv.initial_lr=0.039 -> tta_val_acc=0.9208
conv.initial_lr=0.038 -> tta_val_acc=0.9218
search_path step=0 conv.initial_lr=0.014 tta_val_acc=0.9248
search_path step=1 conv.initial_lr=0.023 tta_val_acc=0.9254
search run=0 interval=2 phase=main metric=tta_val_acc
cooldown hparams: conv.initial_lr=0.023
main hparams: conv.initial_lr=0.11 conv.momentum=0.6 best_cooldown=0.9254
main hparams: conv.initial_lr=0.066 conv.momentum=0.6 best_cooldown=0.9264
main hparams: conv.initial_lr=0.04 conv.momentum=0.6 best_cooldown=0.929
main hparams: conv.initial_lr=0.024 conv.momentum=0.6 best_cooldown=0.9268
main hparams: conv.initial_lr=0.04 conv.momentum=0.5 best_cooldown=0.9286
main hparams: conv.initial_lr=0.04 conv.momentum=0.7 best_cooldown=0.9289
main hparams: conv.initial_lr=0.067 conv.momentum=0.6 best_cooldown=0.9305
main hparams: conv.initial_lr=0.067 conv.momentum=0.5 best_cooldown=0.9303
main hparams: conv.initial_lr=0.067 conv.momentum=0.7 best_cooldown=0.925
search_path step=0 conv.initial_lr=0.11 conv.momentum=0.6 tta_val_acc=0.9254
search_path step=1 conv.initial_lr=0.04 conv.momentum=0.6 tta_val_acc=0.929
search_path step=2 conv.initial_lr=0.067 conv.momentum=0.6 tta_val_acc=0.9305
search run=0 interval=2 phase=cooldown metric=tta_val_acc
main hparams: conv.initial_lr=0.067 conv.momentum=0.6
conv.initial_lr=0.023 -> tta_val_acc=0.9305
conv.initial_lr=0.014 -> tta_val_acc=0.9311
conv.initial_lr=0.0083 -> tta_val_acc=0.9299
conv.initial_lr=0.0084 -> tta_val_acc=0.9297
search_path step=0 conv.initial_lr=0.023 tta_val_acc=0.9305
search_path step=1 conv.initial_lr=0.014 tta_val_acc=0.9311
search run=0 interval=2 phase=main metric=tta_val_acc
cooldown hparams: conv.initial_lr=0.014
main hparams: conv.initial_lr=0.067 conv.momentum=0.6 best_cooldown=0.9311
main hparams: conv.initial_lr=0.04 conv.momentum=0.6 best_cooldown=0.9306
main hparams: conv.initial_lr=0.11 conv.momentum=0.6 best_cooldown=0.9248
main hparams: conv.initial_lr=0.067 conv.momentum=0.5 best_cooldown=0.9312
main hparams: conv.initial_lr=0.067 conv.momentum=0.4 best_cooldown=0.9328
main hparams: conv.initial_lr=0.067 conv.momentum=0.3 best_cooldown=0.9319
main hparams: conv.initial_lr=0.04 conv.momentum=0.4 best_cooldown=0.929
main hparams: conv.initial_lr=0.11 conv.momentum=0.4 best_cooldown=0.929
search_path step=0 conv.initial_lr=0.067 conv.momentum=0.6 tta_val_acc=0.9311
search_path step=1 conv.initial_lr=0.067 conv.momentum=0.4 tta_val_acc=0.9328
search run=0 interval=2 phase=cooldown metric=tta_val_acc
main hparams: conv.initial_lr=0.067 conv.momentum=0.4
conv.initial_lr=0.014 -> tta_val_acc=0.9328
conv.initial_lr=0.0084 -> tta_val_acc=0.9316
conv.initial_lr=0.023 -> tta_val_acc=0.9314
search_path step=0 conv.initial_lr=0.014 tta_val_acc=0.9328
train_hparams run=0 interval=2 start_step=80 completed_steps=40 total_steps=200 conv.initial_lr=0.067 conv.momentum=0.4
train_loss run=0 interval=2 step=81 loss=1.15122
train_loss run=0 interval=2 step=82 loss=1.11815
train_loss run=0 interval=2 step=83 loss=1.1091
train_loss run=0 interval=2 step=84 loss=1.09449
train_loss run=0 interval=2 step=85 loss=1.10528
train_loss run=0 interval=2 step=86 loss=1.07937
train_loss run=0 interval=2 step=87 loss=1.093
train_loss run=0 interval=2 step=88 loss=1.0891
train_loss run=0 interval=2 step=89 loss=1.06459
train_loss run=0 interval=2 step=90 loss=1.07787
train_loss run=0 interval=2 step=91 loss=1.06379
train_loss run=0 interval=2 step=92 loss=1.07602
train_loss run=0 interval=2 step=93 loss=1.07408
train_loss run=0 interval=2 step=94 loss=1.08684
train_loss run=0 interval=2 step=95 loss=1.08537
train_loss run=0 interval=2 step=96 loss=1.07611
train_loss run=0 interval=2 step=97 loss=1.07003
train_loss run=0 interval=2 step=98 loss=1.07056
train_loss run=0 interval=2 step=99 loss=1.07958
train_loss run=0 interval=2 step=100 loss=1.07592
train_loss run=0 interval=2 step=101 loss=1.05029
train_loss run=0 interval=2 step=102 loss=1.03979
train_loss run=0 interval=2 step=103 loss=1.0344
train_loss run=0 interval=2 step=104 loss=1.05147
train_loss run=0 interval=2 step=105 loss=1.02202
train_loss run=0 interval=2 step=106 loss=1.05243
train_loss run=0 interval=2 step=107 loss=1.03403
train_loss run=0 interval=2 step=108 loss=1.03819
train_loss run=0 interval=2 step=109 loss=1.04543
train_loss run=0 interval=2 step=110 loss=1.04665
train_loss run=0 interval=2 step=111 loss=1.03579
train_loss run=0 interval=2 step=112 loss=1.0386
train_loss run=0 interval=2 step=113 loss=1.05617
train_loss run=0 interval=2 step=114 loss=1.03425
train_loss run=0 interval=2 step=115 loss=1.03484
train_loss run=0 interval=2 step=116 loss=1.0563
train_loss run=0 interval=2 step=117 loss=1.04077
train_loss run=0 interval=2 step=118 loss=1.03318
train_loss run=0 interval=2 step=119 loss=1.04089
train_loss run=0 interval=2 step=120 loss=1.02399
interval_boundary_eval run=0 interval=2 step=120 total_steps=200 tta_val_acc=0.9063
search run=0 interval=3 phase=baseline metric=tta_val_acc
main hparams: conv.initial_lr=0.067 conv.momentum=0.4 main=0.9149
search_path step=0 conv.initial_lr=0.067 conv.momentum=0.4 tta_val_acc=0.9149
search run=0 interval=3 phase=cooldown metric=tta_val_acc
main hparams: conv.initial_lr=0.067 conv.momentum=0.4
conv.initial_lr=0.014 -> tta_val_acc=0.9367
conv.initial_lr=0.0084 -> tta_val_acc=0.9369
conv.initial_lr=0.005 -> tta_val_acc=0.9361
search_path step=0 conv.initial_lr=0.014 tta_val_acc=0.9367
search_path step=1 conv.initial_lr=0.0084 tta_val_acc=0.9369
search run=0 interval=3 phase=main metric=tta_val_acc
cooldown hparams: conv.initial_lr=0.0084
main hparams: conv.initial_lr=0.067 conv.momentum=0.4 best_cooldown=0.9369
main hparams: conv.initial_lr=0.04 conv.momentum=0.4 best_cooldown=0.9368
main hparams: conv.initial_lr=0.11 conv.momentum=0.4 best_cooldown=0.9307
main hparams: conv.initial_lr=0.067 conv.momentum=0.3 best_cooldown=0.9374
main hparams: conv.initial_lr=0.067 conv.momentum=0.2 best_cooldown=0.9349
main hparams: conv.initial_lr=0.04 conv.momentum=0.3 best_cooldown=0.9368
main hparams: conv.initial_lr=0.11 conv.momentum=0.3 best_cooldown=0.93
search_path step=0 conv.initial_lr=0.067 conv.momentum=0.4 tta_val_acc=0.9369
search_path step=1 conv.initial_lr=0.067 conv.momentum=0.3 tta_val_acc=0.9374
search run=0 interval=3 phase=cooldown metric=tta_val_acc
main hparams: conv.initial_lr=0.067 conv.momentum=0.3
conv.initial_lr=0.0084 -> tta_val_acc=0.9374
conv.initial_lr=0.005 -> tta_val_acc=0.9358
conv.initial_lr=0.014 -> tta_val_acc=0.9374
conv.initial_lr=0.023 -> tta_val_acc=0.9358
search_path step=0 conv.initial_lr=0.0084 tta_val_acc=0.9374
train_hparams run=0 interval=3 start_step=120 completed_steps=40 total_steps=200 conv.initial_lr=0.067 conv.momentum=0.3
train_loss run=0 interval=3 step=121 loss=1.02903
train_loss run=0 interval=3 step=122 loss=1.03526
train_loss run=0 interval=3 step=123 loss=1.02217
train_loss run=0 interval=3 step=124 loss=1.07079
train_loss run=0 interval=3 step=125 loss=1.02235
train_loss run=0 interval=3 step=126 loss=1.02461
train_loss run=0 interval=3 step=127 loss=1.00382
train_loss run=0 interval=3 step=128 loss=1.01554
train_loss run=0 interval=3 step=129 loss=1.01612
train_loss run=0 interval=3 step=130 loss=1.01049
train_loss run=0 interval=3 step=131 loss=1.02184
train_loss run=0 interval=3 step=132 loss=1.02148
train_loss run=0 interval=3 step=133 loss=1.01939
train_loss run=0 interval=3 step=134 loss=1.01434
train_loss run=0 interval=3 step=135 loss=1.01277
train_loss run=0 interval=3 step=136 loss=1.02556
train_loss run=0 interval=3 step=137 loss=1.02363
train_loss run=0 interval=3 step=138 loss=1.00014
train_loss run=0 interval=3 step=139 loss=1.00397
train_loss run=0 interval=3 step=140 loss=1.00959
train_loss run=0 interval=3 step=141 loss=1.00257
train_loss run=0 interval=3 step=142 loss=1.02353
train_loss run=0 interval=3 step=143 loss=1.01572
train_loss run=0 interval=3 step=144 loss=1.00592
train_loss run=0 interval=3 step=145 loss=1.03384
train_loss run=0 interval=3 step=146 loss=1.02607
train_loss run=0 interval=3 step=147 loss=1.01313
train_loss run=0 interval=3 step=148 loss=1.01164
train_loss run=0 interval=3 step=149 loss=1.01377
train_loss run=0 interval=3 step=150 loss=1.02098
train_loss run=0 interval=3 step=151 loss=0.9944
train_loss run=0 interval=3 step=152 loss=0.993171
train_loss run=0 interval=3 step=153 loss=0.992568
train_loss run=0 interval=3 step=154 loss=0.990397
train_loss run=0 interval=3 step=155 loss=0.994467
train_loss run=0 interval=3 step=156 loss=0.989039
train_loss run=0 interval=3 step=157 loss=0.98047
train_loss run=0 interval=3 step=158 loss=0.989631
train_loss run=0 interval=3 step=159 loss=1.01431
train_loss run=0 interval=3 step=160 loss=0.982035
interval_boundary_eval run=0 interval=3 step=160 total_steps=200 tta_val_acc=0.9131
search run=0 interval=4 phase=main metric=tta_val_acc
main hparams: conv.initial_lr=0.067 conv.momentum=0.3 main=0.9182
main hparams: conv.initial_lr=0.04 conv.momentum=0.3 main=0.9332
main hparams: conv.initial_lr=0.024 conv.momentum=0.3 main=0.9356
main hparams: conv.initial_lr=0.014 conv.momentum=0.3 main=0.9374
main hparams: conv.initial_lr=0.0087 conv.momentum=0.3 main=0.9376
main hparams: conv.initial_lr=0.0052 conv.momentum=0.3 main=0.9358
main hparams: conv.initial_lr=0.0087 conv.momentum=0.2 main=0.9374
main hparams: conv.initial_lr=0.0087 conv.momentum=0.4 main=0.9381
main hparams: conv.initial_lr=0.0087 conv.momentum=0.5 main=0.9385
main hparams: conv.initial_lr=0.0087 conv.momentum=0.6 main=0.9388
main hparams: conv.initial_lr=0.0087 conv.momentum=0.7 main=0.9391
main hparams: conv.initial_lr=0.0087 conv.momentum=0.8 main=0.9388
main hparams: conv.initial_lr=0.0052 conv.momentum=0.7 main=0.9373
main hparams: conv.initial_lr=0.014 conv.momentum=0.7 main=0.937
search_path step=0 conv.initial_lr=0.067 conv.momentum=0.3 tta_val_acc=0.9182
search_path step=1 conv.initial_lr=0.0087 conv.momentum=0.3 tta_val_acc=0.9376
search_path step=2 conv.initial_lr=0.0087 conv.momentum=0.7 tta_val_acc=0.9391
train_hparams run=0 interval=4 start_step=160 completed_steps=40 total_steps=200 conv.initial_lr=0.0087 conv.momentum=0.7
train_loss run=0 interval=4 step=161 loss=0.980862
train_loss run=0 interval=4 step=162 loss=0.979482
train_loss run=0 interval=4 step=163 loss=0.975692
train_loss run=0 interval=4 step=164 loss=0.972535
train_loss run=0 interval=4 step=165 loss=0.982552
train_loss run=0 interval=4 step=166 loss=0.968655
train_loss run=0 interval=4 step=167 loss=0.969453
train_loss run=0 interval=4 step=168 loss=0.977558
train_loss run=0 interval=4 step=169 loss=0.976201
train_loss run=0 interval=4 step=170 loss=0.964463
train_loss run=0 interval=4 step=171 loss=0.973137
train_loss run=0 interval=4 step=172 loss=0.967521
train_loss run=0 interval=4 step=173 loss=0.969055
train_loss run=0 interval=4 step=174 loss=0.972651
train_loss run=0 interval=4 step=175 loss=0.952598
train_loss run=0 interval=4 step=176 loss=0.938396
train_loss run=0 interval=4 step=177 loss=0.935334
train_loss run=0 interval=4 step=178 loss=0.940368
train_loss run=0 interval=4 step=179 loss=0.939456
train_loss run=0 interval=4 step=180 loss=0.938408
train_loss run=0 interval=4 step=181 loss=0.944706
train_loss run=0 interval=4 step=182 loss=0.940112
train_loss run=0 interval=4 step=183 loss=0.936735
train_loss run=0 interval=4 step=184 loss=0.936134
train_loss run=0 interval=4 step=185 loss=0.935606
train_loss run=0 interval=4 step=186 loss=0.937809
train_loss run=0 interval=4 step=187 loss=0.941767
train_loss run=0 interval=4 step=188 loss=0.942834
train_loss run=0 interval=4 step=189 loss=0.934952
train_loss run=0 interval=4 step=190 loss=0.94032
train_loss run=0 interval=4 step=191 loss=0.939868
train_loss run=0 interval=4 step=192 loss=0.935305
train_loss run=0 interval=4 step=193 loss=0.930841
train_loss run=0 interval=4 step=194 loss=0.937671
train_loss run=0 interval=4 step=195 loss=0.938711
train_loss run=0 interval=4 step=196 loss=0.936944
train_loss run=0 interval=4 step=197 loss=0.935865
train_loss run=0 interval=4 step=198 loss=0.935345
train_loss run=0 interval=4 step=199 loss=0.927869
train_loss run=0 interval=4 step=200 loss=0.933767
interval_boundary_eval run=0 interval=4 step=200 total_steps=200 tta_val_acc=0.9391
val_acc=0.9268 tta_val_acc=0.9391 seconds=297.4634
