cifar_search_simple run=0 batch_size=2000 train_epochs=8 n_steps=40 m_steps=40 search_hparams=muon_lr,muon_momentum,bias_lr,head_lr cooldown_search_hparams=muon_lr,bias_lr,head_lr muon_nesterov=False initial_muon_lr=0.2 initial_muon_momentum=0.6 initial_muon_momentum_index=6 initial_bias_lr=104 initial_head_lr=1340
main hparams: muon_lr=0.2 muon_momentum=0.6 bias_lr=100 head_lr=1300 main=0.7934, best_cooldown=0.9109
muon_lr=0.2 muon_momentum=0.6 bias_lr=100 head_lr=1300 -> tta_val_acc=0.8284
muon_lr=0.12 muon_momentum=0.6 bias_lr=100 head_lr=1300 -> tta_val_acc=0.8588
muon_lr=0.072 muon_momentum=0.6 bias_lr=100 head_lr=1300 -> tta_val_acc=0.8904
muon_lr=0.043 muon_momentum=0.6 bias_lr=100 head_lr=1300 -> tta_val_acc=0.9019
muon_lr=0.026 muon_momentum=0.6 bias_lr=100 head_lr=1300 -> tta_val_acc=0.9011
muon_lr=0.016 muon_momentum=0.6 bias_lr=100 head_lr=1300 -> tta_val_acc=0.8934
muon_lr=0.043 muon_momentum=0.6 bias_lr=21 head_lr=1300 -> tta_val_acc=0.9101
muon_lr=0.043 muon_momentum=0.6 bias_lr=4.2 head_lr=1300 -> tta_val_acc=0.9109
muon_lr=0.043 muon_momentum=0.6 bias_lr=0.83 head_lr=1300 -> tta_val_acc=0.91
muon_lr=0.043 muon_momentum=0.6 bias_lr=0.17 head_lr=1300 -> tta_val_acc=0.9094
muon_lr=0.026 muon_momentum=0.6 bias_lr=4.2 head_lr=1300 -> tta_val_acc=0.9039
muon_lr=0.072 muon_momentum=0.6 bias_lr=4.2 head_lr=1300 -> tta_val_acc=0.9043
muon_lr=0.043 muon_momentum=0.6 bias_lr=4.2 head_lr=270 -> tta_val_acc=0.9109
muon_lr=0.043 muon_momentum=0.6 bias_lr=4.2 head_lr=54 -> tta_val_acc=0.9104
muon_lr=0.043 muon_momentum=0.6 bias_lr=4.2 head_lr=11 -> tta_val_acc=0.9099
muon_lr=0.043 muon_momentum=0.6 bias_lr=4.2 head_lr=6700 -> tta_val_acc=0.9066
search_path step=0 muon_lr=0.2 muon_momentum=0.6 bias_lr=100 head_lr=1300 tta_val_acc=0.8284
search_path step=1 muon_lr=0.043 muon_momentum=0.6 bias_lr=100 head_lr=1300 tta_val_acc=0.9019
search_path step=2 muon_lr=0.043 muon_momentum=0.6 bias_lr=4.2 head_lr=1300 tta_val_acc=0.9109
main hparams: muon_lr=0.12 muon_momentum=0.6 bias_lr=100 head_lr=1300 main=0.8372, best_cooldown=0.9095
muon_lr=0.043 muon_momentum=0.6 bias_lr=4.2 head_lr=1300 -> tta_val_acc=0.9095
muon_lr=0.026 muon_momentum=0.6 bias_lr=4.2 head_lr=1300 -> tta_val_acc=0.9086
muon_lr=0.016 muon_momentum=0.6 bias_lr=4.2 head_lr=1300 -> tta_val_acc=0.9017
muon_lr=0.072 muon_momentum=0.6 bias_lr=4.2 head_lr=1300 -> tta_val_acc=0.8985
search_path step=0 muon_lr=0.043 muon_momentum=0.6 bias_lr=4.2 head_lr=1300 tta_val_acc=0.9095
main hparams: muon_lr=0.33 muon_momentum=0.6 bias_lr=100 head_lr=1300 main=0.7215, best_cooldown=0.8987
muon_lr=0.043 muon_momentum=0.6 bias_lr=4.2 head_lr=1300 -> tta_val_acc=0.8987
muon_lr=0.026 muon_momentum=0.6 bias_lr=4.2 head_lr=1300 -> tta_val_acc=0.8894
muon_lr=0.072 muon_momentum=0.6 bias_lr=4.2 head_lr=1300 -> tta_val_acc=0.893
search_path step=0 muon_lr=0.043 muon_momentum=0.6 bias_lr=4.2 head_lr=1300 tta_val_acc=0.8987
main hparams: muon_lr=0.2 muon_momentum=0.5 bias_lr=100 head_lr=1300 main=0.7931, best_cooldown=0.9068
muon_lr=0.043 muon_momentum=0.5 bias_lr=4.2 head_lr=1300 -> tta_val_acc=0.9068
muon_lr=0.026 muon_momentum=0.5 bias_lr=4.2 head_lr=1300 -> tta_val_acc=0.9028
muon_lr=0.072 muon_momentum=0.5 bias_lr=4.2 head_lr=1300 -> tta_val_acc=0.9023
search_path step=0 muon_lr=0.043 muon_momentum=0.5 bias_lr=4.2 head_lr=1300 tta_val_acc=0.9068
main hparams: muon_lr=0.2 muon_momentum=0.7 bias_lr=100 head_lr=1300 main=0.8141, best_cooldown=0.9058
muon_lr=0.043 muon_momentum=0.7 bias_lr=4.2 head_lr=1300 -> tta_val_acc=0.9058
muon_lr=0.026 muon_momentum=0.7 bias_lr=4.2 head_lr=1300 -> tta_val_acc=0.9043
muon_lr=0.072 muon_momentum=0.7 bias_lr=4.2 head_lr=1300 -> tta_val_acc=0.8956
search_path step=0 muon_lr=0.043 muon_momentum=0.7 bias_lr=4.2 head_lr=1300 tta_val_acc=0.9058
main hparams: muon_lr=0.2 muon_momentum=0.6 bias_lr=21 head_lr=1300 main=0.8096, best_cooldown=0.9077
muon_lr=0.043 muon_momentum=0.6 bias_lr=4.2 head_lr=1300 -> tta_val_acc=0.9077
muon_lr=0.043 muon_momentum=0.6 bias_lr=0.83 head_lr=1300 -> tta_val_acc=0.9064
muon_lr=0.043 muon_momentum=0.6 bias_lr=21 head_lr=1300 -> tta_val_acc=0.9066
search_path step=0 muon_lr=0.043 muon_momentum=0.6 bias_lr=4.2 head_lr=1300 tta_val_acc=0.9077
main hparams: muon_lr=0.2 muon_momentum=0.6 bias_lr=520 head_lr=1300 main=0.6317, best_cooldown=0.8614
muon_lr=0.043 muon_momentum=0.6 bias_lr=4.2 head_lr=1300 -> tta_val_acc=0.8581
muon_lr=0.043 muon_momentum=0.6 bias_lr=0.83 head_lr=1300 -> tta_val_acc=0.8566
muon_lr=0.043 muon_momentum=0.6 bias_lr=21 head_lr=1300 -> tta_val_acc=0.8614
muon_lr=0.043 muon_momentum=0.6 bias_lr=100 head_lr=1300 -> tta_val_acc=0.8565
search_path step=0 muon_lr=0.043 muon_momentum=0.6 bias_lr=4.2 head_lr=1300 tta_val_acc=0.8581
search_path step=1 muon_lr=0.043 muon_momentum=0.6 bias_lr=21 head_lr=1300 tta_val_acc=0.8614
main hparams: muon_lr=0.2 muon_momentum=0.6 bias_lr=100 head_lr=270 main=0.8062, best_cooldown=0.911
muon_lr=0.043 muon_momentum=0.6 bias_lr=4.2 head_lr=1300 -> tta_val_acc=0.9075
muon_lr=0.043 muon_momentum=0.6 bias_lr=4.2 head_lr=270 -> tta_val_acc=0.911
muon_lr=0.043 muon_momentum=0.6 bias_lr=4.2 head_lr=54 -> tta_val_acc=0.9106
muon_lr=0.043 muon_momentum=0.6 bias_lr=4.2 head_lr=11 -> tta_val_acc=0.9099
search_path step=0 muon_lr=0.043 muon_momentum=0.6 bias_lr=4.2 head_lr=1300 tta_val_acc=0.9075
search_path step=1 muon_lr=0.043 muon_momentum=0.6 bias_lr=4.2 head_lr=270 tta_val_acc=0.911
main hparams: muon_lr=0.2 muon_momentum=0.6 bias_lr=100 head_lr=54 main=0.8034, best_cooldown=0.9055
muon_lr=0.043 muon_momentum=0.6 bias_lr=4.2 head_lr=1300 -> tta_val_acc=0.8977
muon_lr=0.043 muon_momentum=0.6 bias_lr=4.2 head_lr=270 -> tta_val_acc=0.9055
muon_lr=0.043 muon_momentum=0.6 bias_lr=4.2 head_lr=54 -> tta_val_acc=0.9053
muon_lr=0.043 muon_momentum=0.6 bias_lr=4.2 head_lr=11 -> tta_val_acc=0.9045
search_path step=0 muon_lr=0.043 muon_momentum=0.6 bias_lr=4.2 head_lr=1300 tta_val_acc=0.8977
search_path step=1 muon_lr=0.043 muon_momentum=0.6 bias_lr=4.2 head_lr=270 tta_val_acc=0.9055
main hparams: muon_lr=0.2 muon_momentum=0.6 bias_lr=100 head_lr=270 main=0.8062, best_cooldown=0.9117
muon_lr=0.043 muon_momentum=0.6 bias_lr=4.2 head_lr=1300 -> tta_val_acc=0.9075
muon_lr=0.043 muon_momentum=0.6 bias_lr=4.2 head_lr=270 -> tta_val_acc=0.911
muon_lr=0.043 muon_momentum=0.6 bias_lr=4.2 head_lr=54 -> tta_val_acc=0.9106
muon_lr=0.043 muon_momentum=0.6 bias_lr=4.2 head_lr=11 -> tta_val_acc=0.9099
muon_lr=0.026 muon_momentum=0.6 bias_lr=4.2 head_lr=270 -> tta_val_acc=0.9064
muon_lr=0.072 muon_momentum=0.6 bias_lr=4.2 head_lr=270 -> tta_val_acc=0.9019
muon_lr=0.043 muon_momentum=0.6 bias_lr=0.83 head_lr=270 -> tta_val_acc=0.9107
muon_lr=0.043 muon_momentum=0.6 bias_lr=0.17 head_lr=270 -> tta_val_acc=0.91
muon_lr=0.043 muon_momentum=0.6 bias_lr=0.033 head_lr=270 -> tta_val_acc=0.9091
muon_lr=0.043 muon_momentum=0.6 bias_lr=21 head_lr=270 -> tta_val_acc=0.9114
muon_lr=0.043 muon_momentum=0.6 bias_lr=100 head_lr=270 -> tta_val_acc=0.9076
muon_lr=0.026 muon_momentum=0.6 bias_lr=21 head_lr=270 -> tta_val_acc=0.9073
muon_lr=0.072 muon_momentum=0.6 bias_lr=21 head_lr=270 -> tta_val_acc=0.9017
muon_lr=0.043 muon_momentum=0.6 bias_lr=21 head_lr=54 -> tta_val_acc=0.9117
muon_lr=0.043 muon_momentum=0.6 bias_lr=21 head_lr=11 -> tta_val_acc=0.9114
muon_lr=0.043 muon_momentum=0.6 bias_lr=21 head_lr=2.1 -> tta_val_acc=0.9117
muon_lr=0.043 muon_momentum=0.6 bias_lr=21 head_lr=0.43 -> tta_val_acc=0.9112
muon_lr=0.026 muon_momentum=0.6 bias_lr=21 head_lr=54 -> tta_val_acc=0.9062
muon_lr=0.072 muon_momentum=0.6 bias_lr=21 head_lr=54 -> tta_val_acc=0.9018
muon_lr=0.043 muon_momentum=0.6 bias_lr=100 head_lr=54 -> tta_val_acc=0.9082
muon_lr=0.043 muon_momentum=0.6 bias_lr=21 head_lr=1300 -> tta_val_acc=0.9086
search_path step=0 muon_lr=0.043 muon_momentum=0.6 bias_lr=4.2 head_lr=270 tta_val_acc=0.911
search_path step=1 muon_lr=0.043 muon_momentum=0.6 bias_lr=21 head_lr=270 tta_val_acc=0.9114
search_path step=2 muon_lr=0.043 muon_momentum=0.6 bias_lr=21 head_lr=54 tta_val_acc=0.9117
main hparams: muon_lr=0.12 muon_momentum=0.6 bias_lr=100 head_lr=270 main=0.85, best_cooldown=0.9077
muon_lr=0.043 muon_momentum=0.6 bias_lr=21 head_lr=54 -> tta_val_acc=0.9077
muon_lr=0.026 muon_momentum=0.6 bias_lr=21 head_lr=54 -> tta_val_acc=0.9076
muon_lr=0.016 muon_momentum=0.6 bias_lr=21 head_lr=54 -> tta_val_acc=0.9046
muon_lr=0.072 muon_momentum=0.6 bias_lr=21 head_lr=54 -> tta_val_acc=0.9016
search_path step=0 muon_lr=0.043 muon_momentum=0.6 bias_lr=21 head_lr=54 tta_val_acc=0.9077
main hparams: muon_lr=0.33 muon_momentum=0.6 bias_lr=100 head_lr=270 main=0.7406, best_cooldown=0.8989
muon_lr=0.043 muon_momentum=0.6 bias_lr=21 head_lr=54 -> tta_val_acc=0.8989
muon_lr=0.026 muon_momentum=0.6 bias_lr=21 head_lr=54 -> tta_val_acc=0.8909
muon_lr=0.072 muon_momentum=0.6 bias_lr=21 head_lr=54 -> tta_val_acc=0.8958
search_path step=0 muon_lr=0.043 muon_momentum=0.6 bias_lr=21 head_lr=54 tta_val_acc=0.8989
main hparams: muon_lr=0.2 muon_momentum=0.5 bias_lr=100 head_lr=270 main=0.7953, best_cooldown=0.9102
muon_lr=0.043 muon_momentum=0.5 bias_lr=21 head_lr=54 -> tta_val_acc=0.9102
muon_lr=0.026 muon_momentum=0.5 bias_lr=21 head_lr=54 -> tta_val_acc=0.9063
muon_lr=0.072 muon_momentum=0.5 bias_lr=21 head_lr=54 -> tta_val_acc=0.9048
search_path step=0 muon_lr=0.043 muon_momentum=0.5 bias_lr=21 head_lr=54 tta_val_acc=0.9102
main hparams: muon_lr=0.2 muon_momentum=0.7 bias_lr=100 head_lr=270 main=0.7994, best_cooldown=0.9091
muon_lr=0.043 muon_momentum=0.7 bias_lr=21 head_lr=54 -> tta_val_acc=0.9091
muon_lr=0.026 muon_momentum=0.7 bias_lr=21 head_lr=54 -> tta_val_acc=0.908
muon_lr=0.072 muon_momentum=0.7 bias_lr=21 head_lr=54 -> tta_val_acc=0.9014
search_path step=0 muon_lr=0.043 muon_momentum=0.7 bias_lr=21 head_lr=54 tta_val_acc=0.9091
main hparams: muon_lr=0.2 muon_momentum=0.6 bias_lr=21 head_lr=270 main=0.8076, best_cooldown=0.9081
muon_lr=0.043 muon_momentum=0.6 bias_lr=21 head_lr=54 -> tta_val_acc=0.9081
muon_lr=0.043 muon_momentum=0.6 bias_lr=4.2 head_lr=54 -> tta_val_acc=0.9075
muon_lr=0.043 muon_momentum=0.6 bias_lr=0.83 head_lr=54 -> tta_val_acc=0.9069
muon_lr=0.043 muon_momentum=0.6 bias_lr=100 head_lr=54 -> tta_val_acc=0.904
search_path step=0 muon_lr=0.043 muon_momentum=0.6 bias_lr=21 head_lr=54 tta_val_acc=0.9081
main hparams: muon_lr=0.2 muon_momentum=0.6 bias_lr=520 head_lr=270 main=0.7375, best_cooldown=0.8898
muon_lr=0.043 muon_momentum=0.6 bias_lr=21 head_lr=54 -> tta_val_acc=0.8898
muon_lr=0.043 muon_momentum=0.6 bias_lr=4.2 head_lr=54 -> tta_val_acc=0.8868
muon_lr=0.043 muon_momentum=0.6 bias_lr=100 head_lr=54 -> tta_val_acc=0.8888
muon_lr=0.043 muon_momentum=0.6 bias_lr=520 head_lr=54 -> tta_val_acc=0.8319
search_path step=0 muon_lr=0.043 muon_momentum=0.6 bias_lr=21 head_lr=54 tta_val_acc=0.8898
main hparams: muon_lr=0.2 muon_momentum=0.6 bias_lr=100 head_lr=6700 main=0.4015, best_cooldown=0.8155
muon_lr=0.043 muon_momentum=0.6 bias_lr=21 head_lr=54 -> tta_val_acc=0.7657
muon_lr=0.043 muon_momentum=0.6 bias_lr=21 head_lr=11 -> tta_val_acc=0.6447
muon_lr=0.043 muon_momentum=0.6 bias_lr=21 head_lr=270 -> tta_val_acc=0.8059
muon_lr=0.043 muon_momentum=0.6 bias_lr=21 head_lr=1300 -> tta_val_acc=0.8092
muon_lr=0.043 muon_momentum=0.6 bias_lr=21 head_lr=6700 -> tta_val_acc=0.8155
muon_lr=0.043 muon_momentum=0.6 bias_lr=21 head_lr=33000 -> tta_val_acc=0.8028
search_path step=0 muon_lr=0.043 muon_momentum=0.6 bias_lr=21 head_lr=54 tta_val_acc=0.7657
search_path step=1 muon_lr=0.043 muon_momentum=0.6 bias_lr=21 head_lr=6700 tta_val_acc=0.8155
search_path step=0 muon_lr=0.2 muon_momentum=0.6 bias_lr=100 head_lr=1300 tta_val_acc=0.9109
search_path step=1 muon_lr=0.2 muon_momentum=0.6 bias_lr=100 head_lr=270 tta_val_acc=0.9117
train_hparams run=0 interval=0 start_step=0 completed_steps=40 total_steps=200 muon_lr=0.2 muon_momentum=0.6 bias_lr=100 head_lr=270 muon_nesterov=False
train_loss run=0 interval=0 step=1 loss=2.31009
train_loss run=0 interval=0 step=2 loss=2.22004
train_loss run=0 interval=0 step=3 loss=2.15021
train_loss run=0 interval=0 step=4 loss=2.08741
train_loss run=0 interval=0 step=5 loss=2.01094
train_loss run=0 interval=0 step=6 loss=1.9357
train_loss run=0 interval=0 step=7 loss=1.88201
train_loss run=0 interval=0 step=8 loss=1.81047
train_loss run=0 interval=0 step=9 loss=1.71378
train_loss run=0 interval=0 step=10 loss=1.68459
train_loss run=0 interval=0 step=11 loss=1.68516
train_loss run=0 interval=0 step=12 loss=1.65563
train_loss run=0 interval=0 step=13 loss=1.57868
train_loss run=0 interval=0 step=14 loss=1.56277
train_loss run=0 interval=0 step=15 loss=1.54141
train_loss run=0 interval=0 step=16 loss=1.49404
train_loss run=0 interval=0 step=17 loss=1.49663
train_loss run=0 interval=0 step=18 loss=1.489
train_loss run=0 interval=0 step=19 loss=1.44738
train_loss run=0 interval=0 step=20 loss=1.42163
train_loss run=0 interval=0 step=21 loss=1.40185
train_loss run=0 interval=0 step=22 loss=1.40166
train_loss run=0 interval=0 step=23 loss=1.40662
train_loss run=0 interval=0 step=24 loss=1.37225
train_loss run=0 interval=0 step=25 loss=1.37118
train_loss run=0 interval=0 step=26 loss=1.37229
train_loss run=0 interval=0 step=27 loss=1.3486
train_loss run=0 interval=0 step=28 loss=1.35987
train_loss run=0 interval=0 step=29 loss=1.38688
train_loss run=0 interval=0 step=30 loss=1.34123
train_loss run=0 interval=0 step=31 loss=1.35304
train_loss run=0 interval=0 step=32 loss=1.31996
train_loss run=0 interval=0 step=33 loss=1.36947
train_loss run=0 interval=0 step=34 loss=1.32507
train_loss run=0 interval=0 step=35 loss=1.34273
train_loss run=0 interval=0 step=36 loss=1.33487
train_loss run=0 interval=0 step=37 loss=1.3176
train_loss run=0 interval=0 step=38 loss=1.33265
train_loss run=0 interval=0 step=39 loss=1.31979
train_loss run=0 interval=0 step=40 loss=1.32766
interval_boundary_eval run=0 interval=0 step=40 total_steps=200 tta_val_acc=0.8062
main hparams: muon_lr=0.2 muon_momentum=0.6 bias_lr=100 head_lr=270 main=0.8336, best_cooldown=0.9166
muon_lr=0.043 muon_momentum=0.6 bias_lr=21 head_lr=54 -> tta_val_acc=0.9156
muon_lr=0.026 muon_momentum=0.6 bias_lr=21 head_lr=54 -> tta_val_acc=0.9146
muon_lr=0.072 muon_momentum=0.6 bias_lr=21 head_lr=54 -> tta_val_acc=0.9132
muon_lr=0.043 muon_momentum=0.6 bias_lr=4.2 head_lr=54 -> tta_val_acc=0.9159
muon_lr=0.043 muon_momentum=0.6 bias_lr=0.83 head_lr=54 -> tta_val_acc=0.9149
muon_lr=0.043 muon_momentum=0.6 bias_lr=0.17 head_lr=54 -> tta_val_acc=0.9155
muon_lr=0.043 muon_momentum=0.6 bias_lr=0.033 head_lr=54 -> tta_val_acc=0.9155
muon_lr=0.026 muon_momentum=0.6 bias_lr=4.2 head_lr=54 -> tta_val_acc=0.9144
muon_lr=0.072 muon_momentum=0.6 bias_lr=4.2 head_lr=54 -> tta_val_acc=0.9097
muon_lr=0.043 muon_momentum=0.6 bias_lr=100 head_lr=54 -> tta_val_acc=0.9135
muon_lr=0.043 muon_momentum=0.6 bias_lr=4.2 head_lr=11 -> tta_val_acc=0.9155
muon_lr=0.043 muon_momentum=0.6 bias_lr=4.2 head_lr=2.1 -> tta_val_acc=0.9159
muon_lr=0.043 muon_momentum=0.6 bias_lr=4.2 head_lr=0.43 -> tta_val_acc=0.9166
muon_lr=0.043 muon_momentum=0.6 bias_lr=4.2 head_lr=0.086 -> tta_val_acc=0.9153
muon_lr=0.026 muon_momentum=0.6 bias_lr=4.2 head_lr=0.43 -> tta_val_acc=0.914
muon_lr=0.072 muon_momentum=0.6 bias_lr=4.2 head_lr=0.43 -> tta_val_acc=0.9113
muon_lr=0.043 muon_momentum=0.6 bias_lr=0.83 head_lr=0.43 -> tta_val_acc=0.9153
muon_lr=0.043 muon_momentum=0.6 bias_lr=21 head_lr=0.43 -> tta_val_acc=0.9157
muon_lr=0.043 muon_momentum=0.6 bias_lr=100 head_lr=0.43 -> tta_val_acc=0.9144
search_path step=0 muon_lr=0.043 muon_momentum=0.6 bias_lr=21 head_lr=54 tta_val_acc=0.9156
search_path step=1 muon_lr=0.043 muon_momentum=0.6 bias_lr=4.2 head_lr=54 tta_val_acc=0.9159
search_path step=2 muon_lr=0.043 muon_momentum=0.6 bias_lr=4.2 head_lr=0.43 tta_val_acc=0.9166
main hparams: muon_lr=0.12 muon_momentum=0.6 bias_lr=100 head_lr=270 main=0.8593, best_cooldown=0.9236
muon_lr=0.043 muon_momentum=0.6 bias_lr=4.2 head_lr=0.43 -> tta_val_acc=0.9206
muon_lr=0.026 muon_momentum=0.6 bias_lr=4.2 head_lr=0.43 -> tta_val_acc=0.9236
muon_lr=0.016 muon_momentum=0.6 bias_lr=4.2 head_lr=0.43 -> tta_val_acc=0.9218
search_path step=0 muon_lr=0.043 muon_momentum=0.6 bias_lr=4.2 head_lr=0.43 tta_val_acc=0.9206
search_path step=1 muon_lr=0.026 muon_momentum=0.6 bias_lr=4.2 head_lr=0.43 tta_val_acc=0.9236
main hparams: muon_lr=0.072 muon_momentum=0.6 bias_lr=100 head_lr=270 main=0.8976, best_cooldown=0.9271
muon_lr=0.043 muon_momentum=0.6 bias_lr=4.2 head_lr=0.43 -> tta_val_acc=0.9214
muon_lr=0.026 muon_momentum=0.6 bias_lr=4.2 head_lr=0.43 -> tta_val_acc=0.9267
muon_lr=0.016 muon_momentum=0.6 bias_lr=4.2 head_lr=0.43 -> tta_val_acc=0.9271
muon_lr=0.0093 muon_momentum=0.6 bias_lr=4.2 head_lr=0.43 -> tta_val_acc=0.9252
search_path step=0 muon_lr=0.043 muon_momentum=0.6 bias_lr=4.2 head_lr=0.43 tta_val_acc=0.9214
search_path step=1 muon_lr=0.016 muon_momentum=0.6 bias_lr=4.2 head_lr=0.43 tta_val_acc=0.9271
main hparams: muon_lr=0.043 muon_momentum=0.6 bias_lr=100 head_lr=270 main=0.9076, best_cooldown=0.9249
muon_lr=0.043 muon_momentum=0.6 bias_lr=4.2 head_lr=0.43 -> tta_val_acc=0.9197
muon_lr=0.026 muon_momentum=0.6 bias_lr=4.2 head_lr=0.43 -> tta_val_acc=0.9247
muon_lr=0.016 muon_momentum=0.6 bias_lr=4.2 head_lr=0.43 -> tta_val_acc=0.9249
muon_lr=0.0093 muon_momentum=0.6 bias_lr=4.2 head_lr=0.43 -> tta_val_acc=0.9234
search_path step=0 muon_lr=0.043 muon_momentum=0.6 bias_lr=4.2 head_lr=0.43 tta_val_acc=0.9197
search_path step=1 muon_lr=0.016 muon_momentum=0.6 bias_lr=4.2 head_lr=0.43 tta_val_acc=0.9249
main hparams: muon_lr=0.072 muon_momentum=0.6 bias_lr=100 head_lr=270 main=0.8976, best_cooldown=0.9274
muon_lr=0.043 muon_momentum=0.6 bias_lr=4.2 head_lr=0.43 -> tta_val_acc=0.9214
muon_lr=0.026 muon_momentum=0.6 bias_lr=4.2 head_lr=0.43 -> tta_val_acc=0.9267
muon_lr=0.016 muon_momentum=0.6 bias_lr=4.2 head_lr=0.43 -> tta_val_acc=0.9271
muon_lr=0.0093 muon_momentum=0.6 bias_lr=4.2 head_lr=0.43 -> tta_val_acc=0.9252
muon_lr=0.016 muon_momentum=0.6 bias_lr=0.83 head_lr=0.43 -> tta_val_acc=0.9274
muon_lr=0.016 muon_momentum=0.6 bias_lr=0.17 head_lr=0.43 -> tta_val_acc=0.9272
muon_lr=0.016 muon_momentum=0.6 bias_lr=0.033 head_lr=0.43 -> tta_val_acc=0.9271
muon_lr=0.016 muon_momentum=0.6 bias_lr=0.0067 head_lr=0.43 -> tta_val_acc=0.9268
muon_lr=0.0093 muon_momentum=0.6 bias_lr=0.83 head_lr=0.43 -> tta_val_acc=0.924
muon_lr=0.026 muon_momentum=0.6 bias_lr=0.83 head_lr=0.43 -> tta_val_acc=0.9272
muon_lr=0.043 muon_momentum=0.6 bias_lr=0.83 head_lr=0.43 -> tta_val_acc=0.9213
muon_lr=0.016 muon_momentum=0.6 bias_lr=21 head_lr=0.43 -> tta_val_acc=0.9269
muon_lr=0.016 muon_momentum=0.6 bias_lr=100 head_lr=0.43 -> tta_val_acc=0.9259
muon_lr=0.016 muon_momentum=0.6 bias_lr=0.83 head_lr=0.086 -> tta_val_acc=0.9272
muon_lr=0.016 muon_momentum=0.6 bias_lr=0.83 head_lr=0.017 -> tta_val_acc=0.9269
muon_lr=0.016 muon_momentum=0.6 bias_lr=0.83 head_lr=0.0034 -> tta_val_acc=0.9274
muon_lr=0.016 muon_momentum=0.6 bias_lr=0.83 head_lr=2.1 -> tta_val_acc=0.927
muon_lr=0.016 muon_momentum=0.6 bias_lr=0.83 head_lr=11 -> tta_val_acc=0.927
muon_lr=0.016 muon_momentum=0.6 bias_lr=0.83 head_lr=54 -> tta_val_acc=0.9271
muon_lr=0.016 muon_momentum=0.6 bias_lr=0.83 head_lr=270 -> tta_val_acc=0.9273
muon_lr=0.016 muon_momentum=0.6 bias_lr=0.83 head_lr=1300 -> tta_val_acc=0.9268
muon_lr=0.016 muon_momentum=0.6 bias_lr=0.83 head_lr=6700 -> tta_val_acc=0.9065
search_path step=0 muon_lr=0.016 muon_momentum=0.6 bias_lr=4.2 head_lr=0.43 tta_val_acc=0.9271
search_path step=1 muon_lr=0.016 muon_momentum=0.6 bias_lr=0.83 head_lr=0.43 tta_val_acc=0.9274
main hparams: muon_lr=0.072 muon_momentum=0.5 bias_lr=100 head_lr=270 main=0.8987, best_cooldown=0.9268
muon_lr=0.016 muon_momentum=0.5 bias_lr=0.83 head_lr=0.43 -> tta_val_acc=0.9268
muon_lr=0.0093 muon_momentum=0.5 bias_lr=0.83 head_lr=0.43 -> tta_val_acc=0.9246
muon_lr=0.026 muon_momentum=0.5 bias_lr=0.83 head_lr=0.43 -> tta_val_acc=0.9265
muon_lr=0.043 muon_momentum=0.5 bias_lr=0.83 head_lr=0.43 -> tta_val_acc=0.9234
search_path step=0 muon_lr=0.016 muon_momentum=0.5 bias_lr=0.83 head_lr=0.43 tta_val_acc=0.9268
main hparams: muon_lr=0.072 muon_momentum=0.4 bias_lr=100 head_lr=270 main=0.9001, best_cooldown=0.9243
muon_lr=0.016 muon_momentum=0.4 bias_lr=0.83 head_lr=0.43 -> tta_val_acc=0.9243
muon_lr=0.0093 muon_momentum=0.4 bias_lr=0.83 head_lr=0.43 -> tta_val_acc=0.9233
muon_lr=0.0056 muon_momentum=0.4 bias_lr=0.83 head_lr=0.43 -> tta_val_acc=0.9218
muon_lr=0.026 muon_momentum=0.4 bias_lr=0.83 head_lr=0.43 -> tta_val_acc=0.9241
muon_lr=0.043 muon_momentum=0.4 bias_lr=0.83 head_lr=0.43 -> tta_val_acc=0.9213
search_path step=0 muon_lr=0.016 muon_momentum=0.4 bias_lr=0.83 head_lr=0.43 tta_val_acc=0.9243
main hparams: muon_lr=0.072 muon_momentum=0.7 bias_lr=100 head_lr=270 main=0.8928, best_cooldown=0.9264
muon_lr=0.016 muon_momentum=0.7 bias_lr=0.83 head_lr=0.43 -> tta_val_acc=0.9264
muon_lr=0.0093 muon_momentum=0.7 bias_lr=0.83 head_lr=0.43 -> tta_val_acc=0.925
muon_lr=0.026 muon_momentum=0.7 bias_lr=0.83 head_lr=0.43 -> tta_val_acc=0.9253
search_path step=0 muon_lr=0.016 muon_momentum=0.7 bias_lr=0.83 head_lr=0.43 tta_val_acc=0.9264
main hparams: muon_lr=0.072 muon_momentum=0.8 bias_lr=100 head_lr=270 main=0.8896, best_cooldown=0.9299
muon_lr=0.016 muon_momentum=0.8 bias_lr=0.83 head_lr=0.43 -> tta_val_acc=0.9299
muon_lr=0.0093 muon_momentum=0.8 bias_lr=0.83 head_lr=0.43 -> tta_val_acc=0.9259
muon_lr=0.026 muon_momentum=0.8 bias_lr=0.83 head_lr=0.43 -> tta_val_acc=0.926
search_path step=0 muon_lr=0.016 muon_momentum=0.8 bias_lr=0.83 head_lr=0.43 tta_val_acc=0.9299
main hparams: muon_lr=0.072 muon_momentum=0.9 bias_lr=100 head_lr=270 main=0.8774, best_cooldown=0.9241
muon_lr=0.016 muon_momentum=0.9 bias_lr=0.83 head_lr=0.43 -> tta_val_acc=0.9241
muon_lr=0.0093 muon_momentum=0.9 bias_lr=0.83 head_lr=0.43 -> tta_val_acc=0.9217
muon_lr=0.026 muon_momentum=0.9 bias_lr=0.83 head_lr=0.43 -> tta_val_acc=0.9204
search_path step=0 muon_lr=0.016 muon_momentum=0.9 bias_lr=0.83 head_lr=0.43 tta_val_acc=0.9241
main hparams: muon_lr=0.072 muon_momentum=0.8 bias_lr=100 head_lr=270 main=0.8896, best_cooldown=0.9315
muon_lr=0.016 muon_momentum=0.8 bias_lr=0.83 head_lr=0.43 -> tta_val_acc=0.9299
muon_lr=0.0093 muon_momentum=0.8 bias_lr=0.83 head_lr=0.43 -> tta_val_acc=0.9259
muon_lr=0.026 muon_momentum=0.8 bias_lr=0.83 head_lr=0.43 -> tta_val_acc=0.926
muon_lr=0.016 muon_momentum=0.8 bias_lr=0.17 head_lr=0.43 -> tta_val_acc=0.9299
muon_lr=0.016 muon_momentum=0.8 bias_lr=0.033 head_lr=0.43 -> tta_val_acc=0.9297
muon_lr=0.016 muon_momentum=0.8 bias_lr=0.0067 head_lr=0.43 -> tta_val_acc=0.9296
muon_lr=0.016 muon_momentum=0.8 bias_lr=4.2 head_lr=0.43 -> tta_val_acc=0.9293
muon_lr=0.016 muon_momentum=0.8 bias_lr=21 head_lr=0.43 -> tta_val_acc=0.9296
muon_lr=0.016 muon_momentum=0.8 bias_lr=100 head_lr=0.43 -> tta_val_acc=0.9256
muon_lr=0.016 muon_momentum=0.8 bias_lr=0.83 head_lr=0.086 -> tta_val_acc=0.9297
muon_lr=0.016 muon_momentum=0.8 bias_lr=0.83 head_lr=0.017 -> tta_val_acc=0.9297
muon_lr=0.016 muon_momentum=0.8 bias_lr=0.83 head_lr=0.0034 -> tta_val_acc=0.9301
muon_lr=0.016 muon_momentum=0.8 bias_lr=0.83 head_lr=0.00069 -> tta_val_acc=0.9293
muon_lr=0.016 muon_momentum=0.8 bias_lr=0.83 head_lr=0.00014 -> tta_val_acc=0.9299
muon_lr=0.016 muon_momentum=0.8 bias_lr=0.83 head_lr=2.7e-05 -> tta_val_acc=0.9296
muon_lr=0.0093 muon_momentum=0.8 bias_lr=0.83 head_lr=0.0034 -> tta_val_acc=0.9259
muon_lr=0.026 muon_momentum=0.8 bias_lr=0.83 head_lr=0.0034 -> tta_val_acc=0.9251
muon_lr=0.016 muon_momentum=0.8 bias_lr=0.17 head_lr=0.0034 -> tta_val_acc=0.9297
muon_lr=0.016 muon_momentum=0.8 bias_lr=0.033 head_lr=0.0034 -> tta_val_acc=0.93
muon_lr=0.016 muon_momentum=0.8 bias_lr=0.0067 head_lr=0.0034 -> tta_val_acc=0.9301
muon_lr=0.016 muon_momentum=0.8 bias_lr=4.2 head_lr=0.0034 -> tta_val_acc=0.9299
muon_lr=0.016 muon_momentum=0.8 bias_lr=21 head_lr=0.0034 -> tta_val_acc=0.9293
muon_lr=0.016 muon_momentum=0.8 bias_lr=100 head_lr=0.0034 -> tta_val_acc=0.9251
muon_lr=0.016 muon_momentum=0.8 bias_lr=0.83 head_lr=2.1 -> tta_val_acc=0.9299
muon_lr=0.016 muon_momentum=0.8 bias_lr=0.83 head_lr=11 -> tta_val_acc=0.9302
muon_lr=0.016 muon_momentum=0.8 bias_lr=0.83 head_lr=54 -> tta_val_acc=0.9304
muon_lr=0.016 muon_momentum=0.8 bias_lr=0.83 head_lr=270 -> tta_val_acc=0.9315
muon_lr=0.016 muon_momentum=0.8 bias_lr=0.83 head_lr=1300 -> tta_val_acc=0.9303
muon_lr=0.0093 muon_momentum=0.8 bias_lr=0.83 head_lr=270 -> tta_val_acc=0.9265
muon_lr=0.026 muon_momentum=0.8 bias_lr=0.83 head_lr=270 -> tta_val_acc=0.9258
muon_lr=0.016 muon_momentum=0.8 bias_lr=0.17 head_lr=270 -> tta_val_acc=0.9309
muon_lr=0.016 muon_momentum=0.8 bias_lr=0.033 head_lr=270 -> tta_val_acc=0.9308
muon_lr=0.016 muon_momentum=0.8 bias_lr=0.0067 head_lr=270 -> tta_val_acc=0.931
muon_lr=0.016 muon_momentum=0.8 bias_lr=4.2 head_lr=270 -> tta_val_acc=0.9303
search_path step=0 muon_lr=0.016 muon_momentum=0.8 bias_lr=0.83 head_lr=0.43 tta_val_acc=0.9299
search_path step=1 muon_lr=0.016 muon_momentum=0.8 bias_lr=0.83 head_lr=0.0034 tta_val_acc=0.9301
search_path step=2 muon_lr=0.016 muon_momentum=0.8 bias_lr=0.83 head_lr=270 tta_val_acc=0.9315
main hparams: muon_lr=0.043 muon_momentum=0.8 bias_lr=100 head_lr=270 main=0.905, best_cooldown=0.9279
muon_lr=0.016 muon_momentum=0.8 bias_lr=0.83 head_lr=270 -> tta_val_acc=0.9279
muon_lr=0.0093 muon_momentum=0.8 bias_lr=0.83 head_lr=270 -> tta_val_acc=0.9274
muon_lr=0.0056 muon_momentum=0.8 bias_lr=0.83 head_lr=270 -> tta_val_acc=0.9257
muon_lr=0.026 muon_momentum=0.8 bias_lr=0.83 head_lr=270 -> tta_val_acc=0.9222
search_path step=0 muon_lr=0.016 muon_momentum=0.8 bias_lr=0.83 head_lr=270 tta_val_acc=0.9279
main hparams: muon_lr=0.12 muon_momentum=0.8 bias_lr=100 head_lr=270 main=0.8499, best_cooldown=0.9203
muon_lr=0.016 muon_momentum=0.8 bias_lr=0.83 head_lr=270 -> tta_val_acc=0.9192
muon_lr=0.0093 muon_momentum=0.8 bias_lr=0.83 head_lr=270 -> tta_val_acc=0.9149
muon_lr=0.026 muon_momentum=0.8 bias_lr=0.83 head_lr=270 -> tta_val_acc=0.9203
muon_lr=0.043 muon_momentum=0.8 bias_lr=0.83 head_lr=270 -> tta_val_acc=0.9151
search_path step=0 muon_lr=0.016 muon_momentum=0.8 bias_lr=0.83 head_lr=270 tta_val_acc=0.9192
search_path step=1 muon_lr=0.026 muon_momentum=0.8 bias_lr=0.83 head_lr=270 tta_val_acc=0.9203
main hparams: muon_lr=0.072 muon_momentum=0.8 bias_lr=21 head_lr=270 main=0.8968, best_cooldown=0.927
muon_lr=0.016 muon_momentum=0.8 bias_lr=0.83 head_lr=270 -> tta_val_acc=0.9258
muon_lr=0.016 muon_momentum=0.8 bias_lr=0.17 head_lr=270 -> tta_val_acc=0.9261
muon_lr=0.016 muon_momentum=0.8 bias_lr=0.033 head_lr=270 -> tta_val_acc=0.9262
muon_lr=0.016 muon_momentum=0.8 bias_lr=0.0067 head_lr=270 -> tta_val_acc=0.9253
muon_lr=0.016 muon_momentum=0.8 bias_lr=0.0013 head_lr=270 -> tta_val_acc=0.926
muon_lr=0.016 muon_momentum=0.8 bias_lr=0.00027 head_lr=270 -> tta_val_acc=0.9256
muon_lr=0.016 muon_momentum=0.8 bias_lr=4.2 head_lr=270 -> tta_val_acc=0.9269
muon_lr=0.016 muon_momentum=0.8 bias_lr=21 head_lr=270 -> tta_val_acc=0.927
muon_lr=0.016 muon_momentum=0.8 bias_lr=100 head_lr=270 -> tta_val_acc=0.9239
search_path step=0 muon_lr=0.016 muon_momentum=0.8 bias_lr=0.83 head_lr=270 tta_val_acc=0.9258
search_path step=1 muon_lr=0.016 muon_momentum=0.8 bias_lr=0.033 head_lr=270 tta_val_acc=0.9262
search_path step=2 muon_lr=0.016 muon_momentum=0.8 bias_lr=21 head_lr=270 tta_val_acc=0.927
main hparams: muon_lr=0.072 muon_momentum=0.8 bias_lr=520 head_lr=270 main=0.7578, best_cooldown=0.8908
muon_lr=0.016 muon_momentum=0.8 bias_lr=0.83 head_lr=270 -> tta_val_acc=0.8863
muon_lr=0.016 muon_momentum=0.8 bias_lr=0.17 head_lr=270 -> tta_val_acc=0.8861
muon_lr=0.016 muon_momentum=0.8 bias_lr=0.033 head_lr=270 -> tta_val_acc=0.8859
muon_lr=0.016 muon_momentum=0.8 bias_lr=0.0067 head_lr=270 -> tta_val_acc=0.8857
muon_lr=0.016 muon_momentum=0.8 bias_lr=4.2 head_lr=270 -> tta_val_acc=0.8881
muon_lr=0.016 muon_momentum=0.8 bias_lr=21 head_lr=270 -> tta_val_acc=0.8905
muon_lr=0.016 muon_momentum=0.8 bias_lr=100 head_lr=270 -> tta_val_acc=0.8908
muon_lr=0.016 muon_momentum=0.8 bias_lr=520 head_lr=270 -> tta_val_acc=0.8572
search_path step=0 muon_lr=0.016 muon_momentum=0.8 bias_lr=0.83 head_lr=270 tta_val_acc=0.8863
search_path step=1 muon_lr=0.016 muon_momentum=0.8 bias_lr=100 head_lr=270 tta_val_acc=0.8908
main hparams: muon_lr=0.072 muon_momentum=0.8 bias_lr=100 head_lr=54 main=0.8944, best_cooldown=0.9283
muon_lr=0.016 muon_momentum=0.8 bias_lr=0.83 head_lr=270 -> tta_val_acc=0.9283
muon_lr=0.016 muon_momentum=0.8 bias_lr=0.83 head_lr=54 -> tta_val_acc=0.9268
muon_lr=0.016 muon_momentum=0.8 bias_lr=0.83 head_lr=1300 -> tta_val_acc=0.9281
muon_lr=0.016 muon_momentum=0.8 bias_lr=0.83 head_lr=6700 -> tta_val_acc=0.8863
search_path step=0 muon_lr=0.016 muon_momentum=0.8 bias_lr=0.83 head_lr=270 tta_val_acc=0.9283
main hparams: muon_lr=0.072 muon_momentum=0.8 bias_lr=100 head_lr=1300 main=0.8811, best_cooldown=0.9265
muon_lr=0.016 muon_momentum=0.8 bias_lr=0.83 head_lr=270 -> tta_val_acc=0.926
muon_lr=0.016 muon_momentum=0.8 bias_lr=0.83 head_lr=54 -> tta_val_acc=0.9263
muon_lr=0.016 muon_momentum=0.8 bias_lr=0.83 head_lr=11 -> tta_val_acc=0.9255
muon_lr=0.016 muon_momentum=0.8 bias_lr=0.83 head_lr=2.1 -> tta_val_acc=0.9254
muon_lr=0.016 muon_momentum=0.8 bias_lr=0.83 head_lr=0.43 -> tta_val_acc=0.9256
muon_lr=0.016 muon_momentum=0.8 bias_lr=0.83 head_lr=1300 -> tta_val_acc=0.9265
muon_lr=0.016 muon_momentum=0.8 bias_lr=0.83 head_lr=6700 -> tta_val_acc=0.9212
search_path step=0 muon_lr=0.016 muon_momentum=0.8 bias_lr=0.83 head_lr=270 tta_val_acc=0.926
search_path step=1 muon_lr=0.016 muon_momentum=0.8 bias_lr=0.83 head_lr=54 tta_val_acc=0.9263
search_path step=2 muon_lr=0.016 muon_momentum=0.8 bias_lr=0.83 head_lr=1300 tta_val_acc=0.9265
search_path step=0 muon_lr=0.2 muon_momentum=0.6 bias_lr=100 head_lr=270 tta_val_acc=0.9166
search_path step=1 muon_lr=0.072 muon_momentum=0.6 bias_lr=100 head_lr=270 tta_val_acc=0.9274
search_path step=2 muon_lr=0.072 muon_momentum=0.8 bias_lr=100 head_lr=270 tta_val_acc=0.9315
train_hparams run=0 interval=1 start_step=40 completed_steps=40 total_steps=200 muon_lr=0.072 muon_momentum=0.8 bias_lr=100 head_lr=270 muon_nesterov=False
train_loss run=0 interval=1 step=41 loss=1.30718
train_loss run=0 interval=1 step=42 loss=1.26679
train_loss run=0 interval=1 step=43 loss=1.21146
train_loss run=0 interval=1 step=44 loss=1.21319
train_loss run=0 interval=1 step=45 loss=1.20806
train_loss run=0 interval=1 step=46 loss=1.20436
train_loss run=0 interval=1 step=47 loss=1.18943
train_loss run=0 interval=1 step=48 loss=1.1896
train_loss run=0 interval=1 step=49 loss=1.18722
train_loss run=0 interval=1 step=50 loss=1.18396
train_loss run=0 interval=1 step=51 loss=1.15119
train_loss run=0 interval=1 step=52 loss=1.15732
train_loss run=0 interval=1 step=53 loss=1.1657
train_loss run=0 interval=1 step=54 loss=1.15515
train_loss run=0 interval=1 step=55 loss=1.14543
train_loss run=0 interval=1 step=56 loss=1.15604
train_loss run=0 interval=1 step=57 loss=1.13502
train_loss run=0 interval=1 step=58 loss=1.15032
train_loss run=0 interval=1 step=59 loss=1.13151
train_loss run=0 interval=1 step=60 loss=1.14063
train_loss run=0 interval=1 step=61 loss=1.13019
train_loss run=0 interval=1 step=62 loss=1.14844
train_loss run=0 interval=1 step=63 loss=1.13927
train_loss run=0 interval=1 step=64 loss=1.14292
train_loss run=0 interval=1 step=65 loss=1.14241
train_loss run=0 interval=1 step=66 loss=1.14662
train_loss run=0 interval=1 step=67 loss=1.1408
train_loss run=0 interval=1 step=68 loss=1.12653
train_loss run=0 interval=1 step=69 loss=1.14573
train_loss run=0 interval=1 step=70 loss=1.13754
train_loss run=0 interval=1 step=71 loss=1.14519
train_loss run=0 interval=1 step=72 loss=1.14145
train_loss run=0 interval=1 step=73 loss=1.16954
train_loss run=0 interval=1 step=74 loss=1.12712
train_loss run=0 interval=1 step=75 loss=1.15305
train_loss run=0 interval=1 step=76 loss=1.10573
train_loss run=0 interval=1 step=77 loss=1.12132
train_loss run=0 interval=1 step=78 loss=1.10617
train_loss run=0 interval=1 step=79 loss=1.12961
train_loss run=0 interval=1 step=80 loss=1.1053
interval_boundary_eval run=0 interval=1 step=80 total_steps=200 tta_val_acc=0.8896
main hparams: muon_lr=0.072 muon_momentum=0.8 bias_lr=100 head_lr=270 main=0.897, best_cooldown=0.9318
muon_lr=0.016 muon_momentum=0.8 bias_lr=0.83 head_lr=270 -> tta_val_acc=0.9313
muon_lr=0.0093 muon_momentum=0.8 bias_lr=0.83 head_lr=270 -> tta_val_acc=0.9289
muon_lr=0.026 muon_momentum=0.8 bias_lr=0.83 head_lr=270 -> tta_val_acc=0.9277
muon_lr=0.016 muon_momentum=0.8 bias_lr=0.17 head_lr=270 -> tta_val_acc=0.9309
muon_lr=0.016 muon_momentum=0.8 bias_lr=0.033 head_lr=270 -> tta_val_acc=0.9309
muon_lr=0.016 muon_momentum=0.8 bias_lr=0.0067 head_lr=270 -> tta_val_acc=0.9315
muon_lr=0.016 muon_momentum=0.8 bias_lr=0.0013 head_lr=270 -> tta_val_acc=0.9305
muon_lr=0.016 muon_momentum=0.8 bias_lr=0.00027 head_lr=270 -> tta_val_acc=0.9313
muon_lr=0.016 muon_momentum=0.8 bias_lr=5.3e-05 head_lr=270 -> tta_val_acc=0.9304
muon_lr=0.0093 muon_momentum=0.8 bias_lr=0.0067 head_lr=270 -> tta_val_acc=0.9293
muon_lr=0.026 muon_momentum=0.8 bias_lr=0.0067 head_lr=270 -> tta_val_acc=0.9285
muon_lr=0.016 muon_momentum=0.8 bias_lr=4.2 head_lr=270 -> tta_val_acc=0.9309
muon_lr=0.016 muon_momentum=0.8 bias_lr=21 head_lr=270 -> tta_val_acc=0.9315
muon_lr=0.016 muon_momentum=0.8 bias_lr=100 head_lr=270 -> tta_val_acc=0.9292
muon_lr=0.016 muon_momentum=0.8 bias_lr=0.0067 head_lr=54 -> tta_val_acc=0.9312
muon_lr=0.016 muon_momentum=0.8 bias_lr=0.0067 head_lr=11 -> tta_val_acc=0.9318
muon_lr=0.016 muon_momentum=0.8 bias_lr=0.0067 head_lr=2.1 -> tta_val_acc=0.9315
muon_lr=0.016 muon_momentum=0.8 bias_lr=0.0067 head_lr=0.43 -> tta_val_acc=0.9309
muon_lr=0.016 muon_momentum=0.8 bias_lr=0.0067 head_lr=0.086 -> tta_val_acc=0.9316
muon_lr=0.0093 muon_momentum=0.8 bias_lr=0.0067 head_lr=11 -> tta_val_acc=0.9287
muon_lr=0.026 muon_momentum=0.8 bias_lr=0.0067 head_lr=11 -> tta_val_acc=0.9269
muon_lr=0.016 muon_momentum=0.8 bias_lr=0.0013 head_lr=11 -> tta_val_acc=0.9317
muon_lr=0.016 muon_momentum=0.8 bias_lr=0.00027 head_lr=11 -> tta_val_acc=0.9314
muon_lr=0.016 muon_momentum=0.8 bias_lr=5.3e-05 head_lr=11 -> tta_val_acc=0.9317
muon_lr=0.016 muon_momentum=0.8 bias_lr=0.033 head_lr=11 -> tta_val_acc=0.9313
muon_lr=0.016 muon_momentum=0.8 bias_lr=0.17 head_lr=11 -> tta_val_acc=0.9311
muon_lr=0.016 muon_momentum=0.8 bias_lr=0.83 head_lr=11 -> tta_val_acc=0.9313
muon_lr=0.016 muon_momentum=0.8 bias_lr=4.2 head_lr=11 -> tta_val_acc=0.9306
muon_lr=0.016 muon_momentum=0.8 bias_lr=0.0067 head_lr=1300 -> tta_val_acc=0.9314
muon_lr=0.016 muon_momentum=0.8 bias_lr=0.0067 head_lr=6700 -> tta_val_acc=0.8314
search_path step=0 muon_lr=0.016 muon_momentum=0.8 bias_lr=0.83 head_lr=270 tta_val_acc=0.9313
search_path step=1 muon_lr=0.016 muon_momentum=0.8 bias_lr=0.0067 head_lr=270 tta_val_acc=0.9315
search_path step=2 muon_lr=0.016 muon_momentum=0.8 bias_lr=0.0067 head_lr=11 tta_val_acc=0.9318
main hparams: muon_lr=0.043 muon_momentum=0.8 bias_lr=100 head_lr=270 main=0.916, best_cooldown=0.9344
muon_lr=0.016 muon_momentum=0.8 bias_lr=0.0067 head_lr=11 -> tta_val_acc=0.9333
muon_lr=0.0093 muon_momentum=0.8 bias_lr=0.0067 head_lr=11 -> tta_val_acc=0.9344
muon_lr=0.0056 muon_momentum=0.8 bias_lr=0.0067 head_lr=11 -> tta_val_acc=0.933
search_path step=0 muon_lr=0.016 muon_momentum=0.8 bias_lr=0.0067 head_lr=11 tta_val_acc=0.9333
search_path step=1 muon_lr=0.0093 muon_momentum=0.8 bias_lr=0.0067 head_lr=11 tta_val_acc=0.9344
main hparams: muon_lr=0.026 muon_momentum=0.8 bias_lr=100 head_lr=270 main=0.9232, best_cooldown=0.934
muon_lr=0.016 muon_momentum=0.8 bias_lr=0.0067 head_lr=11 -> tta_val_acc=0.932
muon_lr=0.0093 muon_momentum=0.8 bias_lr=0.0067 head_lr=11 -> tta_val_acc=0.934
muon_lr=0.0056 muon_momentum=0.8 bias_lr=0.0067 head_lr=11 -> tta_val_acc=0.934
muon_lr=0.0034 muon_momentum=0.8 bias_lr=0.0067 head_lr=11 -> tta_val_acc=0.9332
muon_lr=0.002 muon_momentum=0.8 bias_lr=0.0067 head_lr=11 -> tta_val_acc=0.9318
search_path step=0 muon_lr=0.016 muon_momentum=0.8 bias_lr=0.0067 head_lr=11 tta_val_acc=0.932
search_path step=1 muon_lr=0.0093 muon_momentum=0.8 bias_lr=0.0067 head_lr=11 tta_val_acc=0.934
main hparams: muon_lr=0.016 muon_momentum=0.8 bias_lr=100 head_lr=270 main=0.9241, best_cooldown=0.9325
muon_lr=0.016 muon_momentum=0.8 bias_lr=0.0067 head_lr=11 -> tta_val_acc=0.9316
muon_lr=0.0093 muon_momentum=0.8 bias_lr=0.0067 head_lr=11 -> tta_val_acc=0.9325
muon_lr=0.0056 muon_momentum=0.8 bias_lr=0.0067 head_lr=11 -> tta_val_acc=0.9321
muon_lr=0.0034 muon_momentum=0.8 bias_lr=0.0067 head_lr=11 -> tta_val_acc=0.9322
muon_lr=0.002 muon_momentum=0.8 bias_lr=0.0067 head_lr=11 -> tta_val_acc=0.931
muon_lr=0.026 muon_momentum=0.8 bias_lr=0.0067 head_lr=11 -> tta_val_acc=0.9275
search_path step=0 muon_lr=0.016 muon_momentum=0.8 bias_lr=0.0067 head_lr=11 tta_val_acc=0.9316
search_path step=1 muon_lr=0.0093 muon_momentum=0.8 bias_lr=0.0067 head_lr=11 tta_val_acc=0.9325
main hparams: muon_lr=0.043 muon_momentum=0.8 bias_lr=100 head_lr=270 main=0.916, best_cooldown=0.9359
muon_lr=0.016 muon_momentum=0.8 bias_lr=0.0067 head_lr=11 -> tta_val_acc=0.9333
muon_lr=0.0093 muon_momentum=0.8 bias_lr=0.0067 head_lr=11 -> tta_val_acc=0.9344
muon_lr=0.0056 muon_momentum=0.8 bias_lr=0.0067 head_lr=11 -> tta_val_acc=0.933
muon_lr=0.0093 muon_momentum=0.8 bias_lr=0.0013 head_lr=11 -> tta_val_acc=0.9345
muon_lr=0.0093 muon_momentum=0.8 bias_lr=0.00027 head_lr=11 -> tta_val_acc=0.9344
muon_lr=0.0093 muon_momentum=0.8 bias_lr=5.3e-05 head_lr=11 -> tta_val_acc=0.9341
muon_lr=0.0093 muon_momentum=0.8 bias_lr=1.1e-05 head_lr=11 -> tta_val_acc=0.9344
muon_lr=0.0056 muon_momentum=0.8 bias_lr=0.0013 head_lr=11 -> tta_val_acc=0.9331
muon_lr=0.016 muon_momentum=0.8 bias_lr=0.0013 head_lr=11 -> tta_val_acc=0.9334
muon_lr=0.0093 muon_momentum=0.8 bias_lr=0.033 head_lr=11 -> tta_val_acc=0.9344
muon_lr=0.0093 muon_momentum=0.8 bias_lr=0.17 head_lr=11 -> tta_val_acc=0.9345
muon_lr=0.0093 muon_momentum=0.8 bias_lr=0.83 head_lr=11 -> tta_val_acc=0.9342
muon_lr=0.0093 muon_momentum=0.8 bias_lr=4.2 head_lr=11 -> tta_val_acc=0.9338
muon_lr=0.0093 muon_momentum=0.8 bias_lr=21 head_lr=11 -> tta_val_acc=0.9347
muon_lr=0.0093 muon_momentum=0.8 bias_lr=100 head_lr=11 -> tta_val_acc=0.9327
muon_lr=0.0056 muon_momentum=0.8 bias_lr=21 head_lr=11 -> tta_val_acc=0.933
muon_lr=0.016 muon_momentum=0.8 bias_lr=21 head_lr=11 -> tta_val_acc=0.9355
muon_lr=0.026 muon_momentum=0.8 bias_lr=21 head_lr=11 -> tta_val_acc=0.9315
muon_lr=0.016 muon_momentum=0.8 bias_lr=4.2 head_lr=11 -> tta_val_acc=0.9335
muon_lr=0.016 muon_momentum=0.8 bias_lr=100 head_lr=11 -> tta_val_acc=0.932
muon_lr=0.016 muon_momentum=0.8 bias_lr=21 head_lr=2.1 -> tta_val_acc=0.9354
muon_lr=0.016 muon_momentum=0.8 bias_lr=21 head_lr=0.43 -> tta_val_acc=0.9356
muon_lr=0.016 muon_momentum=0.8 bias_lr=21 head_lr=0.086 -> tta_val_acc=0.9354
muon_lr=0.016 muon_momentum=0.8 bias_lr=21 head_lr=0.017 -> tta_val_acc=0.9351
muon_lr=0.016 muon_momentum=0.8 bias_lr=21 head_lr=0.0034 -> tta_val_acc=0.9348
muon_lr=0.0093 muon_momentum=0.8 bias_lr=21 head_lr=0.43 -> tta_val_acc=0.9346
muon_lr=0.0056 muon_momentum=0.8 bias_lr=21 head_lr=0.43 -> tta_val_acc=0.9331
muon_lr=0.026 muon_momentum=0.8 bias_lr=21 head_lr=0.43 -> tta_val_acc=0.9317
muon_lr=0.016 muon_momentum=0.8 bias_lr=4.2 head_lr=0.43 -> tta_val_acc=0.9335
muon_lr=0.016 muon_momentum=0.8 bias_lr=100 head_lr=0.43 -> tta_val_acc=0.9314
muon_lr=0.016 muon_momentum=0.8 bias_lr=21 head_lr=54 -> tta_val_acc=0.9353
muon_lr=0.016 muon_momentum=0.8 bias_lr=21 head_lr=270 -> tta_val_acc=0.9359
muon_lr=0.016 muon_momentum=0.8 bias_lr=21 head_lr=1300 -> tta_val_acc=0.9359
muon_lr=0.016 muon_momentum=0.8 bias_lr=21 head_lr=6700 -> tta_val_acc=0.8884
muon_lr=0.0093 muon_momentum=0.8 bias_lr=21 head_lr=1300 -> tta_val_acc=0.934
muon_lr=0.026 muon_momentum=0.8 bias_lr=21 head_lr=1300 -> tta_val_acc=0.9318
muon_lr=0.016 muon_momentum=0.8 bias_lr=4.2 head_lr=1300 -> tta_val_acc=0.9348
muon_lr=0.016 muon_momentum=0.8 bias_lr=100 head_lr=1300 -> tta_val_acc=0.9307
search_path step=0 muon_lr=0.0093 muon_momentum=0.8 bias_lr=0.0067 head_lr=11 tta_val_acc=0.9344
search_path step=1 muon_lr=0.0093 muon_momentum=0.8 bias_lr=0.0013 head_lr=11 tta_val_acc=0.9345
search_path step=2 muon_lr=0.0093 muon_momentum=0.8 bias_lr=21 head_lr=11 tta_val_acc=0.9347
search_path step=3 muon_lr=0.016 muon_momentum=0.8 bias_lr=21 head_lr=11 tta_val_acc=0.9355
search_path step=4 muon_lr=0.016 muon_momentum=0.8 bias_lr=21 head_lr=0.43 tta_val_acc=0.9356
search_path step=5 muon_lr=0.016 muon_momentum=0.8 bias_lr=21 head_lr=1300 tta_val_acc=0.9359
main hparams: muon_lr=0.043 muon_momentum=0.7 bias_lr=100 head_lr=270 main=0.9181, best_cooldown=0.9369
muon_lr=0.016 muon_momentum=0.7 bias_lr=21 head_lr=1300 -> tta_val_acc=0.9351
muon_lr=0.0093 muon_momentum=0.7 bias_lr=21 head_lr=1300 -> tta_val_acc=0.9369
muon_lr=0.0056 muon_momentum=0.7 bias_lr=21 head_lr=1300 -> tta_val_acc=0.9346
search_path step=0 muon_lr=0.016 muon_momentum=0.7 bias_lr=21 head_lr=1300 tta_val_acc=0.9351
search_path step=1 muon_lr=0.0093 muon_momentum=0.7 bias_lr=21 head_lr=1300 tta_val_acc=0.9369
main hparams: muon_lr=0.043 muon_momentum=0.6 bias_lr=100 head_lr=270 main=0.9198, best_cooldown=0.9346
muon_lr=0.016 muon_momentum=0.6 bias_lr=21 head_lr=1300 -> tta_val_acc=0.9337
muon_lr=0.0093 muon_momentum=0.6 bias_lr=21 head_lr=1300 -> tta_val_acc=0.9346
muon_lr=0.0056 muon_momentum=0.6 bias_lr=21 head_lr=1300 -> tta_val_acc=0.9338
muon_lr=0.0034 muon_momentum=0.6 bias_lr=21 head_lr=1300 -> tta_val_acc=0.933
muon_lr=0.026 muon_momentum=0.6 bias_lr=21 head_lr=1300 -> tta_val_acc=0.9325
search_path step=0 muon_lr=0.016 muon_momentum=0.6 bias_lr=21 head_lr=1300 tta_val_acc=0.9337
search_path step=1 muon_lr=0.0093 muon_momentum=0.6 bias_lr=21 head_lr=1300 tta_val_acc=0.9346
main hparams: muon_lr=0.043 muon_momentum=0.7 bias_lr=100 head_lr=270 main=0.9181, best_cooldown=0.9369
muon_lr=0.016 muon_momentum=0.7 bias_lr=21 head_lr=1300 -> tta_val_acc=0.9351
muon_lr=0.0093 muon_momentum=0.7 bias_lr=21 head_lr=1300 -> tta_val_acc=0.9369
muon_lr=0.0056 muon_momentum=0.7 bias_lr=21 head_lr=1300 -> tta_val_acc=0.9346
muon_lr=0.0093 muon_momentum=0.7 bias_lr=4.2 head_lr=1300 -> tta_val_acc=0.936
muon_lr=0.0093 muon_momentum=0.7 bias_lr=0.83 head_lr=1300 -> tta_val_acc=0.9363
muon_lr=0.0093 muon_momentum=0.7 bias_lr=0.17 head_lr=1300 -> tta_val_acc=0.9364
muon_lr=0.0093 muon_momentum=0.7 bias_lr=100 head_lr=1300 -> tta_val_acc=0.9317
muon_lr=0.0093 muon_momentum=0.7 bias_lr=21 head_lr=270 -> tta_val_acc=0.9352
muon_lr=0.0093 muon_momentum=0.7 bias_lr=21 head_lr=6700 -> tta_val_acc=0.8872
search_path step=0 muon_lr=0.0093 muon_momentum=0.7 bias_lr=21 head_lr=1300 tta_val_acc=0.9369
main hparams: muon_lr=0.026 muon_momentum=0.7 bias_lr=100 head_lr=270 main=0.9223, best_cooldown=0.9347
muon_lr=0.0093 muon_momentum=0.7 bias_lr=21 head_lr=1300 -> tta_val_acc=0.9347
muon_lr=0.0056 muon_momentum=0.7 bias_lr=21 head_lr=1300 -> tta_val_acc=0.9341
muon_lr=0.0034 muon_momentum=0.7 bias_lr=21 head_lr=1300 -> tta_val_acc=0.9337
muon_lr=0.002 muon_momentum=0.7 bias_lr=21 head_lr=1300 -> tta_val_acc=0.9332
muon_lr=0.016 muon_momentum=0.7 bias_lr=21 head_lr=1300 -> tta_val_acc=0.9328
search_path step=0 muon_lr=0.0093 muon_momentum=0.7 bias_lr=21 head_lr=1300 tta_val_acc=0.9347
main hparams: muon_lr=0.072 muon_momentum=0.7 bias_lr=100 head_lr=270 main=0.9016, best_cooldown=0.933
muon_lr=0.0093 muon_momentum=0.7 bias_lr=21 head_lr=1300 -> tta_val_acc=0.9322
muon_lr=0.0056 muon_momentum=0.7 bias_lr=21 head_lr=1300 -> tta_val_acc=0.9297
muon_lr=0.016 muon_momentum=0.7 bias_lr=21 head_lr=1300 -> tta_val_acc=0.933
muon_lr=0.026 muon_momentum=0.7 bias_lr=21 head_lr=1300 -> tta_val_acc=0.93
search_path step=0 muon_lr=0.0093 muon_momentum=0.7 bias_lr=21 head_lr=1300 tta_val_acc=0.9322
search_path step=1 muon_lr=0.016 muon_momentum=0.7 bias_lr=21 head_lr=1300 tta_val_acc=0.933
main hparams: muon_lr=0.043 muon_momentum=0.9 bias_lr=100 head_lr=270 main=0.9105, best_cooldown=0.9317
muon_lr=0.0093 muon_momentum=0.9 bias_lr=21 head_lr=1300 -> tta_val_acc=0.9316
muon_lr=0.0056 muon_momentum=0.9 bias_lr=21 head_lr=1300 -> tta_val_acc=0.9317
muon_lr=0.0034 muon_momentum=0.9 bias_lr=21 head_lr=1300 -> tta_val_acc=0.9293
muon_lr=0.016 muon_momentum=0.9 bias_lr=21 head_lr=1300 -> tta_val_acc=0.9291
search_path step=0 muon_lr=0.0093 muon_momentum=0.9 bias_lr=21 head_lr=1300 tta_val_acc=0.9316
search_path step=1 muon_lr=0.0056 muon_momentum=0.9 bias_lr=21 head_lr=1300 tta_val_acc=0.9317
main hparams: muon_lr=0.043 muon_momentum=0.7 bias_lr=21 head_lr=270 main=0.9204, best_cooldown=0.9364
muon_lr=0.0093 muon_momentum=0.7 bias_lr=21 head_lr=1300 -> tta_val_acc=0.9356
muon_lr=0.0093 muon_momentum=0.7 bias_lr=4.2 head_lr=1300 -> tta_val_acc=0.9361
muon_lr=0.0093 muon_momentum=0.7 bias_lr=0.83 head_lr=1300 -> tta_val_acc=0.936
muon_lr=0.0093 muon_momentum=0.7 bias_lr=0.17 head_lr=1300 -> tta_val_acc=0.9364
muon_lr=0.0093 muon_momentum=0.7 bias_lr=0.033 head_lr=1300 -> tta_val_acc=0.9361
muon_lr=0.0093 muon_momentum=0.7 bias_lr=0.0067 head_lr=1300 -> tta_val_acc=0.9359
muon_lr=0.0093 muon_momentum=0.7 bias_lr=0.0013 head_lr=1300 -> tta_val_acc=0.9359
muon_lr=0.0093 muon_momentum=0.7 bias_lr=100 head_lr=1300 -> tta_val_acc=0.9339
search_path step=0 muon_lr=0.0093 muon_momentum=0.7 bias_lr=21 head_lr=1300 tta_val_acc=0.9356
search_path step=1 muon_lr=0.0093 muon_momentum=0.7 bias_lr=0.17 head_lr=1300 tta_val_acc=0.9364
main hparams: muon_lr=0.043 muon_momentum=0.7 bias_lr=4.2 head_lr=270 main=0.9202, best_cooldown=0.9372
muon_lr=0.0093 muon_momentum=0.7 bias_lr=21 head_lr=1300 -> tta_val_acc=0.9372
muon_lr=0.0093 muon_momentum=0.7 bias_lr=4.2 head_lr=1300 -> tta_val_acc=0.9372
muon_lr=0.0093 muon_momentum=0.7 bias_lr=0.83 head_lr=1300 -> tta_val_acc=0.9364
muon_lr=0.0093 muon_momentum=0.7 bias_lr=0.17 head_lr=1300 -> tta_val_acc=0.9365
muon_lr=0.0093 muon_momentum=0.7 bias_lr=100 head_lr=1300 -> tta_val_acc=0.9333
search_path step=0 muon_lr=0.0093 muon_momentum=0.7 bias_lr=21 head_lr=1300 tta_val_acc=0.9372
main hparams: muon_lr=0.043 muon_momentum=0.7 bias_lr=0.83 head_lr=270 main=0.9196, best_cooldown=0.9371
muon_lr=0.0093 muon_momentum=0.7 bias_lr=21 head_lr=1300 -> tta_val_acc=0.9371
muon_lr=0.0093 muon_momentum=0.7 bias_lr=4.2 head_lr=1300 -> tta_val_acc=0.936
muon_lr=0.0093 muon_momentum=0.7 bias_lr=100 head_lr=1300 -> tta_val_acc=0.9348
search_path step=0 muon_lr=0.0093 muon_momentum=0.7 bias_lr=21 head_lr=1300 tta_val_acc=0.9371
main hparams: muon_lr=0.043 muon_momentum=0.7 bias_lr=0.17 head_lr=270 main=0.9197, best_cooldown=0.9378
muon_lr=0.0093 muon_momentum=0.7 bias_lr=21 head_lr=1300 -> tta_val_acc=0.9362
muon_lr=0.0093 muon_momentum=0.7 bias_lr=4.2 head_lr=1300 -> tta_val_acc=0.9376
muon_lr=0.0093 muon_momentum=0.7 bias_lr=0.83 head_lr=1300 -> tta_val_acc=0.9375
muon_lr=0.0093 muon_momentum=0.7 bias_lr=0.17 head_lr=1300 -> tta_val_acc=0.9375
muon_lr=0.0093 muon_momentum=0.7 bias_lr=0.033 head_lr=1300 -> tta_val_acc=0.9377
muon_lr=0.0093 muon_momentum=0.7 bias_lr=0.0067 head_lr=1300 -> tta_val_acc=0.9376
muon_lr=0.0093 muon_momentum=0.7 bias_lr=0.0013 head_lr=1300 -> tta_val_acc=0.9374
muon_lr=0.0093 muon_momentum=0.7 bias_lr=0.00027 head_lr=1300 -> tta_val_acc=0.9378
muon_lr=0.0093 muon_momentum=0.7 bias_lr=5.3e-05 head_lr=1300 -> tta_val_acc=0.9376
muon_lr=0.0093 muon_momentum=0.7 bias_lr=1.1e-05 head_lr=1300 -> tta_val_acc=0.9378
muon_lr=0.0093 muon_momentum=0.7 bias_lr=2.1e-06 head_lr=1300 -> tta_val_acc=0.9378
search_path step=0 muon_lr=0.0093 muon_momentum=0.7 bias_lr=21 head_lr=1300 tta_val_acc=0.9362
search_path step=1 muon_lr=0.0093 muon_momentum=0.7 bias_lr=0.00027 head_lr=1300 tta_val_acc=0.9378
main hparams: muon_lr=0.043 muon_momentum=0.7 bias_lr=0.033 head_lr=270 main=0.9198, best_cooldown=0.937
muon_lr=0.0093 muon_momentum=0.7 bias_lr=21 head_lr=1300 -> tta_val_acc=0.9366
muon_lr=0.0093 muon_momentum=0.7 bias_lr=4.2 head_lr=1300 -> tta_val_acc=0.937
muon_lr=0.0093 muon_momentum=0.7 bias_lr=0.83 head_lr=1300 -> tta_val_acc=0.9368
muon_lr=0.0093 muon_momentum=0.7 bias_lr=0.17 head_lr=1300 -> tta_val_acc=0.9369
muon_lr=0.0093 muon_momentum=0.7 bias_lr=0.033 head_lr=1300 -> tta_val_acc=0.9367
muon_lr=0.0093 muon_momentum=0.7 bias_lr=100 head_lr=1300 -> tta_val_acc=0.9343
search_path step=0 muon_lr=0.0093 muon_momentum=0.7 bias_lr=21 head_lr=1300 tta_val_acc=0.9366
search_path step=1 muon_lr=0.0093 muon_momentum=0.7 bias_lr=4.2 head_lr=1300 tta_val_acc=0.937
main hparams: muon_lr=0.043 muon_momentum=0.7 bias_lr=0.0067 head_lr=270 main=0.9185, best_cooldown=0.9377
muon_lr=0.0093 muon_momentum=0.7 bias_lr=21 head_lr=1300 -> tta_val_acc=0.9377
muon_lr=0.0093 muon_momentum=0.7 bias_lr=4.2 head_lr=1300 -> tta_val_acc=0.9376
muon_lr=0.0093 muon_momentum=0.7 bias_lr=0.83 head_lr=1300 -> tta_val_acc=0.9373
muon_lr=0.0093 muon_momentum=0.7 bias_lr=0.17 head_lr=1300 -> tta_val_acc=0.9374
muon_lr=0.0093 muon_momentum=0.7 bias_lr=100 head_lr=1300 -> tta_val_acc=0.9343
search_path step=0 muon_lr=0.0093 muon_momentum=0.7 bias_lr=21 head_lr=1300 tta_val_acc=0.9377
main hparams: muon_lr=0.043 muon_momentum=0.7 bias_lr=0.0013 head_lr=270 main=0.9188, best_cooldown=0.9364
muon_lr=0.0093 muon_momentum=0.7 bias_lr=21 head_lr=1300 -> tta_val_acc=0.9364
muon_lr=0.0093 muon_momentum=0.7 bias_lr=4.2 head_lr=1300 -> tta_val_acc=0.9364
muon_lr=0.0093 muon_momentum=0.7 bias_lr=0.83 head_lr=1300 -> tta_val_acc=0.9364
muon_lr=0.0093 muon_momentum=0.7 bias_lr=0.17 head_lr=1300 -> tta_val_acc=0.9361
muon_lr=0.0093 muon_momentum=0.7 bias_lr=100 head_lr=1300 -> tta_val_acc=0.9345
search_path step=0 muon_lr=0.0093 muon_momentum=0.7 bias_lr=21 head_lr=1300 tta_val_acc=0.9364
main hparams: muon_lr=0.043 muon_momentum=0.7 bias_lr=0.17 head_lr=270 main=0.9197, best_cooldown=0.9378
muon_lr=0.0093 muon_momentum=0.7 bias_lr=21 head_lr=1300 -> tta_val_acc=0.9362
muon_lr=0.0093 muon_momentum=0.7 bias_lr=4.2 head_lr=1300 -> tta_val_acc=0.9376
muon_lr=0.0093 muon_momentum=0.7 bias_lr=0.83 head_lr=1300 -> tta_val_acc=0.9375
muon_lr=0.0093 muon_momentum=0.7 bias_lr=0.17 head_lr=1300 -> tta_val_acc=0.9375
muon_lr=0.0093 muon_momentum=0.7 bias_lr=0.033 head_lr=1300 -> tta_val_acc=0.9377
muon_lr=0.0093 muon_momentum=0.7 bias_lr=0.0067 head_lr=1300 -> tta_val_acc=0.9376
muon_lr=0.0093 muon_momentum=0.7 bias_lr=0.0013 head_lr=1300 -> tta_val_acc=0.9374
muon_lr=0.0093 muon_momentum=0.7 bias_lr=0.00027 head_lr=1300 -> tta_val_acc=0.9378
muon_lr=0.0093 muon_momentum=0.7 bias_lr=5.3e-05 head_lr=1300 -> tta_val_acc=0.9376
muon_lr=0.0093 muon_momentum=0.7 bias_lr=1.1e-05 head_lr=1300 -> tta_val_acc=0.9378
muon_lr=0.0093 muon_momentum=0.7 bias_lr=2.1e-06 head_lr=1300 -> tta_val_acc=0.9378
muon_lr=0.0056 muon_momentum=0.7 bias_lr=0.00027 head_lr=1300 -> tta_val_acc=0.9354
muon_lr=0.016 muon_momentum=0.7 bias_lr=0.00027 head_lr=1300 -> tta_val_acc=0.9363
muon_lr=0.0093 muon_momentum=0.7 bias_lr=0.00027 head_lr=270 -> tta_val_acc=0.9372
muon_lr=0.0093 muon_momentum=0.7 bias_lr=0.00027 head_lr=54 -> tta_val_acc=0.937
muon_lr=0.0093 muon_momentum=0.7 bias_lr=0.00027 head_lr=11 -> tta_val_acc=0.937
muon_lr=0.0093 muon_momentum=0.7 bias_lr=0.00027 head_lr=6700 -> tta_val_acc=0.8448
search_path step=0 muon_lr=0.0093 muon_momentum=0.7 bias_lr=0.00027 head_lr=1300 tta_val_acc=0.9378
main hparams: muon_lr=0.026 muon_momentum=0.7 bias_lr=0.17 head_lr=270 main=0.9273, best_cooldown=0.9351
muon_lr=0.0093 muon_momentum=0.7 bias_lr=0.00027 head_lr=1300 -> tta_val_acc=0.9351
muon_lr=0.0056 muon_momentum=0.7 bias_lr=0.00027 head_lr=1300 -> tta_val_acc=0.9349
muon_lr=0.0034 muon_momentum=0.7 bias_lr=0.00027 head_lr=1300 -> tta_val_acc=0.9349
muon_lr=0.002 muon_momentum=0.7 bias_lr=0.00027 head_lr=1300 -> tta_val_acc=0.9327
muon_lr=0.016 muon_momentum=0.7 bias_lr=0.00027 head_lr=1300 -> tta_val_acc=0.9347
muon_lr=0.026 muon_momentum=0.7 bias_lr=0.00027 head_lr=1300 -> tta_val_acc=0.9315
search_path step=0 muon_lr=0.0093 muon_momentum=0.7 bias_lr=0.00027 head_lr=1300 tta_val_acc=0.9351
main hparams: muon_lr=0.072 muon_momentum=0.7 bias_lr=0.17 head_lr=270 main=0.9043, best_cooldown=0.9353
muon_lr=0.0093 muon_momentum=0.7 bias_lr=0.00027 head_lr=1300 -> tta_val_acc=0.9353
muon_lr=0.0056 muon_momentum=0.7 bias_lr=0.00027 head_lr=1300 -> tta_val_acc=0.9316
muon_lr=0.016 muon_momentum=0.7 bias_lr=0.00027 head_lr=1300 -> tta_val_acc=0.9346
muon_lr=0.026 muon_momentum=0.7 bias_lr=0.00027 head_lr=1300 -> tta_val_acc=0.9314
search_path step=0 muon_lr=0.0093 muon_momentum=0.7 bias_lr=0.00027 head_lr=1300 tta_val_acc=0.9353
main hparams: muon_lr=0.043 muon_momentum=0.6 bias_lr=0.17 head_lr=270 main=0.9207, best_cooldown=0.9359
muon_lr=0.0093 muon_momentum=0.6 bias_lr=0.00027 head_lr=1300 -> tta_val_acc=0.9353
muon_lr=0.0056 muon_momentum=0.6 bias_lr=0.00027 head_lr=1300 -> tta_val_acc=0.9342
muon_lr=0.016 muon_momentum=0.6 bias_lr=0.00027 head_lr=1300 -> tta_val_acc=0.9359
muon_lr=0.026 muon_momentum=0.6 bias_lr=0.00027 head_lr=1300 -> tta_val_acc=0.9331
search_path step=0 muon_lr=0.0093 muon_momentum=0.6 bias_lr=0.00027 head_lr=1300 tta_val_acc=0.9353
search_path step=1 muon_lr=0.016 muon_momentum=0.6 bias_lr=0.00027 head_lr=1300 tta_val_acc=0.9359
main hparams: muon_lr=0.043 muon_momentum=0.8 bias_lr=0.17 head_lr=270 main=0.9168, best_cooldown=0.9355
muon_lr=0.0093 muon_momentum=0.8 bias_lr=0.00027 head_lr=1300 -> tta_val_acc=0.9355
muon_lr=0.0056 muon_momentum=0.8 bias_lr=0.00027 head_lr=1300 -> tta_val_acc=0.9332
muon_lr=0.016 muon_momentum=0.8 bias_lr=0.00027 head_lr=1300 -> tta_val_acc=0.9334
search_path step=0 muon_lr=0.0093 muon_momentum=0.8 bias_lr=0.00027 head_lr=1300 tta_val_acc=0.9355
main hparams: muon_lr=0.043 muon_momentum=0.7 bias_lr=0.17 head_lr=54 main=0.9205, best_cooldown=0.9367
muon_lr=0.0093 muon_momentum=0.7 bias_lr=0.00027 head_lr=1300 -> tta_val_acc=0.9367
muon_lr=0.0093 muon_momentum=0.7 bias_lr=0.00027 head_lr=270 -> tta_val_acc=0.9353
muon_lr=0.0093 muon_momentum=0.7 bias_lr=0.00027 head_lr=6700 -> tta_val_acc=0.8251
search_path step=0 muon_lr=0.0093 muon_momentum=0.7 bias_lr=0.00027 head_lr=1300 tta_val_acc=0.9367
main hparams: muon_lr=0.043 muon_momentum=0.7 bias_lr=0.17 head_lr=1300 main=0.9182, best_cooldown=0.9357
muon_lr=0.0093 muon_momentum=0.7 bias_lr=0.00027 head_lr=1300 -> tta_val_acc=0.9352
muon_lr=0.0093 muon_momentum=0.7 bias_lr=0.00027 head_lr=270 -> tta_val_acc=0.9348
muon_lr=0.0093 muon_momentum=0.7 bias_lr=0.00027 head_lr=54 -> tta_val_acc=0.9352
muon_lr=0.0093 muon_momentum=0.7 bias_lr=0.00027 head_lr=11 -> tta_val_acc=0.9355
muon_lr=0.0093 muon_momentum=0.7 bias_lr=0.00027 head_lr=2.1 -> tta_val_acc=0.9356
muon_lr=0.0093 muon_momentum=0.7 bias_lr=0.00027 head_lr=0.43 -> tta_val_acc=0.9354
muon_lr=0.0093 muon_momentum=0.7 bias_lr=0.00027 head_lr=0.086 -> tta_val_acc=0.9357
muon_lr=0.0093 muon_momentum=0.7 bias_lr=0.00027 head_lr=0.017 -> tta_val_acc=0.9353
muon_lr=0.0093 muon_momentum=0.7 bias_lr=0.00027 head_lr=0.0034 -> tta_val_acc=0.9355
muon_lr=0.0093 muon_momentum=0.7 bias_lr=0.00027 head_lr=0.00069 -> tta_val_acc=0.9356
muon_lr=0.0093 muon_momentum=0.7 bias_lr=0.00027 head_lr=6700 -> tta_val_acc=0.5249
search_path step=0 muon_lr=0.0093 muon_momentum=0.7 bias_lr=0.00027 head_lr=1300 tta_val_acc=0.9352
search_path step=1 muon_lr=0.0093 muon_momentum=0.7 bias_lr=0.00027 head_lr=0.086 tta_val_acc=0.9357
search_path step=0 muon_lr=0.072 muon_momentum=0.8 bias_lr=100 head_lr=270 tta_val_acc=0.9318
search_path step=1 muon_lr=0.043 muon_momentum=0.8 bias_lr=100 head_lr=270 tta_val_acc=0.9359
search_path step=2 muon_lr=0.043 muon_momentum=0.7 bias_lr=100 head_lr=270 tta_val_acc=0.9369
search_path step=3 muon_lr=0.043 muon_momentum=0.7 bias_lr=0.17 head_lr=270 tta_val_acc=0.9378
train_hparams run=0 interval=2 start_step=80 completed_steps=40 total_steps=200 muon_lr=0.043 muon_momentum=0.7 bias_lr=0.17 head_lr=270 muon_nesterov=False
train_loss run=0 interval=2 step=81 loss=1.12385
train_loss run=0 interval=2 step=82 loss=1.09938
train_loss run=0 interval=2 step=83 loss=1.09134
train_loss run=0 interval=2 step=84 loss=1.09053
train_loss run=0 interval=2 step=85 loss=1.09581
train_loss run=0 interval=2 step=86 loss=1.07743
train_loss run=0 interval=2 step=87 loss=1.08011
train_loss run=0 interval=2 step=88 loss=1.08455
train_loss run=0 interval=2 step=89 loss=1.05923
train_loss run=0 interval=2 step=90 loss=1.07018
train_loss run=0 interval=2 step=91 loss=1.06704
train_loss run=0 interval=2 step=92 loss=1.07387
train_loss run=0 interval=2 step=93 loss=1.06979
train_loss run=0 interval=2 step=94 loss=1.08201
train_loss run=0 interval=2 step=95 loss=1.07066
train_loss run=0 interval=2 step=96 loss=1.05965
train_loss run=0 interval=2 step=97 loss=1.06276
train_loss run=0 interval=2 step=98 loss=1.06432
train_loss run=0 interval=2 step=99 loss=1.06618
train_loss run=0 interval=2 step=100 loss=1.06636
train_loss run=0 interval=2 step=101 loss=1.0353
train_loss run=0 interval=2 step=102 loss=1.03097
train_loss run=0 interval=2 step=103 loss=1.02697
train_loss run=0 interval=2 step=104 loss=1.03735
train_loss run=0 interval=2 step=105 loss=1.0163
train_loss run=0 interval=2 step=106 loss=1.04198
train_loss run=0 interval=2 step=107 loss=1.03304
train_loss run=0 interval=2 step=108 loss=1.02271
train_loss run=0 interval=2 step=109 loss=1.03333
train_loss run=0 interval=2 step=110 loss=1.03131
train_loss run=0 interval=2 step=111 loss=1.03253
train_loss run=0 interval=2 step=112 loss=1.02016
train_loss run=0 interval=2 step=113 loss=1.04129
train_loss run=0 interval=2 step=114 loss=1.02843
train_loss run=0 interval=2 step=115 loss=1.01461
train_loss run=0 interval=2 step=116 loss=1.02224
train_loss run=0 interval=2 step=117 loss=1.03211
train_loss run=0 interval=2 step=118 loss=1.01494
train_loss run=0 interval=2 step=119 loss=1.02947
train_loss run=0 interval=2 step=120 loss=1.01414
interval_boundary_eval run=0 interval=2 step=120 total_steps=200 tta_val_acc=0.9197
main hparams: muon_lr=0.043 muon_momentum=0.7 bias_lr=0.17 head_lr=270 main=0.9223, best_cooldown=0.9402
muon_lr=0.0093 muon_momentum=0.7 bias_lr=0.00027 head_lr=1300 -> tta_val_acc=0.9399
muon_lr=0.0056 muon_momentum=0.7 bias_lr=0.00027 head_lr=1300 -> tta_val_acc=0.9383
muon_lr=0.016 muon_momentum=0.7 bias_lr=0.00027 head_lr=1300 -> tta_val_acc=0.9381
muon_lr=0.0093 muon_momentum=0.7 bias_lr=5.3e-05 head_lr=1300 -> tta_val_acc=0.9395
muon_lr=0.0093 muon_momentum=0.7 bias_lr=1.1e-05 head_lr=1300 -> tta_val_acc=0.9396
muon_lr=0.0093 muon_momentum=0.7 bias_lr=2.1e-06 head_lr=1300 -> tta_val_acc=0.9397
muon_lr=0.0093 muon_momentum=0.7 bias_lr=0.0013 head_lr=1300 -> tta_val_acc=0.9395
muon_lr=0.0093 muon_momentum=0.7 bias_lr=0.0067 head_lr=1300 -> tta_val_acc=0.9398
muon_lr=0.0093 muon_momentum=0.7 bias_lr=0.033 head_lr=1300 -> tta_val_acc=0.9397
muon_lr=0.0093 muon_momentum=0.7 bias_lr=0.17 head_lr=1300 -> tta_val_acc=0.9396
muon_lr=0.0093 muon_momentum=0.7 bias_lr=0.83 head_lr=1300 -> tta_val_acc=0.9402
muon_lr=0.0093 muon_momentum=0.7 bias_lr=4.2 head_lr=1300 -> tta_val_acc=0.9398
muon_lr=0.0093 muon_momentum=0.7 bias_lr=21 head_lr=1300 -> tta_val_acc=0.9393
muon_lr=0.0093 muon_momentum=0.7 bias_lr=100 head_lr=1300 -> tta_val_acc=0.9368
muon_lr=0.0056 muon_momentum=0.7 bias_lr=0.83 head_lr=1300 -> tta_val_acc=0.9386
muon_lr=0.016 muon_momentum=0.7 bias_lr=0.83 head_lr=1300 -> tta_val_acc=0.9378
muon_lr=0.0093 muon_momentum=0.7 bias_lr=0.83 head_lr=270 -> tta_val_acc=0.9391
muon_lr=0.0093 muon_momentum=0.7 bias_lr=0.83 head_lr=6700 -> tta_val_acc=0.9127
search_path step=0 muon_lr=0.0093 muon_momentum=0.7 bias_lr=0.00027 head_lr=1300 tta_val_acc=0.9399
search_path step=1 muon_lr=0.0093 muon_momentum=0.7 bias_lr=0.83 head_lr=1300 tta_val_acc=0.9402
main hparams: muon_lr=0.026 muon_momentum=0.7 bias_lr=0.17 head_lr=270 main=0.934, best_cooldown=0.9409
muon_lr=0.0093 muon_momentum=0.7 bias_lr=0.83 head_lr=1300 -> tta_val_acc=0.9409
muon_lr=0.0056 muon_momentum=0.7 bias_lr=0.83 head_lr=1300 -> tta_val_acc=0.9394
muon_lr=0.016 muon_momentum=0.7 bias_lr=0.83 head_lr=1300 -> tta_val_acc=0.9377
search_path step=0 muon_lr=0.0093 muon_momentum=0.7 bias_lr=0.83 head_lr=1300 tta_val_acc=0.9409
main hparams: muon_lr=0.016 muon_momentum=0.7 bias_lr=0.17 head_lr=270 main=0.9352, best_cooldown=0.939
muon_lr=0.0093 muon_momentum=0.7 bias_lr=0.83 head_lr=1300 -> tta_val_acc=0.9381
muon_lr=0.0056 muon_momentum=0.7 bias_lr=0.83 head_lr=1300 -> tta_val_acc=0.939
muon_lr=0.0034 muon_momentum=0.7 bias_lr=0.83 head_lr=1300 -> tta_val_acc=0.9382
muon_lr=0.002 muon_momentum=0.7 bias_lr=0.83 head_lr=1300 -> tta_val_acc=0.9378
muon_lr=0.016 muon_momentum=0.7 bias_lr=0.83 head_lr=1300 -> tta_val_acc=0.9363
search_path step=0 muon_lr=0.0093 muon_momentum=0.7 bias_lr=0.83 head_lr=1300 tta_val_acc=0.9381
search_path step=1 muon_lr=0.0056 muon_momentum=0.7 bias_lr=0.83 head_lr=1300 tta_val_acc=0.939
main hparams: muon_lr=0.026 muon_momentum=0.7 bias_lr=0.17 head_lr=270 main=0.934, best_cooldown=0.941
muon_lr=0.0093 muon_momentum=0.7 bias_lr=0.83 head_lr=1300 -> tta_val_acc=0.9409
muon_lr=0.0056 muon_momentum=0.7 bias_lr=0.83 head_lr=1300 -> tta_val_acc=0.9394
muon_lr=0.016 muon_momentum=0.7 bias_lr=0.83 head_lr=1300 -> tta_val_acc=0.9377
muon_lr=0.0093 muon_momentum=0.7 bias_lr=0.17 head_lr=1300 -> tta_val_acc=0.9408
muon_lr=0.0093 muon_momentum=0.7 bias_lr=0.033 head_lr=1300 -> tta_val_acc=0.941
muon_lr=0.0093 muon_momentum=0.7 bias_lr=0.0067 head_lr=1300 -> tta_val_acc=0.9408
muon_lr=0.0093 muon_momentum=0.7 bias_lr=0.0013 head_lr=1300 -> tta_val_acc=0.9408
muon_lr=0.0093 muon_momentum=0.7 bias_lr=0.00027 head_lr=1300 -> tta_val_acc=0.9406
muon_lr=0.0056 muon_momentum=0.7 bias_lr=0.033 head_lr=1300 -> tta_val_acc=0.9398
muon_lr=0.016 muon_momentum=0.7 bias_lr=0.033 head_lr=1300 -> tta_val_acc=0.9381
muon_lr=0.0093 muon_momentum=0.7 bias_lr=4.2 head_lr=1300 -> tta_val_acc=0.9403
muon_lr=0.0093 muon_momentum=0.7 bias_lr=21 head_lr=1300 -> tta_val_acc=0.9393
muon_lr=0.0093 muon_momentum=0.7 bias_lr=0.033 head_lr=270 -> tta_val_acc=0.9398
muon_lr=0.0093 muon_momentum=0.7 bias_lr=0.033 head_lr=6700 -> tta_val_acc=0.8513
search_path step=0 muon_lr=0.0093 muon_momentum=0.7 bias_lr=0.83 head_lr=1300 tta_val_acc=0.9409
search_path step=1 muon_lr=0.0093 muon_momentum=0.7 bias_lr=0.033 head_lr=1300 tta_val_acc=0.941
main hparams: muon_lr=0.072 muon_momentum=0.7 bias_lr=0.17 head_lr=270 main=0.9108, best_cooldown=0.9349
muon_lr=0.0093 muon_momentum=0.7 bias_lr=0.033 head_lr=1300 -> tta_val_acc=0.9342
muon_lr=0.0056 muon_momentum=0.7 bias_lr=0.033 head_lr=1300 -> tta_val_acc=0.9319
muon_lr=0.016 muon_momentum=0.7 bias_lr=0.033 head_lr=1300 -> tta_val_acc=0.9349
muon_lr=0.026 muon_momentum=0.7 bias_lr=0.033 head_lr=1300 -> tta_val_acc=0.9332
search_path step=0 muon_lr=0.0093 muon_momentum=0.7 bias_lr=0.033 head_lr=1300 tta_val_acc=0.9342
search_path step=1 muon_lr=0.016 muon_momentum=0.7 bias_lr=0.033 head_lr=1300 tta_val_acc=0.9349
main hparams: muon_lr=0.026 muon_momentum=0.6 bias_lr=0.17 head_lr=270 main=0.9335, best_cooldown=0.9401
muon_lr=0.0093 muon_momentum=0.6 bias_lr=0.033 head_lr=1300 -> tta_val_acc=0.9401
muon_lr=0.0056 muon_momentum=0.6 bias_lr=0.033 head_lr=1300 -> tta_val_acc=0.9391
muon_lr=0.0034 muon_momentum=0.6 bias_lr=0.033 head_lr=1300 -> tta_val_acc=0.9382
muon_lr=0.016 muon_momentum=0.6 bias_lr=0.033 head_lr=1300 -> tta_val_acc=0.9383
search_path step=0 muon_lr=0.0093 muon_momentum=0.6 bias_lr=0.033 head_lr=1300 tta_val_acc=0.9401
main hparams: muon_lr=0.026 muon_momentum=0.5 bias_lr=0.17 head_lr=270 main=0.9346, best_cooldown=0.939
muon_lr=0.0093 muon_momentum=0.5 bias_lr=0.033 head_lr=1300 -> tta_val_acc=0.939
muon_lr=0.0056 muon_momentum=0.5 bias_lr=0.033 head_lr=1300 -> tta_val_acc=0.9384
muon_lr=0.0034 muon_momentum=0.5 bias_lr=0.033 head_lr=1300 -> tta_val_acc=0.9383
muon_lr=0.002 muon_momentum=0.5 bias_lr=0.033 head_lr=1300 -> tta_val_acc=0.9375
muon_lr=0.016 muon_momentum=0.5 bias_lr=0.033 head_lr=1300 -> tta_val_acc=0.9385
muon_lr=0.026 muon_momentum=0.5 bias_lr=0.033 head_lr=1300 -> tta_val_acc=0.9365
search_path step=0 muon_lr=0.0093 muon_momentum=0.5 bias_lr=0.033 head_lr=1300 tta_val_acc=0.939
main hparams: muon_lr=0.026 muon_momentum=0.8 bias_lr=0.17 head_lr=270 main=0.9323, best_cooldown=0.9399
muon_lr=0.0093 muon_momentum=0.8 bias_lr=0.033 head_lr=1300 -> tta_val_acc=0.9399
muon_lr=0.0056 muon_momentum=0.8 bias_lr=0.033 head_lr=1300 -> tta_val_acc=0.9395
muon_lr=0.0034 muon_momentum=0.8 bias_lr=0.033 head_lr=1300 -> tta_val_acc=0.9385
muon_lr=0.016 muon_momentum=0.8 bias_lr=0.033 head_lr=1300 -> tta_val_acc=0.9351
search_path step=0 muon_lr=0.0093 muon_momentum=0.8 bias_lr=0.033 head_lr=1300 tta_val_acc=0.9399
main hparams: muon_lr=0.026 muon_momentum=0.7 bias_lr=0.033 head_lr=270 main=0.9337, best_cooldown=0.9408
muon_lr=0.0093 muon_momentum=0.7 bias_lr=0.033 head_lr=1300 -> tta_val_acc=0.9404
muon_lr=0.0093 muon_momentum=0.7 bias_lr=0.0067 head_lr=1300 -> tta_val_acc=0.9405
muon_lr=0.0093 muon_momentum=0.7 bias_lr=0.0013 head_lr=1300 -> tta_val_acc=0.9402
muon_lr=0.0093 muon_momentum=0.7 bias_lr=0.00027 head_lr=1300 -> tta_val_acc=0.9402
muon_lr=0.0093 muon_momentum=0.7 bias_lr=5.3e-05 head_lr=1300 -> tta_val_acc=0.9403
muon_lr=0.0093 muon_momentum=0.7 bias_lr=0.17 head_lr=1300 -> tta_val_acc=0.9405
muon_lr=0.0093 muon_momentum=0.7 bias_lr=0.83 head_lr=1300 -> tta_val_acc=0.9408
muon_lr=0.0093 muon_momentum=0.7 bias_lr=4.2 head_lr=1300 -> tta_val_acc=0.9402
muon_lr=0.0093 muon_momentum=0.7 bias_lr=21 head_lr=1300 -> tta_val_acc=0.9389
search_path step=0 muon_lr=0.0093 muon_momentum=0.7 bias_lr=0.033 head_lr=1300 tta_val_acc=0.9404
search_path step=1 muon_lr=0.0093 muon_momentum=0.7 bias_lr=0.0067 head_lr=1300 tta_val_acc=0.9405
search_path step=2 muon_lr=0.0093 muon_momentum=0.7 bias_lr=0.83 head_lr=1300 tta_val_acc=0.9408
main hparams: muon_lr=0.026 muon_momentum=0.7 bias_lr=0.0067 head_lr=270 main=0.9341, best_cooldown=0.9405
muon_lr=0.0093 muon_momentum=0.7 bias_lr=0.033 head_lr=1300 -> tta_val_acc=0.94
muon_lr=0.0093 muon_momentum=0.7 bias_lr=0.0067 head_lr=1300 -> tta_val_acc=0.9402
muon_lr=0.0093 muon_momentum=0.7 bias_lr=0.0013 head_lr=1300 -> tta_val_acc=0.9404
muon_lr=0.0093 muon_momentum=0.7 bias_lr=0.00027 head_lr=1300 -> tta_val_acc=0.9401
muon_lr=0.0093 muon_momentum=0.7 bias_lr=5.3e-05 head_lr=1300 -> tta_val_acc=0.9401
muon_lr=0.0093 muon_momentum=0.7 bias_lr=1.1e-05 head_lr=1300 -> tta_val_acc=0.94
muon_lr=0.0093 muon_momentum=0.7 bias_lr=0.17 head_lr=1300 -> tta_val_acc=0.9401
muon_lr=0.0093 muon_momentum=0.7 bias_lr=0.83 head_lr=1300 -> tta_val_acc=0.9402
muon_lr=0.0093 muon_momentum=0.7 bias_lr=4.2 head_lr=1300 -> tta_val_acc=0.9405
muon_lr=0.0093 muon_momentum=0.7 bias_lr=21 head_lr=1300 -> tta_val_acc=0.9395
muon_lr=0.0093 muon_momentum=0.7 bias_lr=100 head_lr=1300 -> tta_val_acc=0.9365
search_path step=0 muon_lr=0.0093 muon_momentum=0.7 bias_lr=0.033 head_lr=1300 tta_val_acc=0.94
search_path step=1 muon_lr=0.0093 muon_momentum=0.7 bias_lr=0.0013 head_lr=1300 tta_val_acc=0.9404
search_path step=2 muon_lr=0.0093 muon_momentum=0.7 bias_lr=4.2 head_lr=1300 tta_val_acc=0.9405
main hparams: muon_lr=0.026 muon_momentum=0.7 bias_lr=0.0013 head_lr=270 main=0.9339, best_cooldown=0.9414
muon_lr=0.0093 muon_momentum=0.7 bias_lr=0.033 head_lr=1300 -> tta_val_acc=0.9414
muon_lr=0.0093 muon_momentum=0.7 bias_lr=0.0067 head_lr=1300 -> tta_val_acc=0.9412
muon_lr=0.0093 muon_momentum=0.7 bias_lr=0.0013 head_lr=1300 -> tta_val_acc=0.9414
muon_lr=0.0093 muon_momentum=0.7 bias_lr=0.00027 head_lr=1300 -> tta_val_acc=0.9414
muon_lr=0.0093 muon_momentum=0.7 bias_lr=0.17 head_lr=1300 -> tta_val_acc=0.9412
muon_lr=0.0093 muon_momentum=0.7 bias_lr=0.83 head_lr=1300 -> tta_val_acc=0.9408
muon_lr=0.0093 muon_momentum=0.7 bias_lr=4.2 head_lr=1300 -> tta_val_acc=0.9401
search_path step=0 muon_lr=0.0093 muon_momentum=0.7 bias_lr=0.033 head_lr=1300 tta_val_acc=0.9414
main hparams: muon_lr=0.026 muon_momentum=0.7 bias_lr=0.00027 head_lr=270 main=0.9334, best_cooldown=0.9409
muon_lr=0.0093 muon_momentum=0.7 bias_lr=0.033 head_lr=1300 -> tta_val_acc=0.9409
muon_lr=0.0093 muon_momentum=0.7 bias_lr=0.0067 head_lr=1300 -> tta_val_acc=0.9406
muon_lr=0.0093 muon_momentum=0.7 bias_lr=0.0013 head_lr=1300 -> tta_val_acc=0.9405
muon_lr=0.0093 muon_momentum=0.7 bias_lr=0.00027 head_lr=1300 -> tta_val_acc=0.9407
muon_lr=0.0093 muon_momentum=0.7 bias_lr=0.17 head_lr=1300 -> tta_val_acc=0.9404
muon_lr=0.0093 muon_momentum=0.7 bias_lr=0.83 head_lr=1300 -> tta_val_acc=0.9407
muon_lr=0.0093 muon_momentum=0.7 bias_lr=4.2 head_lr=1300 -> tta_val_acc=0.9404
muon_lr=0.0093 muon_momentum=0.7 bias_lr=21 head_lr=1300 -> tta_val_acc=0.9389
search_path step=0 muon_lr=0.0093 muon_momentum=0.7 bias_lr=0.033 head_lr=1300 tta_val_acc=0.9409
main hparams: muon_lr=0.026 muon_momentum=0.7 bias_lr=5.3e-05 head_lr=270 main=0.9333, best_cooldown=0.9412
muon_lr=0.0093 muon_momentum=0.7 bias_lr=0.033 head_lr=1300 -> tta_val_acc=0.9408
muon_lr=0.0093 muon_momentum=0.7 bias_lr=0.0067 head_lr=1300 -> tta_val_acc=0.9404
muon_lr=0.0093 muon_momentum=0.7 bias_lr=0.0013 head_lr=1300 -> tta_val_acc=0.9408
muon_lr=0.0093 muon_momentum=0.7 bias_lr=0.00027 head_lr=1300 -> tta_val_acc=0.9406
muon_lr=0.0093 muon_momentum=0.7 bias_lr=0.17 head_lr=1300 -> tta_val_acc=0.9407
muon_lr=0.0093 muon_momentum=0.7 bias_lr=0.83 head_lr=1300 -> tta_val_acc=0.9408
muon_lr=0.0093 muon_momentum=0.7 bias_lr=4.2 head_lr=1300 -> tta_val_acc=0.9412
muon_lr=0.0093 muon_momentum=0.7 bias_lr=21 head_lr=1300 -> tta_val_acc=0.9394
search_path step=0 muon_lr=0.0093 muon_momentum=0.7 bias_lr=0.033 head_lr=1300 tta_val_acc=0.9408
search_path step=1 muon_lr=0.0093 muon_momentum=0.7 bias_lr=4.2 head_lr=1300 tta_val_acc=0.9412
main hparams: muon_lr=0.026 muon_momentum=0.7 bias_lr=1.1e-05 head_lr=270 main=0.9336, best_cooldown=0.9407
muon_lr=0.0093 muon_momentum=0.7 bias_lr=0.033 head_lr=1300 -> tta_val_acc=0.9403
muon_lr=0.0093 muon_momentum=0.7 bias_lr=0.0067 head_lr=1300 -> tta_val_acc=0.9403
muon_lr=0.0093 muon_momentum=0.7 bias_lr=0.0013 head_lr=1300 -> tta_val_acc=0.9403
muon_lr=0.0093 muon_momentum=0.7 bias_lr=0.00027 head_lr=1300 -> tta_val_acc=0.9401
muon_lr=0.0093 muon_momentum=0.7 bias_lr=0.17 head_lr=1300 -> tta_val_acc=0.9404
muon_lr=0.0093 muon_momentum=0.7 bias_lr=0.83 head_lr=1300 -> tta_val_acc=0.9407
muon_lr=0.0093 muon_momentum=0.7 bias_lr=4.2 head_lr=1300 -> tta_val_acc=0.9403
muon_lr=0.0093 muon_momentum=0.7 bias_lr=21 head_lr=1300 -> tta_val_acc=0.9394
search_path step=0 muon_lr=0.0093 muon_momentum=0.7 bias_lr=0.033 head_lr=1300 tta_val_acc=0.9403
search_path step=1 muon_lr=0.0093 muon_momentum=0.7 bias_lr=0.83 head_lr=1300 tta_val_acc=0.9407
main hparams: muon_lr=0.026 muon_momentum=0.7 bias_lr=0.0013 head_lr=270 main=0.9339, best_cooldown=0.9414
muon_lr=0.0093 muon_momentum=0.7 bias_lr=0.033 head_lr=1300 -> tta_val_acc=0.9414
muon_lr=0.0093 muon_momentum=0.7 bias_lr=0.0067 head_lr=1300 -> tta_val_acc=0.9412
muon_lr=0.0093 muon_momentum=0.7 bias_lr=0.0013 head_lr=1300 -> tta_val_acc=0.9414
muon_lr=0.0093 muon_momentum=0.7 bias_lr=0.00027 head_lr=1300 -> tta_val_acc=0.9414
muon_lr=0.0093 muon_momentum=0.7 bias_lr=0.17 head_lr=1300 -> tta_val_acc=0.9412
muon_lr=0.0093 muon_momentum=0.7 bias_lr=0.83 head_lr=1300 -> tta_val_acc=0.9408
muon_lr=0.0093 muon_momentum=0.7 bias_lr=4.2 head_lr=1300 -> tta_val_acc=0.9401
muon_lr=0.0056 muon_momentum=0.7 bias_lr=0.033 head_lr=1300 -> tta_val_acc=0.9393
muon_lr=0.016 muon_momentum=0.7 bias_lr=0.033 head_lr=1300 -> tta_val_acc=0.9382
muon_lr=0.0093 muon_momentum=0.7 bias_lr=0.033 head_lr=270 -> tta_val_acc=0.9398
muon_lr=0.0093 muon_momentum=0.7 bias_lr=0.033 head_lr=6700 -> tta_val_acc=0.7254
search_path step=0 muon_lr=0.0093 muon_momentum=0.7 bias_lr=0.033 head_lr=1300 tta_val_acc=0.9414
main hparams: muon_lr=0.016 muon_momentum=0.7 bias_lr=0.0013 head_lr=270 main=0.9354, best_cooldown=0.9392
muon_lr=0.0093 muon_momentum=0.7 bias_lr=0.033 head_lr=1300 -> tta_val_acc=0.9385
muon_lr=0.0056 muon_momentum=0.7 bias_lr=0.033 head_lr=1300 -> tta_val_acc=0.9392
muon_lr=0.0034 muon_momentum=0.7 bias_lr=0.033 head_lr=1300 -> tta_val_acc=0.9379
muon_lr=0.016 muon_momentum=0.7 bias_lr=0.033 head_lr=1300 -> tta_val_acc=0.9366
search_path step=0 muon_lr=0.0093 muon_momentum=0.7 bias_lr=0.033 head_lr=1300 tta_val_acc=0.9385
search_path step=1 muon_lr=0.0056 muon_momentum=0.7 bias_lr=0.033 head_lr=1300 tta_val_acc=0.9392
main hparams: muon_lr=0.043 muon_momentum=0.7 bias_lr=0.0013 head_lr=270 main=0.9226, best_cooldown=0.9385
muon_lr=0.0093 muon_momentum=0.7 bias_lr=0.033 head_lr=1300 -> tta_val_acc=0.9384
muon_lr=0.0056 muon_momentum=0.7 bias_lr=0.033 head_lr=1300 -> tta_val_acc=0.9368
muon_lr=0.016 muon_momentum=0.7 bias_lr=0.033 head_lr=1300 -> tta_val_acc=0.9385
muon_lr=0.026 muon_momentum=0.7 bias_lr=0.033 head_lr=1300 -> tta_val_acc=0.9354
search_path step=0 muon_lr=0.0093 muon_momentum=0.7 bias_lr=0.033 head_lr=1300 tta_val_acc=0.9384
search_path step=1 muon_lr=0.016 muon_momentum=0.7 bias_lr=0.033 head_lr=1300 tta_val_acc=0.9385
main hparams: muon_lr=0.026 muon_momentum=0.6 bias_lr=0.0013 head_lr=270 main=0.9341, best_cooldown=0.9396
muon_lr=0.0093 muon_momentum=0.6 bias_lr=0.033 head_lr=1300 -> tta_val_acc=0.9396
muon_lr=0.0056 muon_momentum=0.6 bias_lr=0.033 head_lr=1300 -> tta_val_acc=0.9393
muon_lr=0.0034 muon_momentum=0.6 bias_lr=0.033 head_lr=1300 -> tta_val_acc=0.9376
muon_lr=0.016 muon_momentum=0.6 bias_lr=0.033 head_lr=1300 -> tta_val_acc=0.9381
search_path step=0 muon_lr=0.0093 muon_momentum=0.6 bias_lr=0.033 head_lr=1300 tta_val_acc=0.9396
main hparams: muon_lr=0.026 muon_momentum=0.8 bias_lr=0.0013 head_lr=270 main=0.932, best_cooldown=0.9404
muon_lr=0.0093 muon_momentum=0.8 bias_lr=0.033 head_lr=1300 -> tta_val_acc=0.9404
muon_lr=0.0056 muon_momentum=0.8 bias_lr=0.033 head_lr=1300 -> tta_val_acc=0.9398
muon_lr=0.0034 muon_momentum=0.8 bias_lr=0.033 head_lr=1300 -> tta_val_acc=0.9388
muon_lr=0.016 muon_momentum=0.8 bias_lr=0.033 head_lr=1300 -> tta_val_acc=0.9356
search_path step=0 muon_lr=0.0093 muon_momentum=0.8 bias_lr=0.033 head_lr=1300 tta_val_acc=0.9404
main hparams: muon_lr=0.026 muon_momentum=0.9 bias_lr=0.0013 head_lr=270 main=0.9262, best_cooldown=0.9374
muon_lr=0.0093 muon_momentum=0.9 bias_lr=0.033 head_lr=1300 -> tta_val_acc=0.9374
muon_lr=0.0056 muon_momentum=0.9 bias_lr=0.033 head_lr=1300 -> tta_val_acc=0.9359
muon_lr=0.016 muon_momentum=0.9 bias_lr=0.033 head_lr=1300 -> tta_val_acc=0.9336
search_path step=0 muon_lr=0.0093 muon_momentum=0.9 bias_lr=0.033 head_lr=1300 tta_val_acc=0.9374
main hparams: muon_lr=0.026 muon_momentum=0.7 bias_lr=0.83 head_lr=270 main=0.933, best_cooldown=0.9405
muon_lr=0.0093 muon_momentum=0.7 bias_lr=0.033 head_lr=1300 -> tta_val_acc=0.9402
muon_lr=0.0093 muon_momentum=0.7 bias_lr=0.0067 head_lr=1300 -> tta_val_acc=0.9402
muon_lr=0.0093 muon_momentum=0.7 bias_lr=0.0013 head_lr=1300 -> tta_val_acc=0.9401
muon_lr=0.0093 muon_momentum=0.7 bias_lr=0.00027 head_lr=1300 -> tta_val_acc=0.9404
muon_lr=0.0093 muon_momentum=0.7 bias_lr=5.3e-05 head_lr=1300 -> tta_val_acc=0.9403
muon_lr=0.0093 muon_momentum=0.7 bias_lr=1.1e-05 head_lr=1300 -> tta_val_acc=0.9405
muon_lr=0.0093 muon_momentum=0.7 bias_lr=2.1e-06 head_lr=1300 -> tta_val_acc=0.9401
muon_lr=0.0093 muon_momentum=0.7 bias_lr=4.3e-07 head_lr=1300 -> tta_val_acc=0.9403
muon_lr=0.0093 muon_momentum=0.7 bias_lr=8.5e-08 head_lr=1300 -> tta_val_acc=0.9404
muon_lr=0.0093 muon_momentum=0.7 bias_lr=0.17 head_lr=1300 -> tta_val_acc=0.9403
muon_lr=0.0093 muon_momentum=0.7 bias_lr=0.83 head_lr=1300 -> tta_val_acc=0.9404
muon_lr=0.0093 muon_momentum=0.7 bias_lr=4.2 head_lr=1300 -> tta_val_acc=0.9398
muon_lr=0.0093 muon_momentum=0.7 bias_lr=21 head_lr=1300 -> tta_val_acc=0.9398
muon_lr=0.0093 muon_momentum=0.7 bias_lr=100 head_lr=1300 -> tta_val_acc=0.9363
search_path step=0 muon_lr=0.0093 muon_momentum=0.7 bias_lr=0.033 head_lr=1300 tta_val_acc=0.9402
search_path step=1 muon_lr=0.0093 muon_momentum=0.7 bias_lr=1.1e-05 head_lr=1300 tta_val_acc=0.9405
main hparams: muon_lr=0.026 muon_momentum=0.7 bias_lr=4.2 head_lr=270 main=0.9332, best_cooldown=0.9406
muon_lr=0.0093 muon_momentum=0.7 bias_lr=0.033 head_lr=1300 -> tta_val_acc=0.9403
muon_lr=0.0093 muon_momentum=0.7 bias_lr=0.0067 head_lr=1300 -> tta_val_acc=0.9406
muon_lr=0.0093 muon_momentum=0.7 bias_lr=0.0013 head_lr=1300 -> tta_val_acc=0.9403
muon_lr=0.0093 muon_momentum=0.7 bias_lr=0.00027 head_lr=1300 -> tta_val_acc=0.9402
muon_lr=0.0093 muon_momentum=0.7 bias_lr=5.3e-05 head_lr=1300 -> tta_val_acc=0.9402
muon_lr=0.0093 muon_momentum=0.7 bias_lr=0.17 head_lr=1300 -> tta_val_acc=0.9406
muon_lr=0.0093 muon_momentum=0.7 bias_lr=0.83 head_lr=1300 -> tta_val_acc=0.9403
muon_lr=0.0093 muon_momentum=0.7 bias_lr=4.2 head_lr=1300 -> tta_val_acc=0.94
muon_lr=0.0093 muon_momentum=0.7 bias_lr=21 head_lr=1300 -> tta_val_acc=0.9401
muon_lr=0.0093 muon_momentum=0.7 bias_lr=100 head_lr=1300 -> tta_val_acc=0.9371
search_path step=0 muon_lr=0.0093 muon_momentum=0.7 bias_lr=0.033 head_lr=1300 tta_val_acc=0.9403
search_path step=1 muon_lr=0.0093 muon_momentum=0.7 bias_lr=0.0067 head_lr=1300 tta_val_acc=0.9406
main hparams: muon_lr=0.026 muon_momentum=0.7 bias_lr=21 head_lr=270 main=0.9316, best_cooldown=0.9408
muon_lr=0.0093 muon_momentum=0.7 bias_lr=0.033 head_lr=1300 -> tta_val_acc=0.9405
muon_lr=0.0093 muon_momentum=0.7 bias_lr=0.0067 head_lr=1300 -> tta_val_acc=0.9408
muon_lr=0.0093 muon_momentum=0.7 bias_lr=0.0013 head_lr=1300 -> tta_val_acc=0.9404
muon_lr=0.0093 muon_momentum=0.7 bias_lr=0.00027 head_lr=1300 -> tta_val_acc=0.9406
muon_lr=0.0093 muon_momentum=0.7 bias_lr=5.3e-05 head_lr=1300 -> tta_val_acc=0.9405
muon_lr=0.0093 muon_momentum=0.7 bias_lr=0.17 head_lr=1300 -> tta_val_acc=0.9407
muon_lr=0.0093 muon_momentum=0.7 bias_lr=0.83 head_lr=1300 -> tta_val_acc=0.9406
muon_lr=0.0093 muon_momentum=0.7 bias_lr=4.2 head_lr=1300 -> tta_val_acc=0.9404
muon_lr=0.0093 muon_momentum=0.7 bias_lr=21 head_lr=1300 -> tta_val_acc=0.9393
search_path step=0 muon_lr=0.0093 muon_momentum=0.7 bias_lr=0.033 head_lr=1300 tta_val_acc=0.9405
search_path step=1 muon_lr=0.0093 muon_momentum=0.7 bias_lr=0.0067 head_lr=1300 tta_val_acc=0.9408
main hparams: muon_lr=0.026 muon_momentum=0.7 bias_lr=100 head_lr=270 main=0.9293, best_cooldown=0.9383
muon_lr=0.0093 muon_momentum=0.7 bias_lr=0.033 head_lr=1300 -> tta_val_acc=0.9381
muon_lr=0.0093 muon_momentum=0.7 bias_lr=0.0067 head_lr=1300 -> tta_val_acc=0.9379
muon_lr=0.0093 muon_momentum=0.7 bias_lr=0.0013 head_lr=1300 -> tta_val_acc=0.9383
muon_lr=0.0093 muon_momentum=0.7 bias_lr=0.00027 head_lr=1300 -> tta_val_acc=0.9382
muon_lr=0.0093 muon_momentum=0.7 bias_lr=5.3e-05 head_lr=1300 -> tta_val_acc=0.9379
muon_lr=0.0093 muon_momentum=0.7 bias_lr=1.1e-05 head_lr=1300 -> tta_val_acc=0.9379
muon_lr=0.0093 muon_momentum=0.7 bias_lr=0.17 head_lr=1300 -> tta_val_acc=0.9381
muon_lr=0.0093 muon_momentum=0.7 bias_lr=0.83 head_lr=1300 -> tta_val_acc=0.9383
muon_lr=0.0093 muon_momentum=0.7 bias_lr=4.2 head_lr=1300 -> tta_val_acc=0.9382
muon_lr=0.0093 muon_momentum=0.7 bias_lr=21 head_lr=1300 -> tta_val_acc=0.9381
muon_lr=0.0093 muon_momentum=0.7 bias_lr=100 head_lr=1300 -> tta_val_acc=0.9358
search_path step=0 muon_lr=0.0093 muon_momentum=0.7 bias_lr=0.033 head_lr=1300 tta_val_acc=0.9381
search_path step=1 muon_lr=0.0093 muon_momentum=0.7 bias_lr=0.0013 head_lr=1300 tta_val_acc=0.9383
main hparams: muon_lr=0.026 muon_momentum=0.7 bias_lr=0.0013 head_lr=54 main=0.9333, best_cooldown=0.9404
muon_lr=0.0093 muon_momentum=0.7 bias_lr=0.033 head_lr=1300 -> tta_val_acc=0.9404
muon_lr=0.0093 muon_momentum=0.7 bias_lr=0.033 head_lr=270 -> tta_val_acc=0.9398
muon_lr=0.0093 muon_momentum=0.7 bias_lr=0.033 head_lr=54 -> tta_val_acc=0.9392
muon_lr=0.0093 muon_momentum=0.7 bias_lr=0.033 head_lr=6700 -> tta_val_acc=0.8307
search_path step=0 muon_lr=0.0093 muon_momentum=0.7 bias_lr=0.033 head_lr=1300 tta_val_acc=0.9404
main hparams: muon_lr=0.026 muon_momentum=0.7 bias_lr=0.0013 head_lr=11 main=0.9334, best_cooldown=0.94
muon_lr=0.0093 muon_momentum=0.7 bias_lr=0.033 head_lr=1300 -> tta_val_acc=0.94
muon_lr=0.0093 muon_momentum=0.7 bias_lr=0.033 head_lr=270 -> tta_val_acc=0.9389
muon_lr=0.0093 muon_momentum=0.7 bias_lr=0.033 head_lr=6700 -> tta_val_acc=0.5683
search_path step=0 muon_lr=0.0093 muon_momentum=0.7 bias_lr=0.033 head_lr=1300 tta_val_acc=0.94
main hparams: muon_lr=0.026 muon_momentum=0.7 bias_lr=0.0013 head_lr=1300 main=0.934, best_cooldown=0.9405
muon_lr=0.0093 muon_momentum=0.7 bias_lr=0.033 head_lr=1300 -> tta_val_acc=0.9405
muon_lr=0.0093 muon_momentum=0.7 bias_lr=0.033 head_lr=270 -> tta_val_acc=0.9405
muon_lr=0.0093 muon_momentum=0.7 bias_lr=0.033 head_lr=54 -> tta_val_acc=0.9398
muon_lr=0.0093 muon_momentum=0.7 bias_lr=0.033 head_lr=11 -> tta_val_acc=0.94
muon_lr=0.0093 muon_momentum=0.7 bias_lr=0.033 head_lr=6700 -> tta_val_acc=0.8491
search_path step=0 muon_lr=0.0093 muon_momentum=0.7 bias_lr=0.033 head_lr=1300 tta_val_acc=0.9405
main hparams: muon_lr=0.026 muon_momentum=0.7 bias_lr=0.0013 head_lr=6700 main=0.8047, best_cooldown=0.9151
muon_lr=0.0093 muon_momentum=0.7 bias_lr=0.033 head_lr=1300 -> tta_val_acc=0.9151
muon_lr=0.0093 muon_momentum=0.7 bias_lr=0.033 head_lr=270 -> tta_val_acc=0.9094
muon_lr=0.0093 muon_momentum=0.7 bias_lr=0.033 head_lr=6700 -> tta_val_acc=0.8941
search_path step=0 muon_lr=0.0093 muon_momentum=0.7 bias_lr=0.033 head_lr=1300 tta_val_acc=0.9151
search_path step=0 muon_lr=0.043 muon_momentum=0.7 bias_lr=0.17 head_lr=270 tta_val_acc=0.9402
search_path step=1 muon_lr=0.026 muon_momentum=0.7 bias_lr=0.17 head_lr=270 tta_val_acc=0.941
search_path step=2 muon_lr=0.026 muon_momentum=0.7 bias_lr=0.0013 head_lr=270 tta_val_acc=0.9414
train_hparams run=0 interval=3 start_step=120 completed_steps=40 total_steps=200 muon_lr=0.026 muon_momentum=0.7 bias_lr=0.0013 head_lr=270 muon_nesterov=False
train_loss run=0 interval=3 step=121 loss=1.0191
train_loss run=0 interval=3 step=122 loss=1.02587
train_loss run=0 interval=3 step=123 loss=1.01531
train_loss run=0 interval=3 step=124 loss=1.03934
train_loss run=0 interval=3 step=125 loss=1.0007
train_loss run=0 interval=3 step=126 loss=1.00156
train_loss run=0 interval=3 step=127 loss=0.98723
train_loss run=0 interval=3 step=128 loss=0.998336
train_loss run=0 interval=3 step=129 loss=0.997707
train_loss run=0 interval=3 step=130 loss=0.987081
train_loss run=0 interval=3 step=131 loss=0.988952
train_loss run=0 interval=3 step=132 loss=0.98923
train_loss run=0 interval=3 step=133 loss=0.987502
train_loss run=0 interval=3 step=134 loss=0.980503
train_loss run=0 interval=3 step=135 loss=0.98153
train_loss run=0 interval=3 step=136 loss=1.00003
train_loss run=0 interval=3 step=137 loss=0.990461
train_loss run=0 interval=3 step=138 loss=0.976185
train_loss run=0 interval=3 step=139 loss=0.982217
train_loss run=0 interval=3 step=140 loss=0.978205
train_loss run=0 interval=3 step=141 loss=0.983846
train_loss run=0 interval=3 step=142 loss=0.987366
train_loss run=0 interval=3 step=143 loss=0.987204
train_loss run=0 interval=3 step=144 loss=0.978935
train_loss run=0 interval=3 step=145 loss=0.999325
train_loss run=0 interval=3 step=146 loss=0.982582
train_loss run=0 interval=3 step=147 loss=0.984681
train_loss run=0 interval=3 step=148 loss=0.978117
train_loss run=0 interval=3 step=149 loss=0.981068
train_loss run=0 interval=3 step=150 loss=0.983531
train_loss run=0 interval=3 step=151 loss=0.958052
train_loss run=0 interval=3 step=152 loss=0.958066
train_loss run=0 interval=3 step=153 loss=0.960423
train_loss run=0 interval=3 step=154 loss=0.947437
train_loss run=0 interval=3 step=155 loss=0.960766
train_loss run=0 interval=3 step=156 loss=0.958753
train_loss run=0 interval=3 step=157 loss=0.949128
train_loss run=0 interval=3 step=158 loss=0.956109
train_loss run=0 interval=3 step=159 loss=0.965969
train_loss run=0 interval=3 step=160 loss=0.953857
interval_boundary_eval run=0 interval=3 step=160 total_steps=200 tta_val_acc=0.9339
main hparams: muon_lr=0.026 muon_momentum=0.7 bias_lr=0.0013 head_lr=270 main=0.9335
main hparams: muon_lr=0.016 muon_momentum=0.7 bias_lr=0.0013 head_lr=270 main=0.9386
main hparams: muon_lr=0.0093 muon_momentum=0.7 bias_lr=0.0013 head_lr=270 main=0.94
main hparams: muon_lr=0.0056 muon_momentum=0.7 bias_lr=0.0013 head_lr=270 main=0.9388
main hparams: muon_lr=0.0093 muon_momentum=0.6 bias_lr=0.0013 head_lr=270 main=0.9399
main hparams: muon_lr=0.0093 muon_momentum=0.5 bias_lr=0.0013 head_lr=270 main=0.9397
main hparams: muon_lr=0.0093 muon_momentum=0.4 bias_lr=0.0013 head_lr=270 main=0.9396
main hparams: muon_lr=0.0093 muon_momentum=0.3 bias_lr=0.0013 head_lr=270 main=0.9395
main hparams: muon_lr=0.0093 muon_momentum=0.2 bias_lr=0.0013 head_lr=270 main=0.9394
main hparams: muon_lr=0.0093 muon_momentum=0.1 bias_lr=0.0013 head_lr=270 main=0.9393
main hparams: muon_lr=0.0093 muon_momentum=0 bias_lr=0.0013 head_lr=270 main=0.9388
main hparams: muon_lr=0.0093 muon_momentum=0.8 bias_lr=0.0013 head_lr=270 main=0.9399
main hparams: muon_lr=0.0093 muon_momentum=0.9 bias_lr=0.0013 head_lr=270 main=0.9384
main hparams: muon_lr=0.0093 muon_momentum=0.7 bias_lr=0.00027 head_lr=270 main=0.9398
main hparams: muon_lr=0.0093 muon_momentum=0.7 bias_lr=5.3e-05 head_lr=270 main=0.9397
main hparams: muon_lr=0.0093 muon_momentum=0.7 bias_lr=1.1e-05 head_lr=270 main=0.9399
main hparams: muon_lr=0.0093 muon_momentum=0.7 bias_lr=0.0067 head_lr=270 main=0.94
main hparams: muon_lr=0.0093 muon_momentum=0.7 bias_lr=0.033 head_lr=270 main=0.9398
main hparams: muon_lr=0.0093 muon_momentum=0.7 bias_lr=0.17 head_lr=270 main=0.9397
main hparams: muon_lr=0.0093 muon_momentum=0.7 bias_lr=0.83 head_lr=270 main=0.9396
main hparams: muon_lr=0.0093 muon_momentum=0.7 bias_lr=4.2 head_lr=270 main=0.939
main hparams: muon_lr=0.0093 muon_momentum=0.7 bias_lr=0.0013 head_lr=54 main=0.9396
main hparams: muon_lr=0.0093 muon_momentum=0.7 bias_lr=0.0013 head_lr=11 main=0.9397
main hparams: muon_lr=0.0093 muon_momentum=0.7 bias_lr=0.0013 head_lr=2.1 main=0.9398
main hparams: muon_lr=0.0093 muon_momentum=0.7 bias_lr=0.0013 head_lr=1300 main=0.9414
main hparams: muon_lr=0.0093 muon_momentum=0.7 bias_lr=0.0013 head_lr=6700 main=0.7417
main hparams: muon_lr=0.0056 muon_momentum=0.7 bias_lr=0.0013 head_lr=1300 main=0.9392
main hparams: muon_lr=0.016 muon_momentum=0.7 bias_lr=0.0013 head_lr=1300 main=0.9377
main hparams: muon_lr=0.0093 muon_momentum=0.6 bias_lr=0.0013 head_lr=1300 main=0.9411
main hparams: muon_lr=0.0093 muon_momentum=0.5 bias_lr=0.0013 head_lr=1300 main=0.9408
main hparams: muon_lr=0.0093 muon_momentum=0.4 bias_lr=0.0013 head_lr=1300 main=0.9402
main hparams: muon_lr=0.0093 muon_momentum=0.8 bias_lr=0.0013 head_lr=1300 main=0.9402
main hparams: muon_lr=0.0093 muon_momentum=0.7 bias_lr=0.00027 head_lr=1300 main=0.9414
main hparams: muon_lr=0.0093 muon_momentum=0.7 bias_lr=5.3e-05 head_lr=1300 main=0.9415
main hparams: muon_lr=0.0093 muon_momentum=0.7 bias_lr=1.1e-05 head_lr=1300 main=0.941
main hparams: muon_lr=0.0093 muon_momentum=0.7 bias_lr=2.1e-06 head_lr=1300 main=0.9412
main hparams: muon_lr=0.0093 muon_momentum=0.7 bias_lr=4.3e-07 head_lr=1300 main=0.9415
main hparams: muon_lr=0.0056 muon_momentum=0.7 bias_lr=5.3e-05 head_lr=1300 main=0.9394
main hparams: muon_lr=0.016 muon_momentum=0.7 bias_lr=5.3e-05 head_lr=1300 main=0.9381
main hparams: muon_lr=0.0093 muon_momentum=0.6 bias_lr=5.3e-05 head_lr=1300 main=0.9409
main hparams: muon_lr=0.0093 muon_momentum=0.5 bias_lr=5.3e-05 head_lr=1300 main=0.9407
main hparams: muon_lr=0.0093 muon_momentum=0.4 bias_lr=5.3e-05 head_lr=1300 main=0.9403
main hparams: muon_lr=0.0093 muon_momentum=0.8 bias_lr=5.3e-05 head_lr=1300 main=0.9405
main hparams: muon_lr=0.0093 muon_momentum=0.9 bias_lr=5.3e-05 head_lr=1300 main=0.9384
main hparams: muon_lr=0.0093 muon_momentum=0.7 bias_lr=0.0067 head_lr=1300 main=0.9412
main hparams: muon_lr=0.0093 muon_momentum=0.7 bias_lr=0.033 head_lr=1300 main=0.9414
main hparams: muon_lr=0.0093 muon_momentum=0.7 bias_lr=0.17 head_lr=1300 main=0.9412
main hparams: muon_lr=0.0093 muon_momentum=0.7 bias_lr=0.83 head_lr=1300 main=0.9408
main hparams: muon_lr=0.0093 muon_momentum=0.7 bias_lr=4.2 head_lr=1300 main=0.9401
main hparams: muon_lr=0.0093 muon_momentum=0.7 bias_lr=5.3e-05 head_lr=6700 main=0.8299
search_path step=0 muon_lr=0.026 muon_momentum=0.7 bias_lr=0.0013 head_lr=270 tta_val_acc=0.9335
search_path step=1 muon_lr=0.0093 muon_momentum=0.7 bias_lr=0.0013 head_lr=270 tta_val_acc=0.94
search_path step=2 muon_lr=0.0093 muon_momentum=0.7 bias_lr=0.0013 head_lr=1300 tta_val_acc=0.9414
search_path step=3 muon_lr=0.0093 muon_momentum=0.7 bias_lr=5.3e-05 head_lr=1300 tta_val_acc=0.9415
train_hparams run=0 interval=4 start_step=160 completed_steps=40 total_steps=200 muon_lr=0.0093 muon_momentum=0.7 bias_lr=5.3e-05 head_lr=1300 muon_nesterov=False
train_loss run=0 interval=4 step=161 loss=0.94719
train_loss run=0 interval=4 step=162 loss=0.955057
train_loss run=0 interval=4 step=163 loss=0.950648
train_loss run=0 interval=4 step=164 loss=0.946976
train_loss run=0 interval=4 step=165 loss=0.959084
train_loss run=0 interval=4 step=166 loss=0.94789
train_loss run=0 interval=4 step=167 loss=0.949141
train_loss run=0 interval=4 step=168 loss=0.950345
train_loss run=0 interval=4 step=169 loss=0.951826
train_loss run=0 interval=4 step=170 loss=0.941071
train_loss run=0 interval=4 step=171 loss=0.950405
train_loss run=0 interval=4 step=172 loss=0.953274
train_loss run=0 interval=4 step=173 loss=0.952184
train_loss run=0 interval=4 step=174 loss=0.949847
train_loss run=0 interval=4 step=175 loss=0.935428
train_loss run=0 interval=4 step=176 loss=0.926542
train_loss run=0 interval=4 step=177 loss=0.922973
train_loss run=0 interval=4 step=178 loss=0.929719
train_loss run=0 interval=4 step=179 loss=0.928944
train_loss run=0 interval=4 step=180 loss=0.925243
train_loss run=0 interval=4 step=181 loss=0.928994
train_loss run=0 interval=4 step=182 loss=0.927553
train_loss run=0 interval=4 step=183 loss=0.927777
train_loss run=0 interval=4 step=184 loss=0.923198
train_loss run=0 interval=4 step=185 loss=0.921219
train_loss run=0 interval=4 step=186 loss=0.926035
train_loss run=0 interval=4 step=187 loss=0.927869
train_loss run=0 interval=4 step=188 loss=0.926765
train_loss run=0 interval=4 step=189 loss=0.928412
train_loss run=0 interval=4 step=190 loss=0.926235
train_loss run=0 interval=4 step=191 loss=0.93016
train_loss run=0 interval=4 step=192 loss=0.921905
train_loss run=0 interval=4 step=193 loss=0.927776
train_loss run=0 interval=4 step=194 loss=0.927455
train_loss run=0 interval=4 step=195 loss=0.930511
train_loss run=0 interval=4 step=196 loss=0.930727
train_loss run=0 interval=4 step=197 loss=0.926315
train_loss run=0 interval=4 step=198 loss=0.927813
train_loss run=0 interval=4 step=199 loss=0.920581
train_loss run=0 interval=4 step=200 loss=0.926245
Batch size:          2000
Train epochs:        8
Train steps:         200
N steps:             40
M cooldown steps:    40
Search hparams:      muon_lr,muon_momentum,bias_lr,head_lr
Cooldown hparams:    muon_lr,bias_lr,head_lr
Muon nesterov:       False
Val acc:             0.9254
TTA val acc:         0.9415
Run seconds:         1684.119
