cifar_search_simple run=0 batch_size=2000 train_epochs=8 n_steps=40 m_steps=40 search_hparams=muon_lr,muon_momentum,whiten_bias_lr,bn_bias_lr,head_lr cooldown_search_hparams=muon_lr,whiten_bias_lr,bn_bias_lr,head_lr muon_nesterov=False full_grid_search=False search_cooldown_of_main=False initial_muon_lr=1 initial_muon_momentum=0.6 initial_muon_momentum_index=6 initial_whiten_bias_lr=1 initial_bn_bias_lr=1 initial_head_lr=1
main hparams: muon_lr=1 muon_momentum=0.6 whiten_bias_lr=1 bn_bias_lr=1 head_lr=1 main=0.5097
main hparams: muon_lr=0.13 muon_momentum=0.6 whiten_bias_lr=1 bn_bias_lr=1 head_lr=1 main=0.8207
main hparams: muon_lr=0.017 muon_momentum=0.6 whiten_bias_lr=1 bn_bias_lr=1 head_lr=1 main=0.6601
main hparams: muon_lr=0.13 muon_momentum=0.2 whiten_bias_lr=1 bn_bias_lr=1 head_lr=1 main=0.7772
main hparams: muon_lr=0.13 muon_momentum=0.95 whiten_bias_lr=1 bn_bias_lr=1 head_lr=1 main=0.7997
main hparams: muon_lr=0.13 muon_momentum=0.6 whiten_bias_lr=0.13 bn_bias_lr=1 head_lr=1 main=0.792
main hparams: muon_lr=0.13 muon_momentum=0.6 whiten_bias_lr=7.7 bn_bias_lr=1 head_lr=1 main=0.8178
main hparams: muon_lr=0.13 muon_momentum=0.6 whiten_bias_lr=1 bn_bias_lr=0.13 head_lr=1 main=0.804
main hparams: muon_lr=0.13 muon_momentum=0.6 whiten_bias_lr=1 bn_bias_lr=7.7 head_lr=1 main=0.7986
main hparams: muon_lr=0.13 muon_momentum=0.6 whiten_bias_lr=1 bn_bias_lr=1 head_lr=0.13 main=0.8051
main hparams: muon_lr=0.13 muon_momentum=0.6 whiten_bias_lr=1 bn_bias_lr=1 head_lr=7.7 main=0.8005
main hparams: muon_lr=0.047 muon_momentum=0.6 whiten_bias_lr=1 bn_bias_lr=1 head_lr=1 main=0.7865
main hparams: muon_lr=0.36 muon_momentum=0.6 whiten_bias_lr=1 bn_bias_lr=1 head_lr=1 main=0.6875
main hparams: muon_lr=0.13 muon_momentum=0.4 whiten_bias_lr=1 bn_bias_lr=1 head_lr=1 main=0.7996
main hparams: muon_lr=0.13 muon_momentum=0.8 whiten_bias_lr=1 bn_bias_lr=1 head_lr=1 main=0.8139
main hparams: muon_lr=0.13 muon_momentum=0.6 whiten_bias_lr=0.36 bn_bias_lr=1 head_lr=1 main=0.8026
main hparams: muon_lr=0.13 muon_momentum=0.6 whiten_bias_lr=2.8 bn_bias_lr=1 head_lr=1 main=0.8102
main hparams: muon_lr=0.13 muon_momentum=0.6 whiten_bias_lr=1 bn_bias_lr=0.36 head_lr=1 main=0.7972
main hparams: muon_lr=0.13 muon_momentum=0.6 whiten_bias_lr=1 bn_bias_lr=2.8 head_lr=1 main=0.8095
main hparams: muon_lr=0.13 muon_momentum=0.6 whiten_bias_lr=1 bn_bias_lr=1 head_lr=0.36 main=0.7993
main hparams: muon_lr=0.13 muon_momentum=0.6 whiten_bias_lr=1 bn_bias_lr=1 head_lr=2.8 main=0.8099
main hparams: muon_lr=0.078 muon_momentum=0.6 whiten_bias_lr=1 bn_bias_lr=1 head_lr=1 main=0.8071
main hparams: muon_lr=0.22 muon_momentum=0.6 whiten_bias_lr=1 bn_bias_lr=1 head_lr=1 main=0.7931
main hparams: muon_lr=0.13 muon_momentum=0.5 whiten_bias_lr=1 bn_bias_lr=1 head_lr=1 main=0.8068
main hparams: muon_lr=0.13 muon_momentum=0.7 whiten_bias_lr=1 bn_bias_lr=1 head_lr=1 main=0.8052
main hparams: muon_lr=0.13 muon_momentum=0.6 whiten_bias_lr=0.6 bn_bias_lr=1 head_lr=1 main=0.8006
main hparams: muon_lr=0.13 muon_momentum=0.6 whiten_bias_lr=1.7 bn_bias_lr=1 head_lr=1 main=0.8026
main hparams: muon_lr=0.13 muon_momentum=0.6 whiten_bias_lr=1 bn_bias_lr=0.6 head_lr=1 main=0.8081
main hparams: muon_lr=0.13 muon_momentum=0.6 whiten_bias_lr=1 bn_bias_lr=1.7 head_lr=1 main=0.805
main hparams: muon_lr=0.13 muon_momentum=0.6 whiten_bias_lr=1 bn_bias_lr=1 head_lr=0.6 main=0.805
main hparams: muon_lr=0.13 muon_momentum=0.6 whiten_bias_lr=1 bn_bias_lr=1 head_lr=1.7 main=0.813
search_path step=0 muon_lr=1 muon_momentum=0.6 whiten_bias_lr=1 bn_bias_lr=1 head_lr=1 tta_val_acc=0.5097
search_path step=1 muon_lr=0.13 muon_momentum=0.6 whiten_bias_lr=1 bn_bias_lr=1 head_lr=1 tta_val_acc=0.8207
main hparams: muon_lr=0.13 muon_momentum=0.6 whiten_bias_lr=1 bn_bias_lr=1 head_lr=1 main=0.8207, best_cooldown=0.895
muon_lr=0.13 muon_momentum=0.6 whiten_bias_lr=1 bn_bias_lr=1 head_lr=1 -> tta_val_acc=0.8438
muon_lr=0.078 muon_momentum=0.6 whiten_bias_lr=1 bn_bias_lr=1 head_lr=1 -> tta_val_acc=0.8613
muon_lr=0.047 muon_momentum=0.6 whiten_bias_lr=1 bn_bias_lr=1 head_lr=1 -> tta_val_acc=0.8736
muon_lr=0.028 muon_momentum=0.6 whiten_bias_lr=1 bn_bias_lr=1 head_lr=1 -> tta_val_acc=0.8786
muon_lr=0.017 muon_momentum=0.6 whiten_bias_lr=1 bn_bias_lr=1 head_lr=1 -> tta_val_acc=0.8741
muon_lr=0.028 muon_momentum=0.6 whiten_bias_lr=0.6 bn_bias_lr=1 head_lr=1 -> tta_val_acc=0.8792
muon_lr=0.028 muon_momentum=0.6 whiten_bias_lr=0.36 bn_bias_lr=1 head_lr=1 -> tta_val_acc=0.8788
muon_lr=0.028 muon_momentum=0.6 whiten_bias_lr=0.6 bn_bias_lr=0.6 head_lr=1 -> tta_val_acc=0.8784
muon_lr=0.028 muon_momentum=0.6 whiten_bias_lr=0.6 bn_bias_lr=1.7 head_lr=1 -> tta_val_acc=0.8788
muon_lr=0.028 muon_momentum=0.6 whiten_bias_lr=0.6 bn_bias_lr=1 head_lr=0.6 -> tta_val_acc=0.8788
muon_lr=0.028 muon_momentum=0.6 whiten_bias_lr=0.6 bn_bias_lr=1 head_lr=1.7 -> tta_val_acc=0.8796
muon_lr=0.028 muon_momentum=0.6 whiten_bias_lr=0.6 bn_bias_lr=1 head_lr=2.8 -> tta_val_acc=0.8806
muon_lr=0.028 muon_momentum=0.6 whiten_bias_lr=0.6 bn_bias_lr=1 head_lr=4.6 -> tta_val_acc=0.8823
muon_lr=0.028 muon_momentum=0.6 whiten_bias_lr=0.6 bn_bias_lr=1 head_lr=7.7 -> tta_val_acc=0.8851
muon_lr=0.028 muon_momentum=0.6 whiten_bias_lr=0.6 bn_bias_lr=1 head_lr=13 -> tta_val_acc=0.887
muon_lr=0.028 muon_momentum=0.6 whiten_bias_lr=0.6 bn_bias_lr=1 head_lr=21 -> tta_val_acc=0.8891
muon_lr=0.028 muon_momentum=0.6 whiten_bias_lr=0.6 bn_bias_lr=1 head_lr=36 -> tta_val_acc=0.8907
muon_lr=0.028 muon_momentum=0.6 whiten_bias_lr=0.6 bn_bias_lr=1 head_lr=60 -> tta_val_acc=0.8918
muon_lr=0.028 muon_momentum=0.6 whiten_bias_lr=0.6 bn_bias_lr=1 head_lr=99 -> tta_val_acc=0.8936
muon_lr=0.028 muon_momentum=0.6 whiten_bias_lr=0.6 bn_bias_lr=1 head_lr=170 -> tta_val_acc=0.894
muon_lr=0.028 muon_momentum=0.6 whiten_bias_lr=0.6 bn_bias_lr=1 head_lr=280 -> tta_val_acc=0.8947
muon_lr=0.028 muon_momentum=0.6 whiten_bias_lr=0.6 bn_bias_lr=1 head_lr=460 -> tta_val_acc=0.895
muon_lr=0.028 muon_momentum=0.6 whiten_bias_lr=0.6 bn_bias_lr=1 head_lr=770 -> tta_val_acc=0.8935
muon_lr=0.017 muon_momentum=0.6 whiten_bias_lr=0.6 bn_bias_lr=1 head_lr=460 -> tta_val_acc=0.8853
muon_lr=0.047 muon_momentum=0.6 whiten_bias_lr=0.6 bn_bias_lr=1 head_lr=460 -> tta_val_acc=0.895
muon_lr=0.078 muon_momentum=0.6 whiten_bias_lr=0.6 bn_bias_lr=1 head_lr=460 -> tta_val_acc=0.8769
muon_lr=0.028 muon_momentum=0.6 whiten_bias_lr=0.36 bn_bias_lr=1 head_lr=460 -> tta_val_acc=0.8941
muon_lr=0.028 muon_momentum=0.6 whiten_bias_lr=1 bn_bias_lr=1 head_lr=460 -> tta_val_acc=0.894
muon_lr=0.028 muon_momentum=0.6 whiten_bias_lr=0.6 bn_bias_lr=0.6 head_lr=460 -> tta_val_acc=0.8946
muon_lr=0.028 muon_momentum=0.6 whiten_bias_lr=0.6 bn_bias_lr=1.7 head_lr=460 -> tta_val_acc=0.8941
search_path step=0 muon_lr=0.13 muon_momentum=0.6 whiten_bias_lr=1 bn_bias_lr=1 head_lr=1 tta_val_acc=0.8438
search_path step=1 muon_lr=0.028 muon_momentum=0.6 whiten_bias_lr=1 bn_bias_lr=1 head_lr=1 tta_val_acc=0.8786
search_path step=2 muon_lr=0.028 muon_momentum=0.6 whiten_bias_lr=0.6 bn_bias_lr=1 head_lr=1 tta_val_acc=0.8792
search_path step=3 muon_lr=0.028 muon_momentum=0.6 whiten_bias_lr=0.6 bn_bias_lr=1 head_lr=460 tta_val_acc=0.895
main hparams: muon_lr=0.13 muon_momentum=0.6 whiten_bias_lr=1 bn_bias_lr=1 head_lr=1 main=0.8207, best_cooldown=0.895
main hparams: muon_lr=0.078 muon_momentum=0.6 whiten_bias_lr=1 bn_bias_lr=1 head_lr=1 main=0.8071, best_cooldown=0.881
main hparams: muon_lr=0.22 muon_momentum=0.6 whiten_bias_lr=1 bn_bias_lr=1 head_lr=1 main=0.7931, best_cooldown=0.8924
main hparams: muon_lr=0.13 muon_momentum=0.5 whiten_bias_lr=1 bn_bias_lr=1 head_lr=1 main=0.8068, best_cooldown=0.8883
main hparams: muon_lr=0.13 muon_momentum=0.7 whiten_bias_lr=1 bn_bias_lr=1 head_lr=1 main=0.8052, best_cooldown=0.8929
main hparams: muon_lr=0.13 muon_momentum=0.6 whiten_bias_lr=0.6 bn_bias_lr=1 head_lr=1 main=0.8006, best_cooldown=0.8916
main hparams: muon_lr=0.13 muon_momentum=0.6 whiten_bias_lr=1.7 bn_bias_lr=1 head_lr=1 main=0.8026, best_cooldown=0.8934
main hparams: muon_lr=0.13 muon_momentum=0.6 whiten_bias_lr=1 bn_bias_lr=0.6 head_lr=1 main=0.8081, best_cooldown=0.89
main hparams: muon_lr=0.13 muon_momentum=0.6 whiten_bias_lr=1 bn_bias_lr=1.7 head_lr=1 main=0.805, best_cooldown=0.8939
main hparams: muon_lr=0.13 muon_momentum=0.6 whiten_bias_lr=1 bn_bias_lr=1 head_lr=0.6 main=0.805, best_cooldown=0.8921
main hparams: muon_lr=0.13 muon_momentum=0.6 whiten_bias_lr=1 bn_bias_lr=1 head_lr=1.7 main=0.813, best_cooldown=0.8941
search_path step=0 muon_lr=0.13 muon_momentum=0.6 whiten_bias_lr=1 bn_bias_lr=1 head_lr=1 tta_val_acc=0.895
train_hparams run=0 interval=0 start_step=0 completed_steps=40 total_steps=200 muon_lr=0.13 muon_momentum=0.6 whiten_bias_lr=1 bn_bias_lr=1 head_lr=1 muon_nesterov=False
train_loss run=0 interval=0 step=1 loss=2.31009
train_loss run=0 interval=0 step=2 loss=2.23417
train_loss run=0 interval=0 step=3 loss=2.17924
train_loss run=0 interval=0 step=4 loss=2.12575
train_loss run=0 interval=0 step=5 loss=2.07358
train_loss run=0 interval=0 step=6 loss=2.01918
train_loss run=0 interval=0 step=7 loss=1.97494
train_loss run=0 interval=0 step=8 loss=1.96158
train_loss run=0 interval=0 step=9 loss=1.91312
train_loss run=0 interval=0 step=10 loss=1.88812
train_loss run=0 interval=0 step=11 loss=1.87773
train_loss run=0 interval=0 step=12 loss=1.84601
train_loss run=0 interval=0 step=13 loss=1.80753
train_loss run=0 interval=0 step=14 loss=1.78382
train_loss run=0 interval=0 step=15 loss=1.76643
train_loss run=0 interval=0 step=16 loss=1.75412
train_loss run=0 interval=0 step=17 loss=1.7383
train_loss run=0 interval=0 step=18 loss=1.71676
train_loss run=0 interval=0 step=19 loss=1.69458
train_loss run=0 interval=0 step=20 loss=1.67936
train_loss run=0 interval=0 step=21 loss=1.65797
train_loss run=0 interval=0 step=22 loss=1.64178
train_loss run=0 interval=0 step=23 loss=1.64582
train_loss run=0 interval=0 step=24 loss=1.62468
train_loss run=0 interval=0 step=25 loss=1.60529
train_loss run=0 interval=0 step=26 loss=1.59998
train_loss run=0 interval=0 step=27 loss=1.5798
train_loss run=0 interval=0 step=28 loss=1.5828
train_loss run=0 interval=0 step=29 loss=1.58293
train_loss run=0 interval=0 step=30 loss=1.56124
train_loss run=0 interval=0 step=31 loss=1.55742
train_loss run=0 interval=0 step=32 loss=1.55869
train_loss run=0 interval=0 step=33 loss=1.5458
train_loss run=0 interval=0 step=34 loss=1.51936
train_loss run=0 interval=0 step=35 loss=1.54204
train_loss run=0 interval=0 step=36 loss=1.52978
train_loss run=0 interval=0 step=37 loss=1.50724
train_loss run=0 interval=0 step=38 loss=1.4937
train_loss run=0 interval=0 step=39 loss=1.49555
train_loss run=0 interval=0 step=40 loss=1.48536
interval_boundary_eval run=0 interval=0 step=40 total_steps=200 tta_val_acc=0.8207
main hparams: muon_lr=0.13 muon_momentum=0.6 whiten_bias_lr=1 bn_bias_lr=1 head_lr=1 main=0.8438, best_cooldown=0.9117
muon_lr=0.028 muon_momentum=0.6 whiten_bias_lr=0.6 bn_bias_lr=1 head_lr=460 -> tta_val_acc=0.9112
muon_lr=0.017 muon_momentum=0.6 whiten_bias_lr=0.6 bn_bias_lr=1 head_lr=460 -> tta_val_acc=0.9115
muon_lr=0.01 muon_momentum=0.6 whiten_bias_lr=0.6 bn_bias_lr=1 head_lr=460 -> tta_val_acc=0.9038
muon_lr=0.017 muon_momentum=0.6 whiten_bias_lr=0.36 bn_bias_lr=1 head_lr=460 -> tta_val_acc=0.9113
muon_lr=0.017 muon_momentum=0.6 whiten_bias_lr=1 bn_bias_lr=1 head_lr=460 -> tta_val_acc=0.9117
muon_lr=0.017 muon_momentum=0.6 whiten_bias_lr=1.7 bn_bias_lr=1 head_lr=460 -> tta_val_acc=0.9109
muon_lr=0.017 muon_momentum=0.6 whiten_bias_lr=1 bn_bias_lr=0.6 head_lr=460 -> tta_val_acc=0.9114
muon_lr=0.017 muon_momentum=0.6 whiten_bias_lr=1 bn_bias_lr=1.7 head_lr=460 -> tta_val_acc=0.9116
muon_lr=0.017 muon_momentum=0.6 whiten_bias_lr=1 bn_bias_lr=1 head_lr=280 -> tta_val_acc=0.9106
muon_lr=0.017 muon_momentum=0.6 whiten_bias_lr=1 bn_bias_lr=1 head_lr=770 -> tta_val_acc=0.9102
muon_lr=0.01 muon_momentum=0.6 whiten_bias_lr=1 bn_bias_lr=1 head_lr=460 -> tta_val_acc=0.904
muon_lr=0.028 muon_momentum=0.6 whiten_bias_lr=1 bn_bias_lr=1 head_lr=460 -> tta_val_acc=0.9112
search_path step=0 muon_lr=0.028 muon_momentum=0.6 whiten_bias_lr=0.6 bn_bias_lr=1 head_lr=460 tta_val_acc=0.9112
search_path step=1 muon_lr=0.017 muon_momentum=0.6 whiten_bias_lr=0.6 bn_bias_lr=1 head_lr=460 tta_val_acc=0.9115
search_path step=2 muon_lr=0.017 muon_momentum=0.6 whiten_bias_lr=1 bn_bias_lr=1 head_lr=460 tta_val_acc=0.9117
main hparams: muon_lr=0.13 muon_momentum=0.6 whiten_bias_lr=1 bn_bias_lr=1 head_lr=1 main=0.8438, best_cooldown=0.9117
main hparams: muon_lr=0.078 muon_momentum=0.6 whiten_bias_lr=1 bn_bias_lr=1 head_lr=1 main=0.8613, best_cooldown=0.9105
main hparams: muon_lr=0.22 muon_momentum=0.6 whiten_bias_lr=1 bn_bias_lr=1 head_lr=1 main=0.7602, best_cooldown=0.897
main hparams: muon_lr=0.13 muon_momentum=0.5 whiten_bias_lr=1 bn_bias_lr=1 head_lr=1 main=0.8392, best_cooldown=0.9095
main hparams: muon_lr=0.13 muon_momentum=0.7 whiten_bias_lr=1 bn_bias_lr=1 head_lr=1 main=0.8394, best_cooldown=0.9077
main hparams: muon_lr=0.13 muon_momentum=0.6 whiten_bias_lr=0.6 bn_bias_lr=1 head_lr=1 main=0.8358, best_cooldown=0.9081
main hparams: muon_lr=0.13 muon_momentum=0.6 whiten_bias_lr=1.7 bn_bias_lr=1 head_lr=1 main=0.8303, best_cooldown=0.9086
main hparams: muon_lr=0.13 muon_momentum=0.6 whiten_bias_lr=1 bn_bias_lr=0.6 head_lr=1 main=0.8385, best_cooldown=0.9071
main hparams: muon_lr=0.13 muon_momentum=0.6 whiten_bias_lr=1 bn_bias_lr=1.7 head_lr=1 main=0.8497, best_cooldown=0.9095
main hparams: muon_lr=0.13 muon_momentum=0.6 whiten_bias_lr=1 bn_bias_lr=1 head_lr=0.6 main=0.8416, best_cooldown=0.9082
main hparams: muon_lr=0.13 muon_momentum=0.6 whiten_bias_lr=1 bn_bias_lr=1 head_lr=1.7 main=0.838, best_cooldown=0.9095
search_path step=0 muon_lr=0.13 muon_momentum=0.6 whiten_bias_lr=1 bn_bias_lr=1 head_lr=1 tta_val_acc=0.9117
train_hparams run=0 interval=1 start_step=40 completed_steps=40 total_steps=200 muon_lr=0.13 muon_momentum=0.6 whiten_bias_lr=1 bn_bias_lr=1 head_lr=1 muon_nesterov=False
train_loss run=0 interval=1 step=41 loss=1.48495
train_loss run=0 interval=1 step=42 loss=1.49352
train_loss run=0 interval=1 step=43 loss=1.45806
train_loss run=0 interval=1 step=44 loss=1.47074
train_loss run=0 interval=1 step=45 loss=1.45941
train_loss run=0 interval=1 step=46 loss=1.47652
train_loss run=0 interval=1 step=47 loss=1.45232
train_loss run=0 interval=1 step=48 loss=1.45838
train_loss run=0 interval=1 step=49 loss=1.46014
train_loss run=0 interval=1 step=50 loss=1.445
train_loss run=0 interval=1 step=51 loss=1.43476
train_loss run=0 interval=1 step=52 loss=1.44085
train_loss run=0 interval=1 step=53 loss=1.43678
train_loss run=0 interval=1 step=54 loss=1.42162
train_loss run=0 interval=1 step=55 loss=1.43391
train_loss run=0 interval=1 step=56 loss=1.44359
train_loss run=0 interval=1 step=57 loss=1.40834
train_loss run=0 interval=1 step=58 loss=1.42028
train_loss run=0 interval=1 step=59 loss=1.39616
train_loss run=0 interval=1 step=60 loss=1.40841
train_loss run=0 interval=1 step=61 loss=1.40574
train_loss run=0 interval=1 step=62 loss=1.40269
train_loss run=0 interval=1 step=63 loss=1.38939
train_loss run=0 interval=1 step=64 loss=1.38893
train_loss run=0 interval=1 step=65 loss=1.38553
train_loss run=0 interval=1 step=66 loss=1.40799
train_loss run=0 interval=1 step=67 loss=1.39104
train_loss run=0 interval=1 step=68 loss=1.38375
train_loss run=0 interval=1 step=69 loss=1.38826
train_loss run=0 interval=1 step=70 loss=1.39668
train_loss run=0 interval=1 step=71 loss=1.38991
train_loss run=0 interval=1 step=72 loss=1.3773
train_loss run=0 interval=1 step=73 loss=1.39775
train_loss run=0 interval=1 step=74 loss=1.38288
train_loss run=0 interval=1 step=75 loss=1.39423
train_loss run=0 interval=1 step=76 loss=1.35453
train_loss run=0 interval=1 step=77 loss=1.36896
train_loss run=0 interval=1 step=78 loss=1.35826
train_loss run=0 interval=1 step=79 loss=1.35609
train_loss run=0 interval=1 step=80 loss=1.34337
interval_boundary_eval run=0 interval=1 step=80 total_steps=200 tta_val_acc=0.8438
main hparams: muon_lr=0.13 muon_momentum=0.6 whiten_bias_lr=1 bn_bias_lr=1 head_lr=1 main=0.8508, best_cooldown=0.917
muon_lr=0.017 muon_momentum=0.6 whiten_bias_lr=1 bn_bias_lr=1 head_lr=460 -> tta_val_acc=0.9151
muon_lr=0.01 muon_momentum=0.6 whiten_bias_lr=1 bn_bias_lr=1 head_lr=460 -> tta_val_acc=0.9114
muon_lr=0.028 muon_momentum=0.6 whiten_bias_lr=1 bn_bias_lr=1 head_lr=460 -> tta_val_acc=0.9153
muon_lr=0.047 muon_momentum=0.6 whiten_bias_lr=1 bn_bias_lr=1 head_lr=460 -> tta_val_acc=0.9121
muon_lr=0.028 muon_momentum=0.6 whiten_bias_lr=0.6 bn_bias_lr=1 head_lr=460 -> tta_val_acc=0.9152
muon_lr=0.028 muon_momentum=0.6 whiten_bias_lr=1.7 bn_bias_lr=1 head_lr=460 -> tta_val_acc=0.9155
muon_lr=0.028 muon_momentum=0.6 whiten_bias_lr=2.8 bn_bias_lr=1 head_lr=460 -> tta_val_acc=0.9154
muon_lr=0.028 muon_momentum=0.6 whiten_bias_lr=1.7 bn_bias_lr=0.6 head_lr=460 -> tta_val_acc=0.9154
muon_lr=0.028 muon_momentum=0.6 whiten_bias_lr=1.7 bn_bias_lr=1.7 head_lr=460 -> tta_val_acc=0.9153
muon_lr=0.028 muon_momentum=0.6 whiten_bias_lr=1.7 bn_bias_lr=1 head_lr=280 -> tta_val_acc=0.9161
muon_lr=0.028 muon_momentum=0.6 whiten_bias_lr=1.7 bn_bias_lr=1 head_lr=170 -> tta_val_acc=0.9161
muon_lr=0.028 muon_momentum=0.6 whiten_bias_lr=1.7 bn_bias_lr=1 head_lr=99 -> tta_val_acc=0.9161
muon_lr=0.028 muon_momentum=0.6 whiten_bias_lr=1.7 bn_bias_lr=1 head_lr=60 -> tta_val_acc=0.9165
muon_lr=0.028 muon_momentum=0.6 whiten_bias_lr=1.7 bn_bias_lr=1 head_lr=36 -> tta_val_acc=0.9162
muon_lr=0.017 muon_momentum=0.6 whiten_bias_lr=1.7 bn_bias_lr=1 head_lr=60 -> tta_val_acc=0.9146
muon_lr=0.047 muon_momentum=0.6 whiten_bias_lr=1.7 bn_bias_lr=1 head_lr=60 -> tta_val_acc=0.9122
muon_lr=0.028 muon_momentum=0.6 whiten_bias_lr=1 bn_bias_lr=1 head_lr=60 -> tta_val_acc=0.917
muon_lr=0.028 muon_momentum=0.6 whiten_bias_lr=0.6 bn_bias_lr=1 head_lr=60 -> tta_val_acc=0.9163
muon_lr=0.028 muon_momentum=0.6 whiten_bias_lr=1 bn_bias_lr=0.6 head_lr=60 -> tta_val_acc=0.9165
muon_lr=0.028 muon_momentum=0.6 whiten_bias_lr=1 bn_bias_lr=1.7 head_lr=60 -> tta_val_acc=0.916
muon_lr=0.028 muon_momentum=0.6 whiten_bias_lr=1 bn_bias_lr=1 head_lr=36 -> tta_val_acc=0.9158
muon_lr=0.028 muon_momentum=0.6 whiten_bias_lr=1 bn_bias_lr=1 head_lr=99 -> tta_val_acc=0.9158
muon_lr=0.017 muon_momentum=0.6 whiten_bias_lr=1 bn_bias_lr=1 head_lr=60 -> tta_val_acc=0.915
muon_lr=0.047 muon_momentum=0.6 whiten_bias_lr=1 bn_bias_lr=1 head_lr=60 -> tta_val_acc=0.9121
search_path step=0 muon_lr=0.017 muon_momentum=0.6 whiten_bias_lr=1 bn_bias_lr=1 head_lr=460 tta_val_acc=0.9151
search_path step=1 muon_lr=0.028 muon_momentum=0.6 whiten_bias_lr=1 bn_bias_lr=1 head_lr=460 tta_val_acc=0.9153
search_path step=2 muon_lr=0.028 muon_momentum=0.6 whiten_bias_lr=1.7 bn_bias_lr=1 head_lr=460 tta_val_acc=0.9155
search_path step=3 muon_lr=0.028 muon_momentum=0.6 whiten_bias_lr=1.7 bn_bias_lr=1 head_lr=60 tta_val_acc=0.9165
search_path step=4 muon_lr=0.028 muon_momentum=0.6 whiten_bias_lr=1 bn_bias_lr=1 head_lr=60 tta_val_acc=0.917
main hparams: muon_lr=0.13 muon_momentum=0.6 whiten_bias_lr=1 bn_bias_lr=1 head_lr=1 main=0.8508, best_cooldown=0.917
main hparams: muon_lr=0.078 muon_momentum=0.6 whiten_bias_lr=1 bn_bias_lr=1 head_lr=1 main=0.8847, best_cooldown=0.9176
main hparams: muon_lr=0.047 muon_momentum=0.6 whiten_bias_lr=1 bn_bias_lr=1 head_lr=1 main=0.8997, best_cooldown=0.9165
main hparams: muon_lr=0.078 muon_momentum=0.5 whiten_bias_lr=1 bn_bias_lr=1 head_lr=1 main=0.8894, best_cooldown=0.9189
main hparams: muon_lr=0.078 muon_momentum=0.4 whiten_bias_lr=1 bn_bias_lr=1 head_lr=1 main=0.8874, best_cooldown=0.9186
main hparams: muon_lr=0.078 muon_momentum=0.5 whiten_bias_lr=0.6 bn_bias_lr=1 head_lr=1 main=0.8886, best_cooldown=0.9185
main hparams: muon_lr=0.078 muon_momentum=0.5 whiten_bias_lr=1.7 bn_bias_lr=1 head_lr=1 main=0.8889, best_cooldown=0.919
main hparams: muon_lr=0.078 muon_momentum=0.5 whiten_bias_lr=2.8 bn_bias_lr=1 head_lr=1 main=0.8881, best_cooldown=0.9183
main hparams: muon_lr=0.078 muon_momentum=0.5 whiten_bias_lr=1.7 bn_bias_lr=0.6 head_lr=1 main=0.8878, best_cooldown=0.9179
main hparams: muon_lr=0.078 muon_momentum=0.5 whiten_bias_lr=1.7 bn_bias_lr=1.7 head_lr=1 main=0.8891, best_cooldown=0.9183
main hparams: muon_lr=0.078 muon_momentum=0.5 whiten_bias_lr=1.7 bn_bias_lr=1 head_lr=0.6 main=0.8872, best_cooldown=0.9186
main hparams: muon_lr=0.078 muon_momentum=0.5 whiten_bias_lr=1.7 bn_bias_lr=1 head_lr=1.7 main=0.8896, best_cooldown=0.9176
main hparams: muon_lr=0.047 muon_momentum=0.5 whiten_bias_lr=1.7 bn_bias_lr=1 head_lr=1 main=0.9011, best_cooldown=0.9168
main hparams: muon_lr=0.13 muon_momentum=0.5 whiten_bias_lr=1.7 bn_bias_lr=1 head_lr=1 main=0.8563, best_cooldown=0.9182
main hparams: muon_lr=0.078 muon_momentum=0.4 whiten_bias_lr=1.7 bn_bias_lr=1 head_lr=1 main=0.8885, best_cooldown=0.9204
main hparams: muon_lr=0.078 muon_momentum=0.3 whiten_bias_lr=1.7 bn_bias_lr=1 head_lr=1 main=0.8858, best_cooldown=0.92
main hparams: muon_lr=0.078 muon_momentum=0.4 whiten_bias_lr=2.8 bn_bias_lr=1 head_lr=1 main=0.8881, best_cooldown=0.9191
main hparams: muon_lr=0.078 muon_momentum=0.4 whiten_bias_lr=1.7 bn_bias_lr=0.6 head_lr=1 main=0.8881, best_cooldown=0.9192
main hparams: muon_lr=0.078 muon_momentum=0.4 whiten_bias_lr=1.7 bn_bias_lr=1.7 head_lr=1 main=0.8893, best_cooldown=0.9199
main hparams: muon_lr=0.078 muon_momentum=0.4 whiten_bias_lr=1.7 bn_bias_lr=1 head_lr=0.6 main=0.8885, best_cooldown=0.9198
main hparams: muon_lr=0.078 muon_momentum=0.4 whiten_bias_lr=1.7 bn_bias_lr=1 head_lr=1.7 main=0.8891, best_cooldown=0.9208
main hparams: muon_lr=0.078 muon_momentum=0.4 whiten_bias_lr=1.7 bn_bias_lr=1 head_lr=2.8 main=0.889, best_cooldown=0.9193
main hparams: muon_lr=0.047 muon_momentum=0.4 whiten_bias_lr=1.7 bn_bias_lr=1 head_lr=1.7 main=0.9019, best_cooldown=0.9179
main hparams: muon_lr=0.13 muon_momentum=0.4 whiten_bias_lr=1.7 bn_bias_lr=1 head_lr=1.7 main=0.8577, best_cooldown=0.9173
main hparams: muon_lr=0.078 muon_momentum=0.3 whiten_bias_lr=1.7 bn_bias_lr=1 head_lr=1.7 main=0.8859, best_cooldown=0.9202
main hparams: muon_lr=0.078 muon_momentum=0.4 whiten_bias_lr=1 bn_bias_lr=1 head_lr=1.7 main=0.8907, best_cooldown=0.9198
main hparams: muon_lr=0.078 muon_momentum=0.4 whiten_bias_lr=2.8 bn_bias_lr=1 head_lr=1.7 main=0.8881, best_cooldown=0.9184
main hparams: muon_lr=0.078 muon_momentum=0.4 whiten_bias_lr=1.7 bn_bias_lr=0.6 head_lr=1.7 main=0.8883, best_cooldown=0.9197
main hparams: muon_lr=0.078 muon_momentum=0.4 whiten_bias_lr=1.7 bn_bias_lr=1.7 head_lr=1.7 main=0.8893, best_cooldown=0.9186
search_path step=0 muon_lr=0.13 muon_momentum=0.6 whiten_bias_lr=1 bn_bias_lr=1 head_lr=1 tta_val_acc=0.917
search_path step=1 muon_lr=0.078 muon_momentum=0.6 whiten_bias_lr=1 bn_bias_lr=1 head_lr=1 tta_val_acc=0.9176
search_path step=2 muon_lr=0.078 muon_momentum=0.5 whiten_bias_lr=1 bn_bias_lr=1 head_lr=1 tta_val_acc=0.9189
search_path step=3 muon_lr=0.078 muon_momentum=0.5 whiten_bias_lr=1.7 bn_bias_lr=1 head_lr=1 tta_val_acc=0.919
search_path step=4 muon_lr=0.078 muon_momentum=0.4 whiten_bias_lr=1.7 bn_bias_lr=1 head_lr=1 tta_val_acc=0.9204
search_path step=5 muon_lr=0.078 muon_momentum=0.4 whiten_bias_lr=1.7 bn_bias_lr=1 head_lr=1.7 tta_val_acc=0.9208
main hparams: muon_lr=0.078 muon_momentum=0.4 whiten_bias_lr=1.7 bn_bias_lr=1 head_lr=1.7 main=0.8891, best_cooldown=0.9216
muon_lr=0.028 muon_momentum=0.4 whiten_bias_lr=1 bn_bias_lr=1 head_lr=60 -> tta_val_acc=0.9208
muon_lr=0.017 muon_momentum=0.4 whiten_bias_lr=1 bn_bias_lr=1 head_lr=60 -> tta_val_acc=0.921
muon_lr=0.01 muon_momentum=0.4 whiten_bias_lr=1 bn_bias_lr=1 head_lr=60 -> tta_val_acc=0.9188
muon_lr=0.017 muon_momentum=0.4 whiten_bias_lr=0.6 bn_bias_lr=1 head_lr=60 -> tta_val_acc=0.9212
muon_lr=0.017 muon_momentum=0.4 whiten_bias_lr=0.36 bn_bias_lr=1 head_lr=60 -> tta_val_acc=0.9213
muon_lr=0.017 muon_momentum=0.4 whiten_bias_lr=0.22 bn_bias_lr=1 head_lr=60 -> tta_val_acc=0.9213
muon_lr=0.017 muon_momentum=0.4 whiten_bias_lr=0.13 bn_bias_lr=1 head_lr=60 -> tta_val_acc=0.9211
muon_lr=0.017 muon_momentum=0.4 whiten_bias_lr=0.36 bn_bias_lr=0.6 head_lr=60 -> tta_val_acc=0.9212
muon_lr=0.017 muon_momentum=0.4 whiten_bias_lr=0.36 bn_bias_lr=1.7 head_lr=60 -> tta_val_acc=0.9216
muon_lr=0.017 muon_momentum=0.4 whiten_bias_lr=0.36 bn_bias_lr=2.8 head_lr=60 -> tta_val_acc=0.921
muon_lr=0.017 muon_momentum=0.4 whiten_bias_lr=0.36 bn_bias_lr=1.7 head_lr=36 -> tta_val_acc=0.9209
muon_lr=0.017 muon_momentum=0.4 whiten_bias_lr=0.36 bn_bias_lr=1.7 head_lr=99 -> tta_val_acc=0.921
muon_lr=0.01 muon_momentum=0.4 whiten_bias_lr=0.36 bn_bias_lr=1.7 head_lr=60 -> tta_val_acc=0.9187
muon_lr=0.028 muon_momentum=0.4 whiten_bias_lr=0.36 bn_bias_lr=1.7 head_lr=60 -> tta_val_acc=0.9211
muon_lr=0.017 muon_momentum=0.4 whiten_bias_lr=0.22 bn_bias_lr=1.7 head_lr=60 -> tta_val_acc=0.9216
muon_lr=0.017 muon_momentum=0.4 whiten_bias_lr=0.13 bn_bias_lr=1.7 head_lr=60 -> tta_val_acc=0.9214
muon_lr=0.017 muon_momentum=0.4 whiten_bias_lr=0.6 bn_bias_lr=1.7 head_lr=60 -> tta_val_acc=0.9213
search_path step=0 muon_lr=0.028 muon_momentum=0.4 whiten_bias_lr=1 bn_bias_lr=1 head_lr=60 tta_val_acc=0.9208
search_path step=1 muon_lr=0.017 muon_momentum=0.4 whiten_bias_lr=1 bn_bias_lr=1 head_lr=60 tta_val_acc=0.921
search_path step=2 muon_lr=0.017 muon_momentum=0.4 whiten_bias_lr=0.36 bn_bias_lr=1 head_lr=60 tta_val_acc=0.9213
search_path step=3 muon_lr=0.017 muon_momentum=0.4 whiten_bias_lr=0.36 bn_bias_lr=1.7 head_lr=60 tta_val_acc=0.9216
main hparams: muon_lr=0.078 muon_momentum=0.4 whiten_bias_lr=1.7 bn_bias_lr=1 head_lr=1.7 main=0.8891, best_cooldown=0.9216
main hparams: muon_lr=0.047 muon_momentum=0.4 whiten_bias_lr=1.7 bn_bias_lr=1 head_lr=1.7 main=0.9019, best_cooldown=0.9205
main hparams: muon_lr=0.13 muon_momentum=0.4 whiten_bias_lr=1.7 bn_bias_lr=1 head_lr=1.7 main=0.8577, best_cooldown=0.9177
main hparams: muon_lr=0.078 muon_momentum=0.3 whiten_bias_lr=1.7 bn_bias_lr=1 head_lr=1.7 main=0.8859, best_cooldown=0.9193
main hparams: muon_lr=0.078 muon_momentum=0.5 whiten_bias_lr=1.7 bn_bias_lr=1 head_lr=1.7 main=0.8896, best_cooldown=0.921
main hparams: muon_lr=0.078 muon_momentum=0.4 whiten_bias_lr=1 bn_bias_lr=1 head_lr=1.7 main=0.8907, best_cooldown=0.9206
main hparams: muon_lr=0.078 muon_momentum=0.4 whiten_bias_lr=2.8 bn_bias_lr=1 head_lr=1.7 main=0.8881, best_cooldown=0.9207
main hparams: muon_lr=0.078 muon_momentum=0.4 whiten_bias_lr=1.7 bn_bias_lr=0.6 head_lr=1.7 main=0.8883, best_cooldown=0.921
main hparams: muon_lr=0.078 muon_momentum=0.4 whiten_bias_lr=1.7 bn_bias_lr=1.7 head_lr=1.7 main=0.8893, best_cooldown=0.9214
main hparams: muon_lr=0.078 muon_momentum=0.4 whiten_bias_lr=1.7 bn_bias_lr=1 head_lr=1 main=0.8885, best_cooldown=0.9212
main hparams: muon_lr=0.078 muon_momentum=0.4 whiten_bias_lr=1.7 bn_bias_lr=1 head_lr=2.8 main=0.889, best_cooldown=0.9214
search_path step=0 muon_lr=0.078 muon_momentum=0.4 whiten_bias_lr=1.7 bn_bias_lr=1 head_lr=1.7 tta_val_acc=0.9216
train_hparams run=0 interval=2 start_step=80 completed_steps=40 total_steps=200 muon_lr=0.078 muon_momentum=0.4 whiten_bias_lr=1.7 bn_bias_lr=1 head_lr=1.7 muon_nesterov=False
train_loss run=0 interval=2 step=81 loss=1.36208
train_loss run=0 interval=2 step=82 loss=1.319
train_loss run=0 interval=2 step=83 loss=1.31151
train_loss run=0 interval=2 step=84 loss=1.30028
train_loss run=0 interval=2 step=85 loss=1.30731
train_loss run=0 interval=2 step=86 loss=1.27658
train_loss run=0 interval=2 step=87 loss=1.29503
train_loss run=0 interval=2 step=88 loss=1.2953
train_loss run=0 interval=2 step=89 loss=1.26464
train_loss run=0 interval=2 step=90 loss=1.27485
train_loss run=0 interval=2 step=91 loss=1.26216
train_loss run=0 interval=2 step=92 loss=1.27521
train_loss run=0 interval=2 step=93 loss=1.2678
train_loss run=0 interval=2 step=94 loss=1.27485
train_loss run=0 interval=2 step=95 loss=1.26708
train_loss run=0 interval=2 step=96 loss=1.25178
train_loss run=0 interval=2 step=97 loss=1.25395
train_loss run=0 interval=2 step=98 loss=1.25351
train_loss run=0 interval=2 step=99 loss=1.2551
train_loss run=0 interval=2 step=100 loss=1.26486
train_loss run=0 interval=2 step=101 loss=1.23054
train_loss run=0 interval=2 step=102 loss=1.23546
train_loss run=0 interval=2 step=103 loss=1.23134
train_loss run=0 interval=2 step=104 loss=1.23488
train_loss run=0 interval=2 step=105 loss=1.23017
train_loss run=0 interval=2 step=106 loss=1.2247
train_loss run=0 interval=2 step=107 loss=1.22168
train_loss run=0 interval=2 step=108 loss=1.2224
train_loss run=0 interval=2 step=109 loss=1.22709
train_loss run=0 interval=2 step=110 loss=1.22261
train_loss run=0 interval=2 step=111 loss=1.22159
train_loss run=0 interval=2 step=112 loss=1.21091
train_loss run=0 interval=2 step=113 loss=1.22656
train_loss run=0 interval=2 step=114 loss=1.21133
train_loss run=0 interval=2 step=115 loss=1.20143
train_loss run=0 interval=2 step=116 loss=1.20584
train_loss run=0 interval=2 step=117 loss=1.20146
train_loss run=0 interval=2 step=118 loss=1.19987
train_loss run=0 interval=2 step=119 loss=1.21054
train_loss run=0 interval=2 step=120 loss=1.18891
interval_boundary_eval run=0 interval=2 step=120 total_steps=200 tta_val_acc=0.8891
main hparams: muon_lr=0.078 muon_momentum=0.4 whiten_bias_lr=1.7 bn_bias_lr=1 head_lr=1.7 main=0.8981, best_cooldown=0.9293
muon_lr=0.017 muon_momentum=0.4 whiten_bias_lr=0.36 bn_bias_lr=1.7 head_lr=60 -> tta_val_acc=0.928
muon_lr=0.01 muon_momentum=0.4 whiten_bias_lr=0.36 bn_bias_lr=1.7 head_lr=60 -> tta_val_acc=0.9273
muon_lr=0.028 muon_momentum=0.4 whiten_bias_lr=0.36 bn_bias_lr=1.7 head_lr=60 -> tta_val_acc=0.926
muon_lr=0.017 muon_momentum=0.4 whiten_bias_lr=0.22 bn_bias_lr=1.7 head_lr=60 -> tta_val_acc=0.9285
muon_lr=0.017 muon_momentum=0.4 whiten_bias_lr=0.13 bn_bias_lr=1.7 head_lr=60 -> tta_val_acc=0.9286
muon_lr=0.017 muon_momentum=0.4 whiten_bias_lr=0.078 bn_bias_lr=1.7 head_lr=60 -> tta_val_acc=0.9284
muon_lr=0.017 muon_momentum=0.4 whiten_bias_lr=0.13 bn_bias_lr=1 head_lr=60 -> tta_val_acc=0.928
muon_lr=0.017 muon_momentum=0.4 whiten_bias_lr=0.13 bn_bias_lr=2.8 head_lr=60 -> tta_val_acc=0.9286
muon_lr=0.017 muon_momentum=0.4 whiten_bias_lr=0.13 bn_bias_lr=4.6 head_lr=60 -> tta_val_acc=0.9286
muon_lr=0.017 muon_momentum=0.4 whiten_bias_lr=0.13 bn_bias_lr=7.7 head_lr=60 -> tta_val_acc=0.9291
muon_lr=0.017 muon_momentum=0.4 whiten_bias_lr=0.13 bn_bias_lr=13 head_lr=60 -> tta_val_acc=0.9293
muon_lr=0.017 muon_momentum=0.4 whiten_bias_lr=0.13 bn_bias_lr=21 head_lr=60 -> tta_val_acc=0.9285
muon_lr=0.017 muon_momentum=0.4 whiten_bias_lr=0.13 bn_bias_lr=13 head_lr=36 -> tta_val_acc=0.9291
muon_lr=0.017 muon_momentum=0.4 whiten_bias_lr=0.13 bn_bias_lr=13 head_lr=99 -> tta_val_acc=0.9292
muon_lr=0.01 muon_momentum=0.4 whiten_bias_lr=0.13 bn_bias_lr=13 head_lr=60 -> tta_val_acc=0.9271
muon_lr=0.028 muon_momentum=0.4 whiten_bias_lr=0.13 bn_bias_lr=13 head_lr=60 -> tta_val_acc=0.9276
muon_lr=0.017 muon_momentum=0.4 whiten_bias_lr=0.078 bn_bias_lr=13 head_lr=60 -> tta_val_acc=0.9289
muon_lr=0.017 muon_momentum=0.4 whiten_bias_lr=0.22 bn_bias_lr=13 head_lr=60 -> tta_val_acc=0.9293
muon_lr=0.017 muon_momentum=0.4 whiten_bias_lr=0.36 bn_bias_lr=13 head_lr=60 -> tta_val_acc=0.9291
search_path step=0 muon_lr=0.017 muon_momentum=0.4 whiten_bias_lr=0.36 bn_bias_lr=1.7 head_lr=60 tta_val_acc=0.928
search_path step=1 muon_lr=0.017 muon_momentum=0.4 whiten_bias_lr=0.13 bn_bias_lr=1.7 head_lr=60 tta_val_acc=0.9286
search_path step=2 muon_lr=0.017 muon_momentum=0.4 whiten_bias_lr=0.13 bn_bias_lr=13 head_lr=60 tta_val_acc=0.9293
main hparams: muon_lr=0.078 muon_momentum=0.4 whiten_bias_lr=1.7 bn_bias_lr=1 head_lr=1.7 main=0.8981, best_cooldown=0.9293
main hparams: muon_lr=0.047 muon_momentum=0.4 whiten_bias_lr=1.7 bn_bias_lr=1 head_lr=1.7 main=0.9101, best_cooldown=0.9282
main hparams: muon_lr=0.13 muon_momentum=0.4 whiten_bias_lr=1.7 bn_bias_lr=1 head_lr=1.7 main=0.872, best_cooldown=0.9246
main hparams: muon_lr=0.078 muon_momentum=0.3 whiten_bias_lr=1.7 bn_bias_lr=1 head_lr=1.7 main=0.9025, best_cooldown=0.93
main hparams: muon_lr=0.078 muon_momentum=0.2 whiten_bias_lr=1.7 bn_bias_lr=1 head_lr=1.7 main=0.904, best_cooldown=0.9291
main hparams: muon_lr=0.078 muon_momentum=0.3 whiten_bias_lr=1 bn_bias_lr=1 head_lr=1.7 main=0.9016, best_cooldown=0.929
main hparams: muon_lr=0.078 muon_momentum=0.3 whiten_bias_lr=2.8 bn_bias_lr=1 head_lr=1.7 main=0.9014, best_cooldown=0.9286
main hparams: muon_lr=0.078 muon_momentum=0.3 whiten_bias_lr=1.7 bn_bias_lr=0.6 head_lr=1.7 main=0.9017, best_cooldown=0.9294
main hparams: muon_lr=0.078 muon_momentum=0.3 whiten_bias_lr=1.7 bn_bias_lr=1.7 head_lr=1.7 main=0.9024, best_cooldown=0.9288
main hparams: muon_lr=0.078 muon_momentum=0.3 whiten_bias_lr=1.7 bn_bias_lr=1 head_lr=1 main=0.9014, best_cooldown=0.9292
main hparams: muon_lr=0.078 muon_momentum=0.3 whiten_bias_lr=1.7 bn_bias_lr=1 head_lr=2.8 main=0.9029, best_cooldown=0.9292
main hparams: muon_lr=0.047 muon_momentum=0.3 whiten_bias_lr=1.7 bn_bias_lr=1 head_lr=1.7 main=0.9109, best_cooldown=0.9279
main hparams: muon_lr=0.13 muon_momentum=0.3 whiten_bias_lr=1.7 bn_bias_lr=1 head_lr=1.7 main=0.8747, best_cooldown=0.9257
search_path step=0 muon_lr=0.078 muon_momentum=0.4 whiten_bias_lr=1.7 bn_bias_lr=1 head_lr=1.7 tta_val_acc=0.9293
search_path step=1 muon_lr=0.078 muon_momentum=0.3 whiten_bias_lr=1.7 bn_bias_lr=1 head_lr=1.7 tta_val_acc=0.93
main hparams: muon_lr=0.078 muon_momentum=0.3 whiten_bias_lr=1.7 bn_bias_lr=1 head_lr=1.7 main=0.9025, best_cooldown=0.93
muon_lr=0.017 muon_momentum=0.3 whiten_bias_lr=0.13 bn_bias_lr=13 head_lr=60 -> tta_val_acc=0.93
muon_lr=0.01 muon_momentum=0.3 whiten_bias_lr=0.13 bn_bias_lr=13 head_lr=60 -> tta_val_acc=0.9276
muon_lr=0.028 muon_momentum=0.3 whiten_bias_lr=0.13 bn_bias_lr=13 head_lr=60 -> tta_val_acc=0.9279
muon_lr=0.017 muon_momentum=0.3 whiten_bias_lr=0.078 bn_bias_lr=13 head_lr=60 -> tta_val_acc=0.9298
muon_lr=0.017 muon_momentum=0.3 whiten_bias_lr=0.22 bn_bias_lr=13 head_lr=60 -> tta_val_acc=0.93
muon_lr=0.017 muon_momentum=0.3 whiten_bias_lr=0.36 bn_bias_lr=13 head_lr=60 -> tta_val_acc=0.9298
muon_lr=0.017 muon_momentum=0.3 whiten_bias_lr=0.13 bn_bias_lr=7.7 head_lr=60 -> tta_val_acc=0.9291
muon_lr=0.017 muon_momentum=0.3 whiten_bias_lr=0.13 bn_bias_lr=21 head_lr=60 -> tta_val_acc=0.9294
muon_lr=0.017 muon_momentum=0.3 whiten_bias_lr=0.13 bn_bias_lr=13 head_lr=36 -> tta_val_acc=0.9292
muon_lr=0.017 muon_momentum=0.3 whiten_bias_lr=0.13 bn_bias_lr=13 head_lr=99 -> tta_val_acc=0.9299
search_path step=0 muon_lr=0.017 muon_momentum=0.3 whiten_bias_lr=0.13 bn_bias_lr=13 head_lr=60 tta_val_acc=0.93
train_hparams run=0 interval=3 start_step=120 completed_steps=40 total_steps=200 muon_lr=0.078 muon_momentum=0.3 whiten_bias_lr=1.7 bn_bias_lr=1 head_lr=1.7 muon_nesterov=False
train_loss run=0 interval=3 step=121 loss=1.21075
train_loss run=0 interval=3 step=122 loss=1.2092
train_loss run=0 interval=3 step=123 loss=1.19561
train_loss run=0 interval=3 step=124 loss=1.21512
train_loss run=0 interval=3 step=125 loss=1.1941
train_loss run=0 interval=3 step=126 loss=1.19008
train_loss run=0 interval=3 step=127 loss=1.1676
train_loss run=0 interval=3 step=128 loss=1.18281
train_loss run=0 interval=3 step=129 loss=1.18301
train_loss run=0 interval=3 step=130 loss=1.17041
train_loss run=0 interval=3 step=131 loss=1.18017
train_loss run=0 interval=3 step=132 loss=1.1744
train_loss run=0 interval=3 step=133 loss=1.18266
train_loss run=0 interval=3 step=134 loss=1.16309
train_loss run=0 interval=3 step=135 loss=1.17084
train_loss run=0 interval=3 step=136 loss=1.167
train_loss run=0 interval=3 step=137 loss=1.17042
train_loss run=0 interval=3 step=138 loss=1.15955
train_loss run=0 interval=3 step=139 loss=1.16469
train_loss run=0 interval=3 step=140 loss=1.15793
train_loss run=0 interval=3 step=141 loss=1.16443
train_loss run=0 interval=3 step=142 loss=1.17165
train_loss run=0 interval=3 step=143 loss=1.16527
train_loss run=0 interval=3 step=144 loss=1.15229
train_loss run=0 interval=3 step=145 loss=1.17637
train_loss run=0 interval=3 step=146 loss=1.15555
train_loss run=0 interval=3 step=147 loss=1.14103
train_loss run=0 interval=3 step=148 loss=1.15213
train_loss run=0 interval=3 step=149 loss=1.15417
train_loss run=0 interval=3 step=150 loss=1.16972
train_loss run=0 interval=3 step=151 loss=1.13976
train_loss run=0 interval=3 step=152 loss=1.13031
train_loss run=0 interval=3 step=153 loss=1.14026
train_loss run=0 interval=3 step=154 loss=1.12393
train_loss run=0 interval=3 step=155 loss=1.15702
train_loss run=0 interval=3 step=156 loss=1.14516
train_loss run=0 interval=3 step=157 loss=1.1328
train_loss run=0 interval=3 step=158 loss=1.13598
train_loss run=0 interval=3 step=159 loss=1.1635
train_loss run=0 interval=3 step=160 loss=1.12659
interval_boundary_eval run=0 interval=3 step=160 total_steps=200 tta_val_acc=0.9025
main hparams: muon_lr=0.078 muon_momentum=0.3 whiten_bias_lr=1.7 bn_bias_lr=1 head_lr=1.7 main=0.9064
main hparams: muon_lr=0.01 muon_momentum=0.3 whiten_bias_lr=1.7 bn_bias_lr=1 head_lr=1.7 main=0.9209
main hparams: muon_lr=0.0013 muon_momentum=0.3 whiten_bias_lr=1.7 bn_bias_lr=1 head_lr=1.7 main=0.916
main hparams: muon_lr=0.01 muon_momentum=0.7 whiten_bias_lr=1.7 bn_bias_lr=1 head_lr=1.7 main=0.9233
main hparams: muon_lr=0.01 muon_momentum=0.99 whiten_bias_lr=1.7 bn_bias_lr=1 head_lr=1.7 main=0.9167
main hparams: muon_lr=0.01 muon_momentum=0.7 whiten_bias_lr=0.22 bn_bias_lr=1 head_lr=1.7 main=0.9231
main hparams: muon_lr=0.01 muon_momentum=0.7 whiten_bias_lr=13 bn_bias_lr=1 head_lr=1.7 main=0.923
main hparams: muon_lr=0.01 muon_momentum=0.7 whiten_bias_lr=1.7 bn_bias_lr=0.13 head_lr=1.7 main=0.9232
main hparams: muon_lr=0.01 muon_momentum=0.7 whiten_bias_lr=1.7 bn_bias_lr=7.7 head_lr=1.7 main=0.9234
main hparams: muon_lr=0.01 muon_momentum=0.7 whiten_bias_lr=1.7 bn_bias_lr=60 head_lr=1.7 main=0.9241
main hparams: muon_lr=0.01 muon_momentum=0.7 whiten_bias_lr=1.7 bn_bias_lr=460 head_lr=1.7 main=0.731
main hparams: muon_lr=0.01 muon_momentum=0.7 whiten_bias_lr=1.7 bn_bias_lr=60 head_lr=0.22 main=0.9233
main hparams: muon_lr=0.01 muon_momentum=0.7 whiten_bias_lr=1.7 bn_bias_lr=60 head_lr=13 main=0.9265
main hparams: muon_lr=0.01 muon_momentum=0.7 whiten_bias_lr=1.7 bn_bias_lr=60 head_lr=99 main=0.9256
main hparams: muon_lr=0.0013 muon_momentum=0.7 whiten_bias_lr=1.7 bn_bias_lr=60 head_lr=13 main=0.9196
main hparams: muon_lr=0.078 muon_momentum=0.7 whiten_bias_lr=1.7 bn_bias_lr=60 head_lr=13 main=0.8881
main hparams: muon_lr=0.01 muon_momentum=0.3 whiten_bias_lr=1.7 bn_bias_lr=60 head_lr=13 main=0.9237
main hparams: muon_lr=0.01 muon_momentum=0.99 whiten_bias_lr=1.7 bn_bias_lr=60 head_lr=13 main=0.9203
main hparams: muon_lr=0.01 muon_momentum=0.7 whiten_bias_lr=0.22 bn_bias_lr=60 head_lr=13 main=0.9265
main hparams: muon_lr=0.01 muon_momentum=0.7 whiten_bias_lr=0.028 bn_bias_lr=60 head_lr=13 main=0.9265
main hparams: muon_lr=0.01 muon_momentum=0.7 whiten_bias_lr=0.0036 bn_bias_lr=60 head_lr=13 main=0.9264
main hparams: muon_lr=0.01 muon_momentum=0.7 whiten_bias_lr=13 bn_bias_lr=60 head_lr=13 main=0.9259
main hparams: muon_lr=0.01 muon_momentum=0.7 whiten_bias_lr=1.7 bn_bias_lr=7.7 head_lr=13 main=0.9265
main hparams: muon_lr=0.01 muon_momentum=0.7 whiten_bias_lr=1.7 bn_bias_lr=1 head_lr=13 main=0.9257
main hparams: muon_lr=0.01 muon_momentum=0.7 whiten_bias_lr=1.7 bn_bias_lr=460 head_lr=13 main=0.684
main hparams: muon_lr=0.0036 muon_momentum=0.7 whiten_bias_lr=1.7 bn_bias_lr=60 head_lr=13 main=0.9217
main hparams: muon_lr=0.028 muon_momentum=0.7 whiten_bias_lr=1.7 bn_bias_lr=60 head_lr=13 main=0.9202
main hparams: muon_lr=0.01 muon_momentum=0.5 whiten_bias_lr=1.7 bn_bias_lr=60 head_lr=13 main=0.9253
main hparams: muon_lr=0.01 muon_momentum=0.9 whiten_bias_lr=1.7 bn_bias_lr=60 head_lr=13 main=0.9242
main hparams: muon_lr=0.01 muon_momentum=0.7 whiten_bias_lr=0.6 bn_bias_lr=60 head_lr=13 main=0.9266
main hparams: muon_lr=0.01 muon_momentum=0.7 whiten_bias_lr=0.6 bn_bias_lr=21 head_lr=13 main=0.927
main hparams: muon_lr=0.01 muon_momentum=0.7 whiten_bias_lr=0.6 bn_bias_lr=7.7 head_lr=13 main=0.9264
main hparams: muon_lr=0.01 muon_momentum=0.7 whiten_bias_lr=0.6 bn_bias_lr=21 head_lr=4.6 main=0.9267
main hparams: muon_lr=0.01 muon_momentum=0.7 whiten_bias_lr=0.6 bn_bias_lr=21 head_lr=36 main=0.9282
main hparams: muon_lr=0.01 muon_momentum=0.7 whiten_bias_lr=0.6 bn_bias_lr=21 head_lr=99 main=0.9278
main hparams: muon_lr=0.0036 muon_momentum=0.7 whiten_bias_lr=0.6 bn_bias_lr=21 head_lr=36 main=0.9256
main hparams: muon_lr=0.028 muon_momentum=0.7 whiten_bias_lr=0.6 bn_bias_lr=21 head_lr=36 main=0.9249
main hparams: muon_lr=0.01 muon_momentum=0.5 whiten_bias_lr=0.6 bn_bias_lr=21 head_lr=36 main=0.928
main hparams: muon_lr=0.01 muon_momentum=0.9 whiten_bias_lr=0.6 bn_bias_lr=21 head_lr=36 main=0.9276
main hparams: muon_lr=0.01 muon_momentum=0.7 whiten_bias_lr=0.22 bn_bias_lr=21 head_lr=36 main=0.928
main hparams: muon_lr=0.01 muon_momentum=0.7 whiten_bias_lr=1.7 bn_bias_lr=21 head_lr=36 main=0.9283
main hparams: muon_lr=0.01 muon_momentum=0.7 whiten_bias_lr=4.6 bn_bias_lr=21 head_lr=36 main=0.9282
main hparams: muon_lr=0.01 muon_momentum=0.7 whiten_bias_lr=1.7 bn_bias_lr=7.7 head_lr=36 main=0.9276
main hparams: muon_lr=0.01 muon_momentum=0.7 whiten_bias_lr=1.7 bn_bias_lr=60 head_lr=36 main=0.9266
main hparams: muon_lr=0.01 muon_momentum=0.7 whiten_bias_lr=1.7 bn_bias_lr=21 head_lr=13 main=0.927
main hparams: muon_lr=0.01 muon_momentum=0.7 whiten_bias_lr=1.7 bn_bias_lr=21 head_lr=99 main=0.9285
main hparams: muon_lr=0.01 muon_momentum=0.7 whiten_bias_lr=1.7 bn_bias_lr=21 head_lr=280 main=0.9282
main hparams: muon_lr=0.0036 muon_momentum=0.7 whiten_bias_lr=1.7 bn_bias_lr=21 head_lr=99 main=0.9251
main hparams: muon_lr=0.028 muon_momentum=0.7 whiten_bias_lr=1.7 bn_bias_lr=21 head_lr=99 main=0.924
main hparams: muon_lr=0.01 muon_momentum=0.5 whiten_bias_lr=1.7 bn_bias_lr=21 head_lr=99 main=0.9282
main hparams: muon_lr=0.01 muon_momentum=0.9 whiten_bias_lr=1.7 bn_bias_lr=21 head_lr=99 main=0.9274
main hparams: muon_lr=0.01 muon_momentum=0.7 whiten_bias_lr=4.6 bn_bias_lr=21 head_lr=99 main=0.9284
main hparams: muon_lr=0.01 muon_momentum=0.7 whiten_bias_lr=1.7 bn_bias_lr=7.7 head_lr=99 main=0.928
main hparams: muon_lr=0.006 muon_momentum=0.7 whiten_bias_lr=1.7 bn_bias_lr=21 head_lr=99 main=0.9277
main hparams: muon_lr=0.017 muon_momentum=0.7 whiten_bias_lr=1.7 bn_bias_lr=21 head_lr=99 main=0.9281
main hparams: muon_lr=0.01 muon_momentum=0.6 whiten_bias_lr=1.7 bn_bias_lr=21 head_lr=99 main=0.9281
main hparams: muon_lr=0.01 muon_momentum=0.8 whiten_bias_lr=1.7 bn_bias_lr=21 head_lr=99 main=0.9297
main hparams: muon_lr=0.01 muon_momentum=0.8 whiten_bias_lr=1 bn_bias_lr=21 head_lr=99 main=0.9293
main hparams: muon_lr=0.01 muon_momentum=0.8 whiten_bias_lr=2.8 bn_bias_lr=21 head_lr=99 main=0.9292
main hparams: muon_lr=0.01 muon_momentum=0.8 whiten_bias_lr=1.7 bn_bias_lr=13 head_lr=99 main=0.9283
main hparams: muon_lr=0.01 muon_momentum=0.8 whiten_bias_lr=1.7 bn_bias_lr=36 head_lr=99 main=0.9288
main hparams: muon_lr=0.01 muon_momentum=0.8 whiten_bias_lr=1.7 bn_bias_lr=21 head_lr=60 main=0.9292
main hparams: muon_lr=0.01 muon_momentum=0.8 whiten_bias_lr=1.7 bn_bias_lr=21 head_lr=170 main=0.9294
main hparams: muon_lr=0.006 muon_momentum=0.8 whiten_bias_lr=1.7 bn_bias_lr=21 head_lr=99 main=0.9275
main hparams: muon_lr=0.017 muon_momentum=0.8 whiten_bias_lr=1.7 bn_bias_lr=21 head_lr=99 main=0.9261
search_path step=0 muon_lr=0.078 muon_momentum=0.3 whiten_bias_lr=1.7 bn_bias_lr=1 head_lr=1.7 tta_val_acc=0.9064
search_path step=1 muon_lr=0.01 muon_momentum=0.3 whiten_bias_lr=1.7 bn_bias_lr=1 head_lr=1.7 tta_val_acc=0.9209
search_path step=2 muon_lr=0.01 muon_momentum=0.7 whiten_bias_lr=1.7 bn_bias_lr=1 head_lr=1.7 tta_val_acc=0.9233
search_path step=3 muon_lr=0.01 muon_momentum=0.7 whiten_bias_lr=1.7 bn_bias_lr=60 head_lr=1.7 tta_val_acc=0.9241
search_path step=4 muon_lr=0.01 muon_momentum=0.7 whiten_bias_lr=1.7 bn_bias_lr=60 head_lr=13 tta_val_acc=0.9265
search_path step=5 muon_lr=0.01 muon_momentum=0.7 whiten_bias_lr=0.6 bn_bias_lr=60 head_lr=13 tta_val_acc=0.9266
search_path step=6 muon_lr=0.01 muon_momentum=0.7 whiten_bias_lr=0.6 bn_bias_lr=21 head_lr=13 tta_val_acc=0.927
search_path step=7 muon_lr=0.01 muon_momentum=0.7 whiten_bias_lr=0.6 bn_bias_lr=21 head_lr=36 tta_val_acc=0.9282
search_path step=8 muon_lr=0.01 muon_momentum=0.7 whiten_bias_lr=1.7 bn_bias_lr=21 head_lr=36 tta_val_acc=0.9283
search_path step=9 muon_lr=0.01 muon_momentum=0.7 whiten_bias_lr=1.7 bn_bias_lr=21 head_lr=99 tta_val_acc=0.9285
search_path step=10 muon_lr=0.01 muon_momentum=0.8 whiten_bias_lr=1.7 bn_bias_lr=21 head_lr=99 tta_val_acc=0.9297
train_hparams run=0 interval=4 start_step=160 completed_steps=40 total_steps=200 muon_lr=0.01 muon_momentum=0.8 whiten_bias_lr=1.7 bn_bias_lr=21 head_lr=99 muon_nesterov=False
train_loss run=0 interval=4 step=161 loss=1.11901
train_loss run=0 interval=4 step=162 loss=1.08299
train_loss run=0 interval=4 step=163 loss=1.04456
train_loss run=0 interval=4 step=164 loss=1.03213
train_loss run=0 interval=4 step=165 loss=1.02514
train_loss run=0 interval=4 step=166 loss=1.0278
train_loss run=0 interval=4 step=167 loss=1.02643
train_loss run=0 interval=4 step=168 loss=1.02773
train_loss run=0 interval=4 step=169 loss=1.03138
train_loss run=0 interval=4 step=170 loss=1.01515
train_loss run=0 interval=4 step=171 loss=1.03949
train_loss run=0 interval=4 step=172 loss=1.01577
train_loss run=0 interval=4 step=173 loss=1.02368
train_loss run=0 interval=4 step=174 loss=1.02645
train_loss run=0 interval=4 step=175 loss=1.00258
train_loss run=0 interval=4 step=176 loss=0.987361
train_loss run=0 interval=4 step=177 loss=0.985983
train_loss run=0 interval=4 step=178 loss=0.991292
train_loss run=0 interval=4 step=179 loss=0.985257
train_loss run=0 interval=4 step=180 loss=0.984291
train_loss run=0 interval=4 step=181 loss=0.981171
train_loss run=0 interval=4 step=182 loss=0.980017
train_loss run=0 interval=4 step=183 loss=0.982589
train_loss run=0 interval=4 step=184 loss=0.979241
train_loss run=0 interval=4 step=185 loss=0.981186
train_loss run=0 interval=4 step=186 loss=0.979923
train_loss run=0 interval=4 step=187 loss=0.992056
train_loss run=0 interval=4 step=188 loss=0.974727
train_loss run=0 interval=4 step=189 loss=0.985601
train_loss run=0 interval=4 step=190 loss=0.981773
train_loss run=0 interval=4 step=191 loss=0.981995
train_loss run=0 interval=4 step=192 loss=0.977154
train_loss run=0 interval=4 step=193 loss=0.976064
train_loss run=0 interval=4 step=194 loss=0.974851
train_loss run=0 interval=4 step=195 loss=0.972289
train_loss run=0 interval=4 step=196 loss=0.98288
train_loss run=0 interval=4 step=197 loss=0.980701
train_loss run=0 interval=4 step=198 loss=0.975501
train_loss run=0 interval=4 step=199 loss=0.965612
train_loss run=0 interval=4 step=200 loss=0.976548
Batch size:              2000
Train epochs:            8
Train steps:             200
N steps:                 40
M cooldown steps:        40
Search hparams:          muon_lr,muon_momentum,whiten_bias_lr,bn_bias_lr,head_lr
Cooldown hparams:        muon_lr,whiten_bias_lr,bn_bias_lr,head_lr
Muon nesterov:           False
Full grid search:        False
Search cooldown of main: False
Val acc:             0.9164
TTA val acc:         0.9297
Run seconds:         832.608
